[mc] enter-reset=off (mask-only reset — no enter channel in trace) reset_soc_on_enter=False
[mc] substep-queue=sequential (co-batch queueing charged; 3 gate iterations)
[mc] rsu-cap-mode=reject (buffer-full tasks individually failed; enqueued work conserved)
[mc] veh-queue=conserved (helper co-batch pricing + per-task MQD rejection on vehicle queues)
[mc] ABSOLUTE cap override: 6220 tasks/RSU (ratio form would give 408)
[mc] T=25200 maxN=163 RSU_MAX_CONCURRENT=6220 K_MAX=5
[fleet] uk2030: ev_share=0.2209 tier_hist=[53, 63, 47]
{
  "trace": "trace_wd_pm_fullrsu.npz",
  "actor": "mappo_modelc_17dim__envs128__lr3e-3__seed100_actor_params.npz",
  "model": "C",
  "T": 25200,
  "maxN": 163,
  "rsu_max_concurrent": 6220,
  "fleet": "uk2030",
  "fleet_seed": 107,
  "obs_variant": "onehot17",
  "lambda_arrival": 1.5,
  "rsu_service_mult": 1.0,
  "rsu_lb": "dla_p2c",
  "rsu_backhaul_ms": 0.0,
  "k8s_scale": "off",
  "k8s_params": {},
  "k8s_mean_mult": 1.0,
  "k8s_scale_events": 0,
  "k8s_first_scaleup_s": -1.0,
  "rsu_cap_mode": "reject",
  "substep_queue": "sequential",
  "v2i_gate_rejected": 2672.0,
  "v2i_cap_rejected": 0.0,
  "veh_queue_mode": "conserved",
  "local_mqd_rejected": 361.0,
  "v2v_mqd_rejected": 2358.0,
  "v2i_unavailable": 86.0,
  "v2v_unavailable": 8.0,
  "work_ms": {
    "v2i_offered": 11202965.0,
    "v2i_admitted": 11180871.0,
    "v2i_rejected_or_unavailable": 22094.0,
    "veh_offered": 77509584.0,
    "veh_admitted": 77467480.0,
    "veh_rejected": 42104.0
  },
  "enter_reset": false,
  "reset_soc_on_enter": false,
  "engine_version": "v2_post_nrsus_fix",
  "fleet_ev_share": 0.2208588868379593,
  "fleet_tier_hist": [
    53,
    63,
    47
  ],
  "completion": 0.9431649801413171,
  "n_offered": 3919696.0,
  "n_admitted": 3914211.0,
  "completion_admitted": 0.9444866411136241,
  "avg_latency_admitted_ms": 50.09869319768403,
  "avg_latency_met_ms": 40.72541683347219,
  "t1_completion": 0.8316331151560301,
  "t2_completion": 0.9910162442846311,
  "t3_completion": 0.9590784920965228,
  "total_energy_j": 1976429.0,
  "avg_energy_j_per_task": 0.5042301749931627,
  "avg_latency_ms_per_task": 52.322898510496735,
  "p_local": 0.6171662292177761,
  "p_v2i": 0.17773572236214236,
  "p_v2v": 0.20509804842008156,
  "t1_share": 0.19999484653911936,
  "t2_share": 0.29979901502565504,
  "t3_share": 0.5002061384352255,
  "total_tasks": 3919696.0,
  "wall_s": 642.8,
  "v2i_path_metrics": {
    "schema_version": "e2_native_v2i_path_v1",
    "v2i_attempts": 696670,
    "v2i_admitted_tasks": 693912,
    "ingress_count_per_rsu": [
      193540,
      38330,
      135299,
      50012,
      55964,
      63224,
      77885,
      17926,
      9071,
      55419
    ],
    "selected_target_count_per_rsu": [
      69860,
      69503,
      69669,
      69593,
      69678,
      69378,
      69840,
      69759,
      69411,
      69979
    ],
    "actual_execution_count_per_rsu": [
      69559,
      69234,
      69417,
      69312,
      69405,
      69113,
      69535,
      69477,
      69143,
      69717
    ],
    "forwarded_admitted_task_count": 624557,
    "forwarded_share_of_admitted_v2i": 0.9000521679982476,
    "total_forwarding_latency_ms": 0.0,
    "mean_forwarding_latency_ms_per_admitted_v2i": 0.0,
    "mean_forwarding_latency_ms_per_forwarded_v2i": 0.0,
    "ingress_to_execution_pair_matrix": [
      [
        19181,
        19182,
        19294,
        19305,
        19154,
        19216,
        19435,
        19392,
        19301,
        19277
      ],
      [
        3907,
        3919,
        3797,
        3732,
        3741,
        3859,
        3783,
        3702,
        3832,
        3903
      ],
      [
        13551,
        13577,
        13458,
        13495,
        13490,
        13492,
        13369,
        13538,
        13394,
        13420
      ],
      [
        5087,
        4907,
        4980,
        4866,
        5058,
        4914,
        5017,
        5029,
        4947,
        5026
      ],
      [
        5574,
        5512,
        5446,
        5593,
        5743,
        5527,
        5541,
        5578,
        5451,
        5781
      ],
      [
        6368,
        6170,
        6314,
        6282,
        6363,
        6191,
        6387,
        6238,
        6299,
        6355
      ],
      [
        7706,
        7618,
        7847,
        7941,
        7826,
        7753,
        7780,
        7664,
        7673,
        7743
      ],
      [
        1729,
        1887,
        1783,
        1831,
        1796,
        1665,
        1813,
        1800,
        1822,
        1728
      ],
      [
        876,
        875,
        907,
        912,
        896,
        899,
        914,
        923,
        888,
        955
      ],
      [
        5580,
        5587,
        5591,
        5355,
        5338,
        5597,
        5496,
        5613,
        5536,
        5529
      ]
    ],
    "execution_share_per_rsu": [
      0.10024181740624172,
      0.09977345830595234,
      0.10003718050703836,
      0.09988586449002179,
      0.10001988724795075,
      0.0995990846101523,
      0.1002072308880665,
      0.1001236468024764,
      0.09964231775787132,
      0.10046951198422854
    ],
    "maximum_execution_share": 0.10046951198422854,
    "imbalance_diagnostic": {
      "name": "execution_share_range",
      "definition": "max(per-RSU execution share) - min(per-RSU execution share)",
      "value": 0.0008704273740762491
    }
  },
  "extension_schema": "joint_seed_cyclic_v2_records",
  "substep_queue_iterations": 3,
  "k_max": 5,
  "n_rsus": 10,
  "max_vehicle_queue_depth": 10,
  "evaluator_seed": 207,
  "round_robin_pointer_final": null
}
[per-step] wrote /Users/akashx/Downloads/diss_mat/traffictwin-traces-raw-2026-09-16/wd_pm/wd_pm/block_07_dla_p2c/attempt_001/per_step.npz (T=25200, N=163, R=10; join vehicles on the trace npz pos_x/pos_y/mask for positions)
[per-task] wrote /Users/akashx/Downloads/diss_mat/traffictwin-traces-raw-2026-09-16/wd_pm/wd_pm/block_07_dla_p2c/attempt_001/per_task.npz ([T,KMAX,N] = [25200,5,163]; filter on task_active)
