[mc] enter-reset=ON reset_soc_on_enter=False
[mc] substep-queue=sequential (co-batch queueing charged; 3 gate iterations)
[mc] rsu-cap-mode=reject (buffer-full tasks individually failed; enqueued work conserved)
[mc] veh-queue=conserved (helper co-batch pricing + per-task MQD rejection on vehicle queues)
[mc] ABSOLUTE cap override: 6220 tasks/RSU (ratio form would give 538)
[mc] T=10800 maxN=215 RSU_MAX_CONCURRENT=6220 K_MAX=5
[fleet] uk2030: ev_share=0.2279 tier_hist=[87, 86, 42]
{
  "trace": "trace_wd_am_wdrsu.npz",
  "actor": "mappo_modelc_17dim__envs128__lr3e-3__seed100_actor_params.npz",
  "model": "C",
  "T": 10800,
  "maxN": 215,
  "rsu_max_concurrent": 6220,
  "fleet": "uk2030",
  "fleet_seed": 105,
  "obs_variant": "onehot17",
  "lambda_arrival": 1.5,
  "rsu_service_mult": 1.0,
  "rsu_lb": "ingress_dla",
  "rsu_backhaul_ms": 0.0,
  "k8s_scale": "off",
  "k8s_params": {},
  "k8s_mean_mult": 1.0,
  "k8s_scale_events": 0,
  "k8s_first_scaleup_s": -1.0,
  "rsu_cap_mode": "reject",
  "substep_queue": "sequential",
  "v2i_gate_rejected": 56788.0,
  "v2i_cap_rejected": 0.0,
  "veh_queue_mode": "conserved",
  "local_mqd_rejected": 297.0,
  "v2v_mqd_rejected": 1998.0,
  "v2i_unavailable": 51.0,
  "v2v_unavailable": 0.0,
  "work_ms": {
    "v2i_offered": 6032737.5,
    "v2i_admitted": 5587419.5,
    "v2i_rejected_or_unavailable": 445318.0,
    "veh_offered": 35616824.0,
    "veh_admitted": 35578332.0,
    "veh_rejected": 38492.0
  },
  "enter_reset": true,
  "reset_soc_on_enter": false,
  "engine_version": "v3_enter_reset",
  "fleet_ev_share": 0.2279069721698761,
  "fleet_tier_hist": [
    87,
    86,
    42
  ],
  "completion": 0.8962384489403912,
  "n_offered": 1745078.0,
  "n_admitted": 1685944.0,
  "completion_admitted": 0.9276737542883987,
  "avg_latency_admitted_ms": 58.816767342213026,
  "avg_latency_met_ms": 46.958310901620585,
  "t1_completion": 0.7370934519734034,
  "t2_completion": 0.988469851638048,
  "t3_completion": 0.9045032231423917,
  "total_energy_j": 810707.5625,
  "avg_energy_j_per_task": 0.4645680952370037,
  "avg_latency_ms_per_task": 92.3831347366708,
  "p_local": 0.564297985534171,
  "p_v2i": 0.21449585634567625,
  "p_v2v": 0.2212061581201528,
  "t1_share": 0.20002945427081195,
  "t2_share": 0.3003825616963826,
  "t3_share": 0.4995879840328054,
  "total_tasks": 1745078.0,
  "wall_s": 155.7,
  "v2i_path_metrics": {
    "schema_version": "e2_native_v2i_path_v1",
    "v2i_attempts": 374312,
    "v2i_admitted_tasks": 317473,
    "ingress_count_per_rsu": [
      104253,
      42196,
      49385,
      36168,
      21918,
      15458,
      58577,
      8786,
      37571
    ],
    "selected_target_count_per_rsu": [
      104253,
      42196,
      49385,
      36168,
      21918,
      15458,
      58577,
      8786,
      37571
    ],
    "actual_execution_count_per_rsu": [
      75389,
      37701,
      43449,
      32912,
      21074,
      15000,
      49735,
      8624,
      33589
    ],
    "forwarded_admitted_task_count": 0,
    "forwarded_share_of_admitted_v2i": 0.0,
    "total_forwarding_latency_ms": 0.0,
    "mean_forwarding_latency_ms_per_admitted_v2i": 0.0,
    "mean_forwarding_latency_ms_per_forwarded_v2i": 0.0,
    "ingress_to_execution_pair_matrix": [
      [
        75389,
        0,
        0,
        0,
        0,
        0,
        0,
        0,
        0
      ],
      [
        0,
        37701,
        0,
        0,
        0,
        0,
        0,
        0,
        0
      ],
      [
        0,
        0,
        43449,
        0,
        0,
        0,
        0,
        0,
        0
      ],
      [
        0,
        0,
        0,
        32912,
        0,
        0,
        0,
        0,
        0
      ],
      [
        0,
        0,
        0,
        0,
        21074,
        0,
        0,
        0,
        0
      ],
      [
        0,
        0,
        0,
        0,
        0,
        15000,
        0,
        0,
        0
      ],
      [
        0,
        0,
        0,
        0,
        0,
        0,
        49735,
        0,
        0
      ],
      [
        0,
        0,
        0,
        0,
        0,
        0,
        0,
        8624,
        0
      ],
      [
        0,
        0,
        0,
        0,
        0,
        0,
        0,
        0,
        33589
      ]
    ],
    "execution_share_per_rsu": [
      0.23746586323876362,
      0.11875340580143823,
      0.1368588824876446,
      0.10366865843709544,
      0.06638044810109836,
      0.04724811243790811,
      0.15665899147329065,
      0.027164514777634634,
      0.10580112324512636
    ],
    "maximum_execution_share": 0.23746586323876362,
    "imbalance_diagnostic": {
      "name": "execution_share_range",
      "definition": "max(per-RSU execution share) - min(per-RSU execution share)",
      "value": 0.210301348461129
    }
  },
  "extension_schema": "joint_seed_cyclic_v2_records",
  "substep_queue_iterations": 3,
  "k_max": 5,
  "n_rsus": 9,
  "max_vehicle_queue_depth": 10,
  "evaluator_seed": 205,
  "round_robin_pointer_final": null
}
[per-step] wrote /Users/akashx/Downloads/diss_mat/traffictwin-joint-confirmation-raw-2026-09-08/campaign/block_05_ingress_dla/attempt_001/per_step.npz (T=10800, N=215, R=9; join vehicles on the trace npz pos_x/pos_y/mask for positions)
[per-task] wrote /Users/akashx/Downloads/diss_mat/traffictwin-joint-confirmation-raw-2026-09-08/campaign/block_05_ingress_dla/attempt_001/per_task.npz ([T,KMAX,N] = [10800,5,215]; filter on task_active)
