[mc] enter-reset=ON reset_soc_on_enter=False
[mc] substep-queue=sequential (co-batch queueing charged; 3 gate iterations)
[mc] rsu-cap-mode=reject (buffer-full tasks individually failed; enqueued work conserved)
[mc] veh-queue=conserved (helper co-batch pricing + per-task MQD rejection on vehicle queues)
[mc] ABSOLUTE cap override: 6220 tasks/RSU (ratio form would give 348)
[mc] T=32400 maxN=139 RSU_MAX_CONCURRENT=6220 K_MAX=5
[fleet] uk2030: ev_share=0.2158 tier_hist=[62, 48, 29]
{
  "trace": "trace_we_wdrsu.npz",
  "actor": "mappo_modelc_17dim__envs128__lr3e-3__seed100_actor_params.npz",
  "model": "C",
  "T": 32400,
  "maxN": 139,
  "rsu_max_concurrent": 6220,
  "fleet": "uk2030",
  "fleet_seed": 101,
  "obs_variant": "onehot17",
  "lambda_arrival": 1.5,
  "rsu_service_mult": 1.0,
  "rsu_lb": "dla_p2c",
  "rsu_backhaul_ms": 0.0,
  "k8s_scale": "off",
  "k8s_params": {},
  "k8s_mean_mult": 1.0,
  "k8s_scale_events": 0,
  "k8s_first_scaleup_s": -1.0,
  "rsu_cap_mode": "reject",
  "substep_queue": "sequential",
  "v2i_gate_rejected": 15552.0,
  "v2i_cap_rejected": 0.0,
  "veh_queue_mode": "conserved",
  "local_mqd_rejected": 515.0,
  "v2v_mqd_rejected": 3626.0,
  "v2i_unavailable": 156.0,
  "v2v_unavailable": 20.0,
  "work_ms": {
    "v2i_offered": 16803046.0,
    "v2i_admitted": 16678724.0,
    "v2i_rejected_or_unavailable": 124322.0,
    "veh_offered": 81139960.0,
    "veh_admitted": 81073968.0,
    "veh_rejected": 65992.0
  },
  "enter_reset": true,
  "reset_soc_on_enter": false,
  "engine_version": "v3_enter_reset",
  "fleet_ev_share": 0.2158273458480835,
  "fleet_tier_hist": [
    62,
    48,
    29
  ],
  "completion": 0.9256190511344596,
  "n_offered": 4145013.0,
  "n_admitted": 4125144.0,
  "completion_admitted": 0.9300773500270536,
  "avg_latency_admitted_ms": 55.571887914700675,
  "avg_latency_met_ms": 43.54399910548197,
  "t1_completion": 0.7719235551906894,
  "t2_completion": 0.9881289305012936,
  "t3_completion": 0.9495472074012858,
  "total_energy_j": 1899771.75,
  "avg_energy_j_per_task": 0.45832709089211543,
  "avg_latency_ms_per_task": 61.30910566504858,
  "p_local": 0.5291293416932589,
  "p_v2i": 0.2519174246256887,
  "p_v2v": 0.21895323368105238,
  "t1_share": 0.19983290764106168,
  "t2_share": 0.29980243729030526,
  "t3_share": 0.500364655068633,
  "total_tasks": 4145013.0,
  "wall_s": 578.7,
  "v2i_path_metrics": {
    "schema_version": "e2_native_v2i_path_v1",
    "v2i_attempts": 1044201,
    "v2i_admitted_tasks": 1028493,
    "ingress_count_per_rsu": [
      299349,
      127495,
      127455,
      98831,
      58863,
      43346,
      171659,
      23635,
      93568
    ],
    "selected_target_count_per_rsu": [
      115608,
      115917,
      115749,
      116463,
      116183,
      115988,
      116311,
      115933,
      116049
    ],
    "actual_execution_count_per_rsu": [
      113838,
      114267,
      113961,
      114636,
      114384,
      114330,
      114571,
      114110,
      114396
    ],
    "forwarded_admitted_task_count": 913939,
    "forwarded_share_of_admitted_v2i": 0.8886195627972189,
    "total_forwarding_latency_ms": 0.0,
    "mean_forwarding_latency_ms_per_admitted_v2i": 0.0,
    "mean_forwarding_latency_ms_per_forwarded_v2i": 0.0,
    "ingress_to_execution_pair_matrix": [
      [
        32871,
        32552,
        32724,
        32978,
        32802,
        32540,
        32977,
        32558,
        32730
      ],
      [
        13726,
        14085,
        14026,
        13843,
        13941,
        14206,
        13834,
        13930,
        13936
      ],
      [
        13729,
        13906,
        13756,
        13932,
        14043,
        14078,
        13965,
        14002,
        14094
      ],
      [
        10748,
        10729,
        10826,
        10859,
        10809,
        10720,
        10924,
        10990,
        10757
      ],
      [
        6500,
        6482,
        6419,
        6520,
        6538,
        6286,
        6418,
        6358,
        6553
      ],
      [
        4659,
        4742,
        4792,
        4834,
        4687,
        4779,
        4754,
        4703,
        4728
      ],
      [
        18676,
        18894,
        18527,
        18784,
        18832,
        18979,
        18889,
        18652,
        18854
      ],
      [
        2615,
        2590,
        2618,
        2629,
        2517,
        2509,
        2604,
        2628,
        2595
      ],
      [
        10314,
        10287,
        10273,
        10257,
        10215,
        10233,
        10206,
        10289,
        10149
      ]
    ],
    "execution_share_per_rsu": [
      0.11068427300915028,
      0.11110138814751291,
      0.1108038654614081,
      0.11146016550428636,
      0.11121514682161182,
      0.11116264281818156,
      0.1113969662408981,
      0.11094873761902123,
      0.11122681437792965
    ],
    "maximum_execution_share": 0.11146016550428636,
    "imbalance_diagnostic": {
      "name": "execution_share_range",
      "definition": "max(per-RSU execution share) - min(per-RSU execution share)",
      "value": 0.0007758924951360852
    }
  },
  "extension_schema": "joint_seed_cyclic_v2_records",
  "substep_queue_iterations": 3,
  "k_max": 5,
  "n_rsus": 9,
  "max_vehicle_queue_depth": 10,
  "evaluator_seed": 201,
  "round_robin_pointer_final": null
}
[per-step] wrote /Users/akashx/Downloads/diss_mat/traffictwin-traces-raw-2026-09-16/we/we/block_01_dla_p2c/attempt_001/per_step.npz (T=32400, N=139, R=9; join vehicles on the trace npz pos_x/pos_y/mask for positions)
[per-task] wrote /Users/akashx/Downloads/diss_mat/traffictwin-traces-raw-2026-09-16/we/we/block_01_dla_p2c/attempt_001/per_task.npz ([T,KMAX,N] = [32400,5,139]; filter on task_active)
