[mc] enter-reset=off (mask-only reset — no enter channel in trace) reset_soc_on_enter=False
[mc] substep-queue=sequential (co-batch queueing charged; 3 gate iterations)
[mc] rsu-cap-mode=reject (buffer-full tasks individually failed; enqueued work conserved)
[mc] veh-queue=conserved (helper co-batch pricing + per-task MQD rejection on vehicle queues)
[mc] ABSOLUTE cap override: 6220 tasks/RSU (ratio form would give 408)
[mc] T=25200 maxN=163 RSU_MAX_CONCURRENT=6220 K_MAX=5
[fleet] uk2030: ev_share=0.2331 tier_hist=[66, 62, 35]
{
  "trace": "trace_wd_pm_fullrsu.npz",
  "actor": "mappo_modelc_17dim__envs128__lr3e-3__seed100_actor_params.npz",
  "model": "C",
  "T": 25200,
  "maxN": 163,
  "rsu_max_concurrent": 6220,
  "fleet": "uk2030",
  "fleet_seed": 104,
  "obs_variant": "onehot17",
  "lambda_arrival": 1.5,
  "rsu_service_mult": 1.0,
  "rsu_lb": "per_task_dla",
  "rsu_backhaul_ms": 0.0,
  "k8s_scale": "off",
  "k8s_params": {},
  "k8s_mean_mult": 1.0,
  "k8s_scale_events": 0,
  "k8s_first_scaleup_s": -1.0,
  "rsu_cap_mode": "reject",
  "substep_queue": "sequential",
  "v2i_gate_rejected": 741.0,
  "v2i_cap_rejected": 0.0,
  "veh_queue_mode": "conserved",
  "local_mqd_rejected": 303.0,
  "v2v_mqd_rejected": 1855.0,
  "v2i_unavailable": 110.0,
  "v2v_unavailable": 1.0,
  "work_ms": {
    "v2i_offered": 15762625.0,
    "v2i_admitted": 15754995.0,
    "v2i_rejected_or_unavailable": 7630.0,
    "veh_offered": 77188200.0,
    "veh_admitted": 77152608.0,
    "veh_rejected": 35592.0
  },
  "enter_reset": false,
  "reset_soc_on_enter": false,
  "engine_version": "v2_post_nrsus_fix",
  "fleet_ev_share": 0.23312883079051971,
  "fleet_tier_hist": [
    66,
    62,
    35
  ],
  "completion": 0.9367555972657329,
  "n_offered": 3920173.0,
  "n_admitted": 3917163.0,
  "completion_admitted": 0.9374754126902557,
  "avg_latency_admitted_ms": 53.543436410483814,
  "avg_latency_met_ms": 42.800402151926725,
  "t1_completion": 0.804109719965593,
  "t2_completion": 0.9896145055355884,
  "t3_completion": 0.958138755936887,
  "total_energy_j": 1737283.625,
  "avg_energy_j_per_task": 0.4431650401653192,
  "avg_latency_ms_per_task": 54.946648528011394,
  "p_local": 0.5577182435571083,
  "p_v2i": 0.24946552103695424,
  "p_v2v": 0.19281623540593745,
  "t1_share": 0.20017611467657168,
  "t2_share": 0.30022399521653764,
  "t3_share": 0.4995998901068907,
  "total_tasks": 3920173.0,
  "wall_s": 521.1,
  "v2i_path_metrics": {
    "schema_version": "e2_native_v2i_path_v1",
    "v2i_attempts": 977948,
    "v2i_admitted_tasks": 977097,
    "ingress_count_per_rsu": [
      277339,
      53836,
      191556,
      69856,
      76576,
      85886,
      112396,
      24852,
      11946,
      73705
    ],
    "selected_target_count_per_rsu": [
      98198,
      97693,
      97473,
      97843,
      97815,
      97671,
      97853,
      98336,
      97549,
      97517
    ],
    "actual_execution_count_per_rsu": [
      98082,
      97620,
      97398,
      97773,
      97744,
      97595,
      97771,
      98263,
      97465,
      97386
    ],
    "forwarded_admitted_task_count": 879186,
    "forwarded_share_of_admitted_v2i": 0.899793981559661,
    "total_forwarding_latency_ms": 0.0,
    "mean_forwarding_latency_ms_per_admitted_v2i": 0.0,
    "mean_forwarding_latency_ms_per_forwarded_v2i": 0.0,
    "ingress_to_execution_pair_matrix": [
      [
        27932,
        27376,
        27496,
        27831,
        27771,
        27690,
        27915,
        27722,
        27666,
        27595
      ],
      [
        5354,
        5412,
        5282,
        5519,
        5361,
        5351,
        5437,
        5464,
        5314,
        5311
      ],
      [
        19058,
        19377,
        19212,
        19134,
        19380,
        19111,
        19016,
        19227,
        18954,
        18923
      ],
      [
        7041,
        6904,
        6924,
        7003,
        6996,
        7039,
        7003,
        7100,
        6882,
        6923
      ],
      [
        7434,
        7775,
        7820,
        7681,
        7658,
        7576,
        7590,
        7613,
        7567,
        7807
      ],
      [
        8852,
        8620,
        8535,
        8350,
        8383,
        8427,
        8575,
        8814,
        8699,
        8574
      ],
      [
        11322,
        11174,
        11057,
        11362,
        11048,
        11415,
        11165,
        11292,
        11283,
        11177
      ],
      [
        2497,
        2389,
        2517,
        2534,
        2551,
        2511,
        2484,
        2442,
        2484,
        2424
      ],
      [
        1233,
        1111,
        1192,
        1114,
        1195,
        1229,
        1183,
        1192,
        1250,
        1242
      ],
      [
        7359,
        7482,
        7363,
        7245,
        7401,
        7246,
        7403,
        7397,
        7366,
        7410
      ]
    ],
    "execution_share_per_rsu": [
      0.10038102665344383,
      0.09990819744610821,
      0.09968099380102487,
      0.10006478374204403,
      0.10003510398660521,
      0.09988261145004028,
      0.1000627368623586,
      0.10056626926497574,
      0.09974956427048697,
      0.09966871252291226
    ],
    "maximum_execution_share": 0.10056626926497574,
    "imbalance_diagnostic": {
      "name": "execution_share_range",
      "definition": "max(per-RSU execution share) - min(per-RSU execution share)",
      "value": 0.0008975567420634739
    }
  },
  "extension_schema": "joint_seed_cyclic_v2_records",
  "substep_queue_iterations": 3,
  "k_max": 5,
  "n_rsus": 10,
  "max_vehicle_queue_depth": 10,
  "evaluator_seed": 204,
  "round_robin_pointer_final": null
}
[per-step] wrote /Users/akashx/Downloads/diss_mat/traffictwin-traces-raw-2026-09-16/wd_pm/wd_pm/block_04_per_task_dla/attempt_001/per_step.npz (T=25200, N=163, R=10; join vehicles on the trace npz pos_x/pos_y/mask for positions)
[per-task] wrote /Users/akashx/Downloads/diss_mat/traffictwin-traces-raw-2026-09-16/wd_pm/wd_pm/block_04_per_task_dla/attempt_001/per_task.npz ([T,KMAX,N] = [25200,5,163]; filter on task_active)
