[mc] enter-reset=off (mask-only reset — no enter channel in trace) reset_soc_on_enter=False
[mc] substep-queue=sequential (co-batch queueing charged; 3 gate iterations)
[mc] rsu-cap-mode=reject (buffer-full tasks individually failed; enqueued work conserved)
[mc] veh-queue=conserved (helper co-batch pricing + per-task MQD rejection on vehicle queues)
[mc] ABSOLUTE cap override: 6220 tasks/RSU (ratio form would give 408)
[mc] T=25200 maxN=163 RSU_MAX_CONCURRENT=6220 K_MAX=5
[fleet] uk2030: ev_share=0.2699 tier_hist=[61, 68, 34]
{
  "trace": "trace_wd_pm_fullrsu.npz",
  "actor": "mappo_modelc_17dim__envs128__lr3e-3__seed100_actor_params.npz",
  "model": "C",
  "T": 25200,
  "maxN": 163,
  "rsu_max_concurrent": 6220,
  "fleet": "uk2030",
  "fleet_seed": 105,
  "obs_variant": "onehot17",
  "lambda_arrival": 1.5,
  "rsu_service_mult": 1.0,
  "rsu_lb": "dla",
  "rsu_backhaul_ms": 0.0,
  "k8s_scale": "off",
  "k8s_params": {},
  "k8s_mean_mult": 1.0,
  "k8s_scale_events": 0,
  "k8s_first_scaleup_s": -1.0,
  "rsu_cap_mode": "reject",
  "substep_queue": "sequential",
  "v2i_gate_rejected": 340050.0,
  "v2i_cap_rejected": 0.0,
  "veh_queue_mode": "conserved",
  "local_mqd_rejected": 304.0,
  "v2v_mqd_rejected": 1755.0,
  "v2i_unavailable": 122.0,
  "v2v_unavailable": 3.0,
  "work_ms": {
    "v2i_offered": 16216403.0,
    "v2i_admitted": 13544611.0,
    "v2i_rejected_or_unavailable": 2671792.0,
    "veh_offered": 76849712.0,
    "veh_admitted": 76813368.0,
    "veh_rejected": 36344.0
  },
  "enter_reset": false,
  "reset_soc_on_enter": false,
  "engine_version": "v2_post_nrsus_fix",
  "fleet_ev_share": 0.2699386477470398,
  "fleet_tier_hist": [
    61,
    68,
    34
  ],
  "completion": 0.848780107111551,
  "n_offered": 3920959.0,
  "n_admitted": 3578725.0,
  "completion_admitted": 0.9299490740417328,
  "avg_latency_admitted_ms": 63.67909017876478,
  "avg_latency_met_ms": 52.41205853789867,
  "t1_completion": 0.6816065518595389,
  "t2_completion": 0.9897299314563673,
  "t3_completion": 0.8310910908868302,
  "total_energy_j": 1691761.75,
  "avg_energy_j_per_task": 0.43146631984675177,
  "avg_latency_ms_per_task": 146.14046002521323,
  "p_local": 0.5552508965281198,
  "p_v2i": 0.25668439787307135,
  "p_v2v": 0.18806470559880886,
  "t1_share": 0.20005003877877836,
  "t2_share": 0.3000110432167233,
  "t3_share": 0.4999389180044984,
  "total_tasks": 3920959.0,
  "wall_s": 593.1,
  "v2i_path_metrics": {
    "schema_version": "e2_native_v2i_path_v1",
    "v2i_attempts": 1006449,
    "v2i_admitted_tasks": 666277,
    "ingress_count_per_rsu": [
      288743,
      54805,
      198498,
      71397,
      75350,
      88166,
      113281,
      24815,
      12711,
      78683
    ],
    "selected_target_count_per_rsu": [
      523888,
      297603,
      128338,
      44048,
      12572,
      0,
      0,
      0,
      0,
      0
    ],
    "actual_execution_count_per_rsu": [
      281850,
      209092,
      118910,
      43858,
      12567,
      0,
      0,
      0,
      0,
      0
    ],
    "forwarded_admitted_task_count": 547762,
    "forwarded_share_of_admitted_v2i": 0.8221235312039887,
    "total_forwarding_latency_ms": 0.0,
    "mean_forwarding_latency_ms_per_admitted_v2i": 0.0,
    "mean_forwarding_latency_ms_per_forwarded_v2i": 0.0,
    "ingress_to_execution_pair_matrix": [
      [
        79632,
        59364,
        34208,
        12640,
        3647,
        0,
        0,
        0,
        0,
        0
      ],
      [
        15588,
        11443,
        6517,
        2424,
        725,
        0,
        0,
        0,
        0,
        0
      ],
      [
        55032,
        40883,
        23425,
        8605,
        2472,
        0,
        0,
        0,
        0,
        0
      ],
      [
        20592,
        15350,
        8463,
        3068,
        848,
        0,
        0,
        0,
        0,
        0
      ],
      [
        21755,
        16007,
        8916,
        3264,
        947,
        0,
        0,
        0,
        0,
        0
      ],
      [
        24758,
        18588,
        10429,
        3813,
        1045,
        0,
        0,
        0,
        0,
        0
      ],
      [
        31617,
        23265,
        13140,
        4937,
        1425,
        0,
        0,
        0,
        0,
        0
      ],
      [
        6983,
        5277,
        2968,
        1112,
        311,
        0,
        0,
        0,
        0,
        0
      ],
      [
        3681,
        2760,
        1493,
        572,
        155,
        0,
        0,
        0,
        0,
        0
      ],
      [
        22212,
        16155,
        9351,
        3423,
        992,
        0,
        0,
        0,
        0,
        0
      ]
    ],
    "execution_share_per_rsu": [
      0.4230222565089295,
      0.3138214286250313,
      0.1784693153148015,
      0.06582547499013174,
      0.018861524561105965,
      0.0,
      0.0,
      0.0,
      0.0,
      0.0
    ],
    "maximum_execution_share": 0.4230222565089295,
    "imbalance_diagnostic": {
      "name": "execution_share_range",
      "definition": "max(per-RSU execution share) - min(per-RSU execution share)",
      "value": 0.4230222565089295
    }
  },
  "extension_schema": "joint_seed_cyclic_v2_records",
  "substep_queue_iterations": 3,
  "k_max": 5,
  "n_rsus": 10,
  "max_vehicle_queue_depth": 10,
  "evaluator_seed": 205,
  "round_robin_pointer_final": null
}
[per-step] wrote /Users/akashx/Downloads/diss_mat/traffictwin-traces-raw-2026-09-16/wd_pm/wd_pm/block_05_dla/attempt_001/per_step.npz (T=25200, N=163, R=10; join vehicles on the trace npz pos_x/pos_y/mask for positions)
[per-task] wrote /Users/akashx/Downloads/diss_mat/traffictwin-traces-raw-2026-09-16/wd_pm/wd_pm/block_05_dla/attempt_001/per_task.npz ([T,KMAX,N] = [25200,5,163]; filter on task_active)
