[mc] enter-reset=ON reset_soc_on_enter=False
[mc] substep-queue=sequential (co-batch queueing charged; 3 gate iterations)
[mc] rsu-cap-mode=reject (buffer-full tasks individually failed; enqueued work conserved)
[mc] veh-queue=conserved (helper co-batch pricing + per-task MQD rejection on vehicle queues)
[mc] ABSOLUTE cap override: 6220 tasks/RSU (ratio form would give 538)
[mc] T=300 maxN=215 RSU_MAX_CONCURRENT=6220 K_MAX=5
[fleet] uk2030: ev_share=0.2140 tier_hist=[78, 75, 62]
{
  "trace": "trace_wd_am_wdrsu.npz",
  "actor": "mappo_modelc_17dim__envs128__lr3e-3__seed100_actor_params.npz",
  "model": "C",
  "T": 300,
  "maxN": 215,
  "rsu_max_concurrent": 6220,
  "fleet": "uk2030",
  "fleet_seed": 1,
  "obs_variant": "onehot17",
  "lambda_arrival": 1.5,
  "rsu_service_mult": 0.5,
  "rsu_lb": "causal_round_robin",
  "rsu_backhaul_ms": 0.0,
  "k8s_scale": "off",
  "k8s_params": {},
  "k8s_mean_mult": 1.0,
  "k8s_scale_events": 0,
  "k8s_first_scaleup_s": -1.0,
  "rsu_cap_mode": "reject",
  "substep_queue": "sequential",
  "v2i_gate_rejected": 721.0,
  "v2i_cap_rejected": 0.0,
  "veh_queue_mode": "conserved",
  "local_mqd_rejected": 0.0,
  "v2v_mqd_rejected": 6.0,
  "v2i_unavailable": 0.0,
  "v2v_unavailable": 0.0,
  "work_ms": {
    "v2i_offered": 284393.53125,
    "v2i_admitted": 272816.125,
    "v2i_rejected_or_unavailable": 11577.40625,
    "veh_offered": 827980.5,
    "veh_admitted": 827803.125,
    "veh_rejected": 177.375
  },
  "enter_reset": true,
  "reset_soc_on_enter": false,
  "engine_version": "v3_enter_reset",
  "fleet_ev_share": 0.21395349502563477,
  "fleet_tier_hist": [
    78,
    75,
    62
  ],
  "completion": 0.9174052334962468,
  "n_offered": 42763.0,
  "n_admitted": 42036.0,
  "completion_admitted": 0.933271481587211,
  "avg_latency_admitted_ms": 55.93261133314302,
  "avg_latency_met_ms": 45.34416341668578,
  "t1_completion": 0.752404410039878,
  "t2_completion": 0.9906615396688377,
  "t3_completion": 0.9394249558016191,
  "total_energy_j": 20796.89453125,
  "avg_energy_j_per_task": 0.48632917548464794,
  "avg_latency_ms_per_task": 72.2630135865117,
  "p_local": 0.5984846713280172,
  "p_v2i": 0.20618291513691742,
  "p_v2v": 0.19533241353506536,
  "t1_share": 0.19937796693403176,
  "t2_share": 0.2979912541215537,
  "t3_share": 0.5026307789444145,
  "total_tasks": 42763.0,
  "wall_s": 7.6,
  "v2i_path_metrics": {
    "schema_version": "e2_native_v2i_path_v1",
    "v2i_attempts": 8817,
    "v2i_admitted_tasks": 8096,
    "ingress_count_per_rsu": [
      2320,
      1296,
      1116,
      689,
      465,
      323,
      1665,
      315,
      628
    ],
    "selected_target_count_per_rsu": [
      980,
      980,
      980,
      980,
      980,
      980,
      979,
      979,
      979
    ],
    "actual_execution_count_per_rsu": [
      914,
      886,
      912,
      885,
      910,
      901,
      872,
      912,
      904
    ],
    "forwarded_admitted_task_count": 7168,
    "forwarded_share_of_admitted_v2i": 0.8853754940711462,
    "total_forwarding_latency_ms": 0.0,
    "mean_forwarding_latency_ms_per_admitted_v2i": 0.0,
    "mean_forwarding_latency_ms_per_forwarded_v2i": 0.0,
    "ingress_to_execution_pair_matrix": [
      [
        241,
        220,
        252,
        228,
        235,
        238,
        226,
        239,
        243
      ],
      [
        133,
        141,
        115,
        128,
        145,
        128,
        139,
        126,
        124
      ],
      [
        114,
        131,
        102,
        122,
        115,
        128,
        112,
        111,
        113
      ],
      [
        77,
        63,
        70,
        73,
        71,
        67,
        73,
        70,
        70
      ],
      [
        59,
        52,
        40,
        38,
        52,
        52,
        36,
        42,
        51
      ],
      [
        30,
        28,
        41,
        30,
        32,
        36,
        27,
        41,
        30
      ],
      [
        177,
        164,
        170,
        170,
        166,
        161,
        174,
        180,
        166
      ],
      [
        31,
        31,
        39,
        27,
        28,
        33,
        25,
        38,
        36
      ],
      [
        52,
        56,
        83,
        69,
        66,
        58,
        60,
        65,
        71
      ]
    ],
    "execution_share_per_rsu": [
      0.11289525691699605,
      0.10943675889328064,
      0.11264822134387352,
      0.10931324110671936,
      0.11240118577075099,
      0.1112895256916996,
      0.10770750988142293,
      0.11264822134387352,
      0.11166007905138339
    ],
    "maximum_execution_share": 0.11289525691699605,
    "imbalance_diagnostic": {
      "name": "execution_share_range",
      "definition": "max(per-RSU execution share) - min(per-RSU execution share)",
      "value": 0.00518774703557312
    }
  },
  "extension_schema": "joint_seed_cyclic_v2_records",
  "substep_queue_iterations": 3,
  "k_max": 5,
  "n_rsus": 9,
  "max_vehicle_queue_depth": 10,
  "evaluator_seed": 0,
  "round_robin_pointer_final": 6
}
[per-step] wrote /Users/akashx/Downloads/diss_mat/traffictwin-followups-raw-2026-09-15/qualification/10_08_half_speed_causal_round_robin/attempt_001/per_step.npz (T=300, N=215, R=9; join vehicles on the trace npz pos_x/pos_y/mask for positions)
[per-task] wrote /Users/akashx/Downloads/diss_mat/traffictwin-followups-raw-2026-09-15/qualification/10_08_half_speed_causal_round_robin/attempt_001/per_task.npz ([T,KMAX,N] = [300,5,215]; filter on task_active)
