[mc] enter-reset=ON reset_soc_on_enter=False
[mc] substep-queue=sequential (co-batch queueing charged; 3 gate iterations)
[mc] rsu-cap-mode=reject (buffer-full tasks individually failed; enqueued work conserved)
[mc] veh-queue=conserved (helper co-batch pricing + per-task MQD rejection on vehicle queues)
[mc] ABSOLUTE cap override: 6220 tasks/RSU (ratio form would give 538)
[mc] T=10800 maxN=215 RSU_MAX_CONCURRENT=6220 K_MAX=5
[fleet] uk2030: ev_share=0.2186 tier_hist=[86, 81, 48]
{
  "trace": "trace_wd_am_wdrsu.npz",
  "actor": "mappo_modelc_17dim__envs128__lr3e-3__seed100_actor_params.npz",
  "model": "C",
  "T": 10800,
  "maxN": 215,
  "rsu_max_concurrent": 6220,
  "fleet": "uk2030",
  "fleet_seed": 106,
  "obs_variant": "onehot17",
  "lambda_arrival": 1.5,
  "rsu_service_mult": 1.0,
  "rsu_lb": "causal_round_robin",
  "rsu_backhaul_ms": 0.0,
  "k8s_scale": "off",
  "k8s_params": {},
  "k8s_mean_mult": 1.0,
  "k8s_scale_events": 0,
  "k8s_first_scaleup_s": -1.0,
  "rsu_cap_mode": "reject",
  "substep_queue": "sequential",
  "v2i_gate_rejected": 9394.0,
  "v2i_cap_rejected": 0.0,
  "veh_queue_mode": "conserved",
  "local_mqd_rejected": 395.0,
  "v2v_mqd_rejected": 3145.0,
  "v2i_unavailable": 74.0,
  "v2v_unavailable": 0.0,
  "work_ms": {
    "v2i_offered": 6615929.5,
    "v2i_admitted": 6541488.0,
    "v2i_rejected_or_unavailable": 74441.5,
    "veh_offered": 35029312.0,
    "veh_admitted": 34973264.0,
    "veh_rejected": 56048.0
  },
  "enter_reset": true,
  "reset_soc_on_enter": false,
  "engine_version": "v3_enter_reset",
  "fleet_ev_share": 0.2186046540737152,
  "fleet_tier_hist": [
    86,
    81,
    48
  ],
  "completion": 0.9190876502142535,
  "n_offered": 1742095.0,
  "n_admitted": 1729087.0,
  "completion_admitted": 0.9260019883325709,
  "avg_latency_admitted_ms": 57.215147647284375,
  "avg_latency_met_ms": 44.730200644791395,
  "t1_completion": 0.7595843207914201,
  "t2_completion": 0.9866035856573705,
  "t3_completion": 0.9424322156522776,
  "total_energy_j": 799192.5,
  "avg_energy_j_per_task": 0.45875368450055826,
  "avg_latency_ms_per_task": 66.93892583355098,
  "p_local": 0.5364816499674243,
  "p_v2i": 0.23621444295517752,
  "p_v2v": 0.2273039070773982,
  "t1_share": 0.20006830855952173,
  "t2_share": 0.29968514920254063,
  "t3_share": 0.5002465422379376,
  "total_tasks": 1742095.0,
  "wall_s": 145.9,
  "v2i_path_metrics": {
    "schema_version": "e2_native_v2i_path_v1",
    "v2i_attempts": 411508,
    "v2i_admitted_tasks": 402040,
    "ingress_count_per_rsu": [
      117289,
      47944,
      51215,
      40308,
      22996,
      16574,
      67125,
      9345,
      38712
    ],
    "selected_target_count_per_rsu": [
      45724,
      45727,
      45722,
      45721,
      45724,
      45719,
      45720,
      45728,
      45723
    ],
    "actual_execution_count_per_rsu": [
      44681,
      44727,
      44698,
      44702,
      44682,
      44637,
      44613,
      44681,
      44619
    ],
    "forwarded_admitted_task_count": 357675,
    "forwarded_share_of_admitted_v2i": 0.8896502835538752,
    "total_forwarding_latency_ms": 0.0,
    "mean_forwarding_latency_ms_per_admitted_v2i": 0.0,
    "mean_forwarding_latency_ms_per_forwarded_v2i": 0.0,
    "ingress_to_execution_pair_matrix": [
      [
        12653,
        12783,
        12660,
        12582,
        12880,
        12847,
        12692,
        12756,
        12581
      ],
      [
        5244,
        5163,
        5094,
        5265,
        5172,
        5255,
        5293,
        5196,
        5279
      ],
      [
        5523,
        5561,
        5484,
        5678,
        5521,
        5510,
        5615,
        5593,
        5615
      ],
      [
        4343,
        4417,
        4448,
        4434,
        4426,
        4346,
        4305,
        4337,
        4367
      ],
      [
        2640,
        2457,
        2514,
        2556,
        2442,
        2469,
        2425,
        2451,
        2497
      ],
      [
        1810,
        1730,
        1875,
        1816,
        1773,
        1843,
        1793,
        1805,
        1785
      ],
      [
        7309,
        7431,
        7357,
        7229,
        7251,
        7261,
        7245,
        7276,
        7397
      ],
      [
        1011,
        978,
        1025,
        980,
        1032,
        1005,
        1047,
        1035,
        1032
      ],
      [
        4148,
        4207,
        4241,
        4162,
        4185,
        4101,
        4198,
        4232,
        4066
      ]
    ],
    "execution_share_per_rsu": [
      0.11113570788976221,
      0.11125012436573475,
      0.11117799223957815,
      0.11118794149835837,
      0.11113819520445727,
      0.11102626604317978,
      0.11096657049049846,
      0.11113570788976221,
      0.11098149437866879
    ],
    "maximum_execution_share": 0.11125012436573475,
    "imbalance_diagnostic": {
      "name": "execution_share_range",
      "definition": "max(per-RSU execution share) - min(per-RSU execution share)",
      "value": 0.00028355387523629205
    }
  },
  "extension_schema": "joint_seed_cyclic_v2_records",
  "substep_queue_iterations": 3,
  "k_max": 5,
  "n_rsus": 9,
  "max_vehicle_queue_depth": 10,
  "evaluator_seed": 206,
  "round_robin_pointer_final": 8
}
[per-step] wrote /Users/akashx/Downloads/diss_mat/traffictwin-joint-confirmation-raw-2026-09-08/campaign/block_06_causal_round_robin/attempt_001/per_step.npz (T=10800, N=215, R=9; join vehicles on the trace npz pos_x/pos_y/mask for positions)
[per-task] wrote /Users/akashx/Downloads/diss_mat/traffictwin-joint-confirmation-raw-2026-09-08/campaign/block_06_causal_round_robin/attempt_001/per_task.npz ([T,KMAX,N] = [10800,5,215]; filter on task_active)
