[mc] enter-reset=ON reset_soc_on_enter=False
[mc] substep-queue=sequential (co-batch queueing charged; 3 gate iterations)
[mc] rsu-cap-mode=reject (buffer-full tasks individually failed; enqueued work conserved)
[mc] veh-queue=conserved (helper co-batch pricing + per-task MQD rejection on vehicle queues)
[mc] ABSOLUTE cap override: 6220 tasks/RSU (ratio form would give 538)
[mc] T=10800 maxN=215 RSU_MAX_CONCURRENT=6220 K_MAX=5
[fleet] uk2030: ev_share=0.2419 tier_hist=[93, 74, 48]
{
  "trace": "trace_wd_am_wdrsu.npz",
  "actor": "mappo_modelc_17dim__envs128__lr3e-3__seed100_actor_params.npz",
  "model": "C",
  "T": 10800,
  "maxN": 215,
  "rsu_max_concurrent": 6220,
  "fleet": "uk2030",
  "fleet_seed": 100,
  "obs_variant": "onehot17",
  "lambda_arrival": 1.5,
  "rsu_service_mult": 0.5,
  "rsu_lb": "per_task_dla",
  "rsu_backhaul_ms": 0.0,
  "k8s_scale": "off",
  "k8s_params": {},
  "k8s_mean_mult": 1.0,
  "k8s_scale_events": 0,
  "k8s_first_scaleup_s": -1.0,
  "rsu_cap_mode": "reject",
  "substep_queue": "sequential",
  "v2i_gate_rejected": 61359.0,
  "v2i_cap_rejected": 0.0,
  "veh_queue_mode": "conserved",
  "local_mqd_rejected": 269.0,
  "v2v_mqd_rejected": 2037.0,
  "v2i_unavailable": 50.0,
  "v2v_unavailable": 1.0,
  "work_ms": {
    "v2i_offered": 14655004.0,
    "v2i_admitted": 13694223.0,
    "v2i_rejected_or_unavailable": 960781.0,
    "veh_offered": 34616992.0,
    "veh_admitted": 34577516.0,
    "veh_rejected": 39476.0
  },
  "enter_reset": true,
  "reset_soc_on_enter": false,
  "engine_version": "v3_enter_reset",
  "fleet_ev_share": 0.24186046421527863,
  "fleet_tier_hist": [
    93,
    74,
    48
  ],
  "completion": 0.8800529126911938,
  "n_offered": 1744761.0,
  "n_admitted": 1681045.0,
  "completion_admitted": 0.9134092186705294,
  "avg_latency_admitted_ms": 65.47438765767721,
  "avg_latency_met_ms": 51.61802222364052,
  "t1_completion": 0.67444288594974,
  "t2_completion": 0.9868210107140195,
  "t3_completion": 0.8981623531595404,
  "total_energy_j": 782381.125,
  "avg_energy_j_per_task": 0.4484173620341124,
  "avg_latency_ms_per_task": 101.27312107503549,
  "p_local": 0.5131631209088237,
  "p_v2i": 0.2607199496091442,
  "p_v2v": 0.22611692948203221,
  "t1_share": 0.1998136134404655,
  "t2_share": 0.2999453793384882,
  "t3_share": 0.5002410072210464,
  "total_tasks": 1744761.0,
  "wall_s": 182.5,
  "v2i_path_metrics": {
    "schema_version": "e2_native_v2i_path_v1",
    "v2i_attempts": 454894,
    "v2i_admitted_tasks": 393485,
    "ingress_count_per_rsu": [
      128011,
      53536,
      58072,
      44247,
      24546,
      18372,
      73675,
      11193,
      43242
    ],
    "selected_target_count_per_rsu": [
      50444,
      50934,
      50178,
      50385,
      51234,
      49993,
      50848,
      50498,
      50380
    ],
    "actual_execution_count_per_rsu": [
      43667,
      44011,
      43308,
      43600,
      44212,
      43546,
      43773,
      43787,
      43581
    ],
    "forwarded_admitted_task_count": 349514,
    "forwarded_share_of_admitted_v2i": 0.8882524111465494,
    "total_forwarding_latency_ms": 0.0,
    "mean_forwarding_latency_ms_per_admitted_v2i": 0.0,
    "mean_forwarding_latency_ms_per_forwarded_v2i": 0.0,
    "ingress_to_execution_pair_matrix": [
      [
        12259,
        12307,
        12141,
        12422,
        12303,
        12402,
        12250,
        12200,
        12396
      ],
      [
        5132,
        5154,
        4900,
        5113,
        5227,
        5075,
        5249,
        5278,
        5336
      ],
      [
        5586,
        5763,
        5655,
        5495,
        5669,
        5538,
        5515,
        5521,
        5347
      ],
      [
        4270,
        4178,
        4274,
        4247,
        4368,
        4248,
        4339,
        4385,
        4114
      ],
      [
        2379,
        2467,
        2422,
        2375,
        2466,
        2323,
        2246,
        2378,
        2310
      ],
      [
        1684,
        1710,
        1737,
        1834,
        1849,
        1767,
        1795,
        1828,
        1782
      ],
      [
        7223,
        7157,
        6971,
        6983,
        7227,
        7037,
        7169,
        7143,
        7128
      ],
      [
        1074,
        1137,
        1043,
        1125,
        1137,
        1097,
        1101,
        1071,
        985
      ],
      [
        4060,
        4138,
        4165,
        4006,
        3966,
        4059,
        4109,
        3983,
        4183
      ]
    ],
    "execution_share_per_rsu": [
      0.11097500540045999,
      0.11184924457094934,
      0.11006264533590861,
      0.11080473207364956,
      0.11236006455138062,
      0.11066749685502623,
      0.1112443930518317,
      0.11127997255295627,
      0.11075644560783765
    ],
    "maximum_execution_share": 0.11236006455138062,
    "imbalance_diagnostic": {
      "name": "execution_share_range",
      "definition": "max(per-RSU execution share) - min(per-RSU execution share)",
      "value": 0.0022974192154720102
    }
  },
  "extension_schema": "joint_seed_cyclic_v2_records",
  "substep_queue_iterations": 3,
  "k_max": 5,
  "n_rsus": 9,
  "max_vehicle_queue_depth": 10,
  "evaluator_seed": 200,
  "round_robin_pointer_final": null
}
[per-step] wrote /Users/akashx/Downloads/diss_mat/traffictwin-followups-raw-2026-09-15/08_half_speed/block_00_per_task_dla/attempt_001/per_step.npz (T=10800, N=215, R=9; join vehicles on the trace npz pos_x/pos_y/mask for positions)
[per-task] wrote /Users/akashx/Downloads/diss_mat/traffictwin-followups-raw-2026-09-15/08_half_speed/block_00_per_task_dla/attempt_001/per_task.npz ([T,KMAX,N] = [10800,5,215]; filter on task_active)
