[mc] enter-reset=ON reset_soc_on_enter=False
[mc] substep-queue=sequential (co-batch queueing charged; 3 gate iterations)
[mc] rsu-cap-mode=reject (buffer-full tasks individually failed; enqueued work conserved)
[mc] veh-queue=conserved (helper co-batch pricing + per-task MQD rejection on vehicle queues)
[mc] ABSOLUTE cap override: 6220 tasks/RSU (ratio form would give 538)
[mc] T=10800 maxN=215 RSU_MAX_CONCURRENT=6220 K_MAX=5
[fleet] uk2030: ev_share=0.2279 tier_hist=[87, 86, 42]
{
  "trace": "trace_wd_am_wdrsu.npz",
  "actor": "mappo_modelc_17dim_ukfleet2030__envs128__lr3e-3__seed100_actor_params.npz",
  "model": "C",
  "T": 10800,
  "maxN": 215,
  "rsu_max_concurrent": 6220,
  "fleet": "uk2030",
  "fleet_seed": 105,
  "obs_variant": "onehot17",
  "lambda_arrival": 1.5,
  "rsu_service_mult": 1.0,
  "rsu_lb": "ingress_dla",
  "rsu_backhaul_ms": 0.0,
  "k8s_scale": "off",
  "k8s_params": {},
  "k8s_mean_mult": 1.0,
  "k8s_scale_events": 0,
  "k8s_first_scaleup_s": -1.0,
  "rsu_cap_mode": "reject",
  "substep_queue": "sequential",
  "v2i_gate_rejected": 43924.0,
  "v2i_cap_rejected": 0.0,
  "veh_queue_mode": "conserved",
  "local_mqd_rejected": 140.0,
  "v2v_mqd_rejected": 779.0,
  "v2i_unavailable": 52.0,
  "v2v_unavailable": 0.0,
  "work_ms": {
    "v2i_offered": 5593695.0,
    "v2i_admitted": 5249965.0,
    "v2i_rejected_or_unavailable": 343730.0,
    "veh_offered": 35723036.0,
    "veh_admitted": 35703056.0,
    "veh_rejected": 19980.0
  },
  "enter_reset": true,
  "reset_soc_on_enter": false,
  "engine_version": "v3_enter_reset",
  "fleet_ev_share": 0.2279069721698761,
  "fleet_tier_hist": [
    87,
    86,
    42
  ],
  "completion": 0.9080808995357228,
  "n_offered": 1745078.0,
  "n_admitted": 1700183.0,
  "completion_admitted": 0.9320596665182512,
  "avg_latency_admitted_ms": 56.251794071579354,
  "avg_latency_met_ms": 45.79678823125543,
  "t1_completion": 0.7639049236965969,
  "t2_completion": 0.9915641436041442,
  "t3_completion": 0.9156121676492854,
  "total_energy_j": 785491.75,
  "avg_energy_j_per_task": 0.4501184187755504,
  "avg_latency_ms_per_task": 81.27392815679299,
  "p_local": 0.6168778702155434,
  "p_v2i": 0.19916015215365732,
  "p_v2v": 0.1839619776307993,
  "t1_share": 0.20002945427081195,
  "t2_share": 0.3003825616963826,
  "t3_share": 0.4995879840328054,
  "total_tasks": 1745078.0,
  "wall_s": 168.6,
  "v2i_path_metrics": {
    "schema_version": "e2_native_v2i_path_v1",
    "v2i_attempts": 347550,
    "v2i_admitted_tasks": 303574,
    "ingress_count_per_rsu": [
      86439,
      40166,
      48117,
      36551,
      24586,
      17032,
      51356,
      9666,
      33637
    ],
    "selected_target_count_per_rsu": [
      86439,
      40166,
      48117,
      36551,
      24586,
      17032,
      51356,
      9666,
      33637
    ],
    "actual_execution_count_per_rsu": [
      66314,
      36100,
      42779,
      33465,
      23589,
      16492,
      44535,
      9500,
      30800
    ],
    "forwarded_admitted_task_count": 0,
    "forwarded_share_of_admitted_v2i": 0.0,
    "total_forwarding_latency_ms": 0.0,
    "mean_forwarding_latency_ms_per_admitted_v2i": 0.0,
    "mean_forwarding_latency_ms_per_forwarded_v2i": 0.0,
    "ingress_to_execution_pair_matrix": [
      [
        66314,
        0,
        0,
        0,
        0,
        0,
        0,
        0,
        0
      ],
      [
        0,
        36100,
        0,
        0,
        0,
        0,
        0,
        0,
        0
      ],
      [
        0,
        0,
        42779,
        0,
        0,
        0,
        0,
        0,
        0
      ],
      [
        0,
        0,
        0,
        33465,
        0,
        0,
        0,
        0,
        0
      ],
      [
        0,
        0,
        0,
        0,
        23589,
        0,
        0,
        0,
        0
      ],
      [
        0,
        0,
        0,
        0,
        0,
        16492,
        0,
        0,
        0
      ],
      [
        0,
        0,
        0,
        0,
        0,
        0,
        44535,
        0,
        0
      ],
      [
        0,
        0,
        0,
        0,
        0,
        0,
        0,
        9500,
        0
      ],
      [
        0,
        0,
        0,
        0,
        0,
        0,
        0,
        0,
        30800
      ]
    ],
    "execution_share_per_rsu": [
      0.2184442672956182,
      0.11891663976493376,
      0.1409178651663186,
      0.11023671328901685,
      0.07770428297548539,
      0.054326128061032895,
      0.1467022867571004,
      0.03129385256971941,
      0.10145796412077451
    ],
    "maximum_execution_share": 0.2184442672956182,
    "imbalance_diagnostic": {
      "name": "execution_share_range",
      "definition": "max(per-RSU execution share) - min(per-RSU execution share)",
      "value": 0.18715041472589877
    }
  },
  "extension_schema": "joint_seed_cyclic_v2_records",
  "substep_queue_iterations": 3,
  "k_max": 5,
  "n_rsus": 9,
  "max_vehicle_queue_depth": 10,
  "evaluator_seed": 205,
  "round_robin_pointer_final": null
}
[per-step] wrote /Users/akashx/Downloads/diss_mat/traffictwin-followups-raw-2026-09-15/09_second_actor/block_05_ingress_dla/attempt_001/per_step.npz (T=10800, N=215, R=9; join vehicles on the trace npz pos_x/pos_y/mask for positions)
[per-task] wrote /Users/akashx/Downloads/diss_mat/traffictwin-followups-raw-2026-09-15/09_second_actor/block_05_ingress_dla/attempt_001/per_task.npz ([T,KMAX,N] = [10800,5,215]; filter on task_active)
