[mc] enter-reset=off (mask-only reset — no enter channel in trace) reset_soc_on_enter=False
[mc] substep-queue=sequential (co-batch queueing charged; 3 gate iterations)
[mc] rsu-cap-mode=reject (buffer-full tasks individually failed; enqueued work conserved)
[mc] veh-queue=conserved (helper co-batch pricing + per-task MQD rejection on vehicle queues)
[mc] ABSOLUTE cap override: 6220 tasks/RSU (ratio form would give 408)
[mc] T=25200 maxN=163 RSU_MAX_CONCURRENT=6220 K_MAX=5
[fleet] uk2030: ev_share=0.1902 tier_hist=[63, 53, 47]
{
  "trace": "trace_wd_pm_fullrsu.npz",
  "actor": "mappo_modelc_17dim__envs128__lr3e-3__seed100_actor_params.npz",
  "model": "C",
  "T": 25200,
  "maxN": 163,
  "rsu_max_concurrent": 6220,
  "fleet": "uk2030",
  "fleet_seed": 102,
  "obs_variant": "onehot17",
  "lambda_arrival": 1.5,
  "rsu_service_mult": 1.0,
  "rsu_lb": "dla_p2c",
  "rsu_backhaul_ms": 0.0,
  "k8s_scale": "off",
  "k8s_params": {},
  "k8s_mean_mult": 1.0,
  "k8s_scale_events": 0,
  "k8s_first_scaleup_s": -1.0,
  "rsu_cap_mode": "reject",
  "substep_queue": "sequential",
  "v2i_gate_rejected": 5484.0,
  "v2i_cap_rejected": 0.0,
  "veh_queue_mode": "conserved",
  "local_mqd_rejected": 495.0,
  "v2v_mqd_rejected": 3114.0,
  "v2i_unavailable": 78.0,
  "v2v_unavailable": 2.0,
  "work_ms": {
    "v2i_offered": 12802852.0,
    "v2i_admitted": 12758763.0,
    "v2i_rejected_or_unavailable": 44089.0,
    "veh_offered": 75595072.0,
    "veh_admitted": 75541352.0,
    "veh_rejected": 53720.0
  },
  "enter_reset": false,
  "reset_soc_on_enter": false,
  "engine_version": "v2_post_nrsus_fix",
  "fleet_ev_share": 0.19018404185771942,
  "fleet_tier_hist": [
    63,
    53,
    47
  ],
  "completion": 0.9388240671932419,
  "n_offered": 3915870.0,
  "n_admitted": 3906697.0,
  "completion_admitted": 0.9410284442330695,
  "avg_latency_admitted_ms": 51.43188529850152,
  "avg_latency_met_ms": 40.845000956120984,
  "t1_completion": 0.8137500575326914,
  "t2_completion": 0.9889748785097077,
  "t3_completion": 0.9587134742143472,
  "total_energy_j": 2019823.625,
  "avg_energy_j_per_task": 0.5158045657797629,
  "avg_latency_ms_per_task": 54.77551399816644,
  "p_local": 0.5780365538181809,
  "p_v2i": 0.2035100756664547,
  "p_v2v": 0.2184533705153644,
  "t1_share": 0.1997420751965719,
  "t2_share": 0.29958578808796,
  "t3_share": 0.5006721367154681,
  "total_tasks": 3915870.0,
  "wall_s": 557.4,
  "v2i_path_metrics": {
    "schema_version": "e2_native_v2i_path_v1",
    "v2i_attempts": 796919,
    "v2i_admitted_tasks": 791357,
    "ingress_count_per_rsu": [
      222778,
      42851,
      156957,
      57955,
      61035,
      70439,
      92287,
      20880,
      10067,
      61670
    ],
    "selected_target_count_per_rsu": [
      79529,
      79975,
      79804,
      79596,
      79629,
      79730,
      79653,
      79629,
      79721,
      79653
    ],
    "actual_execution_count_per_rsu": [
      78954,
      79446,
      79253,
      79044,
      79083,
      79204,
      79062,
      79052,
      79166,
      79093
    ],
    "forwarded_admitted_task_count": 711767,
    "forwarded_share_of_admitted_v2i": 0.8994259228135975,
    "total_forwarding_latency_ms": 0.0,
    "mean_forwarding_latency_ms_per_admitted_v2i": 0.0,
    "mean_forwarding_latency_ms_per_forwarded_v2i": 0.0,
    "ingress_to_execution_pair_matrix": [
      [
        22304,
        22149,
        21948,
        21925,
        22135,
        22187,
        21881,
        22194,
        22161,
        22253
      ],
      [
        4276,
        4242,
        4251,
        4160,
        4324,
        4136,
        4366,
        4261,
        4368,
        4180
      ],
      [
        15459,
        15623,
        15896,
        15592,
        15587,
        15602,
        15673,
        15462,
        15517,
        15422
      ],
      [
        5868,
        5811,
        5623,
        5701,
        5642,
        5782,
        5730,
        5797,
        5764,
        5854
      ],
      [
        5990,
        5979,
        6082,
        6062,
        6128,
        6052,
        6168,
        6108,
        6092,
        5916
      ],
      [
        6893,
        7152,
        6986,
        7072,
        7144,
        7025,
        6854,
        6925,
        6986,
        6960
      ],
      [
        9082,
        9235,
        9174,
        9322,
        9003,
        9226,
        9094,
        9151,
        9089,
        9316
      ],
      [
        2009,
        2063,
        2071,
        2094,
        2096,
        2126,
        2107,
        2057,
        2098,
        2032
      ],
      [
        1024,
        1026,
        990,
        969,
        989,
        983,
        1023,
        994,
        994,
        1011
      ],
      [
        6049,
        6166,
        6232,
        6147,
        6035,
        6085,
        6166,
        6103,
        6097,
        6149
      ]
    ],
    "execution_share_per_rsu": [
      0.0997703943984826,
      0.10039211127215657,
      0.10014822640097959,
      0.09988412309488638,
      0.09993340552999468,
      0.10008630744404864,
      0.09990686883416713,
      0.0998942323123445,
      0.1000382886611226,
      0.09994604205181733
    ],
    "maximum_execution_share": 0.10039211127215657,
    "imbalance_diagnostic": {
      "name": "execution_share_range",
      "definition": "max(per-RSU execution share) - min(per-RSU execution share)",
      "value": 0.0006217168736739609
    }
  },
  "extension_schema": "joint_seed_cyclic_v2_records",
  "substep_queue_iterations": 3,
  "k_max": 5,
  "n_rsus": 10,
  "max_vehicle_queue_depth": 10,
  "evaluator_seed": 202,
  "round_robin_pointer_final": null
}
[per-step] wrote /Users/akashx/Downloads/diss_mat/traffictwin-traces-raw-2026-09-16/wd_pm/wd_pm/block_02_dla_p2c/attempt_001/per_step.npz (T=25200, N=163, R=10; join vehicles on the trace npz pos_x/pos_y/mask for positions)
[per-task] wrote /Users/akashx/Downloads/diss_mat/traffictwin-traces-raw-2026-09-16/wd_pm/wd_pm/block_02_dla_p2c/attempt_001/per_task.npz ([T,KMAX,N] = [25200,5,163]; filter on task_active)
