[mc] enter-reset=ON reset_soc_on_enter=False
[mc] substep-queue=sequential (co-batch queueing charged; 3 gate iterations)
[mc] rsu-cap-mode=reject (buffer-full tasks individually failed; enqueued work conserved)
[mc] veh-queue=conserved (helper co-batch pricing + per-task MQD rejection on vehicle queues)
[mc] ABSOLUTE cap override: 6220 tasks/RSU (ratio form would give 348)
[mc] T=32400 maxN=139 RSU_MAX_CONCURRENT=6220 K_MAX=5
[fleet] uk2030: ev_share=0.2518 tier_hist=[60, 49, 30]
{
  "trace": "trace_we_wdrsu.npz",
  "actor": "mappo_modelc_17dim__envs128__lr3e-3__seed100_actor_params.npz",
  "model": "C",
  "T": 32400,
  "maxN": 139,
  "rsu_max_concurrent": 6220,
  "fleet": "uk2030",
  "fleet_seed": 107,
  "obs_variant": "onehot17",
  "lambda_arrival": 1.5,
  "rsu_service_mult": 1.0,
  "rsu_lb": "causal_round_robin",
  "rsu_backhaul_ms": 0.0,
  "k8s_scale": "off",
  "k8s_params": {},
  "k8s_mean_mult": 1.0,
  "k8s_scale_events": 0,
  "k8s_first_scaleup_s": -1.0,
  "rsu_cap_mode": "reject",
  "substep_queue": "sequential",
  "v2i_gate_rejected": 21121.0,
  "v2i_cap_rejected": 0.0,
  "veh_queue_mode": "conserved",
  "local_mqd_rejected": 309.0,
  "v2v_mqd_rejected": 1957.0,
  "v2i_unavailable": 173.0,
  "v2v_unavailable": 10.0,
  "work_ms": {
    "v2i_offered": 18985208.0,
    "v2i_admitted": 18815986.0,
    "v2i_rejected_or_unavailable": 169222.0,
    "veh_offered": 80358312.0,
    "veh_admitted": 80315664.0,
    "veh_rejected": 42648.0
  },
  "enter_reset": true,
  "reset_soc_on_enter": false,
  "engine_version": "v3_enter_reset",
  "fleet_ev_share": 0.2517985701560974,
  "fleet_tier_hist": [
    60,
    49,
    30
  ],
  "completion": 0.922326064982506,
  "n_offered": 4151148.0,
  "n_admitted": 4127578.0,
  "completion_admitted": 0.9275928886140976,
  "avg_latency_admitted_ms": 56.783770046259576,
  "avg_latency_met_ms": 44.66536840587644,
  "t1_completion": 0.7591641773779385,
  "t2_completion": 0.9888818741295139,
  "t3_completion": 0.9476333704994304,
  "total_energy_j": 1752751.625,
  "avg_energy_j_per_task": 0.42223298832033934,
  "avg_latency_ms_per_task": 62.80996003996967,
  "p_local": 0.5170694949927105,
  "p_v2i": 0.2846687229653098,
  "p_v2v": 0.19826178204197972,
  "t1_share": 0.19991795040793534,
  "t2_share": 0.29991558961521003,
  "t3_share": 0.5001664599768546,
  "total_tasks": 4151148.0,
  "wall_s": 654.2,
  "v2i_path_metrics": {
    "schema_version": "e2_native_v2i_path_v1",
    "v2i_attempts": 1181702,
    "v2i_admitted_tasks": 1160408,
    "ingress_count_per_rsu": [
      345345,
      153346,
      132130,
      112262,
      60297,
      48174,
      203785,
      25265,
      101098
    ],
    "selected_target_count_per_rsu": [
      131304,
      131309,
      131297,
      131299,
      131300,
      131293,
      131293,
      131297,
      131310
    ],
    "actual_execution_count_per_rsu": [
      129008,
      128906,
      128939,
      129009,
      128911,
      128886,
      128879,
      128920,
      128950
    ],
    "forwarded_admitted_task_count": 1030557,
    "forwarded_share_of_admitted_v2i": 0.8880988410972692,
    "total_forwarding_latency_ms": 0.0,
    "mean_forwarding_latency_ms_per_admitted_v2i": 0.0,
    "mean_forwarding_latency_ms_per_forwarded_v2i": 0.0,
    "ingress_to_execution_pair_matrix": [
      [
        38137,
        37537,
        37688,
        37534,
        37478,
        37587,
        37596,
        37588,
        37716
      ],
      [
        16474,
        16879,
        16659,
        16690,
        16841,
        16757,
        16700,
        16751,
        16841
      ],
      [
        14336,
        14399,
        14378,
        14364,
        14523,
        14419,
        14459,
        14534,
        14333
      ],
      [
        12218,
        12127,
        12208,
        12355,
        12291,
        12124,
        12356,
        12273,
        12425
      ],
      [
        6641,
        6558,
        6699,
        6669,
        6531,
        6558,
        6585,
        6503,
        6498
      ],
      [
        5142,
        5205,
        5295,
        5242,
        5256,
        5340,
        5154,
        5421,
        5267
      ],
      [
        22251,
        22252,
        22207,
        22200,
        22358,
        22239,
        22498,
        22116,
        22112
      ],
      [
        2723,
        2763,
        2765,
        2792,
        2760,
        2785,
        2722,
        2730,
        2755
      ],
      [
        11086,
        11186,
        11040,
        11163,
        10873,
        11077,
        10809,
        11004,
        11003
      ]
    ],
    "execution_share_per_rsu": [
      0.11117469028134933,
      0.11108679016345975,
      0.11111522843689461,
      0.11117555204721098,
      0.11109109899276806,
      0.1110695548462265,
      0.11106352248519487,
      0.11109885488552303,
      0.11112470786137289
    ],
    "maximum_execution_share": 0.11117555204721098,
    "imbalance_diagnostic": {
      "name": "execution_share_range",
      "definition": "max(per-RSU execution share) - min(per-RSU execution share)",
      "value": 0.0001120295620161138
    }
  },
  "extension_schema": "joint_seed_cyclic_v2_records",
  "substep_queue_iterations": 3,
  "k_max": 5,
  "n_rsus": 9,
  "max_vehicle_queue_depth": 10,
  "evaluator_seed": 207,
  "round_robin_pointer_final": 0
}
[per-step] wrote /Users/akashx/Downloads/diss_mat/traffictwin-traces-raw-2026-09-16/we/we/block_07_causal_round_robin/attempt_001/per_step.npz (T=32400, N=139, R=9; join vehicles on the trace npz pos_x/pos_y/mask for positions)
[per-task] wrote /Users/akashx/Downloads/diss_mat/traffictwin-traces-raw-2026-09-16/we/we/block_07_causal_round_robin/attempt_001/per_task.npz ([T,KMAX,N] = [32400,5,139]; filter on task_active)
