[mc] enter-reset=off (mask-only reset — no enter channel in trace) reset_soc_on_enter=False
[mc] substep-queue=sequential (co-batch queueing charged; 3 gate iterations)
[mc] rsu-cap-mode=reject (buffer-full tasks individually failed; enqueued work conserved)
[mc] veh-queue=conserved (helper co-batch pricing + per-task MQD rejection on vehicle queues)
[mc] ABSOLUTE cap override: 6220 tasks/RSU (ratio form would give 438)
[mc] T=23400 maxN=175 RSU_MAX_CONCURRENT=6220 K_MAX=5
[fleet] uk2030: ev_share=0.2229 tier_hist=[63, 70, 42]
{
  "trace": "trace_ev_fullrsu.npz",
  "actor": "mappo_modelc_17dim__envs128__lr3e-3__seed100_actor_params.npz",
  "model": "C",
  "T": 23400,
  "maxN": 175,
  "rsu_max_concurrent": 6220,
  "fleet": "uk2030",
  "fleet_seed": 107,
  "obs_variant": "onehot17",
  "lambda_arrival": 1.5,
  "rsu_service_mult": 1.0,
  "rsu_lb": "ingress_dla",
  "rsu_backhaul_ms": 0.0,
  "k8s_scale": "off",
  "k8s_params": {},
  "k8s_mean_mult": 1.0,
  "k8s_scale_events": 0,
  "k8s_first_scaleup_s": -1.0,
  "rsu_cap_mode": "reject",
  "substep_queue": "sequential",
  "v2i_gate_rejected": 56030.0,
  "v2i_cap_rejected": 0.0,
  "veh_queue_mode": "conserved",
  "local_mqd_rejected": 166.0,
  "v2v_mqd_rejected": 906.0,
  "v2i_unavailable": 39.0,
  "v2v_unavailable": 2.0,
  "work_ms": {
    "v2i_offered": 9120324.0,
    "v2i_admitted": 8677409.0,
    "v2i_rejected_or_unavailable": 442915.0,
    "veh_offered": 55215452.0,
    "veh_admitted": 55196732.0,
    "veh_rejected": 18720.0
  },
  "enter_reset": false,
  "reset_soc_on_enter": false,
  "engine_version": "v2_post_nrsus_fix",
  "fleet_ev_share": 0.22285714745521545,
  "fleet_tier_hist": [
    63,
    70,
    42
  ],
  "completion": 0.9221118225184384,
  "n_offered": 2837568.0,
  "n_admitted": 2780425.0,
  "completion_admitted": 0.9410629669924562,
  "avg_latency_admitted_ms": 52.60091101180575,
  "avg_latency_met_ms": 43.17523766937825,
  "t1_completion": 0.7914361796680988,
  "t2_completion": 0.9919366787630204,
  "t3_completion": 0.9325902241941997,
  "total_energy_j": 1368248.125,
  "avg_energy_j_per_task": 0.4821904268021066,
  "avg_latency_ms_per_task": 72.1476588402463,
  "p_local": 0.6111539882039831,
  "p_v2i": 0.20005582245077475,
  "p_v2v": 0.1887901893452421,
  "t1_share": 0.2002352014119133,
  "t2_share": 0.2996911439655367,
  "t3_share": 0.50007365462255,
  "total_tasks": 2837568.0,
  "wall_s": 720.9,
  "v2i_path_metrics": {
    "schema_version": "e2_native_v2i_path_v1",
    "v2i_attempts": 567672,
    "v2i_admitted_tasks": 511603,
    "ingress_count_per_rsu": [
      149844,
      29144,
      103724,
      38930,
      30443,
      51764,
      41585,
      44816,
      15199,
      42752,
      4412,
      15059
    ],
    "selected_target_count_per_rsu": [
      149844,
      29144,
      103724,
      38930,
      30443,
      51764,
      41585,
      44816,
      15199,
      42752,
      4412,
      15059
    ],
    "actual_execution_count_per_rsu": [
      119859,
      28370,
      89725,
      37484,
      29583,
      49061,
      39822,
      42703,
      15030,
      40688,
      4396,
      14882
    ],
    "forwarded_admitted_task_count": 0,
    "forwarded_share_of_admitted_v2i": 0.0,
    "total_forwarding_latency_ms": 0.0,
    "mean_forwarding_latency_ms_per_admitted_v2i": 0.0,
    "mean_forwarding_latency_ms_per_forwarded_v2i": 0.0,
    "ingress_to_execution_pair_matrix": [
      [
        119859,
        0,
        0,
        0,
        0,
        0,
        0,
        0,
        0,
        0,
        0,
        0
      ],
      [
        0,
        28370,
        0,
        0,
        0,
        0,
        0,
        0,
        0,
        0,
        0,
        0
      ],
      [
        0,
        0,
        89725,
        0,
        0,
        0,
        0,
        0,
        0,
        0,
        0,
        0
      ],
      [
        0,
        0,
        0,
        37484,
        0,
        0,
        0,
        0,
        0,
        0,
        0,
        0
      ],
      [
        0,
        0,
        0,
        0,
        29583,
        0,
        0,
        0,
        0,
        0,
        0,
        0
      ],
      [
        0,
        0,
        0,
        0,
        0,
        49061,
        0,
        0,
        0,
        0,
        0,
        0
      ],
      [
        0,
        0,
        0,
        0,
        0,
        0,
        39822,
        0,
        0,
        0,
        0,
        0
      ],
      [
        0,
        0,
        0,
        0,
        0,
        0,
        0,
        42703,
        0,
        0,
        0,
        0
      ],
      [
        0,
        0,
        0,
        0,
        0,
        0,
        0,
        0,
        15030,
        0,
        0,
        0
      ],
      [
        0,
        0,
        0,
        0,
        0,
        0,
        0,
        0,
        0,
        40688,
        0,
        0
      ],
      [
        0,
        0,
        0,
        0,
        0,
        0,
        0,
        0,
        0,
        0,
        4396,
        0
      ],
      [
        0,
        0,
        0,
        0,
        0,
        0,
        0,
        0,
        0,
        0,
        0,
        14882
      ]
    ],
    "execution_share_per_rsu": [
      0.23428126887449838,
      0.055453154105820336,
      0.17538012873263056,
      0.07326774862539899,
      0.05782413316575548,
      0.09589662296741809,
      0.07783769837158891,
      0.08346901796901113,
      0.029378248368363752,
      0.07953041713985258,
      0.008592600121578645,
      0.02908896155808312
    ],
    "maximum_execution_share": 0.23428126887449838,
    "imbalance_diagnostic": {
      "name": "execution_share_range",
      "definition": "max(per-RSU execution share) - min(per-RSU execution share)",
      "value": 0.22568866875291974
    }
  },
  "extension_schema": "joint_seed_cyclic_v2_records",
  "substep_queue_iterations": 3,
  "k_max": 5,
  "n_rsus": 12,
  "max_vehicle_queue_depth": 10,
  "evaluator_seed": 207,
  "round_robin_pointer_final": null
}
[per-step] wrote /Users/akashx/Downloads/diss_mat/traffictwin-traces-raw-2026-09-16/ev/ev/block_07_ingress_dla/attempt_001/per_step.npz (T=23400, N=175, R=12; join vehicles on the trace npz pos_x/pos_y/mask for positions)
[per-task] wrote /Users/akashx/Downloads/diss_mat/traffictwin-traces-raw-2026-09-16/ev/ev/block_07_ingress_dla/attempt_001/per_task.npz ([T,KMAX,N] = [23400,5,175]; filter on task_active)
