[mc] enter-reset=off (mask-only reset — no enter channel in trace) reset_soc_on_enter=False
[mc] substep-queue=sequential (co-batch queueing charged; 3 gate iterations)
[mc] rsu-cap-mode=reject (buffer-full tasks individually failed; enqueued work conserved)
[mc] veh-queue=conserved (helper co-batch pricing + per-task MQD rejection on vehicle queues)
[mc] ABSOLUTE cap override: 6220 tasks/RSU (ratio form would give 408)
[mc] T=25200 maxN=163 RSU_MAX_CONCURRENT=6220 K_MAX=5
[fleet] uk2030: ev_share=0.2209 tier_hist=[61, 58, 44]
{
  "trace": "trace_wd_pm_fullrsu.npz",
  "actor": "mappo_modelc_17dim__envs128__lr3e-3__seed100_actor_params.npz",
  "model": "C",
  "T": 25200,
  "maxN": 163,
  "rsu_max_concurrent": 6220,
  "fleet": "uk2030",
  "fleet_seed": 103,
  "obs_variant": "onehot17",
  "lambda_arrival": 1.5,
  "rsu_service_mult": 1.0,
  "rsu_lb": "dla",
  "rsu_backhaul_ms": 0.0,
  "k8s_scale": "off",
  "k8s_params": {},
  "k8s_mean_mult": 1.0,
  "k8s_scale_events": 0,
  "k8s_first_scaleup_s": -1.0,
  "rsu_cap_mode": "reject",
  "substep_queue": "sequential",
  "v2i_gate_rejected": 235987.0,
  "v2i_cap_rejected": 0.0,
  "veh_queue_mode": "conserved",
  "local_mqd_rejected": 500.0,
  "v2v_mqd_rejected": 3591.0,
  "v2i_unavailable": 99.0,
  "v2v_unavailable": 10.0,
  "work_ms": {
    "v2i_offered": 13165186.0,
    "v2i_admitted": 11322157.0,
    "v2i_rejected_or_unavailable": 1843029.0,
    "veh_offered": 76874104.0,
    "veh_admitted": 76812768.0,
    "veh_rejected": 61336.0
  },
  "enter_reset": false,
  "reset_soc_on_enter": false,
  "engine_version": "v2_post_nrsus_fix",
  "fleet_ev_share": 0.2208588868379593,
  "fleet_tier_hist": [
    61,
    58,
    44
  ],
  "completion": 0.8753391305946812,
  "n_offered": 3915527.0,
  "n_admitted": 3675340.0,
  "completion_admitted": 0.9325433837413681,
  "avg_latency_admitted_ms": 59.22757840090985,
  "avg_latency_met_ms": 47.953149517391246,
  "t1_completion": 0.7190981920869272,
  "t2_completion": 0.9890555589129781,
  "t3_completion": 0.8695014468130293,
  "total_energy_j": 1943300.625,
  "avg_energy_j_per_task": 0.4963062762688139,
  "avg_latency_ms_per_task": 118.2051989425689,
  "p_local": 0.5712653750057144,
  "p_v2i": 0.20917363103357478,
  "p_v2v": 0.21956099396071077,
  "t1_share": 0.1996911271458478,
  "t2_share": 0.3000472222513087,
  "t3_share": 0.5002616506028436,
  "total_tasks": 3915527.0,
  "wall_s": 621.7,
  "v2i_path_metrics": {
    "schema_version": "e2_native_v2i_path_v1",
    "v2i_attempts": 819025,
    "v2i_admitted_tasks": 582939,
    "ingress_count_per_rsu": [
      221415,
      46474,
      156562,
      62428,
      67938,
      72495,
      94596,
      22951,
      10952,
      63214
    ],
    "selected_target_count_per_rsu": [
      425781,
      242516,
      104505,
      36090,
      10133,
      0,
      0,
      0,
      0,
      0
    ],
    "actual_execution_count_per_rsu": [
      251535,
      185538,
      99737,
      35996,
      10133,
      0,
      0,
      0,
      0,
      0
    ],
    "forwarded_admitted_task_count": 482063,
    "forwarded_share_of_admitted_v2i": 0.8269527343341242,
    "total_forwarding_latency_ms": 0.0,
    "mean_forwarding_latency_ms_per_admitted_v2i": 0.0,
    "mean_forwarding_latency_ms_per_forwarded_v2i": 0.0,
    "ingress_to_execution_pair_matrix": [
      [
        67434,
        49716,
        26961,
        9666,
        2718,
        0,
        0,
        0,
        0,
        0
      ],
      [
        14514,
        10711,
        5596,
        1987,
        586,
        0,
        0,
        0,
        0,
        0
      ],
      [
        47326,
        35356,
        19073,
        6846,
        1909,
        0,
        0,
        0,
        0,
        0
      ],
      [
        19892,
        14398,
        7735,
        2805,
        818,
        0,
        0,
        0,
        0,
        0
      ],
      [
        21028,
        15427,
        8408,
        3069,
        853,
        0,
        0,
        0,
        0,
        0
      ],
      [
        22069,
        16287,
        8743,
        3230,
        922,
        0,
        0,
        0,
        0,
        0
      ],
      [
        28937,
        21286,
        11408,
        4101,
        1100,
        0,
        0,
        0,
        0,
        0
      ],
      [
        7255,
        5378,
        2792,
        1060,
        300,
        0,
        0,
        0,
        0,
        0
      ],
      [
        3404,
        2507,
        1345,
        510,
        159,
        0,
        0,
        0,
        0,
        0
      ],
      [
        19676,
        14472,
        7676,
        2722,
        768,
        0,
        0,
        0,
        0,
        0
      ]
    ],
    "execution_share_per_rsu": [
      0.43149454745693805,
      0.3182803003401728,
      0.17109337340613684,
      0.06174917101103203,
      0.01738260778572029,
      0.0,
      0.0,
      0.0,
      0.0,
      0.0
    ],
    "maximum_execution_share": 0.43149454745693805,
    "imbalance_diagnostic": {
      "name": "execution_share_range",
      "definition": "max(per-RSU execution share) - min(per-RSU execution share)",
      "value": 0.43149454745693805
    }
  },
  "extension_schema": "joint_seed_cyclic_v2_records",
  "substep_queue_iterations": 3,
  "k_max": 5,
  "n_rsus": 10,
  "max_vehicle_queue_depth": 10,
  "evaluator_seed": 203,
  "round_robin_pointer_final": null
}
[per-step] wrote /Users/akashx/Downloads/diss_mat/traffictwin-traces-raw-2026-09-16/wd_pm/wd_pm/block_03_dla/attempt_001/per_step.npz (T=25200, N=163, R=10; join vehicles on the trace npz pos_x/pos_y/mask for positions)
[per-task] wrote /Users/akashx/Downloads/diss_mat/traffictwin-traces-raw-2026-09-16/wd_pm/wd_pm/block_03_dla/attempt_001/per_task.npz ([T,KMAX,N] = [25200,5,163]; filter on task_active)
