[mc] enter-reset=ON reset_soc_on_enter=False
[mc] substep-queue=sequential (co-batch queueing charged; 3 gate iterations)
[mc] rsu-cap-mode=reject (buffer-full tasks individually failed; enqueued work conserved)
[mc] veh-queue=conserved (helper co-batch pricing + per-task MQD rejection on vehicle queues)
[mc] ABSOLUTE cap override: 6220 tasks/RSU (ratio form would give 348)
[mc] T=32400 maxN=139 RSU_MAX_CONCURRENT=6220 K_MAX=5
[fleet] uk2030: ev_share=0.1871 tier_hist=[52, 56, 31]
{
  "trace": "trace_we_wdrsu.npz",
  "actor": "mappo_modelc_17dim__envs128__lr3e-3__seed100_actor_params.npz",
  "model": "C",
  "T": 32400,
  "maxN": 139,
  "rsu_max_concurrent": 6220,
  "fleet": "uk2030",
  "fleet_seed": 104,
  "obs_variant": "onehot17",
  "lambda_arrival": 1.5,
  "rsu_service_mult": 1.0,
  "rsu_lb": "dla_p2c",
  "rsu_backhaul_ms": 0.0,
  "k8s_scale": "off",
  "k8s_params": {},
  "k8s_mean_mult": 1.0,
  "k8s_scale_events": 0,
  "k8s_first_scaleup_s": -1.0,
  "rsu_cap_mode": "reject",
  "substep_queue": "sequential",
  "v2i_gate_rejected": 5964.0,
  "v2i_cap_rejected": 0.0,
  "veh_queue_mode": "conserved",
  "local_mqd_rejected": 471.0,
  "v2v_mqd_rejected": 3017.0,
  "v2i_unavailable": 127.0,
  "v2v_unavailable": 6.0,
  "work_ms": {
    "v2i_offered": 14070751.0,
    "v2i_admitted": 14022140.0,
    "v2i_rejected_or_unavailable": 48611.0,
    "veh_offered": 83330632.0,
    "veh_admitted": 83276416.0,
    "veh_rejected": 54216.0
  },
  "enter_reset": true,
  "reset_soc_on_enter": false,
  "engine_version": "v3_enter_reset",
  "fleet_ev_share": 0.18705035746097565,
  "fleet_tier_hist": [
    52,
    56,
    31
  ],
  "completion": 0.9347640927722831,
  "n_offered": 4146842.0,
  "n_admitted": 4137257.0,
  "completion_admitted": 0.9369297097086307,
  "avg_latency_admitted_ms": 53.103688748366366,
  "avg_latency_met_ms": 42.713240060996014,
  "t1_completion": 0.8044544374477356,
  "t2_completion": 0.9903469711966465,
  "t3_completion": 0.9535478139537129,
  "total_energy_j": 1913548.25,
  "avg_energy_j_per_task": 0.4614471084261228,
  "avg_latency_ms_per_task": 56.317701036113746,
  "p_local": 0.5832807230176602,
  "p_v2i": 0.21102660771739074,
  "p_v2v": 0.20569266926494909,
  "t1_share": 0.20013156999953216,
  "t2_share": 0.3004028125498874,
  "t3_share": 0.4994656174505805,
  "total_tasks": 4146842.0,
  "wall_s": 609.2,
  "v2i_path_metrics": {
    "schema_version": "e2_native_v2i_path_v1",
    "v2i_attempts": 875094,
    "v2i_admitted_tasks": 869003,
    "ingress_count_per_rsu": [
      249151,
      102202,
      107599,
      86247,
      52040,
      36654,
      142541,
      19738,
      78922
    ],
    "selected_target_count_per_rsu": [
      96959,
      97470,
      97005,
      97367,
      97098,
      96753,
      97543,
      97338,
      97561
    ],
    "actual_execution_count_per_rsu": [
      96291,
      96830,
      96304,
      96665,
      96440,
      96062,
      96880,
      96670,
      96861
    ],
    "forwarded_admitted_task_count": 772451,
    "forwarded_share_of_admitted_v2i": 0.8888933640044971,
    "total_forwarding_latency_ms": 0.0,
    "mean_forwarding_latency_ms_per_admitted_v2i": 0.0,
    "mean_forwarding_latency_ms_per_forwarded_v2i": 0.0,
    "ingress_to_execution_pair_matrix": [
      [
        27511,
        27545,
        27184,
        27495,
        27639,
        27557,
        27544,
        27372,
        27479
      ],
      [
        11243,
        11324,
        11255,
        11331,
        11311,
        11111,
        11374,
        11272,
        11269
      ],
      [
        11800,
        11999,
        11744,
        11893,
        11813,
        11671,
        11896,
        12170,
        11891
      ],
      [
        9474,
        9598,
        9539,
        9466,
        9461,
        9408,
        9547,
        9641,
        9493
      ],
      [
        5717,
        5696,
        5847,
        5808,
        5682,
        5698,
        5736,
        5794,
        5717
      ],
      [
        3962,
        4060,
        4079,
        4093,
        3969,
        4023,
        4065,
        3973,
        4182
      ],
      [
        15741,
        15632,
        15740,
        15685,
        15816,
        15623,
        15801,
        15673,
        15885
      ],
      [
        2183,
        2170,
        2193,
        2225,
        2226,
        2194,
        2134,
        2167,
        2111
      ],
      [
        8660,
        8806,
        8723,
        8669,
        8523,
        8777,
        8783,
        8608,
        8834
      ]
    ],
    "execution_share_per_rsu": [
      0.11080629180796844,
      0.11142654283126756,
      0.11082125148014449,
      0.11123667006903314,
      0.1109777526659862,
      0.11054277142886733,
      0.11148408003194465,
      0.11124242378910085,
      0.11146221589568736
    ],
    "maximum_execution_share": 0.11148408003194465,
    "imbalance_diagnostic": {
      "name": "execution_share_range",
      "definition": "max(per-RSU execution share) - min(per-RSU execution share)",
      "value": 0.000941308603077326
    }
  },
  "extension_schema": "joint_seed_cyclic_v2_records",
  "substep_queue_iterations": 3,
  "k_max": 5,
  "n_rsus": 9,
  "max_vehicle_queue_depth": 10,
  "evaluator_seed": 204,
  "round_robin_pointer_final": null
}
[per-step] wrote /Users/akashx/Downloads/diss_mat/traffictwin-traces-raw-2026-09-16/we/we/block_04_dla_p2c/attempt_001/per_step.npz (T=32400, N=139, R=9; join vehicles on the trace npz pos_x/pos_y/mask for positions)
[per-task] wrote /Users/akashx/Downloads/diss_mat/traffictwin-traces-raw-2026-09-16/we/we/block_04_dla_p2c/attempt_001/per_task.npz ([T,KMAX,N] = [32400,5,139]; filter on task_active)
