[mc] enter-reset=ON reset_soc_on_enter=False
[mc] substep-queue=sequential (co-batch queueing charged; 3 gate iterations)
[mc] rsu-cap-mode=reject (buffer-full tasks individually failed; enqueued work conserved)
[mc] veh-queue=conserved (helper co-batch pricing + per-task MQD rejection on vehicle queues)
[mc] ABSOLUTE cap override: 6220 tasks/RSU (ratio form would give 538)
[mc] T=10800 maxN=215 RSU_MAX_CONCURRENT=6220 K_MAX=5
[fleet] uk2030: ev_share=0.2093 tier_hist=[87, 79, 49]
{
  "trace": "trace_wd_am_wdrsu.npz",
  "actor": "mappo_modelc_17dim_ukfleet2030__envs128__lr3e-3__seed100_actor_params.npz",
  "model": "C",
  "T": 10800,
  "maxN": 215,
  "rsu_max_concurrent": 6220,
  "fleet": "uk2030",
  "fleet_seed": 104,
  "obs_variant": "onehot17",
  "lambda_arrival": 1.5,
  "rsu_service_mult": 1.0,
  "rsu_lb": "dla",
  "rsu_backhaul_ms": 0.0,
  "k8s_scale": "off",
  "k8s_params": {},
  "k8s_mean_mult": 1.0,
  "k8s_scale_events": 0,
  "k8s_first_scaleup_s": -1.0,
  "rsu_cap_mode": "reject",
  "substep_queue": "sequential",
  "v2i_gate_rejected": 103823.0,
  "v2i_cap_rejected": 0.0,
  "veh_queue_mode": "conserved",
  "local_mqd_rejected": 146.0,
  "v2v_mqd_rejected": 1037.0,
  "v2i_unavailable": 50.0,
  "v2v_unavailable": 0.0,
  "work_ms": {
    "v2i_offered": 5734215.5,
    "v2i_admitted": 4918792.5,
    "v2i_rejected_or_unavailable": 815423.0,
    "veh_offered": 35260500.0,
    "veh_admitted": 35234424.0,
    "veh_rejected": 26076.0
  },
  "enter_reset": true,
  "reset_soc_on_enter": false,
  "engine_version": "v3_enter_reset",
  "fleet_ev_share": 0.20930232107639313,
  "fleet_tier_hist": [
    87,
    79,
    49
  ],
  "completion": 0.8760132011535523,
  "n_offered": 1743484.0,
  "n_admitted": 1638428.0,
  "completion_admitted": 0.9321831658150374,
  "avg_latency_admitted_ms": 59.39195375079039,
  "avg_latency_met_ms": 48.7207681454055,
  "t1_completion": 0.7255138155139876,
  "t2_completion": 0.9908073617567899,
  "t3_completion": 0.8673185863652112,
  "total_energy_j": 798916.625,
  "avg_energy_j_per_task": 0.45822997228537804,
  "avg_latency_ms_per_task": 117.06986700193406,
  "p_local": 0.6140744623982783,
  "p_v2i": 0.20446588554870593,
  "p_v2v": 0.18145965205301567,
  "t1_share": 0.19998233422274023,
  "t2_share": 0.30005207962906455,
  "t3_share": 0.4999655861481952,
  "total_tasks": 1743484.0,
  "wall_s": 167.8,
  "v2i_path_metrics": {
    "schema_version": "e2_native_v2i_path_v1",
    "v2i_attempts": 356483,
    "v2i_admitted_tasks": 252610,
    "ingress_count_per_rsu": [
      91011,
      43969,
      47098,
      37173,
      23333,
      16981,
      53389,
      9933,
      33596
    ],
    "selected_target_count_per_rsu": [
      185319,
      105246,
      45647,
      15789,
      4482,
      0,
      0,
      0,
      0
    ],
    "actual_execution_count_per_rsu": [
      108708,
      80447,
      43253,
      15721,
      4481,
      0,
      0,
      0,
      0
    ],
    "forwarded_admitted_task_count": 207181,
    "forwarded_share_of_admitted_v2i": 0.82016151379597,
    "total_forwarding_latency_ms": 0.0,
    "mean_forwarding_latency_ms_per_admitted_v2i": 0.0,
    "mean_forwarding_latency_ms_per_forwarded_v2i": 0.0,
    "ingress_to_execution_pair_matrix": [
      [
        27929,
        20663,
        11000,
        3987,
        1149,
        0,
        0,
        0,
        0
      ],
      [
        13169,
        9803,
        5316,
        2003,
        603,
        0,
        0,
        0,
        0
      ],
      [
        14382,
        10559,
        5784,
        2132,
        613,
        0,
        0,
        0,
        0
      ],
      [
        11536,
        8477,
        4521,
        1644,
        451,
        0,
        0,
        0,
        0
      ],
      [
        7121,
        5283,
        2839,
        969,
        269,
        0,
        0,
        0,
        0
      ],
      [
        5209,
        3866,
        2059,
        748,
        194,
        0,
        0,
        0,
        0
      ],
      [
        16257,
        12050,
        6440,
        2354,
        655,
        0,
        0,
        0,
        0
      ],
      [
        3040,
        2242,
        1217,
        419,
        123,
        0,
        0,
        0,
        0
      ],
      [
        10065,
        7504,
        4077,
        1465,
        424,
        0,
        0,
        0,
        0
      ]
    ],
    "execution_share_per_rsu": [
      0.43033925814496654,
      0.3184632437354024,
      0.17122441708562605,
      0.062234274177586,
      0.017738806856418987,
      0.0,
      0.0,
      0.0,
      0.0
    ],
    "maximum_execution_share": 0.43033925814496654,
    "imbalance_diagnostic": {
      "name": "execution_share_range",
      "definition": "max(per-RSU execution share) - min(per-RSU execution share)",
      "value": 0.43033925814496654
    }
  },
  "extension_schema": "joint_seed_cyclic_v2_records",
  "substep_queue_iterations": 3,
  "k_max": 5,
  "n_rsus": 9,
  "max_vehicle_queue_depth": 10,
  "evaluator_seed": 204,
  "round_robin_pointer_final": null
}
[per-step] wrote /Users/akashx/Downloads/diss_mat/traffictwin-followups-raw-2026-09-15/09_second_actor/block_04_dla/attempt_001/per_step.npz (T=10800, N=215, R=9; join vehicles on the trace npz pos_x/pos_y/mask for positions)
[per-task] wrote /Users/akashx/Downloads/diss_mat/traffictwin-followups-raw-2026-09-15/09_second_actor/block_04_dla/attempt_001/per_task.npz ([T,KMAX,N] = [10800,5,215]; filter on task_active)
