[mc] enter-reset=ON reset_soc_on_enter=False
[mc] substep-queue=sequential (co-batch queueing charged; 3 gate iterations)
[mc] rsu-cap-mode=reject (buffer-full tasks individually failed; enqueued work conserved)
[mc] veh-queue=conserved (helper co-batch pricing + per-task MQD rejection on vehicle queues)
[mc] ABSOLUTE cap override: 6220 tasks/RSU (ratio form would give 348)
[mc] T=32400 maxN=139 RSU_MAX_CONCURRENT=6220 K_MAX=5
[fleet] uk2030: ev_share=0.2158 tier_hist=[62, 48, 29]
{
  "trace": "trace_we_wdrsu.npz",
  "actor": "mappo_modelc_17dim__envs128__lr3e-3__seed100_actor_params.npz",
  "model": "C",
  "T": 32400,
  "maxN": 139,
  "rsu_max_concurrent": 6220,
  "fleet": "uk2030",
  "fleet_seed": 101,
  "obs_variant": "onehot17",
  "lambda_arrival": 1.5,
  "rsu_service_mult": 1.0,
  "rsu_lb": "dla",
  "rsu_backhaul_ms": 0.0,
  "k8s_scale": "off",
  "k8s_params": {},
  "k8s_mean_mult": 1.0,
  "k8s_scale_events": 0,
  "k8s_first_scaleup_s": -1.0,
  "rsu_cap_mode": "reject",
  "substep_queue": "sequential",
  "v2i_gate_rejected": 299941.0,
  "v2i_cap_rejected": 0.0,
  "veh_queue_mode": "conserved",
  "local_mqd_rejected": 515.0,
  "v2v_mqd_rejected": 3626.0,
  "v2i_unavailable": 156.0,
  "v2v_unavailable": 20.0,
  "work_ms": {
    "v2i_offered": 16803046.0,
    "v2i_admitted": 14448701.0,
    "v2i_rejected_or_unavailable": 2354345.0,
    "veh_offered": 81139960.0,
    "veh_admitted": 81073968.0,
    "veh_rejected": 65992.0
  },
  "enter_reset": true,
  "reset_soc_on_enter": false,
  "engine_version": "v3_enter_reset",
  "fleet_ev_share": 0.2158273458480835,
  "fleet_tier_hist": [
    62,
    48,
    29
  ],
  "completion": 0.8576556937215879,
  "n_offered": 4145013.0,
  "n_admitted": 3840755.0,
  "completion_admitted": 0.9255977014935866,
  "avg_latency_admitted_ms": 63.075815041573854,
  "avg_latency_met_ms": 50.66700872068982,
  "t1_completion": 0.6814670835798191,
  "t2_completion": 0.987985692271171,
  "t3_completion": 0.849931389216487,
  "total_energy_j": 1899154.75,
  "avg_energy_j_per_task": 0.45817823731795293,
  "avg_latency_ms_per_task": 133.12747245907312,
  "p_local": 0.5291293416932589,
  "p_v2i": 0.2519174246256887,
  "p_v2v": 0.21895323368105238,
  "t1_share": 0.19983290764106168,
  "t2_share": 0.29980243729030526,
  "t3_share": 0.500364655068633,
  "total_tasks": 4145013.0,
  "wall_s": 575.6,
  "v2i_path_metrics": {
    "schema_version": "e2_native_v2i_path_v1",
    "v2i_attempts": 1044201,
    "v2i_admitted_tasks": 744104,
    "ingress_count_per_rsu": [
      299349,
      127495,
      127455,
      98831,
      58863,
      43346,
      171659,
      23635,
      93568
    ],
    "selected_target_count_per_rsu": [
      543099,
      309127,
      133272,
      45808,
      12895,
      0,
      0,
      0,
      0
    ],
    "actual_execution_count_per_rsu": [
      322738,
      236306,
      126529,
      45638,
      12893,
      0,
      0,
      0,
      0
    ],
    "forwarded_admitted_task_count": 602811,
    "forwarded_share_of_admitted_v2i": 0.8101165966047756,
    "total_forwarding_latency_ms": 0.0,
    "mean_forwarding_latency_ms_per_admitted_v2i": 0.0,
    "mean_forwarding_latency_ms_per_forwarded_v2i": 0.0,
    "ingress_to_execution_pair_matrix": [
      [
        92250,
        67762,
        36268,
        13016,
        3628,
        0,
        0,
        0,
        0
      ],
      [
        39111,
        28511,
        15379,
        5600,
        1612,
        0,
        0,
        0,
        0
      ],
      [
        39695,
        28936,
        15502,
        5601,
        1591,
        0,
        0,
        0,
        0
      ],
      [
        30533,
        22570,
        11958,
        4307,
        1178,
        0,
        0,
        0,
        0
      ],
      [
        18313,
        13357,
        7213,
        2603,
        723,
        0,
        0,
        0,
        0
      ],
      [
        13213,
        9712,
        5270,
        1923,
        538,
        0,
        0,
        0,
        0
      ],
      [
        52794,
        38765,
        20730,
        7417,
        2133,
        0,
        0,
        0,
        0
      ],
      [
        7315,
        5370,
        2838,
        1042,
        302,
        0,
        0,
        0,
        0
      ],
      [
        29514,
        21323,
        11371,
        4129,
        1188,
        0,
        0,
        0,
        0
      ]
    ],
    "execution_share_per_rsu": [
      0.43372700590240076,
      0.31757119972476966,
      0.1700420908905207,
      0.06133282444389494,
      0.017326879038413984,
      0.0,
      0.0,
      0.0,
      0.0
    ],
    "maximum_execution_share": 0.43372700590240076,
    "imbalance_diagnostic": {
      "name": "execution_share_range",
      "definition": "max(per-RSU execution share) - min(per-RSU execution share)",
      "value": 0.43372700590240076
    }
  },
  "extension_schema": "joint_seed_cyclic_v2_records",
  "substep_queue_iterations": 3,
  "k_max": 5,
  "n_rsus": 9,
  "max_vehicle_queue_depth": 10,
  "evaluator_seed": 201,
  "round_robin_pointer_final": null
}
[per-step] wrote /Users/akashx/Downloads/diss_mat/traffictwin-traces-raw-2026-09-16/we/we/block_01_dla/attempt_001/per_step.npz (T=32400, N=139, R=9; join vehicles on the trace npz pos_x/pos_y/mask for positions)
[per-task] wrote /Users/akashx/Downloads/diss_mat/traffictwin-traces-raw-2026-09-16/we/we/block_01_dla/attempt_001/per_task.npz ([T,KMAX,N] = [32400,5,139]; filter on task_active)
