[mc] enter-reset=off (mask-only reset — no enter channel in trace) reset_soc_on_enter=False
[mc] substep-queue=sequential (co-batch queueing charged; 3 gate iterations)
[mc] rsu-cap-mode=reject (buffer-full tasks individually failed; enqueued work conserved)
[mc] veh-queue=conserved (helper co-batch pricing + per-task MQD rejection on vehicle queues)
[mc] ABSOLUTE cap override: 6220 tasks/RSU (ratio form would give 438)
[mc] T=23400 maxN=175 RSU_MAX_CONCURRENT=6220 K_MAX=5
[fleet] uk2030: ev_share=0.2286 tier_hist=[68, 71, 36]
{
  "trace": "trace_ev_fullrsu.npz",
  "actor": "mappo_modelc_17dim__envs128__lr3e-3__seed100_actor_params.npz",
  "model": "C",
  "T": 23400,
  "maxN": 175,
  "rsu_max_concurrent": 6220,
  "fleet": "uk2030",
  "fleet_seed": 103,
  "obs_variant": "onehot17",
  "lambda_arrival": 1.5,
  "rsu_service_mult": 1.0,
  "rsu_lb": "ingress_dla",
  "rsu_backhaul_ms": 0.0,
  "k8s_scale": "off",
  "k8s_params": {},
  "k8s_mean_mult": 1.0,
  "k8s_scale_events": 0,
  "k8s_first_scaleup_s": -1.0,
  "rsu_cap_mode": "reject",
  "substep_queue": "sequential",
  "v2i_gate_rejected": 65201.0,
  "v2i_cap_rejected": 0.0,
  "veh_queue_mode": "conserved",
  "local_mqd_rejected": 233.0,
  "v2v_mqd_rejected": 1518.0,
  "v2i_unavailable": 59.0,
  "v2v_unavailable": 3.0,
  "work_ms": {
    "v2i_offered": 10304250.0,
    "v2i_admitted": 9791701.0,
    "v2i_rejected_or_unavailable": 512549.0,
    "veh_offered": 55077676.0,
    "veh_admitted": 55051924.0,
    "veh_rejected": 25752.0
  },
  "enter_reset": false,
  "reset_soc_on_enter": false,
  "engine_version": "v2_post_nrsus_fix",
  "fleet_ev_share": 0.22857142984867096,
  "fleet_tier_hist": [
    68,
    71,
    36
  ],
  "completion": 0.9156860755354669,
  "n_offered": 2838084.0,
  "n_admitted": 2771070.0,
  "completion_admitted": 0.9378305131230896,
  "avg_latency_admitted_ms": 54.410935847885476,
  "avg_latency_met_ms": 44.450722912243144,
  "t1_completion": 0.7750365377868591,
  "t2_completion": 0.9909754918298276,
  "t3_completion": 0.9266982862950832,
  "total_energy_j": 1309661.5,
  "avg_energy_j_per_task": 0.46145973833050746,
  "avg_latency_ms_per_task": 77.49682955120426,
  "p_local": 0.5819073713110676,
  "p_v2i": 0.22552785611701415,
  "p_v2v": 0.19256477257191823,
  "t1_share": 0.19986053971623108,
  "t2_share": 0.30024622245148486,
  "t3_share": 0.499893237832284,
  "total_tasks": 2838084.0,
  "wall_s": 8778.8,
  "v2i_path_metrics": {
    "schema_version": "e2_native_v2i_path_v1",
    "v2i_attempts": 640067,
    "v2i_admitted_tasks": 574807,
    "ingress_count_per_rsu": [
      162664,
      36694,
      116514,
      41371,
      37616,
      55786,
      50667,
      51815,
      18647,
      44782,
      5153,
      18358
    ],
    "selected_target_count_per_rsu": [
      162664,
      36694,
      116514,
      41371,
      37616,
      55786,
      50667,
      51815,
      18647,
      44782,
      5153,
      18358
    ],
    "actual_execution_count_per_rsu": [
      128953,
      35332,
      100013,
      39758,
      36256,
      52832,
      47974,
      49265,
      18364,
      42857,
      5138,
      18065
    ],
    "forwarded_admitted_task_count": 0,
    "forwarded_share_of_admitted_v2i": 0.0,
    "total_forwarding_latency_ms": 0.0,
    "mean_forwarding_latency_ms_per_admitted_v2i": 0.0,
    "mean_forwarding_latency_ms_per_forwarded_v2i": 0.0,
    "ingress_to_execution_pair_matrix": [
      [
        128953,
        0,
        0,
        0,
        0,
        0,
        0,
        0,
        0,
        0,
        0,
        0
      ],
      [
        0,
        35332,
        0,
        0,
        0,
        0,
        0,
        0,
        0,
        0,
        0,
        0
      ],
      [
        0,
        0,
        100013,
        0,
        0,
        0,
        0,
        0,
        0,
        0,
        0,
        0
      ],
      [
        0,
        0,
        0,
        39758,
        0,
        0,
        0,
        0,
        0,
        0,
        0,
        0
      ],
      [
        0,
        0,
        0,
        0,
        36256,
        0,
        0,
        0,
        0,
        0,
        0,
        0
      ],
      [
        0,
        0,
        0,
        0,
        0,
        52832,
        0,
        0,
        0,
        0,
        0,
        0
      ],
      [
        0,
        0,
        0,
        0,
        0,
        0,
        47974,
        0,
        0,
        0,
        0,
        0
      ],
      [
        0,
        0,
        0,
        0,
        0,
        0,
        0,
        49265,
        0,
        0,
        0,
        0
      ],
      [
        0,
        0,
        0,
        0,
        0,
        0,
        0,
        0,
        18364,
        0,
        0,
        0
      ],
      [
        0,
        0,
        0,
        0,
        0,
        0,
        0,
        0,
        0,
        42857,
        0,
        0
      ],
      [
        0,
        0,
        0,
        0,
        0,
        0,
        0,
        0,
        0,
        0,
        5138,
        0
      ],
      [
        0,
        0,
        0,
        0,
        0,
        0,
        0,
        0,
        0,
        0,
        0,
        18065
      ]
    ],
    "execution_share_per_rsu": [
      0.22434138763097874,
      0.061467588251360894,
      0.17399405365627071,
      0.0691675640693311,
      0.06307508433265427,
      0.09191258979100811,
      0.08346105736360204,
      0.08570702862004116,
      0.03194811475851895,
      0.0745589389134092,
      0.008938652452040424,
      0.0314279401607844
    ],
    "maximum_execution_share": 0.22434138763097874,
    "imbalance_diagnostic": {
      "name": "execution_share_range",
      "definition": "max(per-RSU execution share) - min(per-RSU execution share)",
      "value": 0.21540273517893832
    }
  },
  "extension_schema": "joint_seed_cyclic_v2_records",
  "substep_queue_iterations": 3,
  "k_max": 5,
  "n_rsus": 12,
  "max_vehicle_queue_depth": 10,
  "evaluator_seed": 203,
  "round_robin_pointer_final": null
}
[per-step] wrote /Users/akashx/Downloads/diss_mat/traffictwin-traces-raw-2026-09-16/ev/ev/block_03_ingress_dla/attempt_001/per_step.npz (T=23400, N=175, R=12; join vehicles on the trace npz pos_x/pos_y/mask for positions)
[per-task] wrote /Users/akashx/Downloads/diss_mat/traffictwin-traces-raw-2026-09-16/ev/ev/block_03_ingress_dla/attempt_001/per_task.npz ([T,KMAX,N] = [23400,5,175]; filter on task_active)
