[mc] enter-reset=off (mask-only reset — no enter channel in trace) reset_soc_on_enter=False
[mc] substep-queue=sequential (co-batch queueing charged; 3 gate iterations)
[mc] rsu-cap-mode=reject (buffer-full tasks individually failed; enqueued work conserved)
[mc] veh-queue=conserved (helper co-batch pricing + per-task MQD rejection on vehicle queues)
[mc] ABSOLUTE cap override: 6220 tasks/RSU (ratio form would give 438)
[mc] T=23400 maxN=175 RSU_MAX_CONCURRENT=6220 K_MAX=5
[fleet] uk2030: ev_share=0.2514 tier_hist=[68, 64, 43]
{
  "trace": "trace_ev_fullrsu.npz",
  "actor": "mappo_modelc_17dim__envs128__lr3e-3__seed100_actor_params.npz",
  "model": "C",
  "T": 23400,
  "maxN": 175,
  "rsu_max_concurrent": 6220,
  "fleet": "uk2030",
  "fleet_seed": 106,
  "obs_variant": "onehot17",
  "lambda_arrival": 1.5,
  "rsu_service_mult": 1.0,
  "rsu_lb": "per_task_dla",
  "rsu_backhaul_ms": 0.0,
  "k8s_scale": "off",
  "k8s_params": {},
  "k8s_mean_mult": 1.0,
  "k8s_scale_events": 0,
  "k8s_first_scaleup_s": -1.0,
  "rsu_cap_mode": "reject",
  "substep_queue": "sequential",
  "v2i_gate_rejected": 2.0,
  "v2i_cap_rejected": 0.0,
  "veh_queue_mode": "conserved",
  "local_mqd_rejected": 227.0,
  "v2v_mqd_rejected": 1400.0,
  "v2i_unavailable": 70.0,
  "v2v_unavailable": 4.0,
  "work_ms": {
    "v2i_offered": 9439696.0,
    "v2i_admitted": 9438634.0,
    "v2i_rejected_or_unavailable": 1062.0,
    "veh_offered": 55055084.0,
    "veh_admitted": 55028808.0,
    "veh_rejected": 26276.0
  },
  "enter_reset": false,
  "reset_soc_on_enter": false,
  "engine_version": "v2_post_nrsus_fix",
  "fleet_ev_share": 0.2514285743236542,
  "fleet_tier_hist": [
    68,
    64,
    43
  ],
  "completion": 0.9493545586290747,
  "n_offered": 2836741.0,
  "n_admitted": 2835038.0,
  "completion_admitted": 0.9499248334590225,
  "avg_latency_admitted_ms": 48.3701142630187,
  "avg_latency_met_ms": 39.471663783343416,
  "t1_completion": 0.856555185540102,
  "t2_completion": 0.991583470476365,
  "t3_completion": 0.9610789986164335,
  "total_energy_j": 1356138.625,
  "avg_energy_j_per_task": 0.4780621935523899,
  "avg_latency_ms_per_task": 49.646447102502485,
  "p_local": 0.5994456314482006,
  "p_v2i": 0.2064693251868958,
  "p_v2v": 0.1940850433649036,
  "t1_share": 0.1997514048691791,
  "t2_share": 0.30009824654418576,
  "t3_share": 0.5001503485866352,
  "total_tasks": 2836741.0,
  "wall_s": 570.8,
  "v2i_path_metrics": {
    "schema_version": "e2_native_v2i_path_v1",
    "v2i_attempts": 585700,
    "v2i_admitted_tasks": 585628,
    "ingress_count_per_rsu": [
      148100,
      32275,
      106077,
      40045,
      34898,
      49883,
      45710,
      47246,
      17147,
      42484,
      4774,
      17061
    ],
    "selected_target_count_per_rsu": [
      49768,
      49689,
      49735,
      49439,
      49361,
      49487,
      49085,
      48680,
      47957,
      47935,
      47578,
      46986
    ],
    "actual_execution_count_per_rsu": [
      49761,
      49681,
      49732,
      49432,
      49353,
      49481,
      49080,
      48674,
      47951,
      47930,
      47574,
      46979
    ],
    "forwarded_admitted_task_count": 536214,
    "forwarded_share_of_admitted_v2i": 0.9156222038563729,
    "total_forwarding_latency_ms": 0.0,
    "mean_forwarding_latency_ms_per_admitted_v2i": 0.0,
    "mean_forwarding_latency_ms_per_forwarded_v2i": 0.0,
    "ingress_to_execution_pair_matrix": [
      [
        12609,
        12567,
        12752,
        12511,
        12455,
        12501,
        12390,
        12292,
        12050,
        12109,
        11935,
        11858
      ],
      [
        2783,
        2705,
        2753,
        2722,
        2721,
        2748,
        2821,
        2631,
        2617,
        2637,
        2578,
        2559
      ],
      [
        8865,
        9185,
        9006,
        8989,
        8963,
        8987,
        8802,
        8703,
        8764,
        8570,
        8665,
        8578
      ],
      [
        3473,
        3411,
        3326,
        3373,
        3432,
        3332,
        3335,
        3324,
        3312,
        3317,
        3227,
        3183
      ],
      [
        2902,
        2951,
        2928,
        2967,
        2983,
        2947,
        2963,
        2919,
        2902,
        2858,
        2826,
        2752
      ],
      [
        4328,
        4169,
        4223,
        4096,
        4178,
        4229,
        4071,
        4238,
        4125,
        4176,
        3976,
        4074
      ],
      [
        3901,
        3985,
        3930,
        3886,
        3882,
        3773,
        3939,
        3696,
        3721,
        3633,
        3740,
        3624
      ],
      [
        3822,
        3969,
        4065,
        4081,
        3967,
        4092,
        3905,
        3958,
        3794,
        3941,
        3838,
        3814
      ],
      [
        1394,
        1409,
        1408,
        1443,
        1462,
        1519,
        1507,
        1417,
        1361,
        1398,
        1450,
        1379
      ],
      [
        3868,
        3566,
        3586,
        3500,
        3518,
        3498,
        3497,
        3543,
        3505,
        3473,
        3529,
        3400
      ],
      [
        426,
        395,
        408,
        399,
        415,
        410,
        386,
        410,
        377,
        402,
        383,
        363
      ],
      [
        1390,
        1369,
        1347,
        1465,
        1377,
        1445,
        1464,
        1543,
        1423,
        1416,
        1427,
        1395
      ]
    ],
    "execution_share_per_rsu": [
      0.08497032245725955,
      0.0848337169670849,
      0.08492080296707125,
      0.08440853237891631,
      0.08427363445736884,
      0.08449220324164829,
      0.08380746822214785,
      0.08311419535951149,
      0.0818796232420581,
      0.08184376430088726,
      0.08123586986961005,
      0.0802198665364361
    ],
    "maximum_execution_share": 0.08497032245725955,
    "imbalance_diagnostic": {
      "name": "execution_share_range",
      "definition": "max(per-RSU execution share) - min(per-RSU execution share)",
      "value": 0.004750455920823446
    }
  },
  "extension_schema": "joint_seed_cyclic_v2_records",
  "substep_queue_iterations": 3,
  "k_max": 5,
  "n_rsus": 12,
  "max_vehicle_queue_depth": 10,
  "evaluator_seed": 206,
  "round_robin_pointer_final": null
}
[per-step] wrote /Users/akashx/Downloads/diss_mat/traffictwin-traces-raw-2026-09-16/ev/ev/block_06_per_task_dla/attempt_001/per_step.npz (T=23400, N=175, R=12; join vehicles on the trace npz pos_x/pos_y/mask for positions)
[per-task] wrote /Users/akashx/Downloads/diss_mat/traffictwin-traces-raw-2026-09-16/ev/ev/block_06_per_task_dla/attempt_001/per_task.npz ([T,KMAX,N] = [23400,5,175]; filter on task_active)
