[mc] enter-reset=off (mask-only reset — no enter channel in trace) reset_soc_on_enter=False
[mc] substep-queue=sequential (co-batch queueing charged; 3 gate iterations)
[mc] rsu-cap-mode=reject (buffer-full tasks individually failed; enqueued work conserved)
[mc] veh-queue=conserved (helper co-batch pricing + per-task MQD rejection on vehicle queues)
[mc] ABSOLUTE cap override: 6220 tasks/RSU (ratio form would give 408)
[mc] T=300 maxN=163 RSU_MAX_CONCURRENT=6220 K_MAX=5
[fleet] uk2030: ev_share=0.1902 tier_hist=[63, 49, 51]
{
  "trace": "trace_wd_pm_fullrsu.npz",
  "actor": "mappo_modelc_17dim__envs128__lr3e-3__seed100_actor_params.npz",
  "model": "C",
  "T": 300,
  "maxN": 163,
  "rsu_max_concurrent": 6220,
  "fleet": "uk2030",
  "fleet_seed": 1,
  "obs_variant": "onehot17",
  "lambda_arrival": 1.5,
  "rsu_service_mult": 1.0,
  "rsu_lb": "ingress_dla",
  "rsu_backhaul_ms": 0.0,
  "k8s_scale": "off",
  "k8s_params": {},
  "k8s_mean_mult": 1.0,
  "k8s_scale_events": 0,
  "k8s_first_scaleup_s": -1.0,
  "rsu_cap_mode": "reject",
  "substep_queue": "sequential",
  "v2i_gate_rejected": 1205.0,
  "v2i_cap_rejected": 0.0,
  "veh_queue_mode": "conserved",
  "local_mqd_rejected": 3.0,
  "v2v_mqd_rejected": 22.0,
  "v2i_unavailable": 0.0,
  "v2v_unavailable": 3.0,
  "work_ms": {
    "v2i_offered": 155205.734375,
    "v2i_admitted": 145474.203125,
    "v2i_rejected_or_unavailable": 9731.53125,
    "veh_offered": 877354.625,
    "veh_admitted": 876869.8125,
    "veh_rejected": 484.8125
  },
  "enter_reset": false,
  "reset_soc_on_enter": false,
  "engine_version": "v2_post_nrsus_fix",
  "fleet_ev_share": 0.19018404185771942,
  "fleet_tier_hist": [
    63,
    49,
    51
  ],
  "completion": 0.9059352950171483,
  "n_offered": 45777.0,
  "n_admitted": 44544.0,
  "completion_admitted": 0.931012033045977,
  "avg_latency_admitted_ms": 56.043743265086206,
  "avg_latency_met_ms": 43.89853451809698,
  "t1_completion": 0.756493853554249,
  "t2_completion": 0.9883558110398702,
  "t3_completion": 0.9181726687962193,
  "total_energy_j": 23143.9375,
  "avg_energy_j_per_task": 0.5055800401948577,
  "avg_latency_ms_per_task": 82.4303143500011,
  "p_local": 0.5628153876400812,
  "p_v2i": 0.20947200559232804,
  "p_v2v": 0.22771260676759073,
  "t1_share": 0.20436026825698494,
  "t2_share": 0.29641523035585554,
  "t3_share": 0.4992245013871595,
  "total_tasks": 45777.0,
  "wall_s": 10.2,
  "v2i_path_metrics": {
    "schema_version": "e2_native_v2i_path_v1",
    "v2i_attempts": 9589,
    "v2i_admitted_tasks": 8384,
    "ingress_count_per_rsu": [
      2348,
      495,
      1998,
      679,
      789,
      1225,
      1076,
      158,
      80,
      741
    ],
    "selected_target_count_per_rsu": [
      2348,
      495,
      1998,
      679,
      789,
      1225,
      1076,
      158,
      80,
      741
    ],
    "actual_execution_count_per_rsu": [
      1873,
      491,
      1629,
      650,
      743,
      1102,
      944,
      158,
      80,
      714
    ],
    "forwarded_admitted_task_count": 0,
    "forwarded_share_of_admitted_v2i": 0.0,
    "total_forwarding_latency_ms": 0.0,
    "mean_forwarding_latency_ms_per_admitted_v2i": 0.0,
    "mean_forwarding_latency_ms_per_forwarded_v2i": 0.0,
    "ingress_to_execution_pair_matrix": [
      [
        1873,
        0,
        0,
        0,
        0,
        0,
        0,
        0,
        0,
        0
      ],
      [
        0,
        491,
        0,
        0,
        0,
        0,
        0,
        0,
        0,
        0
      ],
      [
        0,
        0,
        1629,
        0,
        0,
        0,
        0,
        0,
        0,
        0
      ],
      [
        0,
        0,
        0,
        650,
        0,
        0,
        0,
        0,
        0,
        0
      ],
      [
        0,
        0,
        0,
        0,
        743,
        0,
        0,
        0,
        0,
        0
      ],
      [
        0,
        0,
        0,
        0,
        0,
        1102,
        0,
        0,
        0,
        0
      ],
      [
        0,
        0,
        0,
        0,
        0,
        0,
        944,
        0,
        0,
        0
      ],
      [
        0,
        0,
        0,
        0,
        0,
        0,
        0,
        158,
        0,
        0
      ],
      [
        0,
        0,
        0,
        0,
        0,
        0,
        0,
        0,
        80,
        0
      ],
      [
        0,
        0,
        0,
        0,
        0,
        0,
        0,
        0,
        0,
        714
      ]
    ],
    "execution_share_per_rsu": [
      0.2234017175572519,
      0.058563931297709926,
      0.1942986641221374,
      0.07752862595419847,
      0.08862118320610687,
      0.13144083969465647,
      0.11259541984732824,
      0.018845419847328244,
      0.009541984732824428,
      0.08516221374045801
    ],
    "maximum_execution_share": 0.2234017175572519,
    "imbalance_diagnostic": {
      "name": "execution_share_range",
      "definition": "max(per-RSU execution share) - min(per-RSU execution share)",
      "value": 0.2138597328244275
    }
  },
  "extension_schema": "joint_seed_cyclic_v2_records",
  "substep_queue_iterations": 3,
  "k_max": 5,
  "n_rsus": 10,
  "max_vehicle_queue_depth": 10,
  "evaluator_seed": 0,
  "round_robin_pointer_final": null
}
[per-step] wrote /Users/akashx/Downloads/diss_mat/traffictwin-traces-raw-2026-09-16/wd_pm/qualification/01_ingress_dla/attempt_001/per_step.npz (T=300, N=163, R=10; join vehicles on the trace npz pos_x/pos_y/mask for positions)
[per-task] wrote /Users/akashx/Downloads/diss_mat/traffictwin-traces-raw-2026-09-16/wd_pm/qualification/01_ingress_dla/attempt_001/per_task.npz ([T,KMAX,N] = [300,5,163]; filter on task_active)
