[mc] enter-reset=off (mask-only reset — no enter channel in trace) reset_soc_on_enter=False
[mc] substep-queue=sequential (co-batch queueing charged; 3 gate iterations)
[mc] rsu-cap-mode=reject (buffer-full tasks individually failed; enqueued work conserved)
[mc] veh-queue=conserved (helper co-batch pricing + per-task MQD rejection on vehicle queues)
[mc] ABSOLUTE cap override: 6220 tasks/RSU (ratio form would give 408)
[mc] T=25200 maxN=163 RSU_MAX_CONCURRENT=6220 K_MAX=5
[fleet] uk2030: ev_share=0.2209 tier_hist=[53, 63, 47]
{
  "trace": "trace_wd_pm_fullrsu.npz",
  "actor": "mappo_modelc_17dim__envs128__lr3e-3__seed100_actor_params.npz",
  "model": "C",
  "T": 25200,
  "maxN": 163,
  "rsu_max_concurrent": 6220,
  "fleet": "uk2030",
  "fleet_seed": 107,
  "obs_variant": "onehot17",
  "lambda_arrival": 1.5,
  "rsu_service_mult": 1.0,
  "rsu_lb": "causal_round_robin",
  "rsu_backhaul_ms": 0.0,
  "k8s_scale": "off",
  "k8s_params": {},
  "k8s_mean_mult": 1.0,
  "k8s_scale_events": 0,
  "k8s_first_scaleup_s": -1.0,
  "rsu_cap_mode": "reject",
  "substep_queue": "sequential",
  "v2i_gate_rejected": 1661.0,
  "v2i_cap_rejected": 0.0,
  "veh_queue_mode": "conserved",
  "local_mqd_rejected": 361.0,
  "v2v_mqd_rejected": 2358.0,
  "v2i_unavailable": 86.0,
  "v2v_unavailable": 8.0,
  "work_ms": {
    "v2i_offered": 11202965.0,
    "v2i_admitted": 11188296.0,
    "v2i_rejected_or_unavailable": 14669.0,
    "veh_offered": 77509584.0,
    "veh_admitted": 77467480.0,
    "veh_rejected": 42104.0
  },
  "enter_reset": false,
  "reset_soc_on_enter": false,
  "engine_version": "v2_post_nrsus_fix",
  "fleet_ev_share": 0.2208588868379593,
  "fleet_tier_hist": [
    53,
    63,
    47
  ],
  "completion": 0.9438683510149767,
  "n_offered": 3919696.0,
  "n_admitted": 3915222.0,
  "completion_admitted": 0.9449469276582528,
  "avg_latency_admitted_ms": 49.91627039284107,
  "avg_latency_met_ms": 40.57747960159765,
  "t1_completion": 0.8339241681857437,
  "t2_completion": 0.9910162442846311,
  "t3_completion": 0.9595686341714201,
  "total_energy_j": 1976430.375,
  "avg_energy_j_per_task": 0.5042305257856732,
  "avg_latency_ms_per_task": 51.895677623979005,
  "p_local": 0.6171662292177761,
  "p_v2i": 0.17773572236214236,
  "p_v2v": 0.20509804842008156,
  "t1_share": 0.19999484653911936,
  "t2_share": 0.29979901502565504,
  "t3_share": 0.5002061384352255,
  "total_tasks": 3919696.0,
  "wall_s": 570.7,
  "v2i_path_metrics": {
    "schema_version": "e2_native_v2i_path_v1",
    "v2i_attempts": 696670,
    "v2i_admitted_tasks": 694923,
    "ingress_count_per_rsu": [
      193540,
      38330,
      135299,
      50012,
      55964,
      63224,
      77885,
      17926,
      9071,
      55419
    ],
    "selected_target_count_per_rsu": [
      69666,
      69664,
      69667,
      69670,
      69666,
      69668,
      69669,
      69662,
      69666,
      69672
    ],
    "actual_execution_count_per_rsu": [
      69491,
      69467,
      69493,
      69494,
      69500,
      69489,
      69516,
      69500,
      69474,
      69499
    ],
    "forwarded_admitted_task_count": 625276,
    "forwarded_share_of_admitted_v2i": 0.8997773854081675,
    "total_forwarding_latency_ms": 0.0,
    "mean_forwarding_latency_ms_per_admitted_v2i": 0.0,
    "mean_forwarding_latency_ms_per_forwarded_v2i": 0.0,
    "ingress_to_execution_pair_matrix": [
      [
        19421,
        19186,
        19169,
        19538,
        19286,
        19069,
        19310,
        19260,
        19367,
        19372
      ],
      [
        3766,
        3827,
        3854,
        3807,
        3829,
        3827,
        3869,
        3888,
        3746,
        3827
      ],
      [
        13413,
        13547,
        13385,
        13567,
        13582,
        13508,
        13488,
        13464,
        13408,
        13600
      ],
      [
        5053,
        4932,
        5018,
        5057,
        4973,
        5001,
        4874,
        4994,
        4996,
        5007
      ],
      [
        5530,
        5697,
        5523,
        5622,
        5652,
        5532,
        5612,
        5539,
        5619,
        5497
      ],
      [
        6258,
        6327,
        6324,
        6236,
        6220,
        6415,
        6338,
        6327,
        6321,
        6307
      ],
      [
        7754,
        7783,
        7917,
        7608,
        7756,
        7888,
        7677,
        7773,
        7824,
        7717
      ],
      [
        1844,
        1775,
        1785,
        1748,
        1785,
        1812,
        1783,
        1807,
        1774,
        1779
      ],
      [
        939,
        874,
        924,
        881,
        921,
        885,
        932,
        915,
        898,
        885
      ],
      [
        5513,
        5519,
        5594,
        5430,
        5496,
        5552,
        5633,
        5533,
        5521,
        5508
      ]
    ],
    "execution_share_per_rsu": [
      0.09999812928914427,
      0.09996359308873069,
      0.1000010073058454,
      0.10000244631419596,
      0.10001108036429936,
      0.09999525127244313,
      0.10003410449790841,
      0.10001108036429936,
      0.09997366614718466,
      0.1000096413559488
    ],
    "maximum_execution_share": 0.10003410449790841,
    "imbalance_diagnostic": {
      "name": "execution_share_range",
      "definition": "max(per-RSU execution share) - min(per-RSU execution share)",
      "value": 7.051140917771481e-05
    }
  },
  "extension_schema": "joint_seed_cyclic_v2_records",
  "substep_queue_iterations": 3,
  "k_max": 5,
  "n_rsus": 10,
  "max_vehicle_queue_depth": 10,
  "evaluator_seed": 207,
  "round_robin_pointer_final": 4
}
[per-step] wrote /Users/akashx/Downloads/diss_mat/traffictwin-traces-raw-2026-09-16/wd_pm/wd_pm/block_07_causal_round_robin/attempt_001/per_step.npz (T=25200, N=163, R=10; join vehicles on the trace npz pos_x/pos_y/mask for positions)
[per-task] wrote /Users/akashx/Downloads/diss_mat/traffictwin-traces-raw-2026-09-16/wd_pm/wd_pm/block_07_causal_round_robin/attempt_001/per_task.npz ([T,KMAX,N] = [25200,5,163]; filter on task_active)
