[mc] enter-reset=off (mask-only reset — no enter channel in trace) reset_soc_on_enter=False
[mc] substep-queue=sequential (co-batch queueing charged; 3 gate iterations)
[mc] rsu-cap-mode=reject (buffer-full tasks individually failed; enqueued work conserved)
[mc] veh-queue=conserved (helper co-batch pricing + per-task MQD rejection on vehicle queues)
[mc] ABSOLUTE cap override: 6220 tasks/RSU (ratio form would give 408)
[mc] T=25200 maxN=163 RSU_MAX_CONCURRENT=6220 K_MAX=5
[fleet] uk2030: ev_share=0.2270 tier_hist=[62, 65, 36]
{
  "trace": "trace_wd_pm_fullrsu.npz",
  "actor": "mappo_modelc_17dim__envs128__lr3e-3__seed100_actor_params.npz",
  "model": "C",
  "T": 25200,
  "maxN": 163,
  "rsu_max_concurrent": 6220,
  "fleet": "uk2030",
  "fleet_seed": 101,
  "obs_variant": "onehot17",
  "lambda_arrival": 1.5,
  "rsu_service_mult": 1.0,
  "rsu_lb": "dla",
  "rsu_backhaul_ms": 0.0,
  "k8s_scale": "off",
  "k8s_params": {},
  "k8s_mean_mult": 1.0,
  "k8s_scale_events": 0,
  "k8s_first_scaleup_s": -1.0,
  "rsu_cap_mode": "reject",
  "substep_queue": "sequential",
  "v2i_gate_rejected": 284450.0,
  "v2i_cap_rejected": 0.0,
  "veh_queue_mode": "conserved",
  "local_mqd_rejected": 328.0,
  "v2v_mqd_rejected": 2039.0,
  "v2i_unavailable": 87.0,
  "v2v_unavailable": 8.0,
  "work_ms": {
    "v2i_offered": 14636426.0,
    "v2i_admitted": 12400778.0,
    "v2i_rejected_or_unavailable": 2235648.0,
    "veh_offered": 78266272.0,
    "veh_admitted": 78225472.0,
    "veh_rejected": 40800.0
  },
  "enter_reset": false,
  "reset_soc_on_enter": false,
  "engine_version": "v2_post_nrsus_fix",
  "fleet_ev_share": 0.2269938588142395,
  "fleet_tier_hist": [
    62,
    65,
    36
  ],
  "completion": 0.8638733075225444,
  "n_offered": 3919033.0,
  "n_admitted": 3632121.0,
  "completion_admitted": 0.932113219796367,
  "avg_latency_admitted_ms": 61.42017405257149,
  "avg_latency_met_ms": 50.3284336834096,
  "t1_completion": 0.7044269170451121,
  "t2_completion": 0.9895273268922737,
  "t3_completion": 0.8521661127839,
  "total_energy_j": 1771343.25,
  "avg_energy_j_per_task": 0.45198477532595416,
  "avg_latency_ms_per_task": 131.0140986309633,
  "p_local": 0.5731661356258037,
  "p_v2i": 0.23189572529754152,
  "p_v2v": 0.1949381390766549,
  "t1_share": 0.19980132854201535,
  "t2_share": 0.30012607701950966,
  "t3_share": 0.500072594438475,
  "total_tasks": 3919033.0,
  "wall_s": 539.9,
  "v2i_path_metrics": {
    "schema_version": "e2_native_v2i_path_v1",
    "v2i_attempts": 908807,
    "v2i_admitted_tasks": 624270,
    "ingress_count_per_rsu": [
      260604,
      48913,
      180002,
      63984,
      70115,
      78983,
      102917,
      22376,
      11357,
      69556
    ],
    "selected_target_count_per_rsu": [
      471860,
      269299,
      116441,
      39917,
      11290,
      0,
      0,
      0,
      0,
      0
    ],
    "actual_execution_count_per_rsu": [
      265850,
      197888,
      109464,
      39780,
      11288,
      0,
      0,
      0,
      0,
      0
    ],
    "forwarded_admitted_task_count": 512103,
    "forwarded_share_of_admitted_v2i": 0.8203229371906386,
    "total_forwarding_latency_ms": 0.0,
    "mean_forwarding_latency_ms_per_admitted_v2i": 0.0,
    "mean_forwarding_latency_ms_per_forwarded_v2i": 0.0,
    "ingress_to_execution_pair_matrix": [
      [
        75978,
        56476,
        31268,
        11240,
        3228,
        0,
        0,
        0,
        0,
        0
      ],
      [
        14286,
        10832,
        5922,
        2118,
        572,
        0,
        0,
        0,
        0,
        0
      ],
      [
        52108,
        38866,
        21665,
        7913,
        2274,
        0,
        0,
        0,
        0,
        0
      ],
      [
        18831,
        13964,
        7716,
        2865,
        794,
        0,
        0,
        0,
        0,
        0
      ],
      [
        20826,
        15307,
        8495,
        3048,
        827,
        0,
        0,
        0,
        0,
        0
      ],
      [
        23051,
        17228,
        9608,
        3540,
        966,
        0,
        0,
        0,
        0,
        0
      ],
      [
        30163,
        22423,
        12323,
        4439,
        1277,
        0,
        0,
        0,
        0,
        0
      ],
      [
        6634,
        4967,
        2645,
        1000,
        315,
        0,
        0,
        0,
        0,
        0
      ],
      [
        3361,
        2520,
        1394,
        530,
        152,
        0,
        0,
        0,
        0,
        0
      ],
      [
        20612,
        15305,
        8428,
        3087,
        883,
        0,
        0,
        0,
        0,
        0
      ]
    ],
    "execution_share_per_rsu": [
      0.42585740144488765,
      0.3169910455411921,
      0.17534720553606611,
      0.06372242779566534,
      0.018081919682188797,
      0.0,
      0.0,
      0.0,
      0.0,
      0.0
    ],
    "maximum_execution_share": 0.42585740144488765,
    "imbalance_diagnostic": {
      "name": "execution_share_range",
      "definition": "max(per-RSU execution share) - min(per-RSU execution share)",
      "value": 0.42585740144488765
    }
  },
  "extension_schema": "joint_seed_cyclic_v2_records",
  "substep_queue_iterations": 3,
  "k_max": 5,
  "n_rsus": 10,
  "max_vehicle_queue_depth": 10,
  "evaluator_seed": 201,
  "round_robin_pointer_final": null
}
[per-step] wrote /Users/akashx/Downloads/diss_mat/traffictwin-traces-raw-2026-09-16/wd_pm/wd_pm/block_01_dla/attempt_001/per_step.npz (T=25200, N=163, R=10; join vehicles on the trace npz pos_x/pos_y/mask for positions)
[per-task] wrote /Users/akashx/Downloads/diss_mat/traffictwin-traces-raw-2026-09-16/wd_pm/wd_pm/block_01_dla/attempt_001/per_task.npz ([T,KMAX,N] = [25200,5,163]; filter on task_active)
