[mc] enter-reset=off (mask-only reset — no enter channel in trace) reset_soc_on_enter=False
[mc] substep-queue=sequential (co-batch queueing charged; 3 gate iterations)
[mc] rsu-cap-mode=reject (buffer-full tasks individually failed; enqueued work conserved)
[mc] veh-queue=conserved (helper co-batch pricing + per-task MQD rejection on vehicle queues)
[mc] ABSOLUTE cap override: 6220 tasks/RSU (ratio form would give 408)
[mc] T=25200 maxN=163 RSU_MAX_CONCURRENT=6220 K_MAX=5
[fleet] uk2030: ev_share=0.2209 tier_hist=[61, 58, 44]
{
  "trace": "trace_wd_pm_fullrsu.npz",
  "actor": "mappo_modelc_17dim__envs128__lr3e-3__seed100_actor_params.npz",
  "model": "C",
  "T": 25200,
  "maxN": 163,
  "rsu_max_concurrent": 6220,
  "fleet": "uk2030",
  "fleet_seed": 103,
  "obs_variant": "onehot17",
  "lambda_arrival": 1.5,
  "rsu_service_mult": 1.0,
  "rsu_lb": "dla_p2c",
  "rsu_backhaul_ms": 0.0,
  "k8s_scale": "off",
  "k8s_params": {},
  "k8s_mean_mult": 1.0,
  "k8s_scale_events": 0,
  "k8s_first_scaleup_s": -1.0,
  "rsu_cap_mode": "reject",
  "substep_queue": "sequential",
  "v2i_gate_rejected": 6414.0,
  "v2i_cap_rejected": 0.0,
  "veh_queue_mode": "conserved",
  "local_mqd_rejected": 500.0,
  "v2v_mqd_rejected": 3591.0,
  "v2i_unavailable": 99.0,
  "v2v_unavailable": 10.0,
  "work_ms": {
    "v2i_offered": 13165186.0,
    "v2i_admitted": 13113360.0,
    "v2i_rejected_or_unavailable": 51826.0,
    "veh_offered": 76874104.0,
    "veh_admitted": 76812768.0,
    "veh_rejected": 61336.0
  },
  "enter_reset": false,
  "reset_soc_on_enter": false,
  "engine_version": "v2_post_nrsus_fix",
  "fleet_ev_share": 0.2208588868379593,
  "fleet_tier_hist": [
    61,
    58,
    44
  ],
  "completion": 0.9353821337459811,
  "n_offered": 3915527.0,
  "n_admitted": 3904913.0,
  "completion_admitted": 0.9379246093318853,
  "avg_latency_admitted_ms": 52.676922635664354,
  "avg_latency_met_ms": 41.8555167297654,
  "t1_completion": 0.8051556728772112,
  "t2_completion": 0.9891040760339892,
  "t3_completion": 0.9551436908945736,
  "total_energy_j": 1943773.125,
  "avg_energy_j_per_task": 0.4964269496800814,
  "avg_latency_ms_per_task": 56.493238330370346,
  "p_local": 0.5712653750057144,
  "p_v2i": 0.20917363103357478,
  "p_v2v": 0.21956099396071077,
  "t1_share": 0.1996911271458478,
  "t2_share": 0.3000472222513087,
  "t3_share": 0.5002616506028436,
  "total_tasks": 3915527.0,
  "wall_s": 841.9,
  "v2i_path_metrics": {
    "schema_version": "e2_native_v2i_path_v1",
    "v2i_attempts": 819025,
    "v2i_admitted_tasks": 812512,
    "ingress_count_per_rsu": [
      221415,
      46474,
      156562,
      62428,
      67938,
      72495,
      94596,
      22951,
      10952,
      63214
    ],
    "selected_target_count_per_rsu": [
      81501,
      82026,
      82036,
      82245,
      82139,
      82146,
      81658,
      81814,
      81452,
      82008
    ],
    "actual_execution_count_per_rsu": [
      80856,
      81407,
      81345,
      81601,
      81453,
      81484,
      81002,
      81137,
      80812,
      81415
    ],
    "forwarded_admitted_task_count": 731540,
    "forwarded_share_of_admitted_v2i": 0.9003436256941436,
    "total_forwarding_latency_ms": 0.0,
    "mean_forwarding_latency_ms_per_admitted_v2i": 0.0,
    "mean_forwarding_latency_ms_per_forwarded_v2i": 0.0,
    "ingress_to_execution_pair_matrix": [
      [
        22049,
        21784,
        22066,
        22154,
        21988,
        21951,
        21992,
        21720,
        21868,
        21977
      ],
      [
        4606,
        4552,
        4605,
        4552,
        4768,
        4627,
        4609,
        4564,
        4598,
        4654
      ],
      [
        15330,
        15632,
        15380,
        15602,
        15432,
        15720,
        15466,
        15697,
        15393,
        15682
      ],
      [
        6176,
        6218,
        6205,
        6217,
        6289,
        6216,
        5993,
        6144,
        6234,
        6266
      ],
      [
        6631,
        6888,
        6762,
        6797,
        6709,
        6742,
        6680,
        6737,
        6713,
        6746
      ],
      [
        7087,
        7248,
        7087,
        7237,
        7240,
        7247,
        7179,
        7176,
        7166,
        7270
      ],
      [
        9309,
        9335,
        9499,
        9514,
        9515,
        9242,
        9336,
        9471,
        9229,
        9360
      ],
      [
        2277,
        2262,
        2306,
        2281,
        2278,
        2235,
        2360,
        2236,
        2287,
        2257
      ],
      [
        1089,
        1119,
        1081,
        1077,
        1076,
        1108,
        1071,
        1110,
        1093,
        1050
      ],
      [
        6302,
        6369,
        6354,
        6170,
        6158,
        6396,
        6316,
        6282,
        6231,
        6153
      ]
    ],
    "execution_share_per_rsu": [
      0.09951360718364775,
      0.10019175101413887,
      0.10011544444882045,
      0.10043051671852231,
      0.10024836556260092,
      0.10028651884526013,
      0.09969329683746209,
      0.09985944822968769,
      0.09945945413729274,
      0.10020159702256705
    ],
    "maximum_execution_share": 0.10043051671852231,
    "imbalance_diagnostic": {
      "name": "execution_share_range",
      "definition": "max(per-RSU execution share) - min(per-RSU execution share)",
      "value": 0.0009710625812295731
    }
  },
  "extension_schema": "joint_seed_cyclic_v2_records",
  "substep_queue_iterations": 3,
  "k_max": 5,
  "n_rsus": 10,
  "max_vehicle_queue_depth": 10,
  "evaluator_seed": 203,
  "round_robin_pointer_final": null
}
[per-step] wrote /Users/akashx/Downloads/diss_mat/traffictwin-traces-raw-2026-09-16/wd_pm/wd_pm/block_03_dla_p2c/attempt_001/per_step.npz (T=25200, N=163, R=10; join vehicles on the trace npz pos_x/pos_y/mask for positions)
[per-task] wrote /Users/akashx/Downloads/diss_mat/traffictwin-traces-raw-2026-09-16/wd_pm/wd_pm/block_03_dla_p2c/attempt_001/per_task.npz ([T,KMAX,N] = [25200,5,163]; filter on task_active)
