[mc] enter-reset=off (mask-only reset — no enter channel in trace) reset_soc_on_enter=False
[mc] substep-queue=sequential (co-batch queueing charged; 3 gate iterations)
[mc] rsu-cap-mode=reject (buffer-full tasks individually failed; enqueued work conserved)
[mc] veh-queue=conserved (helper co-batch pricing + per-task MQD rejection on vehicle queues)
[mc] ABSOLUTE cap override: 6220 tasks/RSU (ratio form would give 438)
[mc] T=23400 maxN=175 RSU_MAX_CONCURRENT=6220 K_MAX=5
[fleet] uk2030: ev_share=0.2914 tier_hist=[70, 64, 41]
{
  "trace": "trace_ev_fullrsu.npz",
  "actor": "mappo_modelc_17dim__envs128__lr3e-3__seed100_actor_params.npz",
  "model": "C",
  "T": 23400,
  "maxN": 175,
  "rsu_max_concurrent": 6220,
  "fleet": "uk2030",
  "fleet_seed": 101,
  "obs_variant": "onehot17",
  "lambda_arrival": 1.5,
  "rsu_service_mult": 1.0,
  "rsu_lb": "ingress_dla",
  "rsu_backhaul_ms": 0.0,
  "k8s_scale": "off",
  "k8s_params": {},
  "k8s_mean_mult": 1.0,
  "k8s_scale_events": 0,
  "k8s_first_scaleup_s": -1.0,
  "rsu_cap_mode": "reject",
  "substep_queue": "sequential",
  "v2i_gate_rejected": 80510.0,
  "v2i_cap_rejected": 0.0,
  "veh_queue_mode": "conserved",
  "local_mqd_rejected": 204.0,
  "v2v_mqd_rejected": 1131.0,
  "v2i_unavailable": 53.0,
  "v2v_unavailable": 13.0,
  "work_ms": {
    "v2i_offered": 11031741.0,
    "v2i_admitted": 10402114.0,
    "v2i_rejected_or_unavailable": 629627.0,
    "veh_offered": 54622920.0,
    "veh_admitted": 54600232.0,
    "veh_rejected": 22688.0
  },
  "enter_reset": false,
  "reset_soc_on_enter": false,
  "engine_version": "v2_post_nrsus_fix",
  "fleet_ev_share": 0.2914285659790039,
  "fleet_tier_hist": [
    70,
    64,
    41
  ],
  "completion": 0.9095799790532225,
  "n_offered": 2837668.0,
  "n_admitted": 2755757.0,
  "completion_admitted": 0.936615964324866,
  "avg_latency_admitted_ms": 55.33051281372051,
  "avg_latency_met_ms": 45.01599404281764,
  "t1_completion": 0.763366969141881,
  "t2_completion": 0.9906036202420774,
  "t3_completion": 0.9193341219855717,
  "total_energy_j": 1290375.25,
  "avg_energy_j_per_task": 0.45473087408393087,
  "avg_latency_ms_per_task": 83.22201469657479,
  "p_local": 0.5663569522579809,
  "p_v2i": 0.24181123373135968,
  "p_v2v": 0.19183181401065946,
  "t1_share": 0.19969143677132067,
  "t2_share": 0.3001446962787754,
  "t3_share": 0.5001638669499039,
  "total_tasks": 2837668.0,
  "wall_s": 545.4,
  "v2i_path_metrics": {
    "schema_version": "e2_native_v2i_path_v1",
    "v2i_attempts": 686180,
    "v2i_admitted_tasks": 605617,
    "ingress_count_per_rsu": [
      182646,
      35324,
      128579,
      48155,
      38135,
      57013,
      49486,
      52742,
      17703,
      52399,
      5660,
      18338
    ],
    "selected_target_count_per_rsu": [
      182646,
      35324,
      128579,
      48155,
      38135,
      57013,
      49486,
      52742,
      17703,
      52399,
      5660,
      18338
    ],
    "actual_execution_count_per_rsu": [
      140002,
      34106,
      107682,
      45840,
      36750,
      53747,
      46801,
      49996,
      17441,
      49559,
      5628,
      18065
    ],
    "forwarded_admitted_task_count": 0,
    "forwarded_share_of_admitted_v2i": 0.0,
    "total_forwarding_latency_ms": 0.0,
    "mean_forwarding_latency_ms_per_admitted_v2i": 0.0,
    "mean_forwarding_latency_ms_per_forwarded_v2i": 0.0,
    "ingress_to_execution_pair_matrix": [
      [
        140002,
        0,
        0,
        0,
        0,
        0,
        0,
        0,
        0,
        0,
        0,
        0
      ],
      [
        0,
        34106,
        0,
        0,
        0,
        0,
        0,
        0,
        0,
        0,
        0,
        0
      ],
      [
        0,
        0,
        107682,
        0,
        0,
        0,
        0,
        0,
        0,
        0,
        0,
        0
      ],
      [
        0,
        0,
        0,
        45840,
        0,
        0,
        0,
        0,
        0,
        0,
        0,
        0
      ],
      [
        0,
        0,
        0,
        0,
        36750,
        0,
        0,
        0,
        0,
        0,
        0,
        0
      ],
      [
        0,
        0,
        0,
        0,
        0,
        53747,
        0,
        0,
        0,
        0,
        0,
        0
      ],
      [
        0,
        0,
        0,
        0,
        0,
        0,
        46801,
        0,
        0,
        0,
        0,
        0
      ],
      [
        0,
        0,
        0,
        0,
        0,
        0,
        0,
        49996,
        0,
        0,
        0,
        0
      ],
      [
        0,
        0,
        0,
        0,
        0,
        0,
        0,
        0,
        17441,
        0,
        0,
        0
      ],
      [
        0,
        0,
        0,
        0,
        0,
        0,
        0,
        0,
        0,
        49559,
        0,
        0
      ],
      [
        0,
        0,
        0,
        0,
        0,
        0,
        0,
        0,
        0,
        0,
        5628,
        0
      ],
      [
        0,
        0,
        0,
        0,
        0,
        0,
        0,
        0,
        0,
        0,
        0,
        18065
      ]
    ],
    "execution_share_per_rsu": [
      0.231172506716291,
      0.056316120584461796,
      0.17780544469524467,
      0.07569140232192953,
      0.06068191612851026,
      0.08874750873902153,
      0.07727821378858256,
      0.08255382527240814,
      0.028798729229859796,
      0.08183224711327457,
      0.009293002012823286,
      0.029829083397592868
    ],
    "maximum_execution_share": 0.231172506716291,
    "imbalance_diagnostic": {
      "name": "execution_share_range",
      "definition": "max(per-RSU execution share) - min(per-RSU execution share)",
      "value": 0.2218795047034677
    }
  },
  "extension_schema": "joint_seed_cyclic_v2_records",
  "substep_queue_iterations": 3,
  "k_max": 5,
  "n_rsus": 12,
  "max_vehicle_queue_depth": 10,
  "evaluator_seed": 201,
  "round_robin_pointer_final": null
}
[per-step] wrote /Users/akashx/Downloads/diss_mat/traffictwin-traces-raw-2026-09-16/ev/ev/block_01_ingress_dla/attempt_001/per_step.npz (T=23400, N=175, R=12; join vehicles on the trace npz pos_x/pos_y/mask for positions)
[per-task] wrote /Users/akashx/Downloads/diss_mat/traffictwin-traces-raw-2026-09-16/ev/ev/block_01_ingress_dla/attempt_001/per_task.npz ([T,KMAX,N] = [23400,5,175]; filter on task_active)
