[mc] enter-reset=ON reset_soc_on_enter=False
[mc] substep-queue=sequential (co-batch queueing charged; 3 gate iterations)
[mc] rsu-cap-mode=reject (buffer-full tasks individually failed; enqueued work conserved)
[mc] veh-queue=conserved (helper co-batch pricing + per-task MQD rejection on vehicle queues)
[mc] ABSOLUTE cap override: 6220 tasks/RSU (ratio form would give 538)
[mc] T=10800 maxN=215 RSU_MAX_CONCURRENT=6220 K_MAX=5
[fleet] uk2030: ev_share=0.2419 tier_hist=[93, 74, 48]
{
  "trace": "trace_wd_am_wdrsu.npz",
  "actor": "mappo_modelc_17dim__envs128__lr3e-3__seed100_actor_params.npz",
  "model": "C",
  "T": 10800,
  "maxN": 215,
  "rsu_max_concurrent": 6220,
  "fleet": "uk2030",
  "fleet_seed": 100,
  "obs_variant": "onehot17",
  "lambda_arrival": 1.5,
  "rsu_service_mult": 0.5,
  "rsu_lb": "ingress_dla",
  "rsu_backhaul_ms": 0.0,
  "k8s_scale": "off",
  "k8s_params": {},
  "k8s_mean_mult": 1.0,
  "k8s_scale_events": 0,
  "k8s_first_scaleup_s": -1.0,
  "rsu_cap_mode": "reject",
  "substep_queue": "sequential",
  "v2i_gate_rejected": 154361.0,
  "v2i_cap_rejected": 0.0,
  "veh_queue_mode": "conserved",
  "local_mqd_rejected": 269.0,
  "v2v_mqd_rejected": 2037.0,
  "v2i_unavailable": 50.0,
  "v2v_unavailable": 1.0,
  "work_ms": {
    "v2i_offered": 14655004.0,
    "v2i_admitted": 12105851.0,
    "v2i_rejected_or_unavailable": 2549153.0,
    "veh_offered": 34616992.0,
    "veh_admitted": 34577516.0,
    "veh_rejected": 39476.0
  },
  "enter_reset": true,
  "reset_soc_on_enter": false,
  "engine_version": "v3_enter_reset",
  "fleet_ev_share": 0.24186046421527863,
  "fleet_tier_hist": [
    93,
    74,
    48
  ],
  "completion": 0.8365283268023529,
  "n_offered": 1744761.0,
  "n_admitted": 1588043.0,
  "completion_admitted": 0.9190821659111246,
  "avg_latency_admitted_ms": 70.40898514712762,
  "avg_latency_met_ms": 56.65588246175855,
  "t1_completion": 0.6502336307859116,
  "t2_completion": 0.9784955277041578,
  "t3_completion": 0.8258171106586725,
  "total_energy_j": 782183.875,
  "avg_energy_j_per_task": 0.44830430930081544,
  "avg_latency_ms_per_task": 161.00669833862634,
  "p_local": 0.5131631209088237,
  "p_v2i": 0.2607199496091442,
  "p_v2v": 0.22611692948203221,
  "t1_share": 0.1998136134404655,
  "t2_share": 0.2999453793384882,
  "t3_share": 0.5002410072210464,
  "total_tasks": 1744761.0,
  "wall_s": 190.6,
  "v2i_path_metrics": {
    "schema_version": "e2_native_v2i_path_v1",
    "v2i_attempts": 454894,
    "v2i_admitted_tasks": 300483,
    "ingress_count_per_rsu": [
      128011,
      53536,
      58072,
      44247,
      24546,
      18372,
      73675,
      11193,
      43242
    ],
    "selected_target_count_per_rsu": [
      128011,
      53536,
      58072,
      44247,
      24546,
      18372,
      73675,
      11193,
      43242
    ],
    "actual_execution_count_per_rsu": [
      66287,
      37712,
      39519,
      32614,
      20570,
      15920,
      46968,
      9978,
      30915
    ],
    "forwarded_admitted_task_count": 0,
    "forwarded_share_of_admitted_v2i": 0.0,
    "total_forwarding_latency_ms": 0.0,
    "mean_forwarding_latency_ms_per_admitted_v2i": 0.0,
    "mean_forwarding_latency_ms_per_forwarded_v2i": 0.0,
    "ingress_to_execution_pair_matrix": [
      [
        66287,
        0,
        0,
        0,
        0,
        0,
        0,
        0,
        0
      ],
      [
        0,
        37712,
        0,
        0,
        0,
        0,
        0,
        0,
        0
      ],
      [
        0,
        0,
        39519,
        0,
        0,
        0,
        0,
        0,
        0
      ],
      [
        0,
        0,
        0,
        32614,
        0,
        0,
        0,
        0,
        0
      ],
      [
        0,
        0,
        0,
        0,
        20570,
        0,
        0,
        0,
        0
      ],
      [
        0,
        0,
        0,
        0,
        0,
        15920,
        0,
        0,
        0
      ],
      [
        0,
        0,
        0,
        0,
        0,
        0,
        46968,
        0,
        0
      ],
      [
        0,
        0,
        0,
        0,
        0,
        0,
        0,
        9978,
        0
      ],
      [
        0,
        0,
        0,
        0,
        0,
        0,
        0,
        0,
        30915
      ]
    ],
    "execution_share_per_rsu": [
      0.22060149825447695,
      0.12550460425381801,
      0.13151825560847036,
      0.10853858620953598,
      0.06845645177930199,
      0.05298136666633387,
      0.15630834356685736,
      0.03320653747466579,
      0.10288435618653967
    ],
    "maximum_execution_share": 0.22060149825447695,
    "imbalance_diagnostic": {
      "name": "execution_share_range",
      "definition": "max(per-RSU execution share) - min(per-RSU execution share)",
      "value": 0.18739496077981116
    }
  },
  "extension_schema": "joint_seed_cyclic_v2_records",
  "substep_queue_iterations": 3,
  "k_max": 5,
  "n_rsus": 9,
  "max_vehicle_queue_depth": 10,
  "evaluator_seed": 200,
  "round_robin_pointer_final": null
}
[per-step] wrote /Users/akashx/Downloads/diss_mat/traffictwin-followups-raw-2026-09-15/08_half_speed/block_00_ingress_dla/attempt_001/per_step.npz (T=10800, N=215, R=9; join vehicles on the trace npz pos_x/pos_y/mask for positions)
[per-task] wrote /Users/akashx/Downloads/diss_mat/traffictwin-followups-raw-2026-09-15/08_half_speed/block_00_ingress_dla/attempt_001/per_task.npz ([T,KMAX,N] = [10800,5,215]; filter on task_active)
