[mc] enter-reset=ON reset_soc_on_enter=False
[mc] substep-queue=sequential (co-batch queueing charged; 3 gate iterations)
[mc] rsu-cap-mode=reject (buffer-full tasks individually failed; enqueued work conserved)
[mc] veh-queue=conserved (helper co-batch pricing + per-task MQD rejection on vehicle queues)
[mc] ABSOLUTE cap override: 6220 tasks/RSU (ratio form would give 538)
[mc] T=10800 maxN=215 RSU_MAX_CONCURRENT=6220 K_MAX=5
[fleet] uk2030: ev_share=0.2093 tier_hist=[87, 79, 49]
{
  "trace": "trace_wd_am_wdrsu.npz",
  "actor": "mappo_modelc_17dim_ukfleet2030__envs128__lr3e-3__seed100_actor_params.npz",
  "model": "C",
  "T": 10800,
  "maxN": 215,
  "rsu_max_concurrent": 6220,
  "fleet": "uk2030",
  "fleet_seed": 104,
  "obs_variant": "onehot17",
  "lambda_arrival": 1.5,
  "rsu_service_mult": 1.0,
  "rsu_lb": "causal_round_robin",
  "rsu_backhaul_ms": 0.0,
  "k8s_scale": "off",
  "k8s_params": {},
  "k8s_mean_mult": 1.0,
  "k8s_scale_events": 0,
  "k8s_first_scaleup_s": -1.0,
  "rsu_cap_mode": "reject",
  "substep_queue": "sequential",
  "v2i_gate_rejected": 5784.0,
  "v2i_cap_rejected": 0.0,
  "veh_queue_mode": "conserved",
  "local_mqd_rejected": 146.0,
  "v2v_mqd_rejected": 1037.0,
  "v2i_unavailable": 50.0,
  "v2v_unavailable": 0.0,
  "work_ms": {
    "v2i_offered": 5734215.5,
    "v2i_admitted": 5687417.0,
    "v2i_rejected_or_unavailable": 46798.5,
    "veh_offered": 35260500.0,
    "veh_admitted": 35234424.0,
    "veh_rejected": 26076.0
  },
  "enter_reset": true,
  "reset_soc_on_enter": false,
  "engine_version": "v3_enter_reset",
  "fleet_ev_share": 0.20930232107639313,
  "fleet_tier_hist": [
    87,
    79,
    49
  ],
  "completion": 0.9317653617698815,
  "n_offered": 1743484.0,
  "n_admitted": 1736467.0,
  "completion_admitted": 0.9355305917129436,
  "avg_latency_admitted_ms": 53.403643144384546,
  "avg_latency_met_ms": 42.99796001029228,
  "t1_completion": 0.7993351803731938,
  "t2_completion": 0.9910271898703206,
  "t3_completion": 0.9491706838044149,
  "total_energy_j": 799135.4375,
  "avg_energy_j_per_task": 0.45835547530117854,
  "avg_latency_ms_per_task": 58.073755767188,
  "p_local": 0.6140744623982783,
  "p_v2i": 0.20446588554870593,
  "p_v2v": 0.18145965205301567,
  "t1_share": 0.19998233422274023,
  "t2_share": 0.30005207962906455,
  "t3_share": 0.4999655861481952,
  "total_tasks": 1743484.0,
  "wall_s": 160.2,
  "v2i_path_metrics": {
    "schema_version": "e2_native_v2i_path_v1",
    "v2i_attempts": 356483,
    "v2i_admitted_tasks": 350649,
    "ingress_count_per_rsu": [
      91011,
      43969,
      47098,
      37173,
      23333,
      16981,
      53389,
      9933,
      33596
    ],
    "selected_target_count_per_rsu": [
      39611,
      39608,
      39609,
      39610,
      39607,
      39611,
      39611,
      39608,
      39608
    ],
    "actual_execution_count_per_rsu": [
      39004,
      38974,
      38987,
      38939,
      38945,
      38974,
      38926,
      38976,
      38924
    ],
    "forwarded_admitted_task_count": 311541,
    "forwarded_share_of_admitted_v2i": 0.8884696662474441,
    "total_forwarding_latency_ms": 0.0,
    "mean_forwarding_latency_ms_per_admitted_v2i": 0.0,
    "mean_forwarding_latency_ms_per_forwarded_v2i": 0.0,
    "ingress_to_execution_pair_matrix": [
      [
        9935,
        9990,
        9936,
        9933,
        9958,
        9897,
        9867,
        10056,
        9802
      ],
      [
        4808,
        4825,
        4794,
        4828,
        4795,
        4885,
        4757,
        4828,
        4767
      ],
      [
        5085,
        5171,
        5213,
        5133,
        5107,
        5222,
        5237,
        5030,
        5193
      ],
      [
        4126,
        4060,
        4044,
        4080,
        4046,
        4074,
        4110,
        4000,
        4082
      ],
      [
        2556,
        2559,
        2570,
        2506,
        2608,
        2495,
        2518,
        2579,
        2555
      ],
      [
        1812,
        1847,
        1854,
        1844,
        1916,
        1809,
        1935,
        1881,
        1881
      ],
      [
        5943,
        5805,
        5906,
        5803,
        5853,
        5840,
        5843,
        5784,
        5803
      ],
      [
        1111,
        1073,
        1072,
        1044,
        1091,
        1116,
        1058,
        1079,
        1125
      ],
      [
        3628,
        3644,
        3598,
        3768,
        3571,
        3636,
        3601,
        3739,
        3716
      ]
    ],
    "execution_share_per_rsu": [
      0.1112337408633705,
      0.11114818522225929,
      0.11118525933340748,
      0.11104837030762957,
      0.1110654814358518,
      0.11114818522225929,
      0.11101129619648138,
      0.11115388893166671,
      0.11100559248707396
    ],
    "maximum_execution_share": 0.1112337408633705,
    "imbalance_diagnostic": {
      "name": "execution_share_range",
      "definition": "max(per-RSU execution share) - min(per-RSU execution share)",
      "value": 0.00022814837629653306
    }
  },
  "extension_schema": "joint_seed_cyclic_v2_records",
  "substep_queue_iterations": 3,
  "k_max": 5,
  "n_rsus": 9,
  "max_vehicle_queue_depth": 10,
  "evaluator_seed": 204,
  "round_robin_pointer_final": 6
}
[per-step] wrote /Users/akashx/Downloads/diss_mat/traffictwin-followups-raw-2026-09-15/09_second_actor/block_04_causal_round_robin/attempt_001/per_step.npz (T=10800, N=215, R=9; join vehicles on the trace npz pos_x/pos_y/mask for positions)
[per-task] wrote /Users/akashx/Downloads/diss_mat/traffictwin-followups-raw-2026-09-15/09_second_actor/block_04_causal_round_robin/attempt_001/per_task.npz ([T,KMAX,N] = [10800,5,215]; filter on task_active)
