[mc] enter-reset=off (mask-only reset — no enter channel in trace) reset_soc_on_enter=False
[mc] substep-queue=sequential (co-batch queueing charged; 3 gate iterations)
[mc] rsu-cap-mode=reject (buffer-full tasks individually failed; enqueued work conserved)
[mc] veh-queue=conserved (helper co-batch pricing + per-task MQD rejection on vehicle queues)
[mc] ABSOLUTE cap override: 6220 tasks/RSU (ratio form would give 438)
[mc] T=23400 maxN=175 RSU_MAX_CONCURRENT=6220 K_MAX=5
[fleet] uk2030: ev_share=0.2400 tier_hist=[70, 67, 38]
{
  "trace": "trace_ev_fullrsu.npz",
  "actor": "mappo_modelc_17dim__envs128__lr3e-3__seed100_actor_params.npz",
  "model": "C",
  "T": 23400,
  "maxN": 175,
  "rsu_max_concurrent": 6220,
  "fleet": "uk2030",
  "fleet_seed": 102,
  "obs_variant": "onehot17",
  "lambda_arrival": 1.5,
  "rsu_service_mult": 1.0,
  "rsu_lb": "dla",
  "rsu_backhaul_ms": 0.0,
  "k8s_scale": "off",
  "k8s_params": {},
  "k8s_mean_mult": 1.0,
  "k8s_scale_events": 0,
  "k8s_first_scaleup_s": -1.0,
  "rsu_cap_mode": "reject",
  "substep_queue": "sequential",
  "v2i_gate_rejected": 228505.0,
  "v2i_cap_rejected": 0.0,
  "veh_queue_mode": "conserved",
  "local_mqd_rejected": 297.0,
  "v2v_mqd_rejected": 1963.0,
  "v2i_unavailable": 72.0,
  "v2v_unavailable": 7.0,
  "work_ms": {
    "v2i_offered": 12495667.0,
    "v2i_admitted": 10704631.0,
    "v2i_rejected_or_unavailable": 1791036.0,
    "veh_offered": 53859216.0,
    "veh_admitted": 53824268.0,
    "veh_rejected": 34948.0
  },
  "enter_reset": false,
  "reset_soc_on_enter": false,
  "engine_version": "v2_post_nrsus_fix",
  "fleet_ev_share": 0.23999999463558197,
  "fleet_tier_hist": [
    70,
    67,
    38
  ],
  "completion": 0.8546793329563969,
  "n_offered": 2835137.0,
  "n_admitted": 2604293.0,
  "completion_admitted": 0.930437934594917,
  "avg_latency_admitted_ms": 62.41982756932496,
  "avg_latency_met_ms": 51.3940093259429,
  "t1_completion": 0.6836271666863751,
  "t2_completion": 0.9896000329336211,
  "t3_completion": 0.8421349863327202,
  "total_energy_j": 1215909.25,
  "avg_energy_j_per_task": 0.4288714266717975,
  "avg_latency_ms_per_task": 139.7798328616924,
  "p_local": 0.537095385513998,
  "p_v2i": 0.27375784662257946,
  "p_v2v": 0.18914676786342247,
  "t1_share": 0.19984607445777752,
  "t2_share": 0.2998779247704785,
  "t3_share": 0.5002760007717441,
  "total_tasks": 2835137.0,
  "wall_s": 574.4,
  "v2i_path_metrics": {
    "schema_version": "e2_native_v2i_path_v1",
    "v2i_attempts": 776141,
    "v2i_admitted_tasks": 547564,
    "ingress_count_per_rsu": [
      202445,
      42741,
      142790,
      51051,
      44985,
      65593,
      59040,
      62089,
      21513,
      56447,
      6081,
      21366
    ],
    "selected_target_count_per_rsu": [
      403451,
      229971,
      98880,
      34175,
      9664,
      0,
      0,
      0,
      0,
      0,
      0,
      0
    ],
    "actual_execution_count_per_rsu": [
      236310,
      173656,
      93874,
      34062,
      9662,
      0,
      0,
      0,
      0,
      0,
      0,
      0
    ],
    "forwarded_admitted_task_count": 456849,
    "forwarded_share_of_admitted_v2i": 0.834329868289369,
    "total_forwarding_latency_ms": 0.0,
    "mean_forwarding_latency_ms_per_admitted_v2i": 0.0,
    "mean_forwarding_latency_ms_per_forwarded_v2i": 0.0,
    "ingress_to_execution_pair_matrix": [
      [
        61226,
        45218,
        24669,
        8845,
        2422,
        0,
        0,
        0,
        0,
        0,
        0,
        0
      ],
      [
        12935,
        9479,
        5145,
        1872,
        548,
        0,
        0,
        0,
        0,
        0,
        0,
        0
      ],
      [
        43586,
        32083,
        17167,
        6241,
        1771,
        0,
        0,
        0,
        0,
        0,
        0,
        0
      ],
      [
        15571,
        11386,
        6124,
        2249,
        640,
        0,
        0,
        0,
        0,
        0,
        0,
        0
      ],
      [
        13934,
        10276,
        5500,
        1962,
        594,
        0,
        0,
        0,
        0,
        0,
        0,
        0
      ],
      [
        20290,
        14687,
        7797,
        2791,
        855,
        0,
        0,
        0,
        0,
        0,
        0,
        0
      ],
      [
        17913,
        13127,
        7184,
        2673,
        710,
        0,
        0,
        0,
        0,
        0,
        0,
        0
      ],
      [
        18869,
        13923,
        7437,
        2681,
        769,
        0,
        0,
        0,
        0,
        0,
        0,
        0
      ],
      [
        6563,
        4833,
        2636,
        973,
        277,
        0,
        0,
        0,
        0,
        0,
        0,
        0
      ],
      [
        16914,
        12404,
        6820,
        2542,
        708,
        0,
        0,
        0,
        0,
        0,
        0,
        0
      ],
      [
        1853,
        1364,
        773,
        290,
        69,
        0,
        0,
        0,
        0,
        0,
        0,
        0
      ],
      [
        6656,
        4876,
        2622,
        943,
        299,
        0,
        0,
        0,
        0,
        0,
        0,
        0
      ]
    ],
    "execution_share_per_rsu": [
      0.43156599045956273,
      0.3171428362711939,
      0.17143932033515716,
      0.06220642701127174,
      0.0176454259228145,
      0.0,
      0.0,
      0.0,
      0.0,
      0.0,
      0.0,
      0.0
    ],
    "maximum_execution_share": 0.43156599045956273,
    "imbalance_diagnostic": {
      "name": "execution_share_range",
      "definition": "max(per-RSU execution share) - min(per-RSU execution share)",
      "value": 0.43156599045956273
    }
  },
  "extension_schema": "joint_seed_cyclic_v2_records",
  "substep_queue_iterations": 3,
  "k_max": 5,
  "n_rsus": 12,
  "max_vehicle_queue_depth": 10,
  "evaluator_seed": 202,
  "round_robin_pointer_final": null
}
[per-step] wrote /Users/akashx/Downloads/diss_mat/traffictwin-traces-raw-2026-09-16/ev/ev/block_02_dla/attempt_001/per_step.npz (T=23400, N=175, R=12; join vehicles on the trace npz pos_x/pos_y/mask for positions)
[per-task] wrote /Users/akashx/Downloads/diss_mat/traffictwin-traces-raw-2026-09-16/ev/ev/block_02_dla/attempt_001/per_task.npz ([T,KMAX,N] = [23400,5,175]; filter on task_active)
