[mc] enter-reset=off (mask-only reset — no enter channel in trace) reset_soc_on_enter=False
[mc] substep-queue=sequential (co-batch queueing charged; 3 gate iterations)
[mc] rsu-cap-mode=reject (buffer-full tasks individually failed; enqueued work conserved)
[mc] veh-queue=conserved (helper co-batch pricing + per-task MQD rejection on vehicle queues)
[mc] ABSOLUTE cap override: 6220 tasks/RSU (ratio form would give 408)
[mc] T=25200 maxN=163 RSU_MAX_CONCURRENT=6220 K_MAX=5
[fleet] uk2030: ev_share=0.2331 tier_hist=[66, 62, 35]
{
  "trace": "trace_wd_pm_fullrsu.npz",
  "actor": "mappo_modelc_17dim__envs128__lr3e-3__seed100_actor_params.npz",
  "model": "C",
  "T": 25200,
  "maxN": 163,
  "rsu_max_concurrent": 6220,
  "fleet": "uk2030",
  "fleet_seed": 104,
  "obs_variant": "onehot17",
  "lambda_arrival": 1.5,
  "rsu_service_mult": 1.0,
  "rsu_lb": "dla_p2c",
  "rsu_backhaul_ms": 0.0,
  "k8s_scale": "off",
  "k8s_params": {},
  "k8s_mean_mult": 1.0,
  "k8s_scale_events": 0,
  "k8s_first_scaleup_s": -1.0,
  "rsu_cap_mode": "reject",
  "substep_queue": "sequential",
  "v2i_gate_rejected": 14545.0,
  "v2i_cap_rejected": 0.0,
  "veh_queue_mode": "conserved",
  "local_mqd_rejected": 303.0,
  "v2v_mqd_rejected": 1855.0,
  "v2i_unavailable": 110.0,
  "v2v_unavailable": 1.0,
  "work_ms": {
    "v2i_offered": 15762625.0,
    "v2i_admitted": 15647598.0,
    "v2i_rejected_or_unavailable": 115027.0,
    "veh_offered": 77188200.0,
    "veh_admitted": 77152608.0,
    "veh_rejected": 35592.0
  },
  "enter_reset": false,
  "reset_soc_on_enter": false,
  "engine_version": "v2_post_nrsus_fix",
  "fleet_ev_share": 0.23312883079051971,
  "fleet_tier_hist": [
    66,
    62,
    35
  ],
  "completion": 0.9301005338284816,
  "n_offered": 3920173.0,
  "n_admitted": 3903359.0,
  "completion_admitted": 0.9341070088608299,
  "avg_latency_admitted_ms": 54.70208812461267,
  "avg_latency_met_ms": 43.66633014778582,
  "t1_completion": 0.7855860333237759,
  "t2_completion": 0.9896145055355884,
  "t3_completion": 0.952239907930384,
  "total_energy_j": 1737255.375,
  "avg_energy_j_per_task": 0.44315783385069996,
  "avg_latency_ms_per_task": 59.43306277554588,
  "p_local": 0.5577182435571083,
  "p_v2i": 0.24946552103695424,
  "p_v2v": 0.19281623540593745,
  "t1_share": 0.20017611467657168,
  "t2_share": 0.30022399521653764,
  "t3_share": 0.4995998901068907,
  "total_tasks": 3920173.0,
  "wall_s": 552.6,
  "v2i_path_metrics": {
    "schema_version": "e2_native_v2i_path_v1",
    "v2i_attempts": 977948,
    "v2i_admitted_tasks": 963293,
    "ingress_count_per_rsu": [
      277339,
      53836,
      191556,
      69856,
      76576,
      85886,
      112396,
      24852,
      11946,
      73705
    ],
    "selected_target_count_per_rsu": [
      98015,
      97793,
      97908,
      97989,
      97773,
      97110,
      98015,
      97770,
      97789,
      97786
    ],
    "actual_execution_count_per_rsu": [
      96588,
      96332,
      96443,
      96535,
      96278,
      95681,
      96538,
      96266,
      96286,
      96346
    ],
    "forwarded_admitted_task_count": 867039,
    "forwarded_share_of_admitted_v2i": 0.9000781693628003,
    "total_forwarding_latency_ms": 0.0,
    "mean_forwarding_latency_ms_per_admitted_v2i": 0.0,
    "mean_forwarding_latency_ms_per_forwarded_v2i": 0.0,
    "ingress_to_execution_pair_matrix": [
      [
        27407,
        27145,
        27502,
        27267,
        27311,
        27207,
        27456,
        27168,
        27326,
        27148
      ],
      [
        5377,
        5264,
        5178,
        5268,
        5377,
        5254,
        5256,
        5369,
        5301,
        5454
      ],
      [
        18847,
        19010,
        18609,
        18985,
        18813,
        18797,
        19072,
        18723,
        18754,
        18986
      ],
      [
        6881,
        6817,
        6885,
        6786,
        6850,
        6863,
        6972,
        6956,
        6991,
        6879
      ],
      [
        7521,
        7661,
        7712,
        7533,
        7631,
        7475,
        7569,
        7404,
        7471,
        7479
      ],
      [
        8484,
        8512,
        8579,
        8441,
        8416,
        8512,
        8470,
        8456,
        8295,
        8487
      ],
      [
        11180,
        11025,
        11217,
        11161,
        11013,
        10795,
        11021,
        11137,
        11154,
        11022
      ],
      [
        2435,
        2438,
        2459,
        2424,
        2385,
        2482,
        2419,
        2520,
        2455,
        2477
      ],
      [
        1189,
        1191,
        1183,
        1216,
        1192,
        1121,
        1110,
        1187,
        1244,
        1154
      ],
      [
        7267,
        7269,
        7119,
        7454,
        7290,
        7175,
        7193,
        7346,
        7295,
        7260
      ]
    ],
    "execution_share_per_rsu": [
      0.10026855795692484,
      0.10000280288551873,
      0.10011803262351122,
      0.10021353835229779,
      0.09994674517514401,
      0.099326996043779,
      0.10021665266954083,
      0.09993428790617186,
      0.09995505002112545,
      0.10001733636598625
    ],
    "maximum_execution_share": 0.10026855795692484,
    "imbalance_diagnostic": {
      "name": "execution_share_range",
      "definition": "max(per-RSU execution share) - min(per-RSU execution share)",
      "value": 0.0009415619131458441
    }
  },
  "extension_schema": "joint_seed_cyclic_v2_records",
  "substep_queue_iterations": 3,
  "k_max": 5,
  "n_rsus": 10,
  "max_vehicle_queue_depth": 10,
  "evaluator_seed": 204,
  "round_robin_pointer_final": null
}
[per-step] wrote /Users/akashx/Downloads/diss_mat/traffictwin-traces-raw-2026-09-16/wd_pm/wd_pm/block_04_dla_p2c/attempt_001/per_step.npz (T=25200, N=163, R=10; join vehicles on the trace npz pos_x/pos_y/mask for positions)
[per-task] wrote /Users/akashx/Downloads/diss_mat/traffictwin-traces-raw-2026-09-16/wd_pm/wd_pm/block_04_dla_p2c/attempt_001/per_task.npz ([T,KMAX,N] = [25200,5,163]; filter on task_active)
