[mc] enter-reset=off (mask-only reset — no enter channel in trace) reset_soc_on_enter=False
[mc] substep-queue=sequential (co-batch queueing charged; 3 gate iterations)
[mc] rsu-cap-mode=reject (buffer-full tasks individually failed; enqueued work conserved)
[mc] veh-queue=conserved (helper co-batch pricing + per-task MQD rejection on vehicle queues)
[mc] ABSOLUTE cap override: 6220 tasks/RSU (ratio form would give 408)
[mc] T=25200 maxN=163 RSU_MAX_CONCURRENT=6220 K_MAX=5
[fleet] uk2030: ev_share=0.2577 tier_hist=[69, 43, 51]
{
  "trace": "trace_wd_pm_fullrsu.npz",
  "actor": "mappo_modelc_17dim__envs128__lr3e-3__seed100_actor_params.npz",
  "model": "C",
  "T": 25200,
  "maxN": 163,
  "rsu_max_concurrent": 6220,
  "fleet": "uk2030",
  "fleet_seed": 106,
  "obs_variant": "onehot17",
  "lambda_arrival": 1.5,
  "rsu_service_mult": 1.0,
  "rsu_lb": "causal_round_robin",
  "rsu_backhaul_ms": 0.0,
  "k8s_scale": "off",
  "k8s_params": {},
  "k8s_mean_mult": 1.0,
  "k8s_scale_events": 0,
  "k8s_first_scaleup_s": -1.0,
  "rsu_cap_mode": "reject",
  "substep_queue": "sequential",
  "v2i_gate_rejected": 14990.0,
  "v2i_cap_rejected": 0.0,
  "veh_queue_mode": "conserved",
  "local_mqd_rejected": 519.0,
  "v2v_mqd_rejected": 3455.0,
  "v2i_unavailable": 96.0,
  "v2v_unavailable": 5.0,
  "work_ms": {
    "v2i_offered": 15482372.0,
    "v2i_admitted": 15364561.0,
    "v2i_rejected_or_unavailable": 117811.0,
    "veh_offered": 73643720.0,
    "veh_admitted": 73582648.0,
    "veh_rejected": 61072.0
  },
  "enter_reset": false,
  "reset_soc_on_enter": false,
  "engine_version": "v2_post_nrsus_fix",
  "fleet_ev_share": 0.25766870379447937,
  "fleet_tier_hist": [
    69,
    43,
    51
  ],
  "completion": 0.9306397517858962,
  "n_offered": 3916941.0,
  "n_admitted": 3897876.0,
  "completion_admitted": 0.9351916274401751,
  "avg_latency_admitted_ms": 53.5416662818417,
  "avg_latency_met_ms": 41.56129286764377,
  "t1_completion": 0.7847571745056201,
  "t2_completion": 0.9867828841756547,
  "t3_completion": 0.955339651206831,
  "total_energy_j": 2003706.625,
  "avg_energy_j_per_task": 0.5115488400259284,
  "avg_latency_ms_per_task": 59.4330565612298,
  "p_local": 0.533286817442489,
  "p_v2i": 0.2455104633947767,
  "p_v2v": 0.2212027191627344,
  "t1_share": 0.200056115218483,
  "t2_share": 0.2997836832364848,
  "t3_share": 0.5001602015450322,
  "total_tasks": 3916941.0,
  "wall_s": 619.4,
  "v2i_path_metrics": {
    "schema_version": "e2_native_v2i_path_v1",
    "v2i_attempts": 961650,
    "v2i_admitted_tasks": 946564,
    "ingress_count_per_rsu": [
      274130,
      52206,
      191224,
      68724,
      74888,
      84112,
      108304,
      24004,
      11699,
      72359
    ],
    "selected_target_count_per_rsu": [
      96165,
      96167,
      96168,
      96164,
      96168,
      96162,
      96163,
      96161,
      96165,
      96167
    ],
    "actual_execution_count_per_rsu": [
      94622,
      94712,
      94681,
      94670,
      94668,
      94677,
      94596,
      94616,
      94606,
      94716
    ],
    "forwarded_admitted_task_count": 851714,
    "forwarded_share_of_admitted_v2i": 0.8997954707764081,
    "total_forwarding_latency_ms": 0.0,
    "mean_forwarding_latency_ms_per_admitted_v2i": 0.0,
    "mean_forwarding_latency_ms_per_forwarded_v2i": 0.0,
    "ingress_to_execution_pair_matrix": [
      [
        27031,
        26947,
        26798,
        26870,
        27092,
        26847,
        26939,
        27146,
        27258,
        26762
      ],
      [
        5088,
        5184,
        5219,
        5141,
        5112,
        5222,
        5063,
        5152,
        5116,
        5099
      ],
      [
        18873,
        18702,
        18699,
        18771,
        18860,
        18922,
        18880,
        18747,
        18782,
        18939
      ],
      [
        6760,
        6840,
        6764,
        6730,
        6848,
        6728,
        6742,
        6692,
        6776,
        6820
      ],
      [
        7333,
        7407,
        7424,
        7498,
        7390,
        7321,
        7431,
        7427,
        7275,
        7255
      ],
      [
        8339,
        8343,
        8260,
        8078,
        8337,
        8358,
        8260,
        8251,
        8303,
        8355
      ],
      [
        10637,
        10556,
        10793,
        10815,
        10575,
        10553,
        10715,
        10563,
        10595,
        10738
      ],
      [
        2282,
        2395,
        2399,
        2392,
        2389,
        2339,
        2287,
        2408,
        2394,
        2373
      ],
      [
        1176,
        1159,
        1165,
        1127,
        1087,
        1170,
        1181,
        1161,
        1126,
        1166
      ],
      [
        7103,
        7179,
        7160,
        7248,
        6978,
        7217,
        7098,
        7069,
        6981,
        7209
      ]
    ],
    "execution_share_per_rsu": [
      0.0999636580305188,
      0.10005873876462659,
      0.10002598873398946,
      0.10001436775537628,
      0.1000122548501739,
      0.10002176292358467,
      0.09993619026288766,
      0.09995731931491161,
      0.09994675478889964,
      0.10006296457503137
    ],
    "maximum_execution_share": 0.10006296457503137,
    "imbalance_diagnostic": {
      "name": "execution_share_range",
      "definition": "max(per-RSU execution share) - min(per-RSU execution share)",
      "value": 0.00012677431214370982
    }
  },
  "extension_schema": "joint_seed_cyclic_v2_records",
  "substep_queue_iterations": 3,
  "k_max": 5,
  "n_rsus": 10,
  "max_vehicle_queue_depth": 10,
  "evaluator_seed": 206,
  "round_robin_pointer_final": 4
}
[per-step] wrote /Users/akashx/Downloads/diss_mat/traffictwin-traces-raw-2026-09-16/wd_pm/wd_pm/block_06_causal_round_robin/attempt_001/per_step.npz (T=25200, N=163, R=10; join vehicles on the trace npz pos_x/pos_y/mask for positions)
[per-task] wrote /Users/akashx/Downloads/diss_mat/traffictwin-traces-raw-2026-09-16/wd_pm/wd_pm/block_06_causal_round_robin/attempt_001/per_task.npz ([T,KMAX,N] = [25200,5,163]; filter on task_active)
