[mc] enter-reset=ON reset_soc_on_enter=False
[mc] substep-queue=sequential (co-batch queueing charged; 3 gate iterations)
[mc] rsu-cap-mode=reject (buffer-full tasks individually failed; enqueued work conserved)
[mc] veh-queue=conserved (helper co-batch pricing + per-task MQD rejection on vehicle queues)
[mc] ABSOLUTE cap override: 6220 tasks/RSU (ratio form would give 538)
[mc] T=10800 maxN=215 RSU_MAX_CONCURRENT=6220 K_MAX=5
[fleet] uk2030: ev_share=0.2186 tier_hist=[86, 81, 48]
{
  "trace": "trace_wd_am_wdrsu.npz",
  "actor": "mappo_modelc_17dim_ukfleet2030__envs128__lr3e-3__seed100_actor_params.npz",
  "model": "C",
  "T": 10800,
  "maxN": 215,
  "rsu_max_concurrent": 6220,
  "fleet": "uk2030",
  "fleet_seed": 106,
  "obs_variant": "onehot17",
  "lambda_arrival": 1.5,
  "rsu_service_mult": 1.0,
  "rsu_lb": "ingress_dla",
  "rsu_backhaul_ms": 0.0,
  "k8s_scale": "off",
  "k8s_params": {},
  "k8s_mean_mult": 1.0,
  "k8s_scale_events": 0,
  "k8s_first_scaleup_s": -1.0,
  "rsu_cap_mode": "reject",
  "substep_queue": "sequential",
  "v2i_gate_rejected": 54165.0,
  "v2i_cap_rejected": 0.0,
  "veh_queue_mode": "conserved",
  "local_mqd_rejected": 195.0,
  "v2v_mqd_rejected": 928.0,
  "v2i_unavailable": 75.0,
  "v2v_unavailable": 0.0,
  "work_ms": {
    "v2i_offered": 6135223.0,
    "v2i_admitted": 5711663.5,
    "v2i_rejected_or_unavailable": 423559.5,
    "veh_offered": 35349624.0,
    "veh_admitted": 35326252.0,
    "veh_rejected": 23372.0
  },
  "enter_reset": true,
  "reset_soc_on_enter": false,
  "engine_version": "v3_enter_reset",
  "fleet_ev_share": 0.2186046540737152,
  "fleet_tier_hist": [
    86,
    81,
    48
  ],
  "completion": 0.8980365594298818,
  "n_offered": 1742095.0,
  "n_admitted": 1686732.0,
  "completion_admitted": 0.9275124916109969,
  "avg_latency_admitted_ms": 58.185817308262365,
  "avg_latency_met_ms": 46.67720658499871,
  "t1_completion": 0.7424957967280469,
  "t2_completion": 0.990231382163653,
  "t3_completion": 0.9050118362274621,
  "total_energy_j": 777366.75,
  "avg_energy_j_per_task": 0.44622523455953894,
  "avg_latency_ms_per_task": 88.99335570103811,
  "p_local": 0.5878043390285834,
  "p_v2i": 0.21908736320349922,
  "p_v2v": 0.19310829776791735,
  "t1_share": 0.20006830855952173,
  "t2_share": 0.29968514920254063,
  "t3_share": 0.5002465422379376,
  "total_tasks": 1742095.0,
  "wall_s": 168.9,
  "v2i_path_metrics": {
    "schema_version": "e2_native_v2i_path_v1",
    "v2i_attempts": 381671,
    "v2i_admitted_tasks": 327431,
    "ingress_count_per_rsu": [
      98256,
      46226,
      49447,
      40035,
      25527,
      18303,
      59402,
      9964,
      34511
    ],
    "selected_target_count_per_rsu": [
      98256,
      46226,
      49447,
      40035,
      25527,
      18303,
      59402,
      9964,
      34511
    ],
    "actual_execution_count_per_rsu": [
      73154,
      40958,
      43185,
      36329,
      24302,
      17745,
      50385,
      9795,
      31578
    ],
    "forwarded_admitted_task_count": 0,
    "forwarded_share_of_admitted_v2i": 0.0,
    "total_forwarding_latency_ms": 0.0,
    "mean_forwarding_latency_ms_per_admitted_v2i": 0.0,
    "mean_forwarding_latency_ms_per_forwarded_v2i": 0.0,
    "ingress_to_execution_pair_matrix": [
      [
        73154,
        0,
        0,
        0,
        0,
        0,
        0,
        0,
        0
      ],
      [
        0,
        40958,
        0,
        0,
        0,
        0,
        0,
        0,
        0
      ],
      [
        0,
        0,
        43185,
        0,
        0,
        0,
        0,
        0,
        0
      ],
      [
        0,
        0,
        0,
        36329,
        0,
        0,
        0,
        0,
        0
      ],
      [
        0,
        0,
        0,
        0,
        24302,
        0,
        0,
        0,
        0
      ],
      [
        0,
        0,
        0,
        0,
        0,
        17745,
        0,
        0,
        0
      ],
      [
        0,
        0,
        0,
        0,
        0,
        0,
        50385,
        0,
        0
      ],
      [
        0,
        0,
        0,
        0,
        0,
        0,
        0,
        9795,
        0
      ],
      [
        0,
        0,
        0,
        0,
        0,
        0,
        0,
        0,
        31578
      ]
    ],
    "execution_share_per_rsu": [
      0.22341806365310554,
      0.12508895003832868,
      0.13189038301199338,
      0.11095162034138491,
      0.07422021738931256,
      0.05419462421090245,
      0.15387974871041532,
      0.02991469958556154,
      0.09644169305899564
    ],
    "maximum_execution_share": 0.22341806365310554,
    "imbalance_diagnostic": {
      "name": "execution_share_range",
      "definition": "max(per-RSU execution share) - min(per-RSU execution share)",
      "value": 0.193503364067544
    }
  },
  "extension_schema": "joint_seed_cyclic_v2_records",
  "substep_queue_iterations": 3,
  "k_max": 5,
  "n_rsus": 9,
  "max_vehicle_queue_depth": 10,
  "evaluator_seed": 206,
  "round_robin_pointer_final": null
}
[per-step] wrote /Users/akashx/Downloads/diss_mat/traffictwin-followups-raw-2026-09-15/09_second_actor/block_06_ingress_dla/attempt_001/per_step.npz (T=10800, N=215, R=9; join vehicles on the trace npz pos_x/pos_y/mask for positions)
[per-task] wrote /Users/akashx/Downloads/diss_mat/traffictwin-followups-raw-2026-09-15/09_second_actor/block_06_ingress_dla/attempt_001/per_task.npz ([T,KMAX,N] = [10800,5,215]; filter on task_active)
