[mc] enter-reset=off (mask-only reset — no enter channel in trace) reset_soc_on_enter=False
[mc] substep-queue=sequential (co-batch queueing charged; 3 gate iterations)
[mc] rsu-cap-mode=reject (buffer-full tasks individually failed; enqueued work conserved)
[mc] veh-queue=conserved (helper co-batch pricing + per-task MQD rejection on vehicle queues)
[mc] ABSOLUTE cap override: 6220 tasks/RSU (ratio form would give 438)
[mc] T=23400 maxN=175 RSU_MAX_CONCURRENT=6220 K_MAX=5
[fleet] uk2030: ev_share=0.2400 tier_hist=[70, 67, 38]
{
  "trace": "trace_ev_fullrsu.npz",
  "actor": "mappo_modelc_17dim__envs128__lr3e-3__seed100_actor_params.npz",
  "model": "C",
  "T": 23400,
  "maxN": 175,
  "rsu_max_concurrent": 6220,
  "fleet": "uk2030",
  "fleet_seed": 102,
  "obs_variant": "onehot17",
  "lambda_arrival": 1.5,
  "rsu_service_mult": 1.0,
  "rsu_lb": "per_task_dla",
  "rsu_backhaul_ms": 0.0,
  "k8s_scale": "off",
  "k8s_params": {},
  "k8s_mean_mult": 1.0,
  "k8s_scale_events": 0,
  "k8s_first_scaleup_s": -1.0,
  "rsu_cap_mode": "reject",
  "substep_queue": "sequential",
  "v2i_gate_rejected": 2.0,
  "v2i_cap_rejected": 0.0,
  "veh_queue_mode": "conserved",
  "local_mqd_rejected": 297.0,
  "v2v_mqd_rejected": 1963.0,
  "v2i_unavailable": 72.0,
  "v2v_unavailable": 7.0,
  "work_ms": {
    "v2i_offered": 12495667.0,
    "v2i_admitted": 12494613.0,
    "v2i_rejected_or_unavailable": 1054.0,
    "veh_offered": 53859216.0,
    "veh_admitted": 53824268.0,
    "veh_rejected": 34948.0
  },
  "enter_reset": false,
  "reset_soc_on_enter": false,
  "engine_version": "v2_post_nrsus_fix",
  "fleet_ev_share": 0.23999999463558197,
  "fleet_tier_hist": [
    70,
    67,
    38
  ],
  "completion": 0.9447589305208178,
  "n_offered": 2835137.0,
  "n_admitted": 2832796.0,
  "completion_admitted": 0.9455396717589265,
  "avg_latency_admitted_ms": 50.75714311937746,
  "avg_latency_met_ms": 40.85305883358764,
  "t1_completion": 0.8388361269416563,
  "t2_completion": 0.9897153006075077,
  "t3_completion": 0.9601241159628329,
  "total_energy_j": 1216402.25,
  "avg_energy_j_per_task": 0.4290453159759123,
  "avg_latency_ms_per_task": 52.518672642627145,
  "p_local": 0.537095385513998,
  "p_v2i": 0.27375784662257946,
  "p_v2v": 0.18914676786342247,
  "t1_share": 0.19984607445777752,
  "t2_share": 0.2998779247704785,
  "t3_share": 0.5002760007717441,
  "total_tasks": 2835137.0,
  "wall_s": 502.0,
  "v2i_path_metrics": {
    "schema_version": "e2_native_v2i_path_v1",
    "v2i_attempts": 776141,
    "v2i_admitted_tasks": 776067,
    "ingress_count_per_rsu": [
      202445,
      42741,
      142790,
      51051,
      44985,
      65593,
      59040,
      62089,
      21513,
      56447,
      6081,
      21366
    ],
    "selected_target_count_per_rsu": [
      64743,
      64658,
      64594,
      64439,
      64989,
      64578,
      64754,
      64773,
      64668,
      64718,
      64696,
      64531
    ],
    "actual_execution_count_per_rsu": [
      64734,
      64653,
      64589,
      64436,
      64975,
      64573,
      64742,
      64768,
      64665,
      64714,
      64692,
      64526
    ],
    "forwarded_admitted_task_count": 711356,
    "forwarded_share_of_admitted_v2i": 0.9166167354107313,
    "total_forwarding_latency_ms": 0.0,
    "mean_forwarding_latency_ms_per_admitted_v2i": 0.0,
    "mean_forwarding_latency_ms_per_forwarded_v2i": 0.0,
    "ingress_to_execution_pair_matrix": [
      [
        16805,
        16654,
        16735,
        16721,
        17002,
        16996,
        17170,
        16704,
        16973,
        16849,
        16895,
        16869
      ],
      [
        3693,
        3676,
        3499,
        3558,
        3580,
        3445,
        3455,
        3546,
        3688,
        3476,
        3529,
        3596
      ],
      [
        11741,
        11877,
        11918,
        11784,
        11906,
        12069,
        11846,
        12097,
        11990,
        11900,
        11847,
        11815
      ],
      [
        4154,
        4241,
        4073,
        4307,
        4156,
        4204,
        4193,
        4267,
        4358,
        4437,
        4353,
        4308
      ],
      [
        3827,
        3818,
        3756,
        3680,
        3767,
        3654,
        3780,
        3816,
        3738,
        3722,
        3654,
        3773
      ],
      [
        5642,
        5553,
        5584,
        5464,
        5612,
        5311,
        5363,
        5295,
        5410,
        5515,
        5367,
        5476
      ],
      [
        4977,
        5088,
        5211,
        4952,
        4830,
        4859,
        4839,
        4923,
        4681,
        4859,
        4903,
        4918
      ],
      [
        4941,
        4927,
        5152,
        5211,
        5356,
        5271,
        5260,
        5276,
        5087,
        5200,
        5268,
        5139
      ],
      [
        1762,
        1854,
        1839,
        1815,
        1841,
        1796,
        1794,
        1884,
        1727,
        1734,
        1814,
        1653
      ],
      [
        4793,
        4709,
        4557,
        4596,
        4659,
        4715,
        4670,
        4704,
        4796,
        4776,
        4780,
        4692
      ],
      [
        590,
        501,
        520,
        526,
        499,
        455,
        543,
        466,
        470,
        503,
        515,
        493
      ],
      [
        1809,
        1755,
        1745,
        1822,
        1767,
        1798,
        1829,
        1790,
        1747,
        1743,
        1767,
        1794
      ]
    ],
    "execution_share_per_rsu": [
      0.08341290120569488,
      0.08330852877393317,
      0.08322606166735604,
      0.08302891374069507,
      0.08372344140389941,
      0.08320544489071176,
      0.08342320959401701,
      0.08345671185606397,
      0.0833239913564164,
      0.08338713023488951,
      0.08335878216700363,
      0.08314488310931917
    ],
    "maximum_execution_share": 0.08372344140389941,
    "imbalance_diagnostic": {
      "name": "execution_share_range",
      "definition": "max(per-RSU execution share) - min(per-RSU execution share)",
      "value": 0.000694527663204339
    }
  },
  "extension_schema": "joint_seed_cyclic_v2_records",
  "substep_queue_iterations": 3,
  "k_max": 5,
  "n_rsus": 12,
  "max_vehicle_queue_depth": 10,
  "evaluator_seed": 202,
  "round_robin_pointer_final": null
}
[per-step] wrote /Users/akashx/Downloads/diss_mat/traffictwin-traces-raw-2026-09-16/ev/ev/block_02_per_task_dla/attempt_001/per_step.npz (T=23400, N=175, R=12; join vehicles on the trace npz pos_x/pos_y/mask for positions)
[per-task] wrote /Users/akashx/Downloads/diss_mat/traffictwin-traces-raw-2026-09-16/ev/ev/block_02_per_task_dla/attempt_001/per_task.npz ([T,KMAX,N] = [23400,5,175]; filter on task_active)
