[mc] enter-reset=ON reset_soc_on_enter=False
[mc] substep-queue=sequential (co-batch queueing charged; 3 gate iterations)
[mc] rsu-cap-mode=reject (buffer-full tasks individually failed; enqueued work conserved)
[mc] veh-queue=conserved (helper co-batch pricing + per-task MQD rejection on vehicle queues)
[mc] ABSOLUTE cap override: 6220 tasks/RSU (ratio form would give 348)
[mc] T=32400 maxN=139 RSU_MAX_CONCURRENT=6220 K_MAX=5
[fleet] uk2030: ev_share=0.2374 tier_hist=[57, 44, 38]
{
  "trace": "trace_we_wdrsu.npz",
  "actor": "mappo_modelc_17dim__envs128__lr3e-3__seed100_actor_params.npz",
  "model": "C",
  "T": 32400,
  "maxN": 139,
  "rsu_max_concurrent": 6220,
  "fleet": "uk2030",
  "fleet_seed": 106,
  "obs_variant": "onehot17",
  "lambda_arrival": 1.5,
  "rsu_service_mult": 1.0,
  "rsu_lb": "causal_round_robin",
  "rsu_backhaul_ms": 0.0,
  "k8s_scale": "off",
  "k8s_params": {},
  "k8s_mean_mult": 1.0,
  "k8s_scale_events": 0,
  "k8s_first_scaleup_s": -1.0,
  "rsu_cap_mode": "reject",
  "substep_queue": "sequential",
  "v2i_gate_rejected": 7369.0,
  "v2i_cap_rejected": 0.0,
  "veh_queue_mode": "conserved",
  "local_mqd_rejected": 369.0,
  "v2v_mqd_rejected": 2280.0,
  "v2i_unavailable": 115.0,
  "v2v_unavailable": 10.0,
  "work_ms": {
    "v2i_offered": 15380806.0,
    "v2i_admitted": 15319350.0,
    "v2i_rejected_or_unavailable": 61456.0,
    "veh_offered": 80859280.0,
    "veh_admitted": 80812160.0,
    "veh_rejected": 47120.0
  },
  "enter_reset": true,
  "reset_soc_on_enter": false,
  "engine_version": "v3_enter_reset",
  "fleet_ev_share": 0.23741008341312408,
  "fleet_tier_hist": [
    57,
    44,
    38
  ],
  "completion": 0.9324297143528865,
  "n_offered": 4151381.0,
  "n_admitted": 4141238.0,
  "completion_admitted": 0.9347134842286292,
  "avg_latency_admitted_ms": 53.53367857630979,
  "avg_latency_met_ms": 41.862495546867876,
  "t1_completion": 0.790557128229838,
  "t2_completion": 0.9884090256166632,
  "t3_completion": 0.9555696165321101,
  "total_energy_j": 2047714.0,
  "avg_energy_j_per_task": 0.49326091727066246,
  "avg_latency_ms_per_task": 56.656496717598316,
  "p_local": 0.5460310677338457,
  "p_v2i": 0.22994372234203508,
  "p_v2v": 0.22402520992411923,
  "t1_share": 0.19996960047752785,
  "t2_share": 0.3001752910657923,
  "t3_share": 0.49985510845667985,
  "total_tasks": 4151381.0,
  "wall_s": 646.0,
  "v2i_path_metrics": {
    "schema_version": "e2_native_v2i_path_v1",
    "v2i_attempts": 954584,
    "v2i_admitted_tasks": 947100,
    "ingress_count_per_rsu": [
      275361,
      120337,
      116530,
      90956,
      52752,
      38916,
      157013,
      21142,
      81577
    ],
    "selected_target_count_per_rsu": [
      106072,
      106065,
      106068,
      106061,
      106062,
      106067,
      106057,
      106068,
      106064
    ],
    "actual_execution_count_per_rsu": [
      105248,
      105176,
      105271,
      105234,
      105245,
      105216,
      105219,
      105277,
      105214
    ],
    "forwarded_admitted_task_count": 841824,
    "forwarded_share_of_admitted_v2i": 0.8888438390877416,
    "total_forwarding_latency_ms": 0.0,
    "mean_forwarding_latency_ms_per_admitted_v2i": 0.0,
    "mean_forwarding_latency_ms_per_forwarded_v2i": 0.0,
    "ingress_to_execution_pair_matrix": [
      [
        30311,
        30247,
        30342,
        30338,
        30472,
        30296,
        30329,
        30230,
        30517
      ],
      [
        13181,
        13422,
        13258,
        13214,
        13142,
        13309,
        13229,
        13433,
        13200
      ],
      [
        12717,
        12833,
        12767,
        12675,
        13165,
        12896,
        12870,
        12860,
        12880
      ],
      [
        10222,
        9913,
        10023,
        10088,
        10154,
        9956,
        10022,
        10034,
        9893
      ],
      [
        5922,
        5882,
        5825,
        5794,
        5638,
        5858,
        5819,
        5862,
        5759
      ],
      [
        4344,
        4407,
        4384,
        4298,
        4156,
        4249,
        4229,
        4265,
        4263
      ],
      [
        17222,
        17277,
        17209,
        17465,
        17228,
        17279,
        17460,
        17241,
        17344
      ],
      [
        2329,
        2365,
        2346,
        2343,
        2282,
        2313,
        2307,
        2341,
        2358
      ],
      [
        9000,
        8830,
        9117,
        9019,
        9008,
        9060,
        8954,
        9011,
        9000
      ]
    ],
    "execution_share_per_rsu": [
      0.11112659698025552,
      0.11105057544081934,
      0.11115088163868651,
      0.11111181501425405,
      0.11112342941611235,
      0.111092809629395,
      0.11109597719353817,
      0.11115721676697286,
      0.11109069791996622
    ],
    "maximum_execution_share": 0.11115721676697286,
    "imbalance_diagnostic": {
      "name": "execution_share_range",
      "definition": "max(per-RSU execution share) - min(per-RSU execution share)",
      "value": 0.0001066413261535254
    }
  },
  "extension_schema": "joint_seed_cyclic_v2_records",
  "substep_queue_iterations": 3,
  "k_max": 5,
  "n_rsus": 9,
  "max_vehicle_queue_depth": 10,
  "evaluator_seed": 206,
  "round_robin_pointer_final": 1
}
[per-step] wrote /Users/akashx/Downloads/diss_mat/traffictwin-traces-raw-2026-09-16/we/we/block_06_causal_round_robin/attempt_001/per_step.npz (T=32400, N=139, R=9; join vehicles on the trace npz pos_x/pos_y/mask for positions)
[per-task] wrote /Users/akashx/Downloads/diss_mat/traffictwin-traces-raw-2026-09-16/we/we/block_06_causal_round_robin/attempt_001/per_task.npz ([T,KMAX,N] = [32400,5,139]; filter on task_active)
