[mc] enter-reset=off (mask-only reset — no enter channel in trace) reset_soc_on_enter=False
[mc] substep-queue=sequential (co-batch queueing charged; 3 gate iterations)
[mc] rsu-cap-mode=reject (buffer-full tasks individually failed; enqueued work conserved)
[mc] veh-queue=conserved (helper co-batch pricing + per-task MQD rejection on vehicle queues)
[mc] ABSOLUTE cap override: 6220 tasks/RSU (ratio form would give 408)
[mc] T=25200 maxN=163 RSU_MAX_CONCURRENT=6220 K_MAX=5
[fleet] uk2030: ev_share=0.2209 tier_hist=[61, 58, 44]
{
  "trace": "trace_wd_pm_fullrsu.npz",
  "actor": "mappo_modelc_17dim__envs128__lr3e-3__seed100_actor_params.npz",
  "model": "C",
  "T": 25200,
  "maxN": 163,
  "rsu_max_concurrent": 6220,
  "fleet": "uk2030",
  "fleet_seed": 103,
  "obs_variant": "onehot17",
  "lambda_arrival": 1.5,
  "rsu_service_mult": 1.0,
  "rsu_lb": "causal_round_robin",
  "rsu_backhaul_ms": 0.0,
  "k8s_scale": "off",
  "k8s_params": {},
  "k8s_mean_mult": 1.0,
  "k8s_scale_events": 0,
  "k8s_first_scaleup_s": -1.0,
  "rsu_cap_mode": "reject",
  "substep_queue": "sequential",
  "v2i_gate_rejected": 5423.0,
  "v2i_cap_rejected": 0.0,
  "veh_queue_mode": "conserved",
  "local_mqd_rejected": 500.0,
  "v2v_mqd_rejected": 3591.0,
  "v2i_unavailable": 99.0,
  "v2v_unavailable": 10.0,
  "work_ms": {
    "v2i_offered": 13165186.0,
    "v2i_admitted": 13121496.0,
    "v2i_rejected_or_unavailable": 43690.0,
    "veh_offered": 76874104.0,
    "veh_admitted": 76812768.0,
    "veh_rejected": 61336.0
  },
  "enter_reset": false,
  "reset_soc_on_enter": false,
  "engine_version": "v2_post_nrsus_fix",
  "fleet_ev_share": 0.2208588868379593,
  "fleet_tier_hist": [
    61,
    58,
    44
  ],
  "completion": 0.93611077129592,
  "n_offered": 3915527.0,
  "n_admitted": 3905904.0,
  "completion_admitted": 0.9384170732306785,
  "avg_latency_admitted_ms": 52.52662226209349,
  "avg_latency_met_ms": 41.74198545466252,
  "t1_completion": 0.8074705587443854,
  "t2_completion": 0.9891040760339892,
  "t3_completion": 0.955676163015089,
  "total_energy_j": 1943774.625,
  "avg_energy_j_per_task": 0.4964273327702759,
  "avg_latency_ms_per_task": 56.10354468249101,
  "p_local": 0.5712653750057144,
  "p_v2i": 0.20917363103357478,
  "p_v2v": 0.21956099396071077,
  "t1_share": 0.1996911271458478,
  "t2_share": 0.3000472222513087,
  "t3_share": 0.5002616506028436,
  "total_tasks": 3915527.0,
  "wall_s": 688.9,
  "v2i_path_metrics": {
    "schema_version": "e2_native_v2i_path_v1",
    "v2i_attempts": 819025,
    "v2i_admitted_tasks": 813503,
    "ingress_count_per_rsu": [
      221415,
      46474,
      156562,
      62428,
      67938,
      72495,
      94596,
      22951,
      10952,
      63214
    ],
    "selected_target_count_per_rsu": [
      81906,
      81911,
      81904,
      81903,
      81903,
      81906,
      81897,
      81894,
      81898,
      81903
    ],
    "actual_execution_count_per_rsu": [
      81337,
      81375,
      81374,
      81345,
      81361,
      81344,
      81325,
      81362,
      81348,
      81332
    ],
    "forwarded_admitted_task_count": 732000,
    "forwarded_share_of_admitted_v2i": 0.8998122932552185,
    "total_forwarding_latency_ms": 0.0,
    "mean_forwarding_latency_ms_per_admitted_v2i": 0.0,
    "mean_forwarding_latency_ms_per_forwarded_v2i": 0.0,
    "ingress_to_execution_pair_matrix": [
      [
        22130,
        22014,
        22051,
        22069,
        21928,
        21915,
        22093,
        21801,
        21978,
        21860
      ],
      [
        4534,
        4525,
        4690,
        4573,
        4626,
        4630,
        4615,
        4718,
        4575,
        4687
      ],
      [
        15459,
        15534,
        15682,
        15621,
        15353,
        15774,
        15604,
        15570,
        15515,
        15381
      ],
      [
        6282,
        6328,
        6134,
        6252,
        6189,
        6064,
        6163,
        6194,
        6177,
        6268
      ],
      [
        6647,
        6694,
        6838,
        6759,
        6853,
        6755,
        6608,
        6803,
        6782,
        6748
      ],
      [
        7197,
        7076,
        7197,
        7012,
        7358,
        7239,
        7300,
        7175,
        7158,
        7291
      ],
      [
        9450,
        9444,
        9227,
        9457,
        9510,
        9319,
        9216,
        9466,
        9434,
        9455
      ],
      [
        2307,
        2227,
        2239,
        2327,
        2278,
        2251,
        2289,
        2238,
        2353,
        2262
      ],
      [
        1087,
        1082,
        1049,
        1106,
        1063,
        1098,
        1085,
        1152,
        1075,
        1087
      ],
      [
        6244,
        6451,
        6267,
        6169,
        6203,
        6299,
        6352,
        6245,
        6301,
        6293
      ]
    ],
    "execution_share_per_rsu": [
      0.09998365095150233,
      0.10003036251863853,
      0.1000291332668718,
      0.09999348496563627,
      0.10001315299390413,
      0.09999225571386952,
      0.09996889993030142,
      0.10001438224567089,
      0.09999717272093649,
      0.09997750469266863
    ],
    "maximum_execution_share": 0.10003036251863853,
    "imbalance_diagnostic": {
      "name": "execution_share_range",
      "definition": "max(per-RSU execution share) - min(per-RSU execution share)",
      "value": 6.146258833711338e-05
    }
  },
  "extension_schema": "joint_seed_cyclic_v2_records",
  "substep_queue_iterations": 3,
  "k_max": 5,
  "n_rsus": 10,
  "max_vehicle_queue_depth": 10,
  "evaluator_seed": 203,
  "round_robin_pointer_final": 6
}
[per-step] wrote /Users/akashx/Downloads/diss_mat/traffictwin-traces-raw-2026-09-16/wd_pm/wd_pm/block_03_causal_round_robin/attempt_001/per_step.npz (T=25200, N=163, R=10; join vehicles on the trace npz pos_x/pos_y/mask for positions)
[per-task] wrote /Users/akashx/Downloads/diss_mat/traffictwin-traces-raw-2026-09-16/wd_pm/wd_pm/block_03_causal_round_robin/attempt_001/per_task.npz ([T,KMAX,N] = [25200,5,163]; filter on task_active)
