[mc] enter-reset=ON reset_soc_on_enter=False
[mc] substep-queue=sequential (co-batch queueing charged; 3 gate iterations)
[mc] rsu-cap-mode=reject (buffer-full tasks individually failed; enqueued work conserved)
[mc] veh-queue=conserved (helper co-batch pricing + per-task MQD rejection on vehicle queues)
[mc] ABSOLUTE cap override: 6220 tasks/RSU (ratio form would give 538)
[mc] T=10800 maxN=215 RSU_MAX_CONCURRENT=6220 K_MAX=5
[fleet] uk2030: ev_share=0.2279 tier_hist=[90, 85, 40]
{
  "trace": "trace_wd_am_wdrsu.npz",
  "actor": "mappo_modelc_17dim_ukfleet2030__envs128__lr3e-3__seed100_actor_params.npz",
  "model": "C",
  "T": 10800,
  "maxN": 215,
  "rsu_max_concurrent": 6220,
  "fleet": "uk2030",
  "fleet_seed": 102,
  "obs_variant": "onehot17",
  "lambda_arrival": 1.5,
  "rsu_service_mult": 1.0,
  "rsu_lb": "causal_round_robin",
  "rsu_backhaul_ms": 0.0,
  "k8s_scale": "off",
  "k8s_params": {},
  "k8s_mean_mult": 1.0,
  "k8s_scale_events": 0,
  "k8s_first_scaleup_s": -1.0,
  "rsu_cap_mode": "reject",
  "substep_queue": "sequential",
  "v2i_gate_rejected": 13391.0,
  "v2i_cap_rejected": 0.0,
  "veh_queue_mode": "conserved",
  "local_mqd_rejected": 169.0,
  "v2v_mqd_rejected": 1055.0,
  "v2i_unavailable": 65.0,
  "v2v_unavailable": 0.0,
  "work_ms": {
    "v2i_offered": 7273705.5,
    "v2i_admitted": 7168332.0,
    "v2i_rejected_or_unavailable": 105373.5,
    "veh_offered": 35853056.0,
    "veh_admitted": 35828620.0,
    "veh_rejected": 24436.0
  },
  "enter_reset": true,
  "reset_soc_on_enter": false,
  "engine_version": "v3_enter_reset",
  "fleet_ev_share": 0.2279069721698761,
  "fleet_tier_hist": [
    90,
    85,
    40
  ],
  "completion": 0.9156519916985053,
  "n_offered": 1741855.0,
  "n_admitted": 1727175.0,
  "completion_admitted": 0.9234345101104404,
  "avg_latency_admitted_ms": 58.6310292819199,
  "avg_latency_met_ms": 46.69207295855061,
  "t1_completion": 0.7510717405296065,
  "t2_completion": 0.9896425899456777,
  "t3_completion": 0.9370134595650607,
  "total_energy_j": 687000.125,
  "avg_energy_j_per_task": 0.3944071837208034,
  "avg_latency_ms_per_task": 67.45340341187986,
  "p_local": 0.5560790077245236,
  "p_v2i": 0.2598850076498905,
  "p_v2v": 0.18403598462558593,
  "t1_share": 0.19980537989671932,
  "t2_share": 0.3000370294886773,
  "t3_share": 0.5001575906146034,
  "total_tasks": 1741855.0,
  "wall_s": 169.9,
  "v2i_path_metrics": {
    "schema_version": "e2_native_v2i_path_v1",
    "v2i_attempts": 452682,
    "v2i_admitted_tasks": 439226,
    "ingress_count_per_rsu": [
      120996,
      52447,
      60603,
      43924,
      29234,
      20267,
      64324,
      11531,
      49356
    ],
    "selected_target_count_per_rsu": [
      50296,
      50295,
      50298,
      50297,
      50299,
      50301,
      50295,
      50299,
      50302
    ],
    "actual_execution_count_per_rsu": [
      48767,
      48795,
      48788,
      48855,
      48795,
      48794,
      48804,
      48794,
      48834
    ],
    "forwarded_admitted_task_count": 390353,
    "forwarded_share_of_admitted_v2i": 0.8887292646610173,
    "total_forwarding_latency_ms": 0.0,
    "mean_forwarding_latency_ms_per_admitted_v2i": 0.0,
    "mean_forwarding_latency_ms_per_forwarded_v2i": 0.0,
    "ingress_to_execution_pair_matrix": [
      [
        13046,
        13136,
        13018,
        12930,
        12980,
        13028,
        13099,
        13085,
        12964
      ],
      [
        5782,
        5675,
        5686,
        5612,
        5542,
        5735,
        5715,
        5661,
        5595
      ],
      [
        6539,
        6641,
        6543,
        6661,
        6353,
        6511,
        6522,
        6517,
        6559
      ],
      [
        4746,
        4588,
        4784,
        4725,
        4862,
        4813,
        4754,
        4734,
        4756
      ],
      [
        3110,
        3044,
        3253,
        3192,
        3267,
        3082,
        3143,
        3125,
        3246
      ],
      [
        2145,
        2189,
        2140,
        2207,
        2261,
        2155,
        2116,
        2238,
        2272
      ],
      [
        6948,
        6976,
        6812,
        6873,
        6943,
        6961,
        6972,
        6996,
        7052
      ],
      [
        1242,
        1282,
        1285,
        1260,
        1273,
        1199,
        1236,
        1265,
        1165
      ],
      [
        5209,
        5264,
        5267,
        5395,
        5314,
        5310,
        5247,
        5173,
        5225
      ]
    ],
    "execution_share_per_rsu": [
      0.11102940172029889,
      0.11109315022334744,
      0.1110772130975853,
      0.11122975415845146,
      0.11109315022334744,
      0.1110908734910957,
      0.11111364081361304,
      0.1110908734910957,
      0.11118194278116506
    ],
    "maximum_execution_share": 0.11122975415845146,
    "imbalance_diagnostic": {
      "name": "execution_share_range",
      "definition": "max(per-RSU execution share) - min(per-RSU execution share)",
      "value": 0.00020035243815257064
    }
  },
  "extension_schema": "joint_seed_cyclic_v2_records",
  "substep_queue_iterations": 3,
  "k_max": 5,
  "n_rsus": 9,
  "max_vehicle_queue_depth": 10,
  "evaluator_seed": 202,
  "round_robin_pointer_final": 7
}
[per-step] wrote /Users/akashx/Downloads/diss_mat/traffictwin-followups-raw-2026-09-15/09_second_actor/block_02_causal_round_robin/attempt_001/per_step.npz (T=10800, N=215, R=9; join vehicles on the trace npz pos_x/pos_y/mask for positions)
[per-task] wrote /Users/akashx/Downloads/diss_mat/traffictwin-followups-raw-2026-09-15/09_second_actor/block_02_causal_round_robin/attempt_001/per_task.npz ([T,KMAX,N] = [10800,5,215]; filter on task_active)
