[mc] enter-reset=ON reset_soc_on_enter=False
[mc] substep-queue=sequential (co-batch queueing charged; 3 gate iterations)
[mc] rsu-cap-mode=reject (buffer-full tasks individually failed; enqueued work conserved)
[mc] veh-queue=conserved (helper co-batch pricing + per-task MQD rejection on vehicle queues)
[mc] ABSOLUTE cap override: 6220 tasks/RSU (ratio form would give 538)
[mc] T=10800 maxN=215 RSU_MAX_CONCURRENT=6220 K_MAX=5
[fleet] uk2030: ev_share=0.2279 tier_hist=[86, 82, 47]
{
  "trace": "trace_wd_am_wdrsu.npz",
  "actor": "mappo_modelc_17dim__envs128__lr3e-3__seed100_actor_params.npz",
  "model": "C",
  "T": 10800,
  "maxN": 215,
  "rsu_max_concurrent": 6220,
  "fleet": "uk2030",
  "fleet_seed": 101,
  "obs_variant": "onehot17",
  "lambda_arrival": 1.5,
  "rsu_service_mult": 1.0,
  "rsu_lb": "dla",
  "rsu_backhaul_ms": 0.0,
  "k8s_scale": "off",
  "k8s_params": {},
  "k8s_mean_mult": 1.0,
  "k8s_scale_events": 0,
  "k8s_first_scaleup_s": -1.0,
  "rsu_cap_mode": "reject",
  "substep_queue": "sequential",
  "v2i_gate_rejected": 145557.0,
  "v2i_cap_rejected": 0.0,
  "veh_queue_mode": "conserved",
  "local_mqd_rejected": 217.0,
  "v2v_mqd_rejected": 1518.0,
  "v2i_unavailable": 78.0,
  "v2v_unavailable": 1.0,
  "work_ms": {
    "v2i_offered": 6917136.5,
    "v2i_admitted": 5773552.0,
    "v2i_rejected_or_unavailable": 1143584.5,
    "veh_offered": 35584120.0,
    "veh_admitted": 35552828.0,
    "veh_rejected": 31292.0
  },
  "enter_reset": true,
  "reset_soc_on_enter": false,
  "engine_version": "v3_enter_reset",
  "fleet_ev_share": 0.2279069721698761,
  "fleet_tier_hist": [
    86,
    82,
    47
  ],
  "completion": 0.8448273089139963,
  "n_offered": 1740970.0,
  "n_admitted": 1593599.0,
  "completion_admitted": 0.9229542689221065,
  "avg_latency_admitted_ms": 65.99411771719234,
  "avg_latency_met_ms": 53.22532820149862,
  "t1_completion": 0.6693803955851819,
  "t2_completion": 0.9873453065564585,
  "t3_completion": 0.8293029299942666,
  "total_energy_j": 764527.0625,
  "avg_energy_j_per_task": 0.43913856212341396,
  "avg_latency_ms_per_task": 146.5709621647702,
  "p_local": 0.53770024756314,
  "p_v2i": 0.24704561250337456,
  "p_v2v": 0.21525413993348536,
  "t1_share": 0.19973807704900143,
  "t2_share": 0.3003434866769674,
  "t3_share": 0.49991843627403115,
  "total_tasks": 1740970.0,
  "wall_s": 207.2,
  "v2i_path_metrics": {
    "schema_version": "e2_native_v2i_path_v1",
    "v2i_attempts": 430099,
    "v2i_admitted_tasks": 284464,
    "ingress_count_per_rsu": [
      121565,
      47481,
      59789,
      40186,
      25362,
      17519,
      64805,
      10195,
      43197
    ],
    "selected_target_count_per_rsu": [
      224152,
      127064,
      54753,
      18824,
      5306,
      0,
      0,
      0,
      0
    ],
    "actual_execution_count_per_rsu": [
      120580,
      89153,
      50703,
      18727,
      5301,
      0,
      0,
      0,
      0
    ],
    "forwarded_admitted_task_count": 231673,
    "forwarded_share_of_admitted_v2i": 0.8144193992912987,
    "total_forwarding_latency_ms": 0.0,
    "mean_forwarding_latency_ms_per_admitted_v2i": 0.0,
    "mean_forwarding_latency_ms_per_forwarded_v2i": 0.0,
    "ingress_to_execution_pair_matrix": [
      [
        33959,
        25210,
        14277,
        5229,
        1506,
        0,
        0,
        0,
        0
      ],
      [
        12907,
        9736,
        5652,
        2105,
        570,
        0,
        0,
        0,
        0
      ],
      [
        17195,
        12624,
        7083,
        2682,
        770,
        0,
        0,
        0,
        0
      ],
      [
        11332,
        8416,
        4819,
        1724,
        494,
        0,
        0,
        0,
        0
      ],
      [
        7287,
        5260,
        2999,
        1057,
        289,
        0,
        0,
        0,
        0
      ],
      [
        5061,
        3752,
        2101,
        716,
        199,
        0,
        0,
        0,
        0
      ],
      [
        17958,
        13266,
        7586,
        2859,
        813,
        0,
        0,
        0,
        0
      ],
      [
        2788,
        2145,
        1186,
        449,
        125,
        0,
        0,
        0,
        0
      ],
      [
        12093,
        8744,
        5000,
        1906,
        535,
        0,
        0,
        0,
        0
      ]
    ],
    "execution_share_per_rsu": [
      0.4238849204117217,
      0.3134069688958884,
      0.17824048034197648,
      0.06583258338489228,
      0.01863504696552112,
      0.0,
      0.0,
      0.0,
      0.0
    ],
    "maximum_execution_share": 0.4238849204117217,
    "imbalance_diagnostic": {
      "name": "execution_share_range",
      "definition": "max(per-RSU execution share) - min(per-RSU execution share)",
      "value": 0.4238849204117217
    }
  },
  "extension_schema": "joint_seed_cyclic_v2_records",
  "substep_queue_iterations": 3,
  "k_max": 5,
  "n_rsus": 9,
  "max_vehicle_queue_depth": 10,
  "evaluator_seed": 201,
  "round_robin_pointer_final": null
}
[per-step] wrote /Users/akashx/Downloads/diss_mat/traffictwin-joint-confirmation-raw-2026-09-08/campaign/block_01_dla/attempt_001/per_step.npz (T=10800, N=215, R=9; join vehicles on the trace npz pos_x/pos_y/mask for positions)
[per-task] wrote /Users/akashx/Downloads/diss_mat/traffictwin-joint-confirmation-raw-2026-09-08/campaign/block_01_dla/attempt_001/per_task.npz ([T,KMAX,N] = [10800,5,215]; filter on task_active)
