[mc] enter-reset=off (mask-only reset — no enter channel in trace) reset_soc_on_enter=False
[mc] substep-queue=sequential (co-batch queueing charged; 3 gate iterations)
[mc] rsu-cap-mode=reject (buffer-full tasks individually failed; enqueued work conserved)
[mc] veh-queue=conserved (helper co-batch pricing + per-task MQD rejection on vehicle queues)
[mc] ABSOLUTE cap override: 6220 tasks/RSU (ratio form would give 438)
[mc] T=23400 maxN=175 RSU_MAX_CONCURRENT=6220 K_MAX=5
[fleet] uk2030: ev_share=0.2229 tier_hist=[78, 48, 49]
{
  "trace": "trace_ev_fullrsu.npz",
  "actor": "mappo_modelc_17dim__envs128__lr3e-3__seed100_actor_params.npz",
  "model": "C",
  "T": 23400,
  "maxN": 175,
  "rsu_max_concurrent": 6220,
  "fleet": "uk2030",
  "fleet_seed": 100,
  "obs_variant": "onehot17",
  "lambda_arrival": 1.5,
  "rsu_service_mult": 1.0,
  "rsu_lb": "per_task_dla",
  "rsu_backhaul_ms": 0.0,
  "k8s_scale": "off",
  "k8s_params": {},
  "k8s_mean_mult": 1.0,
  "k8s_scale_events": 0,
  "k8s_first_scaleup_s": -1.0,
  "rsu_cap_mode": "reject",
  "substep_queue": "sequential",
  "v2i_gate_rejected": 73.0,
  "v2i_cap_rejected": 0.0,
  "veh_queue_mode": "conserved",
  "local_mqd_rejected": 211.0,
  "v2v_mqd_rejected": 1199.0,
  "v2i_unavailable": 66.0,
  "v2v_unavailable": 2.0,
  "work_ms": {
    "v2i_offered": 12384404.0,
    "v2i_admitted": 12382647.0,
    "v2i_rejected_or_unavailable": 1757.0,
    "veh_offered": 51744652.0,
    "veh_admitted": 51721652.0,
    "veh_rejected": 23000.0
  },
  "enter_reset": false,
  "reset_soc_on_enter": false,
  "engine_version": "v2_post_nrsus_fix",
  "fleet_ev_share": 0.22285714745521545,
  "fleet_tier_hist": [
    78,
    48,
    49
  ],
  "completion": 0.9437130315282373,
  "n_offered": 2840089.0,
  "n_admitted": 2838538.0,
  "completion_admitted": 0.9442286839210889,
  "avg_latency_admitted_ms": 50.38408081906954,
  "avg_latency_met_ms": 39.721307395748646,
  "t1_completion": 0.8272356364122802,
  "t2_completion": 0.9888461709878469,
  "t3_completion": 0.9632248759801286,
  "total_energy_j": 1369319.5,
  "avg_energy_j_per_task": 0.4821396442153749,
  "avg_latency_ms_per_task": 51.5265993424854,
  "p_local": 0.5215773167671858,
  "p_v2i": 0.27086123005300183,
  "p_v2v": 0.2075614531798123,
  "t1_share": 0.2000423226173546,
  "t2_share": 0.30020960610741426,
  "t3_share": 0.4997480712752312,
  "total_tasks": 2840089.0,
  "wall_s": 505.3,
  "v2i_path_metrics": {
    "schema_version": "e2_native_v2i_path_v1",
    "v2i_attempts": 769270,
    "v2i_admitted_tasks": 769131,
    "ingress_count_per_rsu": [
      200194,
      42168,
      139365,
      51807,
      45162,
      66641,
      58211,
      59849,
      21110,
      57421,
      5962,
      21380
    ],
    "selected_target_count_per_rsu": [
      64634,
      64262,
      64272,
      64419,
      64497,
      64302,
      64013,
      64217,
      64065,
      63759,
      63568,
      63262
    ],
    "actual_execution_count_per_rsu": [
      64628,
      64252,
      64263,
      64407,
      64482,
      64284,
      63996,
      64213,
      64048,
      63746,
      63560,
      63252
    ],
    "forwarded_admitted_task_count": 704916,
    "forwarded_share_of_admitted_v2i": 0.9165096713043682,
    "total_forwarding_latency_ms": 0.0,
    "mean_forwarding_latency_ms_per_admitted_v2i": 0.0,
    "mean_forwarding_latency_ms_per_forwarded_v2i": 0.0,
    "ingress_to_execution_pair_matrix": [
      [
        17017,
        16670,
        16508,
        16542,
        16822,
        16881,
        16608,
        16768,
        16590,
        16504,
        16584,
        16613
      ],
      [
        3432,
        3603,
        3613,
        3588,
        3528,
        3519,
        3497,
        3514,
        3512,
        3430,
        3503,
        3424
      ],
      [
        11675,
        11607,
        11567,
        11681,
        11665,
        11620,
        11575,
        11661,
        11708,
        11640,
        11511,
        11439
      ],
      [
        4296,
        4235,
        4284,
        4287,
        4344,
        4315,
        4417,
        4452,
        4281,
        4253,
        4309,
        4326
      ],
      [
        3704,
        3844,
        3951,
        3738,
        3695,
        3724,
        3671,
        3752,
        3780,
        3819,
        3815,
        3663
      ],
      [
        5695,
        5611,
        5551,
        5734,
        5666,
        5491,
        5636,
        5424,
        5460,
        5542,
        5464,
        5364
      ],
      [
        4772,
        4906,
        4909,
        5034,
        4995,
        4854,
        4742,
        4695,
        4869,
        4873,
        4763,
        4797
      ],
      [
        4902,
        4832,
        5005,
        4910,
        5065,
        4944,
        5062,
        5085,
        5117,
        5128,
        4977,
        4819
      ],
      [
        1794,
        1774,
        1773,
        1832,
        1762,
        1796,
        1777,
        1764,
        1711,
        1660,
        1712,
        1753
      ],
      [
        4936,
        4856,
        4742,
        4808,
        4744,
        4889,
        4799,
        4739,
        4778,
        4711,
        4676,
        4739
      ],
      [
        545,
        532,
        494,
        487,
        507,
        468,
        481,
        515,
        469,
        469,
        493,
        502
      ],
      [
        1860,
        1782,
        1866,
        1766,
        1689,
        1783,
        1731,
        1844,
        1773,
        1717,
        1753,
        1813
      ]
    ],
    "execution_share_per_rsu": [
      0.08402729834059477,
      0.08353843493501108,
      0.08355273678996165,
      0.08373996107295116,
      0.08383747372034153,
      0.08358004033123097,
      0.08320559176525195,
      0.08348772835836808,
      0.08327320053410928,
      0.08288054960728407,
      0.08263871824175596,
      0.08223826630313952
    ],
    "maximum_execution_share": 0.08402729834059477,
    "imbalance_diagnostic": {
      "name": "execution_share_range",
      "definition": "max(per-RSU execution share) - min(per-RSU execution share)",
      "value": 0.001789032037455257
    }
  },
  "extension_schema": "joint_seed_cyclic_v2_records",
  "substep_queue_iterations": 3,
  "k_max": 5,
  "n_rsus": 12,
  "max_vehicle_queue_depth": 10,
  "evaluator_seed": 200,
  "round_robin_pointer_final": null
}
[per-step] wrote /Users/akashx/Downloads/diss_mat/traffictwin-traces-raw-2026-09-16/ev/ev/block_00_per_task_dla/attempt_001/per_step.npz (T=23400, N=175, R=12; join vehicles on the trace npz pos_x/pos_y/mask for positions)
[per-task] wrote /Users/akashx/Downloads/diss_mat/traffictwin-traces-raw-2026-09-16/ev/ev/block_00_per_task_dla/attempt_001/per_task.npz ([T,KMAX,N] = [23400,5,175]; filter on task_active)
