[mc] enter-reset=off (mask-only reset — no enter channel in trace) reset_soc_on_enter=False
[mc] substep-queue=sequential (co-batch queueing charged; 3 gate iterations)
[mc] rsu-cap-mode=reject (buffer-full tasks individually failed; enqueued work conserved)
[mc] veh-queue=conserved (helper co-batch pricing + per-task MQD rejection on vehicle queues)
[mc] ABSOLUTE cap override: 6220 tasks/RSU (ratio form would give 438)
[mc] T=23400 maxN=175 RSU_MAX_CONCURRENT=6220 K_MAX=5
[fleet] uk2030: ev_share=0.2229 tier_hist=[78, 48, 49]
{
  "trace": "trace_ev_fullrsu.npz",
  "actor": "mappo_modelc_17dim__envs128__lr3e-3__seed100_actor_params.npz",
  "model": "C",
  "T": 23400,
  "maxN": 175,
  "rsu_max_concurrent": 6220,
  "fleet": "uk2030",
  "fleet_seed": 100,
  "obs_variant": "onehot17",
  "lambda_arrival": 1.5,
  "rsu_service_mult": 1.0,
  "rsu_lb": "causal_round_robin",
  "rsu_backhaul_ms": 0.0,
  "k8s_scale": "off",
  "k8s_params": {},
  "k8s_mean_mult": 1.0,
  "k8s_scale_events": 0,
  "k8s_first_scaleup_s": -1.0,
  "rsu_cap_mode": "reject",
  "substep_queue": "sequential",
  "v2i_gate_rejected": 5318.0,
  "v2i_cap_rejected": 0.0,
  "veh_queue_mode": "conserved",
  "local_mqd_rejected": 211.0,
  "v2v_mqd_rejected": 1199.0,
  "v2i_unavailable": 66.0,
  "v2v_unavailable": 2.0,
  "work_ms": {
    "v2i_offered": 12384404.0,
    "v2i_admitted": 12341469.0,
    "v2i_rejected_or_unavailable": 42935.0,
    "veh_offered": 51744652.0,
    "veh_admitted": 51721652.0,
    "veh_rejected": 23000.0
  },
  "enter_reset": false,
  "reset_soc_on_enter": false,
  "engine_version": "v2_post_nrsus_fix",
  "fleet_ev_share": 0.22285714745521545,
  "fleet_tier_hist": [
    78,
    48,
    49
  ],
  "completion": 0.938449464083696,
  "n_offered": 2840089.0,
  "n_admitted": 2833293.0,
  "completion_admitted": 0.9407004499711114,
  "avg_latency_admitted_ms": 51.60969656156282,
  "avg_latency_met_ms": 40.65925381198223,
  "t1_completion": 0.8084655488631283,
  "t2_completion": 0.9888461709878469,
  "t3_completion": 0.9602058437472919,
  "total_energy_j": 1369308.375,
  "avg_energy_j_per_task": 0.48213572708460894,
  "avg_latency_ms_per_task": 54.50300747617416,
  "p_local": 0.5215773167671858,
  "p_v2i": 0.27086123005300183,
  "p_v2v": 0.2075614531798123,
  "t1_share": 0.2000423226173546,
  "t2_share": 0.30020960610741426,
  "t3_share": 0.4997480712752312,
  "total_tasks": 2840089.0,
  "wall_s": 498.3,
  "v2i_path_metrics": {
    "schema_version": "e2_native_v2i_path_v1",
    "v2i_attempts": 769270,
    "v2i_admitted_tasks": 763886,
    "ingress_count_per_rsu": [
      200194,
      42168,
      139365,
      51807,
      45162,
      66641,
      58211,
      59849,
      21110,
      57421,
      5962,
      21380
    ],
    "selected_target_count_per_rsu": [
      64103,
      64109,
      64106,
      64104,
      64104,
      64107,
      64106,
      64105,
      64104,
      64105,
      64107,
      64110
    ],
    "actual_execution_count_per_rsu": [
      63687,
      63668,
      63673,
      63613,
      63693,
      63640,
      63618,
      63615,
      63691,
      63662,
      63679,
      63647
    ],
    "forwarded_admitted_task_count": 700318,
    "forwarded_share_of_admitted_v2i": 0.9167833943808369,
    "total_forwarding_latency_ms": 0.0,
    "mean_forwarding_latency_ms_per_admitted_v2i": 0.0,
    "mean_forwarding_latency_ms_per_forwarded_v2i": 0.0,
    "ingress_to_execution_pair_matrix": [
      [
        16583,
        16733,
        16377,
        16628,
        16501,
        16506,
        16566,
        16651,
        16448,
        16526,
        16624,
        16527
      ],
      [
        3449,
        3446,
        3552,
        3560,
        3544,
        3565,
        3477,
        3434,
        3498,
        3355,
        3479,
        3508
      ],
      [
        11743,
        11468,
        11541,
        11558,
        11387,
        11630,
        11530,
        11492,
        11446,
        11620,
        11411,
        11557
      ],
      [
        4146,
        4356,
        4307,
        4279,
        4332,
        4146,
        4329,
        4315,
        4235,
        4251,
        4391,
        4356
      ],
      [
        3765,
        3710,
        3773,
        3661,
        3722,
        3648,
        3745,
        3753,
        3741,
        3814,
        3749,
        3796
      ],
      [
        5513,
        5425,
        5466,
        5540,
        5601,
        5488,
        5623,
        5584,
        5530,
        5543,
        5545,
        5425
      ],
      [
        4801,
        4825,
        4833,
        4749,
        4911,
        4829,
        4722,
        4716,
        4768,
        4872,
        4850,
        4923
      ],
      [
        4923,
        4937,
        5048,
        4903,
        4987,
        5031,
        4940,
        5003,
        5000,
        4907,
        4844,
        4921
      ],
      [
        1780,
        1769,
        1740,
        1736,
        1741,
        1712,
        1763,
        1736,
        1823,
        1672,
        1771,
        1729
      ],
      [
        4717,
        4731,
        4769,
        4757,
        4642,
        4820,
        4663,
        4712,
        4924,
        4759,
        4807,
        4694
      ],
      [
        482,
        479,
        512,
        448,
        498,
        483,
        481,
        476,
        516,
        521,
        514,
        523
      ],
      [
        1785,
        1789,
        1755,
        1794,
        1827,
        1782,
        1779,
        1743,
        1762,
        1822,
        1694,
        1688
      ]
    ],
    "execution_share_per_rsu": [
      0.08337238802648562,
      0.08334751520514841,
      0.08335406068444767,
      0.08327551493285647,
      0.08338024260164474,
      0.08331086052107252,
      0.08328206041215575,
      0.08327813312457619,
      0.08337762440992504,
      0.08333966062998929,
      0.0833619152596068,
      0.08332002419209149
    ],
    "maximum_execution_share": 0.08338024260164474,
    "imbalance_diagnostic": {
      "name": "execution_share_range",
      "definition": "max(per-RSU execution share) - min(per-RSU execution share)",
      "value": 0.00010472766878827366
    }
  },
  "extension_schema": "joint_seed_cyclic_v2_records",
  "substep_queue_iterations": 3,
  "k_max": 5,
  "n_rsus": 12,
  "max_vehicle_queue_depth": 10,
  "evaluator_seed": 200,
  "round_robin_pointer_final": 4
}
[per-step] wrote /Users/akashx/Downloads/diss_mat/traffictwin-traces-raw-2026-09-16/ev/ev/block_00_causal_round_robin/attempt_001/per_step.npz (T=23400, N=175, R=12; join vehicles on the trace npz pos_x/pos_y/mask for positions)
[per-task] wrote /Users/akashx/Downloads/diss_mat/traffictwin-traces-raw-2026-09-16/ev/ev/block_00_causal_round_robin/attempt_001/per_task.npz ([T,KMAX,N] = [23400,5,175]; filter on task_active)
