[mc] enter-reset=off (mask-only reset — no enter channel in trace) reset_soc_on_enter=False
[mc] substep-queue=sequential (co-batch queueing charged; 3 gate iterations)
[mc] rsu-cap-mode=reject (buffer-full tasks individually failed; enqueued work conserved)
[mc] veh-queue=conserved (helper co-batch pricing + per-task MQD rejection on vehicle queues)
[mc] ABSOLUTE cap override: 6220 tasks/RSU (ratio form would give 438)
[mc] T=23400 maxN=175 RSU_MAX_CONCURRENT=6220 K_MAX=5
[fleet] uk2030: ev_share=0.2514 tier_hist=[68, 64, 43]
{
  "trace": "trace_ev_fullrsu.npz",
  "actor": "mappo_modelc_17dim__envs128__lr3e-3__seed100_actor_params.npz",
  "model": "C",
  "T": 23400,
  "maxN": 175,
  "rsu_max_concurrent": 6220,
  "fleet": "uk2030",
  "fleet_seed": 106,
  "obs_variant": "onehot17",
  "lambda_arrival": 1.5,
  "rsu_service_mult": 1.0,
  "rsu_lb": "dla",
  "rsu_backhaul_ms": 0.0,
  "k8s_scale": "off",
  "k8s_params": {},
  "k8s_mean_mult": 1.0,
  "k8s_scale_events": 0,
  "k8s_first_scaleup_s": -1.0,
  "rsu_cap_mode": "reject",
  "substep_queue": "sequential",
  "v2i_gate_rejected": 138239.0,
  "v2i_cap_rejected": 0.0,
  "veh_queue_mode": "conserved",
  "local_mqd_rejected": 227.0,
  "v2v_mqd_rejected": 1400.0,
  "v2i_unavailable": 70.0,
  "v2v_unavailable": 4.0,
  "work_ms": {
    "v2i_offered": 9439696.0,
    "v2i_admitted": 8358827.5,
    "v2i_rejected_or_unavailable": 1080868.5,
    "veh_offered": 55055084.0,
    "veh_admitted": 55028808.0,
    "veh_rejected": 26276.0
  },
  "enter_reset": false,
  "reset_soc_on_enter": false,
  "engine_version": "v2_post_nrsus_fix",
  "fleet_ev_share": 0.2514285743236542,
  "fleet_tier_hist": [
    68,
    64,
    43
  ],
  "completion": 0.8908310628287884,
  "n_offered": 2836741.0,
  "n_admitted": 2696801.0,
  "completion_admitted": 0.9370572763804226,
  "avg_latency_admitted_ms": 56.38047152904497,
  "avg_latency_met_ms": 46.526735249739126,
  "t1_completion": 0.7437416503865749,
  "t2_completion": 0.991535308897793,
  "t3_completion": 0.889151865982237,
  "total_energy_j": 1355857.75,
  "avg_energy_j_per_task": 0.4779631802832899,
  "avg_latency_ms_per_task": 103.65502666616374,
  "p_local": 0.5994456314482006,
  "p_v2i": 0.2064693251868958,
  "p_v2v": 0.1940850433649036,
  "t1_share": 0.1997514048691791,
  "t2_share": 0.30009824654418576,
  "t3_share": 0.5001503485866352,
  "total_tasks": 2836741.0,
  "wall_s": 600.6,
  "v2i_path_metrics": {
    "schema_version": "e2_native_v2i_path_v1",
    "v2i_attempts": 585700,
    "v2i_admitted_tasks": 447391,
    "ingress_count_per_rsu": [
      148100,
      32275,
      106077,
      40045,
      34898,
      49883,
      45710,
      47246,
      17147,
      42484,
      4774,
      17061
    ],
    "selected_target_count_per_rsu": [
      304312,
      173356,
      75111,
      25718,
      7203,
      0,
      0,
      0,
      0,
      0,
      0,
      0
    ],
    "actual_execution_count_per_rsu": [
      199968,
      142035,
      72506,
      25681,
      7201,
      0,
      0,
      0,
      0,
      0,
      0,
      0
    ],
    "forwarded_admitted_task_count": 374040,
    "forwarded_share_of_admitted_v2i": 0.8360472159699234,
    "total_forwarding_latency_ms": 0.0,
    "mean_forwarding_latency_ms_per_admitted_v2i": 0.0,
    "mean_forwarding_latency_ms_per_forwarded_v2i": 0.0,
    "ingress_to_execution_pair_matrix": [
      [
        50300,
        35815,
        18519,
        6577,
        1833,
        0,
        0,
        0,
        0,
        0,
        0,
        0
      ],
      [
        10970,
        7783,
        3996,
        1420,
        395,
        0,
        0,
        0,
        0,
        0,
        0,
        0
      ],
      [
        36278,
        25651,
        13063,
        4671,
        1319,
        0,
        0,
        0,
        0,
        0,
        0,
        0
      ],
      [
        13928,
        9855,
        4892,
        1758,
        500,
        0,
        0,
        0,
        0,
        0,
        0,
        0
      ],
      [
        11808,
        8398,
        4316,
        1525,
        447,
        0,
        0,
        0,
        0,
        0,
        0,
        0
      ],
      [
        17356,
        12279,
        6145,
        2186,
        643,
        0,
        0,
        0,
        0,
        0,
        0,
        0
      ],
      [
        15679,
        11141,
        5604,
        1926,
        531,
        0,
        0,
        0,
        0,
        0,
        0,
        0
      ],
      [
        15971,
        11390,
        5877,
        2008,
        562,
        0,
        0,
        0,
        0,
        0,
        0,
        0
      ],
      [
        5785,
        4076,
        2081,
        736,
        198,
        0,
        0,
        0,
        0,
        0,
        0,
        0
      ],
      [
        14574,
        10334,
        5309,
        1895,
        503,
        0,
        0,
        0,
        0,
        0,
        0,
        0
      ],
      [
        1649,
        1164,
        597,
        221,
        67,
        0,
        0,
        0,
        0,
        0,
        0,
        0
      ],
      [
        5670,
        4149,
        2107,
        758,
        203,
        0,
        0,
        0,
        0,
        0,
        0,
        0
      ]
    ],
    "execution_share_per_rsu": [
      0.4469647355445237,
      0.31747397690163637,
      0.16206405582588831,
      0.057401691138176676,
      0.01609554058977494,
      0.0,
      0.0,
      0.0,
      0.0,
      0.0,
      0.0,
      0.0
    ],
    "maximum_execution_share": 0.4469647355445237,
    "imbalance_diagnostic": {
      "name": "execution_share_range",
      "definition": "max(per-RSU execution share) - min(per-RSU execution share)",
      "value": 0.4469647355445237
    }
  },
  "extension_schema": "joint_seed_cyclic_v2_records",
  "substep_queue_iterations": 3,
  "k_max": 5,
  "n_rsus": 12,
  "max_vehicle_queue_depth": 10,
  "evaluator_seed": 206,
  "round_robin_pointer_final": null
}
[per-step] wrote /Users/akashx/Downloads/diss_mat/traffictwin-traces-raw-2026-09-16/ev/ev/block_06_dla/attempt_001/per_step.npz (T=23400, N=175, R=12; join vehicles on the trace npz pos_x/pos_y/mask for positions)
[per-task] wrote /Users/akashx/Downloads/diss_mat/traffictwin-traces-raw-2026-09-16/ev/ev/block_06_dla/attempt_001/per_task.npz ([T,KMAX,N] = [23400,5,175]; filter on task_active)
