[mc] enter-reset=off (mask-only reset — no enter channel in trace) reset_soc_on_enter=False
[mc] substep-queue=sequential (co-batch queueing charged; 3 gate iterations)
[mc] rsu-cap-mode=reject (buffer-full tasks individually failed; enqueued work conserved)
[mc] veh-queue=conserved (helper co-batch pricing + per-task MQD rejection on vehicle queues)
[mc] ABSOLUTE cap override: 6220 tasks/RSU (ratio form would give 438)
[mc] T=23400 maxN=175 RSU_MAX_CONCURRENT=6220 K_MAX=5
[fleet] uk2030: ev_share=0.2514 tier_hist=[68, 64, 43]
{
  "trace": "trace_ev_fullrsu.npz",
  "actor": "mappo_modelc_17dim__envs128__lr3e-3__seed100_actor_params.npz",
  "model": "C",
  "T": 23400,
  "maxN": 175,
  "rsu_max_concurrent": 6220,
  "fleet": "uk2030",
  "fleet_seed": 106,
  "obs_variant": "onehot17",
  "lambda_arrival": 1.5,
  "rsu_service_mult": 1.0,
  "rsu_lb": "ingress_dla",
  "rsu_backhaul_ms": 0.0,
  "k8s_scale": "off",
  "k8s_params": {},
  "k8s_mean_mult": 1.0,
  "k8s_scale_events": 0,
  "k8s_first_scaleup_s": -1.0,
  "rsu_cap_mode": "reject",
  "substep_queue": "sequential",
  "v2i_gate_rejected": 57448.0,
  "v2i_cap_rejected": 0.0,
  "veh_queue_mode": "conserved",
  "local_mqd_rejected": 227.0,
  "v2v_mqd_rejected": 1400.0,
  "v2i_unavailable": 70.0,
  "v2v_unavailable": 4.0,
  "work_ms": {
    "v2i_offered": 9439696.0,
    "v2i_admitted": 8991807.0,
    "v2i_rejected_or_unavailable": 447889.0,
    "veh_offered": 55055084.0,
    "veh_admitted": 55028808.0,
    "veh_rejected": 26276.0
  },
  "enter_reset": false,
  "reset_soc_on_enter": false,
  "engine_version": "v2_post_nrsus_fix",
  "fleet_ev_share": 0.2514285743236542,
  "fleet_tier_hist": [
    68,
    64,
    43
  ],
  "completion": 0.9196285455739527,
  "n_offered": 2836741.0,
  "n_admitted": 2777592.0,
  "completion_admitted": 0.9392120945048805,
  "avg_latency_admitted_ms": 53.230300202477544,
  "avg_latency_met_ms": 43.540772815158846,
  "t1_completion": 0.7844974701884608,
  "t2_completion": 0.9915764224404764,
  "t3_completion": 0.9304276792240187,
  "total_energy_j": 1356022.25,
  "avg_energy_j_per_task": 0.478021169363012,
  "avg_latency_ms_per_task": 73.6792876050369,
  "p_local": 0.5994456314482006,
  "p_v2i": 0.2064693251868958,
  "p_v2v": 0.1940850433649036,
  "t1_share": 0.1997514048691791,
  "t2_share": 0.30009824654418576,
  "t3_share": 0.5001503485866352,
  "total_tasks": 2836741.0,
  "wall_s": 654.7,
  "v2i_path_metrics": {
    "schema_version": "e2_native_v2i_path_v1",
    "v2i_attempts": 585700,
    "v2i_admitted_tasks": 528182,
    "ingress_count_per_rsu": [
      148100,
      32275,
      106077,
      40045,
      34898,
      49883,
      45710,
      47246,
      17147,
      42484,
      4774,
      17061
    ],
    "selected_target_count_per_rsu": [
      148100,
      32275,
      106077,
      40045,
      34898,
      49883,
      45710,
      47246,
      17147,
      42484,
      4774,
      17061
    ],
    "actual_execution_count_per_rsu": [
      118060,
      31277,
      91781,
      38608,
      33662,
      47409,
      43388,
      44907,
      16867,
      40657,
      4748,
      16818
    ],
    "forwarded_admitted_task_count": 0,
    "forwarded_share_of_admitted_v2i": 0.0,
    "total_forwarding_latency_ms": 0.0,
    "mean_forwarding_latency_ms_per_admitted_v2i": 0.0,
    "mean_forwarding_latency_ms_per_forwarded_v2i": 0.0,
    "ingress_to_execution_pair_matrix": [
      [
        118060,
        0,
        0,
        0,
        0,
        0,
        0,
        0,
        0,
        0,
        0,
        0
      ],
      [
        0,
        31277,
        0,
        0,
        0,
        0,
        0,
        0,
        0,
        0,
        0,
        0
      ],
      [
        0,
        0,
        91781,
        0,
        0,
        0,
        0,
        0,
        0,
        0,
        0,
        0
      ],
      [
        0,
        0,
        0,
        38608,
        0,
        0,
        0,
        0,
        0,
        0,
        0,
        0
      ],
      [
        0,
        0,
        0,
        0,
        33662,
        0,
        0,
        0,
        0,
        0,
        0,
        0
      ],
      [
        0,
        0,
        0,
        0,
        0,
        47409,
        0,
        0,
        0,
        0,
        0,
        0
      ],
      [
        0,
        0,
        0,
        0,
        0,
        0,
        43388,
        0,
        0,
        0,
        0,
        0
      ],
      [
        0,
        0,
        0,
        0,
        0,
        0,
        0,
        44907,
        0,
        0,
        0,
        0
      ],
      [
        0,
        0,
        0,
        0,
        0,
        0,
        0,
        0,
        16867,
        0,
        0,
        0
      ],
      [
        0,
        0,
        0,
        0,
        0,
        0,
        0,
        0,
        0,
        40657,
        0,
        0
      ],
      [
        0,
        0,
        0,
        0,
        0,
        0,
        0,
        0,
        0,
        0,
        4748,
        0
      ],
      [
        0,
        0,
        0,
        0,
        0,
        0,
        0,
        0,
        0,
        0,
        0,
        16818
      ]
    ],
    "execution_share_per_rsu": [
      0.2235214376862521,
      0.059216330734481674,
      0.17376775429681435,
      0.0730960161459497,
      0.06373181971365931,
      0.08975883312948946,
      0.08214592697214218,
      0.08502182959661632,
      0.031934068181043655,
      0.07697536076579664,
      0.008989325649113374,
      0.03184129712864126
    ],
    "maximum_execution_share": 0.2235214376862521,
    "imbalance_diagnostic": {
      "name": "execution_share_range",
      "definition": "max(per-RSU execution share) - min(per-RSU execution share)",
      "value": 0.21453211203713873
    }
  },
  "extension_schema": "joint_seed_cyclic_v2_records",
  "substep_queue_iterations": 3,
  "k_max": 5,
  "n_rsus": 12,
  "max_vehicle_queue_depth": 10,
  "evaluator_seed": 206,
  "round_robin_pointer_final": null
}
[per-step] wrote /Users/akashx/Downloads/diss_mat/traffictwin-traces-raw-2026-09-16/ev/ev/block_06_ingress_dla/attempt_001/per_step.npz (T=23400, N=175, R=12; join vehicles on the trace npz pos_x/pos_y/mask for positions)
[per-task] wrote /Users/akashx/Downloads/diss_mat/traffictwin-traces-raw-2026-09-16/ev/ev/block_06_ingress_dla/attempt_001/per_task.npz ([T,KMAX,N] = [23400,5,175]; filter on task_active)
