[mc] enter-reset=ON reset_soc_on_enter=False
[mc] substep-queue=sequential (co-batch queueing charged; 3 gate iterations)
[mc] rsu-cap-mode=reject (buffer-full tasks individually failed; enqueued work conserved)
[mc] veh-queue=conserved (helper co-batch pricing + per-task MQD rejection on vehicle queues)
[mc] ABSOLUTE cap override: 6220 tasks/RSU (ratio form would give 538)
[mc] T=10800 maxN=215 RSU_MAX_CONCURRENT=6220 K_MAX=5
[fleet] uk2030: ev_share=0.2093 tier_hist=[94, 67, 54]
{
  "trace": "trace_wd_am_wdrsu.npz",
  "actor": "mappo_modelc_17dim__envs128__lr3e-3__seed100_actor_params.npz",
  "model": "C",
  "T": 10800,
  "maxN": 215,
  "rsu_max_concurrent": 6220,
  "fleet": "uk2030",
  "fleet_seed": 107,
  "obs_variant": "onehot17",
  "lambda_arrival": 1.5,
  "rsu_service_mult": 1.0,
  "rsu_lb": "dla",
  "rsu_backhaul_ms": 0.0,
  "k8s_scale": "off",
  "k8s_params": {},
  "k8s_mean_mult": 1.0,
  "k8s_scale_events": 0,
  "k8s_first_scaleup_s": -1.0,
  "rsu_cap_mode": "reject",
  "substep_queue": "sequential",
  "v2i_gate_rejected": 154083.0,
  "v2i_cap_rejected": 0.0,
  "veh_queue_mode": "conserved",
  "local_mqd_rejected": 226.0,
  "v2v_mqd_rejected": 2078.0,
  "v2i_unavailable": 66.0,
  "v2v_unavailable": 3.0,
  "work_ms": {
    "v2i_offered": 7181496.5,
    "v2i_admitted": 5965191.5,
    "v2i_rejected_or_unavailable": 1216305.0,
    "veh_offered": 34595348.0,
    "veh_admitted": 34558528.0,
    "veh_rejected": 36820.0
  },
  "enter_reset": true,
  "reset_soc_on_enter": false,
  "engine_version": "v3_enter_reset",
  "fleet_ev_share": 0.20930232107639313,
  "fleet_tier_hist": [
    94,
    67,
    54
  ],
  "completion": 0.8415765769380229,
  "n_offered": 1744742.0,
  "n_admitted": 1588286.0,
  "completion_admitted": 0.9244770778058864,
  "avg_latency_admitted_ms": 66.16195823674074,
  "avg_latency_met_ms": 52.93169537720982,
  "t1_completion": 0.6650137567531199,
  "t2_completion": 0.9852240046990258,
  "t3_completion": 0.8259030300943065,
  "total_energy_j": 812152.6875,
  "avg_energy_j_per_task": 0.46548583544157246,
  "avg_latency_ms_per_task": 152.3230643843044,
  "p_local": 0.5208603908199608,
  "p_v2i": 0.25509674209711236,
  "p_v2v": 0.22404286708292687,
  "t1_share": 0.20019177620530715,
  "t2_share": 0.30053956401576853,
  "t3_share": 0.4992686597789243,
  "total_tasks": 1744742.0,
  "wall_s": 164.3,
  "v2i_path_metrics": {
    "schema_version": "e2_native_v2i_path_v1",
    "v2i_attempts": 445078,
    "v2i_admitted_tasks": 290929,
    "ingress_count_per_rsu": [
      124714,
      53494,
      56605,
      43383,
      24240,
      18403,
      71328,
      9952,
      42959
    ],
    "selected_target_count_per_rsu": [
      231463,
      131578,
      56894,
      19606,
      5537,
      0,
      0,
      0,
      0
    ],
    "actual_execution_count_per_rsu": [
      122945,
      90928,
      52061,
      19458,
      5537,
      0,
      0,
      0,
      0
    ],
    "forwarded_admitted_task_count": 236869,
    "forwarded_share_of_admitted_v2i": 0.8141814669558552,
    "total_forwarding_latency_ms": 0.0,
    "mean_forwarding_latency_ms_per_admitted_v2i": 0.0,
    "mean_forwarding_latency_ms_per_forwarded_v2i": 0.0,
    "ingress_to_execution_pair_matrix": [
      [
        34374,
        25505,
        14595,
        5424,
        1544,
        0,
        0,
        0,
        0
      ],
      [
        14700,
        10890,
        6216,
        2299,
        618,
        0,
        0,
        0,
        0
      ],
      [
        15935,
        11635,
        6610,
        2555,
        691,
        0,
        0,
        0,
        0
      ],
      [
        12083,
        8951,
        5113,
        1859,
        542,
        0,
        0,
        0,
        0
      ],
      [
        6836,
        5021,
        2888,
        1069,
        327,
        0,
        0,
        0,
        0
      ],
      [
        5039,
        3783,
        2137,
        821,
        259,
        0,
        0,
        0,
        0
      ],
      [
        19493,
        14607,
        8384,
        3169,
        943,
        0,
        0,
        0,
        0
      ],
      [
        2879,
        2056,
        1182,
        424,
        105,
        0,
        0,
        0,
        0
      ],
      [
        11606,
        8480,
        4936,
        1838,
        508,
        0,
        0,
        0,
        0
      ]
    ],
    "execution_share_per_rsu": [
      0.4225945161877984,
      0.3125436102966703,
      0.17894744078452132,
      0.06688229774274823,
      0.019032134988261742,
      0.0,
      0.0,
      0.0,
      0.0
    ],
    "maximum_execution_share": 0.4225945161877984,
    "imbalance_diagnostic": {
      "name": "execution_share_range",
      "definition": "max(per-RSU execution share) - min(per-RSU execution share)",
      "value": 0.4225945161877984
    }
  },
  "extension_schema": "joint_seed_cyclic_v2_records",
  "substep_queue_iterations": 3,
  "k_max": 5,
  "n_rsus": 9,
  "max_vehicle_queue_depth": 10,
  "evaluator_seed": 207,
  "round_robin_pointer_final": null
}
[per-step] wrote /Users/akashx/Downloads/diss_mat/traffictwin-joint-confirmation-raw-2026-09-08/campaign/block_07_dla/attempt_001/per_step.npz (T=10800, N=215, R=9; join vehicles on the trace npz pos_x/pos_y/mask for positions)
[per-task] wrote /Users/akashx/Downloads/diss_mat/traffictwin-joint-confirmation-raw-2026-09-08/campaign/block_07_dla/attempt_001/per_task.npz ([T,KMAX,N] = [10800,5,215]; filter on task_active)
