[mc] enter-reset=off (mask-only reset — no enter channel in trace) reset_soc_on_enter=False
[mc] substep-queue=sequential (co-batch queueing charged; 3 gate iterations)
[mc] rsu-cap-mode=reject (buffer-full tasks individually failed; enqueued work conserved)
[mc] veh-queue=conserved (helper co-batch pricing + per-task MQD rejection on vehicle queues)
[mc] ABSOLUTE cap override: 6220 tasks/RSU (ratio form would give 438)
[mc] T=150 maxN=175 RSU_MAX_CONCURRENT=6220 K_MAX=5
[fleet] uk2030: ev_share=0.1886 tier_hist=[71, 60, 44]
{
  "trace": "trace_ev_fullrsu.npz",
  "actor": "mappo_modelc_17dim__envs128__lr3e-3__seed100_actor_params.npz",
  "model": "C",
  "T": 150,
  "maxN": 175,
  "rsu_max_concurrent": 6220,
  "fleet": "uk2030",
  "fleet_seed": 1,
  "obs_variant": "onehot17",
  "lambda_arrival": 1.5,
  "rsu_service_mult": 1.0,
  "rsu_lb": "per_task_dla",
  "rsu_backhaul_ms": 0.0,
  "k8s_scale": "off",
  "k8s_params": {},
  "k8s_mean_mult": 1.0,
  "k8s_scale_events": 0,
  "k8s_first_scaleup_s": -1.0,
  "rsu_cap_mode": "reject",
  "substep_queue": "sequential",
  "v2i_gate_rejected": 0.0,
  "v2i_cap_rejected": 0.0,
  "veh_queue_mode": "conserved",
  "local_mqd_rejected": 12.0,
  "v2v_mqd_rejected": 39.0,
  "v2i_unavailable": 0.0,
  "v2v_unavailable": 0.0,
  "work_ms": {
    "v2i_offered": 103614.2421875,
    "v2i_admitted": 103614.2421875,
    "v2i_rejected_or_unavailable": 0.0,
    "veh_offered": 540470.375,
    "veh_admitted": 539653.125,
    "veh_rejected": 817.25
  },
  "enter_reset": false,
  "reset_soc_on_enter": false,
  "engine_version": "v2_post_nrsus_fix",
  "fleet_ev_share": 0.18857142329216003,
  "fleet_tier_hist": [
    71,
    60,
    44
  ],
  "completion": 0.9373647731856687,
  "n_offered": 27269.0,
  "n_admitted": 27218.0,
  "completion_admitted": 0.9391211698140937,
  "avg_latency_admitted_ms": 52.97574215592623,
  "avg_latency_met_ms": 41.85824107038066,
  "t1_completion": 0.8206581352833638,
  "t2_completion": 0.9876558449574127,
  "t3_completion": 0.9542268944371441,
  "total_energy_j": 12660.3173828125,
  "avg_energy_j_per_task": 0.4642750882985258,
  "avg_latency_ms_per_task": 57.240593714474315,
  "p_local": 0.5575928710257069,
  "p_v2i": 0.2381458799369247,
  "p_v2v": 0.20426124903736845,
  "t1_share": 0.20059408119109612,
  "t2_share": 0.29707726722652095,
  "t3_share": 0.5023286515823829,
  "total_tasks": 27269.0,
  "wall_s": 6.1,
  "v2i_path_metrics": {
    "schema_version": "e2_native_v2i_path_v1",
    "v2i_attempts": 6494,
    "v2i_admitted_tasks": 6494,
    "ingress_count_per_rsu": [
      2078,
      311,
      1269,
      389,
      354,
      367,
      306,
      623,
      87,
      502,
      22,
      186
    ],
    "selected_target_count_per_rsu": [
      555,
      512,
      528,
      558,
      537,
      554,
      536,
      520,
      570,
      558,
      512,
      554
    ],
    "actual_execution_count_per_rsu": [
      555,
      512,
      528,
      558,
      537,
      554,
      536,
      520,
      570,
      558,
      512,
      554
    ],
    "forwarded_admitted_task_count": 5955,
    "forwarded_share_of_admitted_v2i": 0.9170003079765938,
    "total_forwarding_latency_ms": 0.0,
    "mean_forwarding_latency_ms_per_admitted_v2i": 0.0,
    "mean_forwarding_latency_ms_per_forwarded_v2i": 0.0,
    "ingress_to_execution_pair_matrix": [
      [
        147,
        160,
        162,
        172,
        174,
        200,
        195,
        158,
        171,
        187,
        162,
        190
      ],
      [
        32,
        33,
        32,
        28,
        29,
        16,
        23,
        21,
        29,
        21,
        17,
        30
      ],
      [
        89,
        79,
        106,
        116,
        113,
        116,
        116,
        114,
        102,
        104,
        101,
        113
      ],
      [
        38,
        29,
        24,
        42,
        36,
        29,
        27,
        28,
        35,
        34,
        32,
        35
      ],
      [
        52,
        39,
        31,
        33,
        23,
        26,
        18,
        26,
        26,
        31,
        24,
        25
      ],
      [
        25,
        24,
        23,
        26,
        19,
        41,
        34,
        26,
        37,
        38,
        42,
        32
      ],
      [
        42,
        27,
        29,
        19,
        28,
        24,
        24,
        19,
        15,
        27,
        25,
        27
      ],
      [
        43,
        46,
        59,
        68,
        55,
        46,
        44,
        52,
        76,
        48,
        49,
        37
      ],
      [
        11,
        11,
        9,
        3,
        10,
        7,
        2,
        10,
        9,
        6,
        4,
        5
      ],
      [
        44,
        39,
        38,
        35,
        36,
        39,
        40,
        55,
        49,
        45,
        39,
        43
      ],
      [
        4,
        2,
        1,
        2,
        0,
        3,
        1,
        1,
        2,
        2,
        2,
        2
      ],
      [
        28,
        23,
        14,
        14,
        14,
        7,
        12,
        10,
        19,
        15,
        15,
        15
      ]
    ],
    "execution_share_per_rsu": [
      0.0854635047736372,
      0.07884200800739144,
      0.08130582075762242,
      0.08592546966430552,
      0.08269171542962735,
      0.08530951647674777,
      0.08253772713273791,
      0.08007391438250692,
      0.08777332922697875,
      0.08592546966430552,
      0.07884200800739144,
      0.08530951647674777
    ],
    "maximum_execution_share": 0.08777332922697875,
    "imbalance_diagnostic": {
      "name": "execution_share_range",
      "definition": "max(per-RSU execution share) - min(per-RSU execution share)",
      "value": 0.008931321219587313
    }
  },
  "extension_schema": "joint_seed_cyclic_v2_records",
  "substep_queue_iterations": 3,
  "k_max": 5,
  "n_rsus": 12,
  "max_vehicle_queue_depth": 10,
  "evaluator_seed": 0,
  "round_robin_pointer_final": null
}
[per-step] wrote /Users/akashx/Downloads/diss_mat/traffictwin-traces-raw-2026-09-16/ev/qualification/06_per_task_dla_prefix/attempt_001/per_step.npz (T=150, N=175, R=12; join vehicles on the trace npz pos_x/pos_y/mask for positions)
[per-task] wrote /Users/akashx/Downloads/diss_mat/traffictwin-traces-raw-2026-09-16/ev/qualification/06_per_task_dla_prefix/attempt_001/per_task.npz ([T,KMAX,N] = [150,5,175]; filter on task_active)
