[mc] enter-reset=ON reset_soc_on_enter=False
[mc] substep-queue=sequential (co-batch queueing charged; 3 gate iterations)
[mc] rsu-cap-mode=reject (buffer-full tasks individually failed; enqueued work conserved)
[mc] veh-queue=conserved (helper co-batch pricing + per-task MQD rejection on vehicle queues)
[mc] ABSOLUTE cap override: 6220 tasks/RSU (ratio form would give 538)
[mc] T=10800 maxN=215 RSU_MAX_CONCURRENT=6220 K_MAX=5
[fleet] uk2030: ev_share=0.2233 tier_hist=[82, 74, 59]
{
  "trace": "trace_wd_am_wdrsu.npz",
  "actor": "mappo_modelc_17dim_ukfleet2030__envs128__lr3e-3__seed100_actor_params.npz",
  "model": "C",
  "T": 10800,
  "maxN": 215,
  "rsu_max_concurrent": 6220,
  "fleet": "uk2030",
  "fleet_seed": 103,
  "obs_variant": "onehot17",
  "lambda_arrival": 1.5,
  "rsu_service_mult": 1.0,
  "rsu_lb": "dla",
  "rsu_backhaul_ms": 0.0,
  "k8s_scale": "off",
  "k8s_params": {},
  "k8s_mean_mult": 1.0,
  "k8s_scale_events": 0,
  "k8s_first_scaleup_s": -1.0,
  "rsu_cap_mode": "reject",
  "substep_queue": "sequential",
  "v2i_gate_rejected": 113219.0,
  "v2i_cap_rejected": 0.0,
  "veh_queue_mode": "conserved",
  "local_mqd_rejected": 116.0,
  "v2v_mqd_rejected": 526.0,
  "v2i_unavailable": 79.0,
  "v2v_unavailable": 0.0,
  "work_ms": {
    "v2i_offered": 6042618.0,
    "v2i_admitted": 5152809.0,
    "v2i_rejected_or_unavailable": 889809.0,
    "veh_offered": 34472580.0,
    "veh_admitted": 34459356.0,
    "veh_rejected": 13224.0
  },
  "enter_reset": true,
  "reset_soc_on_enter": false,
  "engine_version": "v3_enter_reset",
  "fleet_ev_share": 0.22325581312179565,
  "fleet_tier_hist": [
    82,
    74,
    59
  ],
  "completion": 0.8711067997456753,
  "n_offered": 1744227.0,
  "n_admitted": 1630287.0,
  "completion_admitted": 0.9319880487300702,
  "avg_latency_admitted_ms": 59.64568447150717,
  "avg_latency_met_ms": 48.52919031622842,
  "t1_completion": 0.7165918148617468,
  "t2_completion": 0.9903993459482795,
  "t3_completion": 0.8611653489171537,
  "total_energy_j": 824519.1875,
  "avg_energy_j_per_task": 0.4727132348599122,
  "avg_latency_ms_per_task": 121.61695926046323,
  "p_local": 0.5986869828296432,
  "p_v2i": 0.21518357415634548,
  "p_v2v": 0.18612944301401135,
  "t1_share": 0.1995273550977023,
  "t2_share": 0.3001363927974971,
  "t3_share": 0.5003362521048006,
  "total_tasks": 1744227.0,
  "wall_s": 180.2,
  "v2i_path_metrics": {
    "schema_version": "e2_native_v2i_path_v1",
    "v2i_attempts": 375329,
    "v2i_admitted_tasks": 262031,
    "ingress_count_per_rsu": [
      94605,
      44677,
      51461,
      37813,
      25454,
      18672,
      56123,
      10259,
      36265
    ],
    "selected_target_count_per_rsu": [
      194880,
      110951,
      48189,
      16585,
      4724,
      0,
      0,
      0,
      0
    ],
    "actual_execution_count_per_rsu": [
      112176,
      83052,
      45536,
      16545,
      4722,
      0,
      0,
      0,
      0
    ],
    "forwarded_admitted_task_count": 215756,
    "forwarded_share_of_admitted_v2i": 0.8233987581622022,
    "total_forwarding_latency_ms": 0.0,
    "mean_forwarding_latency_ms_per_admitted_v2i": 0.0,
    "mean_forwarding_latency_ms_per_forwarded_v2i": 0.0,
    "ingress_to_execution_pair_matrix": [
      [
        28006,
        20958,
        11438,
        4165,
        1189,
        0,
        0,
        0,
        0
      ],
      [
        13259,
        9928,
        5323,
        1897,
        509,
        0,
        0,
        0,
        0
      ],
      [
        15885,
        11501,
        6251,
        2260,
        668,
        0,
        0,
        0,
        0
      ],
      [
        11508,
        8387,
        4697,
        1754,
        475,
        0,
        0,
        0,
        0
      ],
      [
        7740,
        5630,
        3085,
        1137,
        336,
        0,
        0,
        0,
        0
      ],
      [
        5733,
        4121,
        2259,
        780,
        223,
        0,
        0,
        0,
        0
      ],
      [
        16481,
        12337,
        6806,
        2465,
        682,
        0,
        0,
        0,
        0
      ],
      [
        3009,
        2242,
        1213,
        452,
        149,
        0,
        0,
        0,
        0
      ],
      [
        10555,
        7948,
        4464,
        1635,
        491,
        0,
        0,
        0,
        0
      ]
    ],
    "execution_share_per_rsu": [
      0.42810201846346424,
      0.31695486411913093,
      0.1737809648476707,
      0.06314138403471345,
      0.018020768535020666,
      0.0,
      0.0,
      0.0,
      0.0
    ],
    "maximum_execution_share": 0.42810201846346424,
    "imbalance_diagnostic": {
      "name": "execution_share_range",
      "definition": "max(per-RSU execution share) - min(per-RSU execution share)",
      "value": 0.42810201846346424
    }
  },
  "extension_schema": "joint_seed_cyclic_v2_records",
  "substep_queue_iterations": 3,
  "k_max": 5,
  "n_rsus": 9,
  "max_vehicle_queue_depth": 10,
  "evaluator_seed": 203,
  "round_robin_pointer_final": null
}
[per-step] wrote /Users/akashx/Downloads/diss_mat/traffictwin-followups-raw-2026-09-15/09_second_actor/block_03_dla/attempt_001/per_step.npz (T=10800, N=215, R=9; join vehicles on the trace npz pos_x/pos_y/mask for positions)
[per-task] wrote /Users/akashx/Downloads/diss_mat/traffictwin-followups-raw-2026-09-15/09_second_actor/block_03_dla/attempt_001/per_task.npz ([T,KMAX,N] = [10800,5,215]; filter on task_active)
