[mc] enter-reset=ON reset_soc_on_enter=False
[mc] substep-queue=sequential (co-batch queueing charged; 3 gate iterations)
[mc] rsu-cap-mode=reject (buffer-full tasks individually failed; enqueued work conserved)
[mc] veh-queue=conserved (helper co-batch pricing + per-task MQD rejection on vehicle queues)
[mc] ABSOLUTE cap override: 6220 tasks/RSU (ratio form would give 538)
[mc] T=10800 maxN=215 RSU_MAX_CONCURRENT=6220 K_MAX=5
[fleet] uk2030: ev_share=0.2093 tier_hist=[87, 79, 49]
{
  "trace": "trace_wd_am_wdrsu.npz",
  "actor": "mappo_modelc_17dim_ukfleet2030__envs128__lr3e-3__seed100_actor_params.npz",
  "model": "C",
  "T": 10800,
  "maxN": 215,
  "rsu_max_concurrent": 6220,
  "fleet": "uk2030",
  "fleet_seed": 104,
  "obs_variant": "onehot17",
  "lambda_arrival": 1.5,
  "rsu_service_mult": 1.0,
  "rsu_lb": "per_task_dla",
  "rsu_backhaul_ms": 0.0,
  "k8s_scale": "off",
  "k8s_params": {},
  "k8s_mean_mult": 1.0,
  "k8s_scale_events": 0,
  "k8s_first_scaleup_s": -1.0,
  "rsu_cap_mode": "reject",
  "substep_queue": "sequential",
  "v2i_gate_rejected": 1291.0,
  "v2i_cap_rejected": 0.0,
  "veh_queue_mode": "conserved",
  "local_mqd_rejected": 146.0,
  "v2v_mqd_rejected": 1037.0,
  "v2i_unavailable": 50.0,
  "v2v_unavailable": 0.0,
  "work_ms": {
    "v2i_offered": 5734215.5,
    "v2i_admitted": 5723546.5,
    "v2i_rejected_or_unavailable": 10669.0,
    "veh_offered": 35260500.0,
    "veh_admitted": 35234424.0,
    "veh_rejected": 26076.0
  },
  "enter_reset": true,
  "reset_soc_on_enter": false,
  "engine_version": "v3_enter_reset",
  "fleet_ev_share": 0.20930232107639313,
  "fleet_tier_hist": [
    87,
    79,
    49
  ],
  "completion": 0.9364743238251685,
  "n_offered": 1743484.0,
  "n_admitted": 1740960.0,
  "completion_admitted": 0.9378320007352265,
  "avg_latency_admitted_ms": 52.56462641301351,
  "avg_latency_met_ms": 42.361260418146806,
  "t1_completion": 0.8126688578754453,
  "t2_completion": 0.9910271898703206,
  "t3_completion": 0.9532558891889473,
  "total_energy_j": 799144.8125,
  "avg_energy_j_per_task": 0.45836085246552305,
  "avg_latency_ms_per_task": 54.79655219090052,
  "p_local": 0.6140744623982783,
  "p_v2i": 0.20446588554870593,
  "p_v2v": 0.18145965205301567,
  "t1_share": 0.19998233422274023,
  "t2_share": 0.30005207962906455,
  "t3_share": 0.4999655861481952,
  "total_tasks": 1743484.0,
  "wall_s": 157.9,
  "v2i_path_metrics": {
    "schema_version": "e2_native_v2i_path_v1",
    "v2i_attempts": 356483,
    "v2i_admitted_tasks": 355142,
    "ingress_count_per_rsu": [
      91011,
      43969,
      47098,
      37173,
      23333,
      16981,
      53389,
      9933,
      33596
    ],
    "selected_target_count_per_rsu": [
      39772,
      39496,
      39873,
      39320,
      39330,
      39743,
      39607,
      39576,
      39766
    ],
    "actual_execution_count_per_rsu": [
      39638,
      39335,
      39698,
      39174,
      39201,
      39573,
      39449,
      39448,
      39626
    ],
    "forwarded_admitted_task_count": 315477,
    "forwarded_share_of_admitted_v2i": 0.8883122807215142,
    "total_forwarding_latency_ms": 0.0,
    "mean_forwarding_latency_ms_per_admitted_v2i": 0.0,
    "mean_forwarding_latency_ms_per_forwarded_v2i": 0.0,
    "ingress_to_execution_pair_matrix": [
      [
        10211,
        9782,
        10166,
        9951,
        10071,
        10144,
        10104,
        10030,
        10101
      ],
      [
        4834,
        4676,
        4799,
        5077,
        4900,
        4904,
        4872,
        4904,
        4866
      ],
      [
        5382,
        5367,
        5401,
        5126,
        5101,
        5148,
        5111,
        5230,
        5104
      ],
      [
        4091,
        4080,
        4191,
        4090,
        4128,
        4241,
        4124,
        4027,
        4104
      ],
      [
        2707,
        2769,
        2592,
        2491,
        2551,
        2540,
        2473,
        2499,
        2598
      ],
      [
        1730,
        1862,
        1974,
        1894,
        1898,
        1847,
        1976,
        1916,
        1850
      ],
      [
        5875,
        5725,
        5784,
        5903,
        6021,
        5968,
        5951,
        5951,
        6056
      ],
      [
        1084,
        1181,
        1128,
        1061,
        1008,
        1086,
        1111,
        1116,
        1125
      ],
      [
        3724,
        3893,
        3663,
        3581,
        3523,
        3695,
        3727,
        3775,
        3822
      ]
    ],
    "execution_share_per_rsu": [
      0.11161169335082868,
      0.11075851349601004,
      0.11178063985673337,
      0.11030517370516582,
      0.11038119963282293,
      0.11142866796943195,
      0.11107951185722893,
      0.11107669608213053,
      0.11157790404964775
    ],
    "maximum_execution_share": 0.11178063985673337,
    "imbalance_diagnostic": {
      "name": "execution_share_range",
      "definition": "max(per-RSU execution share) - min(per-RSU execution share)",
      "value": 0.001475466151567545
    }
  },
  "extension_schema": "joint_seed_cyclic_v2_records",
  "substep_queue_iterations": 3,
  "k_max": 5,
  "n_rsus": 9,
  "max_vehicle_queue_depth": 10,
  "evaluator_seed": 204,
  "round_robin_pointer_final": null
}
[per-step] wrote /Users/akashx/Downloads/diss_mat/traffictwin-followups-raw-2026-09-15/09_second_actor/block_04_per_task_dla/attempt_001/per_step.npz (T=10800, N=215, R=9; join vehicles on the trace npz pos_x/pos_y/mask for positions)
[per-task] wrote /Users/akashx/Downloads/diss_mat/traffictwin-followups-raw-2026-09-15/09_second_actor/block_04_per_task_dla/attempt_001/per_task.npz ([T,KMAX,N] = [10800,5,215]; filter on task_active)
