[mc] enter-reset=off (mask-only reset — no enter channel in trace) reset_soc_on_enter=False
[mc] substep-queue=sequential (co-batch queueing charged; 3 gate iterations)
[mc] rsu-cap-mode=reject (buffer-full tasks individually failed; enqueued work conserved)
[mc] veh-queue=conserved (helper co-batch pricing + per-task MQD rejection on vehicle queues)
[mc] ABSOLUTE cap override: 6220 tasks/RSU (ratio form would give 408)
[mc] T=25200 maxN=163 RSU_MAX_CONCURRENT=6220 K_MAX=5
[fleet] uk2030: ev_share=0.2209 tier_hist=[53, 63, 47]
{
  "trace": "trace_wd_pm_fullrsu.npz",
  "actor": "mappo_modelc_17dim__envs128__lr3e-3__seed100_actor_params.npz",
  "model": "C",
  "T": 25200,
  "maxN": 163,
  "rsu_max_concurrent": 6220,
  "fleet": "uk2030",
  "fleet_seed": 107,
  "obs_variant": "onehot17",
  "lambda_arrival": 1.5,
  "rsu_service_mult": 1.0,
  "rsu_lb": "ingress_dla",
  "rsu_backhaul_ms": 0.0,
  "k8s_scale": "off",
  "k8s_params": {},
  "k8s_mean_mult": 1.0,
  "k8s_scale_events": 0,
  "k8s_first_scaleup_s": -1.0,
  "rsu_cap_mode": "reject",
  "substep_queue": "sequential",
  "v2i_gate_rejected": 81161.0,
  "v2i_cap_rejected": 0.0,
  "veh_queue_mode": "conserved",
  "local_mqd_rejected": 361.0,
  "v2v_mqd_rejected": 2358.0,
  "v2i_unavailable": 86.0,
  "v2v_unavailable": 8.0,
  "work_ms": {
    "v2i_offered": 11202965.0,
    "v2i_admitted": 10569662.0,
    "v2i_rejected_or_unavailable": 633303.0,
    "veh_offered": 77509584.0,
    "veh_admitted": 77467480.0,
    "veh_rejected": 42104.0
  },
  "enter_reset": false,
  "reset_soc_on_enter": false,
  "engine_version": "v2_post_nrsus_fix",
  "fleet_ev_share": 0.2208588868379593,
  "fleet_tier_hist": [
    53,
    63,
    47
  ],
  "completion": 0.9190710197933717,
  "n_offered": 3919696.0,
  "n_admitted": 3835722.0,
  "completion_admitted": 0.9391918913831607,
  "avg_latency_admitted_ms": 53.12885136096933,
  "avg_latency_met_ms": 43.32511695418627,
  "t1_completion": 0.7862980741632746,
  "t2_completion": 0.9910153933084338,
  "t3_completion": 0.929037016182339,
  "total_energy_j": 1976273.25,
  "avg_energy_j_per_task": 0.5041904397687984,
  "avg_latency_ms_per_task": 74.30920765283838,
  "p_local": 0.6171662292177761,
  "p_v2i": 0.17773572236214236,
  "p_v2v": 0.20509804842008156,
  "t1_share": 0.19999484653911936,
  "t2_share": 0.29979901502565504,
  "t3_share": 0.5002061384352255,
  "total_tasks": 3919696.0,
  "wall_s": 714.5,
  "v2i_path_metrics": {
    "schema_version": "e2_native_v2i_path_v1",
    "v2i_attempts": 696670,
    "v2i_admitted_tasks": 615423,
    "ingress_count_per_rsu": [
      193540,
      38330,
      135299,
      50012,
      55964,
      63224,
      77885,
      17926,
      9071,
      55419
    ],
    "selected_target_count_per_rsu": [
      193540,
      38330,
      135299,
      50012,
      55964,
      63224,
      77885,
      17926,
      9071,
      55419
    ],
    "actual_execution_count_per_rsu": [
      151109,
      37210,
      114877,
      47946,
      53243,
      59692,
      71701,
      17725,
      9013,
      52907
    ],
    "forwarded_admitted_task_count": 0,
    "forwarded_share_of_admitted_v2i": 0.0,
    "total_forwarding_latency_ms": 0.0,
    "mean_forwarding_latency_ms_per_admitted_v2i": 0.0,
    "mean_forwarding_latency_ms_per_forwarded_v2i": 0.0,
    "ingress_to_execution_pair_matrix": [
      [
        151109,
        0,
        0,
        0,
        0,
        0,
        0,
        0,
        0,
        0
      ],
      [
        0,
        37210,
        0,
        0,
        0,
        0,
        0,
        0,
        0,
        0
      ],
      [
        0,
        0,
        114877,
        0,
        0,
        0,
        0,
        0,
        0,
        0
      ],
      [
        0,
        0,
        0,
        47946,
        0,
        0,
        0,
        0,
        0,
        0
      ],
      [
        0,
        0,
        0,
        0,
        53243,
        0,
        0,
        0,
        0,
        0
      ],
      [
        0,
        0,
        0,
        0,
        0,
        59692,
        0,
        0,
        0,
        0
      ],
      [
        0,
        0,
        0,
        0,
        0,
        0,
        71701,
        0,
        0,
        0
      ],
      [
        0,
        0,
        0,
        0,
        0,
        0,
        0,
        17725,
        0,
        0
      ],
      [
        0,
        0,
        0,
        0,
        0,
        0,
        0,
        0,
        9013,
        0
      ],
      [
        0,
        0,
        0,
        0,
        0,
        0,
        0,
        0,
        0,
        52907
      ]
    ],
    "execution_share_per_rsu": [
      0.2455368096414986,
      0.060462478652894024,
      0.18666348186531864,
      0.07790739052651591,
      0.08651447865939361,
      0.09699345003355415,
      0.11650685788473944,
      0.028801328517133743,
      0.01464521150493238,
      0.08596851271401947
    ],
    "maximum_execution_share": 0.2455368096414986,
    "imbalance_diagnostic": {
      "name": "execution_share_range",
      "definition": "max(per-RSU execution share) - min(per-RSU execution share)",
      "value": 0.2308915981365662
    }
  },
  "extension_schema": "joint_seed_cyclic_v2_records",
  "substep_queue_iterations": 3,
  "k_max": 5,
  "n_rsus": 10,
  "max_vehicle_queue_depth": 10,
  "evaluator_seed": 207,
  "round_robin_pointer_final": null
}
[per-step] wrote /Users/akashx/Downloads/diss_mat/traffictwin-traces-raw-2026-09-16/wd_pm/wd_pm/block_07_ingress_dla/attempt_001/per_step.npz (T=25200, N=163, R=10; join vehicles on the trace npz pos_x/pos_y/mask for positions)
[per-task] wrote /Users/akashx/Downloads/diss_mat/traffictwin-traces-raw-2026-09-16/wd_pm/wd_pm/block_07_ingress_dla/attempt_001/per_task.npz ([T,KMAX,N] = [25200,5,163]; filter on task_active)
