[mc] enter-reset=ON reset_soc_on_enter=False
[mc] substep-queue=sequential (co-batch queueing charged; 3 gate iterations)
[mc] rsu-cap-mode=reject (buffer-full tasks individually failed; enqueued work conserved)
[mc] veh-queue=conserved (helper co-batch pricing + per-task MQD rejection on vehicle queues)
[mc] ABSOLUTE cap override: 6220 tasks/RSU (ratio form would give 538)
[mc] T=300 maxN=215 RSU_MAX_CONCURRENT=6220 K_MAX=5
[fleet] uk2030: ev_share=0.2140 tier_hist=[78, 75, 62]
{
  "trace": "trace_wd_am_wdrsu.npz",
  "actor": "mappo_modelc_17dim_ukfleet2030__envs128__lr3e-3__seed100_actor_params.npz",
  "model": "C",
  "T": 300,
  "maxN": 215,
  "rsu_max_concurrent": 6220,
  "fleet": "uk2030",
  "fleet_seed": 1,
  "obs_variant": "onehot17",
  "lambda_arrival": 1.5,
  "rsu_service_mult": 1.0,
  "rsu_lb": "causal_round_robin",
  "rsu_backhaul_ms": 0.0,
  "k8s_scale": "off",
  "k8s_params": {},
  "k8s_mean_mult": 1.0,
  "k8s_scale_events": 0,
  "k8s_first_scaleup_s": -1.0,
  "rsu_cap_mode": "reject",
  "substep_queue": "sequential",
  "v2i_gate_rejected": 18.0,
  "v2i_cap_rejected": 0.0,
  "veh_queue_mode": "conserved",
  "local_mqd_rejected": 0.0,
  "v2v_mqd_rejected": 4.0,
  "v2i_unavailable": 0.0,
  "v2v_unavailable": 0.0,
  "work_ms": {
    "v2i_offered": 133652.9375,
    "v2i_admitted": 133553.375,
    "v2i_rejected_or_unavailable": 99.5625,
    "veh_offered": 837427.1875,
    "veh_admitted": 837257.9375,
    "veh_rejected": 169.25
  },
  "enter_reset": true,
  "reset_soc_on_enter": false,
  "engine_version": "v3_enter_reset",
  "fleet_ev_share": 0.21395349502563477,
  "fleet_tier_hist": [
    78,
    75,
    62
  ],
  "completion": 0.9432920983092861,
  "n_offered": 42763.0,
  "n_admitted": 42741.0,
  "completion_admitted": 0.9437776373973468,
  "avg_latency_admitted_ms": 49.61777333239746,
  "avg_latency_met_ms": 40.3906366205563,
  "t1_completion": 0.8274689186019235,
  "t2_completion": 0.9916032331476105,
  "t3_completion": 0.9605936540429887,
  "total_energy_j": 20388.4375,
  "avg_energy_j_per_task": 0.47677752964010944,
  "avg_latency_ms_per_task": 50.38732666089844,
  "p_local": 0.6329537216752801,
  "p_v2i": 0.19519210532469658,
  "p_v2v": 0.1718541730000234,
  "t1_share": 0.19937796693403176,
  "t2_share": 0.2979912541215537,
  "t3_share": 0.5026307789444145,
  "total_tasks": 42763.0,
  "wall_s": 7.8,
  "v2i_path_metrics": {
    "schema_version": "e2_native_v2i_path_v1",
    "v2i_attempts": 8347,
    "v2i_admitted_tasks": 8329,
    "ingress_count_per_rsu": [
      2018,
      1240,
      1054,
      762,
      562,
      366,
      1452,
      293,
      600
    ],
    "selected_target_count_per_rsu": [
      928,
      928,
      928,
      928,
      927,
      927,
      927,
      927,
      927
    ],
    "actual_execution_count_per_rsu": [
      927,
      927,
      924,
      925,
      925,
      927,
      925,
      927,
      922
    ],
    "forwarded_admitted_task_count": 7410,
    "forwarded_share_of_admitted_v2i": 0.8896626245647736,
    "total_forwarding_latency_ms": 0.0,
    "mean_forwarding_latency_ms_per_admitted_v2i": 0.0,
    "mean_forwarding_latency_ms_per_forwarded_v2i": 0.0,
    "ingress_to_execution_pair_matrix": [
      [
        234,
        238,
        226,
        214,
        214,
        234,
        198,
        221,
        233
      ],
      [
        148,
        132,
        132,
        136,
        140,
        147,
        148,
        126,
        129
      ],
      [
        118,
        116,
        107,
        130,
        126,
        114,
        126,
        109,
        107
      ],
      [
        83,
        87,
        92,
        88,
        89,
        74,
        97,
        75,
        75
      ],
      [
        66,
        65,
        60,
        51,
        58,
        66,
        61,
        67,
        66
      ],
      [
        38,
        31,
        42,
        47,
        41,
        43,
        36,
        48,
        39
      ],
      [
        161,
        148,
        172,
        157,
        175,
        147,
        145,
        179,
        166
      ],
      [
        26,
        38,
        36,
        36,
        23,
        28,
        41,
        34,
        29
      ],
      [
        53,
        72,
        57,
        66,
        59,
        74,
        73,
        68,
        78
      ]
    ],
    "execution_share_per_rsu": [
      0.11129787489494537,
      0.11129787489494537,
      0.11093768759755072,
      0.11105775003001561,
      0.11105775003001561,
      0.11129787489494537,
      0.11105775003001561,
      0.11129787489494537,
      0.11069756273262096
    ],
    "maximum_execution_share": 0.11129787489494537,
    "imbalance_diagnostic": {
      "name": "execution_share_range",
      "definition": "max(per-RSU execution share) - min(per-RSU execution share)",
      "value": 0.0006003121623244095
    }
  },
  "extension_schema": "joint_seed_cyclic_v2_records",
  "substep_queue_iterations": 3,
  "k_max": 5,
  "n_rsus": 9,
  "max_vehicle_queue_depth": 10,
  "evaluator_seed": 0,
  "round_robin_pointer_final": 4
}
[per-step] wrote /Users/akashx/Downloads/diss_mat/traffictwin-followups-raw-2026-09-15/qualification/14_09_second_actor_causal_round_robin/attempt_001/per_step.npz (T=300, N=215, R=9; join vehicles on the trace npz pos_x/pos_y/mask for positions)
[per-task] wrote /Users/akashx/Downloads/diss_mat/traffictwin-followups-raw-2026-09-15/qualification/14_09_second_actor_causal_round_robin/attempt_001/per_task.npz ([T,KMAX,N] = [300,5,215]; filter on task_active)
