[mc] enter-reset=off (mask-only reset — no enter channel in trace) reset_soc_on_enter=False
[mc] substep-queue=sequential (co-batch queueing charged; 3 gate iterations)
[mc] rsu-cap-mode=reject (buffer-full tasks individually failed; enqueued work conserved)
[mc] veh-queue=conserved (helper co-batch pricing + per-task MQD rejection on vehicle queues)
[mc] ABSOLUTE cap override: 6220 tasks/RSU (ratio form would give 408)
[mc] T=25200 maxN=163 RSU_MAX_CONCURRENT=6220 K_MAX=5
[fleet] uk2030: ev_share=0.2699 tier_hist=[61, 68, 34]
{
  "trace": "trace_wd_pm_fullrsu.npz",
  "actor": "mappo_modelc_17dim__envs128__lr3e-3__seed100_actor_params.npz",
  "model": "C",
  "T": 25200,
  "maxN": 163,
  "rsu_max_concurrent": 6220,
  "fleet": "uk2030",
  "fleet_seed": 105,
  "obs_variant": "onehot17",
  "lambda_arrival": 1.5,
  "rsu_service_mult": 1.0,
  "rsu_lb": "per_task_dla",
  "rsu_backhaul_ms": 0.0,
  "k8s_scale": "off",
  "k8s_params": {},
  "k8s_mean_mult": 1.0,
  "k8s_scale_events": 0,
  "k8s_first_scaleup_s": -1.0,
  "rsu_cap_mode": "reject",
  "substep_queue": "sequential",
  "v2i_gate_rejected": 697.0,
  "v2i_cap_rejected": 0.0,
  "veh_queue_mode": "conserved",
  "local_mqd_rejected": 304.0,
  "v2v_mqd_rejected": 1755.0,
  "v2i_unavailable": 122.0,
  "v2v_unavailable": 3.0,
  "work_ms": {
    "v2i_offered": 16216403.0,
    "v2i_admitted": 16208672.0,
    "v2i_rejected_or_unavailable": 7731.0,
    "veh_offered": 76849712.0,
    "veh_admitted": 76813368.0,
    "veh_rejected": 36344.0
  },
  "enter_reset": false,
  "reset_soc_on_enter": false,
  "engine_version": "v2_post_nrsus_fix",
  "fleet_ev_share": 0.2699386477470398,
  "fleet_tier_hist": [
    61,
    68,
    34
  ],
  "completion": 0.9352811391294834,
  "n_offered": 3920959.0,
  "n_admitted": 3918078.0,
  "completion_admitted": 0.9359688602421902,
  "avg_latency_admitted_ms": 53.89067394778767,
  "avg_latency_met_ms": 43.130408794286865,
  "t1_completion": 0.7989400653758089,
  "t2_completion": 0.9898999516292608,
  "t3_completion": 0.9570613802391544,
  "total_energy_j": 1692457.625,
  "avg_energy_j_per_task": 0.431643795561239,
  "avg_latency_ms_per_task": 55.259150631261384,
  "p_local": 0.5552508965281198,
  "p_v2i": 0.25668439787307135,
  "p_v2v": 0.18806470559880886,
  "t1_share": 0.20005003877877836,
  "t2_share": 0.3000110432167233,
  "t3_share": 0.4999389180044984,
  "total_tasks": 3920959.0,
  "wall_s": 528.7,
  "v2i_path_metrics": {
    "schema_version": "e2_native_v2i_path_v1",
    "v2i_attempts": 1006449,
    "v2i_admitted_tasks": 1005630,
    "ingress_count_per_rsu": [
      288743,
      54805,
      198498,
      71397,
      75350,
      88166,
      113281,
      24815,
      12711,
      78683
    ],
    "selected_target_count_per_rsu": [
      100895,
      100747,
      100815,
      100321,
      100608,
      100528,
      100541,
      100590,
      100673,
      100731
    ],
    "actual_execution_count_per_rsu": [
      100785,
      100678,
      100739,
      100239,
      100541,
      100472,
      100472,
      100504,
      100583,
      100617
    ],
    "forwarded_admitted_task_count": 905230,
    "forwarded_share_of_admitted_v2i": 0.9001620874476696,
    "total_forwarding_latency_ms": 0.0,
    "mean_forwarding_latency_ms_per_admitted_v2i": 0.0,
    "mean_forwarding_latency_ms_per_forwarded_v2i": 0.0,
    "ingress_to_execution_pair_matrix": [
      [
        28953,
        28491,
        28694,
        28779,
        28847,
        28769,
        29022,
        28651,
        29322,
        28919
      ],
      [
        5564,
        5510,
        5407,
        5535,
        5595,
        5495,
        5457,
        5425,
        5358,
        5419
      ],
      [
        19926,
        19806,
        19764,
        19498,
        19835,
        19793,
        20100,
        19746,
        19917,
        19959
      ],
      [
        7041,
        7256,
        7246,
        7104,
        7145,
        7284,
        6940,
        7145,
        7041,
        7149
      ],
      [
        7653,
        7789,
        7486,
        7590,
        7586,
        7478,
        7302,
        7666,
        7421,
        7334
      ],
      [
        8697,
        8915,
        8949,
        8837,
        8549,
        8829,
        8779,
        8864,
        8725,
        8942
      ],
      [
        11422,
        11198,
        11417,
        11414,
        11196,
        11201,
        11224,
        11289,
        11427,
        11415
      ],
      [
        2531,
        2522,
        2600,
        2329,
        2516,
        2509,
        2462,
        2460,
        2410,
        2463
      ],
      [
        1330,
        1305,
        1282,
        1274,
        1279,
        1275,
        1250,
        1245,
        1205,
        1252
      ],
      [
        7668,
        7886,
        7894,
        7879,
        7993,
        7839,
        7936,
        8013,
        7757,
        7765
      ]
    ],
    "execution_share_per_rsu": [
      0.1002207571373169,
      0.10011435617473624,
      0.10017501466742242,
      0.09967781390769966,
      0.0999781231665722,
      0.09990950946173045,
      0.09990950946173045,
      0.09994133031035271,
      0.10001988803038891,
      0.10005369768205005
    ],
    "maximum_execution_share": 0.1002207571373169,
    "imbalance_diagnostic": {
      "name": "execution_share_range",
      "definition": "max(per-RSU execution share) - min(per-RSU execution share)",
      "value": 0.000542943229617246
    }
  },
  "extension_schema": "joint_seed_cyclic_v2_records",
  "substep_queue_iterations": 3,
  "k_max": 5,
  "n_rsus": 10,
  "max_vehicle_queue_depth": 10,
  "evaluator_seed": 205,
  "round_robin_pointer_final": null
}
[per-step] wrote /Users/akashx/Downloads/diss_mat/traffictwin-traces-raw-2026-09-16/wd_pm/wd_pm/block_05_per_task_dla/attempt_001/per_step.npz (T=25200, N=163, R=10; join vehicles on the trace npz pos_x/pos_y/mask for positions)
[per-task] wrote /Users/akashx/Downloads/diss_mat/traffictwin-traces-raw-2026-09-16/wd_pm/wd_pm/block_05_per_task_dla/attempt_001/per_task.npz ([T,KMAX,N] = [25200,5,163]; filter on task_active)
