[mc] enter-reset=ON reset_soc_on_enter=False
[mc] substep-queue=sequential (co-batch queueing charged; 3 gate iterations)
[mc] rsu-cap-mode=reject (buffer-full tasks individually failed; enqueued work conserved)
[mc] veh-queue=conserved (helper co-batch pricing + per-task MQD rejection on vehicle queues)
[mc] ABSOLUTE cap override: 6220 tasks/RSU (ratio form would give 538)
[mc] T=10800 maxN=215 RSU_MAX_CONCURRENT=6220 K_MAX=5
[fleet] uk2030: ev_share=0.2279 tier_hist=[87, 86, 42]
{
  "trace": "trace_wd_am_wdrsu.npz",
  "actor": "mappo_modelc_17dim__envs128__lr3e-3__seed100_actor_params.npz",
  "model": "C",
  "T": 10800,
  "maxN": 215,
  "rsu_max_concurrent": 6220,
  "fleet": "uk2030",
  "fleet_seed": 105,
  "obs_variant": "onehot17",
  "lambda_arrival": 1.5,
  "rsu_service_mult": 1.0,
  "rsu_lb": "dla",
  "rsu_backhaul_ms": 0.0,
  "k8s_scale": "off",
  "k8s_params": {},
  "k8s_mean_mult": 1.0,
  "k8s_scale_events": 0,
  "k8s_first_scaleup_s": -1.0,
  "rsu_cap_mode": "reject",
  "substep_queue": "sequential",
  "v2i_gate_rejected": 113555.0,
  "v2i_cap_rejected": 0.0,
  "veh_queue_mode": "conserved",
  "local_mqd_rejected": 297.0,
  "v2v_mqd_rejected": 1998.0,
  "v2i_unavailable": 51.0,
  "v2v_unavailable": 0.0,
  "work_ms": {
    "v2i_offered": 6032737.5,
    "v2i_admitted": 5141341.0,
    "v2i_rejected_or_unavailable": 891396.5,
    "veh_offered": 35616824.0,
    "veh_admitted": 35578332.0,
    "veh_rejected": 38492.0
  },
  "enter_reset": true,
  "reset_soc_on_enter": false,
  "engine_version": "v3_enter_reset",
  "fleet_ev_share": 0.2279069721698761,
  "fleet_tier_hist": [
    87,
    86,
    42
  ],
  "completion": 0.8659653035566318,
  "n_offered": 1745078.0,
  "n_admitted": 1629177.0,
  "completion_admitted": 0.9275707918783533,
  "avg_latency_admitted_ms": 62.22400144367371,
  "avg_latency_met_ms": 50.36428161625012,
  "t1_completion": 0.7022978396697482,
  "t2_completion": 0.9881588962801727,
  "t3_completion": 0.8580257392581038,
  "total_energy_j": 810581.75,
  "avg_energy_j_per_task": 0.4644959996057483,
  "avg_latency_ms_per_task": 126.37997384644125,
  "p_local": 0.564297985534171,
  "p_v2i": 0.21449585634567625,
  "p_v2v": 0.2212061581201528,
  "t1_share": 0.20002945427081195,
  "t2_share": 0.3003825616963826,
  "t3_share": 0.4995879840328054,
  "total_tasks": 1745078.0,
  "wall_s": 165.1,
  "v2i_path_metrics": {
    "schema_version": "e2_native_v2i_path_v1",
    "v2i_attempts": 374312,
    "v2i_admitted_tasks": 260706,
    "ingress_count_per_rsu": [
      104253,
      42196,
      49385,
      36168,
      21918,
      15458,
      58577,
      8786,
      37571
    ],
    "selected_target_count_per_rsu": [
      194320,
      110681,
      47964,
      16596,
      4751,
      0,
      0,
      0,
      0
    ],
    "actual_execution_count_per_rsu": [
      111786,
      82517,
      45122,
      16530,
      4751,
      0,
      0,
      0,
      0
    ],
    "forwarded_admitted_task_count": 213024,
    "forwarded_share_of_admitted_v2i": 0.8171043244114059,
    "total_forwarding_latency_ms": 0.0,
    "mean_forwarding_latency_ms_per_admitted_v2i": 0.0,
    "mean_forwarding_latency_ms_per_forwarded_v2i": 0.0,
    "ingress_to_execution_pair_matrix": [
      [
        30599,
        22757,
        12562,
        4614,
        1316,
        0,
        0,
        0,
        0
      ],
      [
        12424,
        9312,
        5077,
        1870,
        533,
        0,
        0,
        0,
        0
      ],
      [
        15231,
        11076,
        5954,
        2158,
        635,
        0,
        0,
        0,
        0
      ],
      [
        11085,
        8146,
        4298,
        1518,
        436,
        0,
        0,
        0,
        0
      ],
      [
        6518,
        4789,
        2663,
        989,
        299,
        0,
        0,
        0,
        0
      ],
      [
        4728,
        3457,
        1816,
        700,
        185,
        0,
        0,
        0,
        0
      ],
      [
        17572,
        13030,
        7168,
        2604,
        754,
        0,
        0,
        0,
        0
      ],
      [
        2640,
        1911,
        1058,
        406,
        100,
        0,
        0,
        0,
        0
      ],
      [
        10989,
        8039,
        4526,
        1671,
        493,
        0,
        0,
        0,
        0
      ]
    ],
    "execution_share_per_rsu": [
      0.4287818462175784,
      0.31651362070684985,
      0.17307618543493436,
      0.06340475478124784,
      0.018223592859389504,
      0.0,
      0.0,
      0.0,
      0.0
    ],
    "maximum_execution_share": 0.4287818462175784,
    "imbalance_diagnostic": {
      "name": "execution_share_range",
      "definition": "max(per-RSU execution share) - min(per-RSU execution share)",
      "value": 0.4287818462175784
    }
  },
  "extension_schema": "joint_seed_cyclic_v2_records",
  "substep_queue_iterations": 3,
  "k_max": 5,
  "n_rsus": 9,
  "max_vehicle_queue_depth": 10,
  "evaluator_seed": 205,
  "round_robin_pointer_final": null
}
[per-step] wrote /Users/akashx/Downloads/diss_mat/traffictwin-joint-confirmation-raw-2026-09-08/campaign/block_05_dla/attempt_001/per_step.npz (T=10800, N=215, R=9; join vehicles on the trace npz pos_x/pos_y/mask for positions)
[per-task] wrote /Users/akashx/Downloads/diss_mat/traffictwin-joint-confirmation-raw-2026-09-08/campaign/block_05_dla/attempt_001/per_task.npz ([T,KMAX,N] = [10800,5,215]; filter on task_active)
