[mc] enter-reset=ON reset_soc_on_enter=False
[mc] substep-queue=sequential (co-batch queueing charged; 3 gate iterations)
[mc] rsu-cap-mode=reject (buffer-full tasks individually failed; enqueued work conserved)
[mc] veh-queue=conserved (helper co-batch pricing + per-task MQD rejection on vehicle queues)
[mc] ABSOLUTE cap override: 6220 tasks/RSU (ratio form would give 538)
[mc] T=10800 maxN=215 RSU_MAX_CONCURRENT=6220 K_MAX=5
[fleet] uk2030: ev_share=0.2279 tier_hist=[86, 82, 47]
{
  "trace": "trace_wd_am_wdrsu.npz",
  "actor": "mappo_modelc_17dim__envs128__lr3e-3__seed100_actor_params.npz",
  "model": "C",
  "T": 10800,
  "maxN": 215,
  "rsu_max_concurrent": 6220,
  "fleet": "uk2030",
  "fleet_seed": 101,
  "obs_variant": "onehot17",
  "lambda_arrival": 1.5,
  "rsu_service_mult": 0.5,
  "rsu_lb": "causal_round_robin",
  "rsu_backhaul_ms": 0.0,
  "k8s_scale": "off",
  "k8s_params": {},
  "k8s_mean_mult": 1.0,
  "k8s_scale_events": 0,
  "k8s_first_scaleup_s": -1.0,
  "rsu_cap_mode": "reject",
  "substep_queue": "sequential",
  "v2i_gate_rejected": 71597.0,
  "v2i_cap_rejected": 0.0,
  "veh_queue_mode": "conserved",
  "local_mqd_rejected": 217.0,
  "v2v_mqd_rejected": 1518.0,
  "v2i_unavailable": 78.0,
  "v2v_unavailable": 1.0,
  "work_ms": {
    "v2i_offered": 13834273.0,
    "v2i_admitted": 12715521.0,
    "v2i_rejected_or_unavailable": 1118752.0,
    "veh_offered": 35584120.0,
    "veh_admitted": 35552828.0,
    "veh_rejected": 31292.0
  },
  "enter_reset": true,
  "reset_soc_on_enter": false,
  "engine_version": "v3_enter_reset",
  "fleet_ev_share": 0.2279069721698761,
  "fleet_tier_hist": [
    86,
    82,
    47
  ],
  "completion": 0.8793482943416601,
  "n_offered": 1740970.0,
  "n_admitted": 1667559.0,
  "completion_admitted": 0.918059870745203,
  "avg_latency_admitted_ms": 65.20826669401202,
  "avg_latency_met_ms": 51.9564157215372,
  "t1_completion": 0.68798348181677,
  "t2_completion": 0.9878004700806481,
  "t3_completion": 0.8906500081002547,
  "total_energy_j": 764694.25,
  "avg_energy_j_per_task": 0.43923459335887466,
  "avg_latency_ms_per_task": 105.88443913450547,
  "p_local": 0.53770024756314,
  "p_v2i": 0.24704561250337456,
  "p_v2v": 0.21525413993348536,
  "t1_share": 0.19973807704900143,
  "t2_share": 0.3003434866769674,
  "t3_share": 0.49991843627403115,
  "total_tasks": 1740970.0,
  "wall_s": 187.1,
  "v2i_path_metrics": {
    "schema_version": "e2_native_v2i_path_v1",
    "v2i_attempts": 430099,
    "v2i_admitted_tasks": 358424,
    "ingress_count_per_rsu": [
      121565,
      47481,
      59789,
      40186,
      25362,
      17519,
      64805,
      10195,
      43197
    ],
    "selected_target_count_per_rsu": [
      47788,
      47784,
      47789,
      47792,
      47790,
      47795,
      47789,
      47784,
      47788
    ],
    "actual_execution_count_per_rsu": [
      39679,
      39848,
      39775,
      40062,
      39874,
      39841,
      39861,
      39759,
      39725
    ],
    "forwarded_admitted_task_count": 318971,
    "forwarded_share_of_admitted_v2i": 0.8899264558176908,
    "total_forwarding_latency_ms": 0.0,
    "mean_forwarding_latency_ms_per_admitted_v2i": 0.0,
    "mean_forwarding_latency_ms_per_forwarded_v2i": 0.0,
    "ingress_to_execution_pair_matrix": [
      [
        11131,
        11231,
        11323,
        11319,
        11237,
        11203,
        11214,
        11116,
        11045
      ],
      [
        4444,
        4367,
        4403,
        4340,
        4429,
        4523,
        4368,
        4353,
        4483
      ],
      [
        5554,
        5557,
        5504,
        5574,
        5599,
        5635,
        5567,
        5490,
        5489
      ],
      [
        3777,
        3808,
        3767,
        3760,
        3680,
        3711,
        3842,
        3744,
        3723
      ],
      [
        2408,
        2412,
        2322,
        2358,
        2226,
        2377,
        2411,
        2369,
        2383
      ],
      [
        1618,
        1574,
        1612,
        1704,
        1659,
        1559,
        1690,
        1619,
        1646
      ],
      [
        5854,
        5986,
        6023,
        6074,
        6053,
        6066,
        5981,
        6065,
        6127
      ],
      [
        950,
        951,
        937,
        975,
        909,
        906,
        978,
        998,
        902
      ],
      [
        3943,
        3962,
        3884,
        3958,
        4082,
        3861,
        3810,
        4005,
        3927
      ]
    ],
    "execution_share_per_rsu": [
      0.11070408231591634,
      0.11117559092025088,
      0.11097192152311229,
      0.11177264915295851,
      0.1112481307055331,
      0.11115606097805951,
      0.111211860812892,
      0.1109272816552463,
      0.11083242193603107
    ],
    "maximum_execution_share": 0.11177264915295851,
    "imbalance_diagnostic": {
      "name": "execution_share_range",
      "definition": "max(per-RSU execution share) - min(per-RSU execution share)",
      "value": 0.0010685668370421647
    }
  },
  "extension_schema": "joint_seed_cyclic_v2_records",
  "substep_queue_iterations": 3,
  "k_max": 5,
  "n_rsus": 9,
  "max_vehicle_queue_depth": 10,
  "evaluator_seed": 201,
  "round_robin_pointer_final": 1
}
[per-step] wrote /Users/akashx/Downloads/diss_mat/traffictwin-followups-raw-2026-09-15/08_half_speed/block_01_causal_round_robin/attempt_001/per_step.npz (T=10800, N=215, R=9; join vehicles on the trace npz pos_x/pos_y/mask for positions)
[per-task] wrote /Users/akashx/Downloads/diss_mat/traffictwin-followups-raw-2026-09-15/08_half_speed/block_01_causal_round_robin/attempt_001/per_task.npz ([T,KMAX,N] = [10800,5,215]; filter on task_active)
