[mc] enter-reset=off (mask-only reset — no enter channel in trace) reset_soc_on_enter=False
[mc] substep-queue=sequential (co-batch queueing charged; 3 gate iterations)
[mc] rsu-cap-mode=reject (buffer-full tasks individually failed; enqueued work conserved)
[mc] veh-queue=conserved (helper co-batch pricing + per-task MQD rejection on vehicle queues)
[mc] ABSOLUTE cap override: 6220 tasks/RSU (ratio form would give 438)
[mc] T=23400 maxN=175 RSU_MAX_CONCURRENT=6220 K_MAX=5
[fleet] uk2030: ev_share=0.2571 tier_hist=[62, 72, 41]
{
  "trace": "trace_ev_fullrsu.npz",
  "actor": "mappo_modelc_17dim__envs128__lr3e-3__seed100_actor_params.npz",
  "model": "C",
  "T": 23400,
  "maxN": 175,
  "rsu_max_concurrent": 6220,
  "fleet": "uk2030",
  "fleet_seed": 105,
  "obs_variant": "onehot17",
  "lambda_arrival": 1.5,
  "rsu_service_mult": 1.0,
  "rsu_lb": "dla",
  "rsu_backhaul_ms": 0.0,
  "k8s_scale": "off",
  "k8s_params": {},
  "k8s_mean_mult": 1.0,
  "k8s_scale_events": 0,
  "k8s_first_scaleup_s": -1.0,
  "rsu_cap_mode": "reject",
  "substep_queue": "sequential",
  "v2i_gate_rejected": 122416.0,
  "v2i_cap_rejected": 0.0,
  "veh_queue_mode": "conserved",
  "local_mqd_rejected": 295.0,
  "v2v_mqd_rejected": 1864.0,
  "v2i_unavailable": 38.0,
  "v2v_unavailable": 3.0,
  "work_ms": {
    "v2i_offered": 8995680.0,
    "v2i_admitted": 8033650.5,
    "v2i_rejected_or_unavailable": 962029.5,
    "veh_offered": 56060892.0,
    "veh_admitted": 56025684.0,
    "veh_rejected": 35208.0
  },
  "enter_reset": false,
  "reset_soc_on_enter": false,
  "engine_version": "v2_post_nrsus_fix",
  "fleet_ev_share": 0.2571428418159485,
  "fleet_tier_hist": [
    62,
    72,
    41
  ],
  "completion": 0.896365859706068,
  "n_offered": 2839296.0,
  "n_admitted": 2714680.0,
  "completion_admitted": 0.9375130770477552,
  "avg_latency_admitted_ms": 55.996958757569956,
  "avg_latency_met_ms": 46.131285539604754,
  "t1_completion": 0.7524324590862583,
  "t2_completion": 0.9909799410791207,
  "t3_completion": 0.8971556184900649,
  "total_energy_j": 1364433.375,
  "avg_energy_j_per_task": 0.48055341007066543,
  "avg_latency_ms_per_task": 98.4165877738707,
  "p_local": 0.6062464075601839,
  "p_v2i": 0.19692909791723018,
  "p_v2v": 0.19682449452258588,
  "t1_share": 0.1999935899603282,
  "t2_share": 0.30007086263637184,
  "t3_share": 0.4999355474033,
  "total_tasks": 2839296.0,
  "wall_s": 597.8,
  "v2i_path_metrics": {
    "schema_version": "e2_native_v2i_path_v1",
    "v2i_attempts": 559140,
    "v2i_admitted_tasks": 436686,
    "ingress_count_per_rsu": [
      139481,
      31273,
      101302,
      37924,
      34534,
      50945,
      44468,
      41819,
      16154,
      40284,
      4623,
      16333
    ],
    "selected_target_count_per_rsu": [
      290223,
      165409,
      71778,
      24787,
      6943,
      0,
      0,
      0,
      0,
      0,
      0,
      0
    ],
    "actual_execution_count_per_rsu": [
      195672,
      139379,
      69940,
      24754,
      6941,
      0,
      0,
      0,
      0,
      0,
      0,
      0
    ],
    "forwarded_admitted_task_count": 365554,
    "forwarded_share_of_admitted_v2i": 0.8371095020220479,
    "total_forwarding_latency_ms": 0.0,
    "mean_forwarding_latency_ms_per_admitted_v2i": 0.0,
    "mean_forwarding_latency_ms_per_forwarded_v2i": 0.0,
    "ingress_to_execution_pair_matrix": [
      [
        48696,
        34907,
        17553,
        6134,
        1721,
        0,
        0,
        0,
        0,
        0,
        0,
        0
      ],
      [
        10735,
        7667,
        3898,
        1413,
        410,
        0,
        0,
        0,
        0,
        0,
        0,
        0
      ],
      [
        35681,
        25218,
        12599,
        4552,
        1251,
        0,
        0,
        0,
        0,
        0,
        0,
        0
      ],
      [
        13326,
        9464,
        4760,
        1706,
        475,
        0,
        0,
        0,
        0,
        0,
        0,
        0
      ],
      [
        12055,
        8636,
        4305,
        1521,
        464,
        0,
        0,
        0,
        0,
        0,
        0,
        0
      ],
      [
        17974,
        12758,
        6313,
        2203,
        621,
        0,
        0,
        0,
        0,
        0,
        0,
        0
      ],
      [
        15490,
        10971,
        5527,
        1922,
        534,
        0,
        0,
        0,
        0,
        0,
        0,
        0
      ],
      [
        14734,
        10490,
        5302,
        1828,
        498,
        0,
        0,
        0,
        0,
        0,
        0,
        0
      ],
      [
        5567,
        3953,
        2009,
        729,
        203,
        0,
        0,
        0,
        0,
        0,
        0,
        0
      ],
      [
        14077,
        10109,
        5088,
        1831,
        513,
        0,
        0,
        0,
        0,
        0,
        0,
        0
      ],
      [
        1634,
        1171,
        574,
        198,
        51,
        0,
        0,
        0,
        0,
        0,
        0,
        0
      ],
      [
        5703,
        4035,
        2012,
        717,
        200,
        0,
        0,
        0,
        0,
        0,
        0,
        0
      ]
    ],
    "execution_share_per_rsu": [
      0.4480839779612811,
      0.31917441823186454,
      0.16016084784032464,
      0.05668603985472399,
      0.015894716111805738,
      0.0,
      0.0,
      0.0,
      0.0,
      0.0,
      0.0,
      0.0
    ],
    "maximum_execution_share": 0.4480839779612811,
    "imbalance_diagnostic": {
      "name": "execution_share_range",
      "definition": "max(per-RSU execution share) - min(per-RSU execution share)",
      "value": 0.4480839779612811
    }
  },
  "extension_schema": "joint_seed_cyclic_v2_records",
  "substep_queue_iterations": 3,
  "k_max": 5,
  "n_rsus": 12,
  "max_vehicle_queue_depth": 10,
  "evaluator_seed": 205,
  "round_robin_pointer_final": null
}
[per-step] wrote /Users/akashx/Downloads/diss_mat/traffictwin-traces-raw-2026-09-16/ev/ev/block_05_dla/attempt_001/per_step.npz (T=23400, N=175, R=12; join vehicles on the trace npz pos_x/pos_y/mask for positions)
[per-task] wrote /Users/akashx/Downloads/diss_mat/traffictwin-traces-raw-2026-09-16/ev/ev/block_05_dla/attempt_001/per_task.npz ([T,KMAX,N] = [23400,5,175]; filter on task_active)
