[mc] enter-reset=off (mask-only reset — no enter channel in trace) reset_soc_on_enter=False
[mc] substep-queue=sequential (co-batch queueing charged; 3 gate iterations)
[mc] rsu-cap-mode=reject (buffer-full tasks individually failed; enqueued work conserved)
[mc] veh-queue=conserved (helper co-batch pricing + per-task MQD rejection on vehicle queues)
[mc] ABSOLUTE cap override: 6220 tasks/RSU (ratio form would give 408)
[mc] T=25200 maxN=163 RSU_MAX_CONCURRENT=6220 K_MAX=5
[fleet] uk2030: ev_share=0.2209 tier_hist=[53, 63, 47]
{
  "trace": "trace_wd_pm_fullrsu.npz",
  "actor": "mappo_modelc_17dim__envs128__lr3e-3__seed100_actor_params.npz",
  "model": "C",
  "T": 25200,
  "maxN": 163,
  "rsu_max_concurrent": 6220,
  "fleet": "uk2030",
  "fleet_seed": 107,
  "obs_variant": "onehot17",
  "lambda_arrival": 1.5,
  "rsu_service_mult": 1.0,
  "rsu_lb": "dla",
  "rsu_backhaul_ms": 0.0,
  "k8s_scale": "off",
  "k8s_params": {},
  "k8s_mean_mult": 1.0,
  "k8s_scale_events": 0,
  "k8s_first_scaleup_s": -1.0,
  "rsu_cap_mode": "reject",
  "substep_queue": "sequential",
  "v2i_gate_rejected": 168552.0,
  "v2i_cap_rejected": 0.0,
  "veh_queue_mode": "conserved",
  "local_mqd_rejected": 361.0,
  "v2v_mqd_rejected": 2358.0,
  "v2i_unavailable": 86.0,
  "v2v_unavailable": 8.0,
  "work_ms": {
    "v2i_offered": 11202965.0,
    "v2i_admitted": 9886466.0,
    "v2i_rejected_or_unavailable": 1316499.0,
    "veh_offered": 77509584.0,
    "veh_admitted": 77467480.0,
    "veh_rejected": 42104.0
  },
  "enter_reset": false,
  "reset_soc_on_enter": false,
  "engine_version": "v2_post_nrsus_fix",
  "fleet_ev_share": 0.2208588868379593,
  "fleet_tier_hist": [
    53,
    63,
    47
  ],
  "completion": 0.896862409737898,
  "n_offered": 3919696.0,
  "n_admitted": 3748331.0,
  "completion_admitted": 0.9378648790621746,
  "avg_latency_admitted_ms": 55.404946895031415,
  "avg_latency_met_ms": 45.49167384455036,
  "t1_completion": 0.7560806664974314,
  "t2_completion": 0.9910153933084338,
  "t3_completion": 0.8967197713418366,
  "total_energy_j": 1976089.625,
  "avg_energy_j_per_task": 0.5041435930235406,
  "avg_latency_ms_per_task": 97.59643400916806,
  "p_local": 0.6171662292177761,
  "p_v2i": 0.17773572236214236,
  "p_v2v": 0.20509804842008156,
  "t1_share": 0.19999484653911936,
  "t2_share": 0.29979901502565504,
  "t3_share": 0.5002061384352255,
  "total_tasks": 3919696.0,
  "wall_s": 676.1,
  "v2i_path_metrics": {
    "schema_version": "e2_native_v2i_path_v1",
    "v2i_attempts": 696670,
    "v2i_admitted_tasks": 528032,
    "ingress_count_per_rsu": [
      193540,
      38330,
      135299,
      50012,
      55964,
      63224,
      77885,
      17926,
      9071,
      55419
    ],
    "selected_target_count_per_rsu": [
      362070,
      205962,
      89334,
      30637,
      8667,
      0,
      0,
      0,
      0,
      0
    ],
    "actual_execution_count_per_rsu": [
      232379,
      169586,
      86807,
      30594,
      8666,
      0,
      0,
      0,
      0,
      0
    ],
    "forwarded_admitted_task_count": 434887,
    "forwarded_share_of_admitted_v2i": 0.8235997060784195,
    "total_forwarding_latency_ms": 0.0,
    "mean_forwarding_latency_ms_per_admitted_v2i": 0.0,
    "mean_forwarding_latency_ms_per_forwarded_v2i": 0.0,
    "ingress_to_execution_pair_matrix": [
      [
        64342,
        47110,
        23996,
        8556,
        2336,
        0,
        0,
        0,
        0,
        0
      ],
      [
        12739,
        9261,
        4800,
        1641,
        457,
        0,
        0,
        0,
        0,
        0
      ],
      [
        45199,
        32943,
        16682,
        5870,
        1707,
        0,
        0,
        0,
        0,
        0
      ],
      [
        16899,
        12226,
        6243,
        2154,
        588,
        0,
        0,
        0,
        0,
        0
      ],
      [
        18611,
        13475,
        7129,
        2512,
        706,
        0,
        0,
        0,
        0,
        0
      ],
      [
        21168,
        15427,
        7939,
        2747,
        801,
        0,
        0,
        0,
        0,
        0
      ],
      [
        25819,
        18860,
        9732,
        3407,
        1027,
        0,
        0,
        0,
        0,
        0
      ],
      [
        6008,
        4429,
        2249,
        846,
        223,
        0,
        0,
        0,
        0,
        0
      ],
      [
        3132,
        2268,
        1161,
        383,
        96,
        0,
        0,
        0,
        0,
        0
      ],
      [
        18462,
        13587,
        6876,
        2478,
        725,
        0,
        0,
        0,
        0,
        0
      ]
    ],
    "execution_share_per_rsu": [
      0.4400850706017817,
      0.321166141445973,
      0.16439723350099994,
      0.05793967032301073,
      0.016411884128234654,
      0.0,
      0.0,
      0.0,
      0.0,
      0.0
    ],
    "maximum_execution_share": 0.4400850706017817,
    "imbalance_diagnostic": {
      "name": "execution_share_range",
      "definition": "max(per-RSU execution share) - min(per-RSU execution share)",
      "value": 0.4400850706017817
    }
  },
  "extension_schema": "joint_seed_cyclic_v2_records",
  "substep_queue_iterations": 3,
  "k_max": 5,
  "n_rsus": 10,
  "max_vehicle_queue_depth": 10,
  "evaluator_seed": 207,
  "round_robin_pointer_final": null
}
[per-step] wrote /Users/akashx/Downloads/diss_mat/traffictwin-traces-raw-2026-09-16/wd_pm/wd_pm/block_07_dla/attempt_001/per_step.npz (T=25200, N=163, R=10; join vehicles on the trace npz pos_x/pos_y/mask for positions)
[per-task] wrote /Users/akashx/Downloads/diss_mat/traffictwin-traces-raw-2026-09-16/wd_pm/wd_pm/block_07_dla/attempt_001/per_task.npz ([T,KMAX,N] = [25200,5,163]; filter on task_active)
