Rc files read (in order):
  NONE
Latexmk: This is Latexmk, John Collins, 9 March 2026. Version 4.88.
No existing .aux file, so I'll make a simple one, and require run of *latex.
Latexmk: applying rule 'xelatex'...
Rule 'xelatex':  Reasons for rerun
Category 'other':
  Rerun of 'xelatex' forced or previously required:
    Reason or flag: 'Initial setup'

------------
Run number 1 of rule 'xelatex'
------------
------------
Running 'xelatex -no-pdf -interaction=nonstopmode -halt-on-error -recorder  "TrafficTwin_Dissertation.tex"'
------------
This is XeTeX, Version 3.141592653-2.6-0.999998 (TeX Live 2026) (preloaded format=xelatex)
 restricted \write18 enabled.
entering extended mode
(./TrafficTwin_Dissertation.tex
LaTeX2e <2026-06-01>
L3 programming layer <2026-08-10>
(/Users/akashx/scratch/traffictwin-tex/TinyTeX/texmf-dist/tex/latex/base/article.cls
Document Class: article 2025/01/22 v1.4n Standard LaTeX document class
(/Users/akashx/scratch/traffictwin-tex/TinyTeX/texmf-dist/tex/latex/base/size12.clo)) (/Users/akashx/scratch/traffictwin-tex/TinyTeX/texmf-dist/tex/latex/fontspec/fontspec.sty (/Users/akashx/scratch/traffictwin-tex/TinyTeX/texmf-dist/tex/latex/fontspec/fontspec-xetex.sty (/Users/akashx/scratch/traffictwin-tex/TinyTeX/texmf-dist/tex/latex/base/fontenc.sty) (/Users/akashx/scratch/traffictwin-tex/TinyTeX/texmf-dist/tex/latex/fontspec/fontspec.cfg))) (/Users/akashx/scratch/traffictwin-tex/TinyTeX/texmf-dist/tex/latex/geometry/geometry.sty (/Users/akashx/scratch/traffictwin-tex/TinyTeX/texmf-dist/tex/latex/graphics/keyval.sty) (/Users/akashx/scratch/traffictwin-tex/TinyTeX/texmf-dist/tex/generic/iftex/ifvtex.sty (/Users/akashx/scratch/traffictwin-tex/TinyTeX/texmf-dist/tex/generic/iftex/iftex.sty))) (/Users/akashx/scratch/traffictwin-tex/TinyTeX/texmf-dist/tex/latex/amsmath/amsmath.sty
For additional information on amsmath, use the `?' option.
(/Users/akashx/scratch/traffictwin-tex/TinyTeX/texmf-dist/tex/latex/amsmath/amstext.sty (/Users/akashx/scratch/traffictwin-tex/TinyTeX/texmf-dist/tex/latex/amsmath/amsgen.sty)) (/Users/akashx/scratch/traffictwin-tex/TinyTeX/texmf-dist/tex/latex/amsmath/amsbsy.sty) (/Users/akashx/scratch/traffictwin-tex/TinyTeX/texmf-dist/tex/latex/amsmath/amsopn.sty)) (/Users/akashx/scratch/traffictwin-tex/TinyTeX/texmf-dist/tex/latex/amsfonts/amssymb.sty (/Users/akashx/scratch/traffictwin-tex/TinyTeX/texmf-dist/tex/latex/amsfonts/amsfonts.sty)) (/Users/akashx/scratch/traffictwin-tex/TinyTeX/texmf-dist/tex/latex/amscls/amsthm.sty) (/Users/akashx/scratch/traffictwin-tex/TinyTeX/texmf-dist/tex/latex/graphics/graphicx.sty (/Users/akashx/scratch/traffictwin-tex/TinyTeX/texmf-dist/tex/latex/graphics/graphics.sty (/Users/akashx/scratch/traffictwin-tex/TinyTeX/texmf-dist/tex/latex/graphics/trig.sty) (/Users/akashx/scratch/traffictwin-tex/TinyTeX/texmf-dist/tex/latex/graphics-cfg/graphics.cfg) (/Users/akashx/scratch/traffictwin-tex/TinyTeX/texmf-dist/tex/latex/graphics-def/xetex.def))) (/Users/akashx/scratch/traffictwin-tex/TinyTeX/texmf-dist/tex/latex/pdflscape/pdflscape.sty (/Users/akashx/scratch/traffictwin-tex/TinyTeX/texmf-dist/tex/latex/pdflscape/pdflscape-nometadata.sty (/Users/akashx/scratch/traffictwin-tex/TinyTeX/texmf-dist/tex/latex/graphics/lscape.sty))) (/Users/akashx/scratch/traffictwin-tex/TinyTeX/texmf-dist/tex/latex/tools/array.sty) (/Users/akashx/scratch/traffictwin-tex/TinyTeX/texmf-dist/tex/latex/booktabs/booktabs.sty) (/Users/akashx/scratch/traffictwin-tex/TinyTeX/texmf-dist/tex/latex/tools/longtable.sty) (/Users/akashx/scratch/traffictwin-tex/TinyTeX/texmf-dist/tex/latex/tools/tabularx.sty) (/Users/akashx/scratch/traffictwin-tex/TinyTeX/texmf-dist/tex/latex/xltabular/xltabular.sty (/Users/akashx/scratch/traffictwin-tex/TinyTeX/texmf-dist/tex/latex/etoolbox/etoolbox.sty) (/Users/akashx/scratch/traffictwin-tex/TinyTeX/texmf-dist/tex/latex/ltablex/ltablex.sty)) (/Users/akashx/scratch/traffictwin-tex/TinyTeX/texmf-dist/tex/latex/caption/caption.sty (/Users/akashx/scratch/traffictwin-tex/TinyTeX/texmf-dist/tex/latex/caption/caption3.sty) (/Users/akashx/scratch/traffictwin-tex/TinyTeX/texmf-dist/tex/latex/caption/ltcaption.sty)) (/Users/akashx/scratch/traffictwin-tex/TinyTeX/texmf-dist/tex/latex/algorithms/algorithm.sty (/Users/akashx/scratch/traffictwin-tex/TinyTeX/texmf-dist/tex/latex/float/float.sty) (/Users/akashx/scratch/traffictwin-tex/TinyTeX/texmf-dist/tex/latex/base/ifthen.sty)) (/Users/akashx/scratch/traffictwin-tex/TinyTeX/texmf-dist/tex/latex/fvextra/fvextra.sty (/Users/akashx/scratch/traffictwin-tex/TinyTeX/texmf-dist/tex/latex/fancyvrb/fancyvrb.sty) (/Users/akashx/scratch/traffictwin-tex/TinyTeX/texmf-dist/tex/latex/upquote/upquote.sty (/Users/akashx/scratch/traffictwin-tex/TinyTeX/texmf-dist/tex/latex/base/textcomp.sty)) (/Users/akashx/scratch/traffictwin-tex/TinyTeX/texmf-dist/tex/latex/lineno/lineno.sty (/Users/akashx/scratch/traffictwin-tex/TinyTeX/texmf-dist/tex/latex/kvoptions/kvoptions.sty (/Users/akashx/scratch/traffictwin-tex/TinyTeX/texmf-dist/tex/generic/ltxcmds/ltxcmds.sty) (/Users/akashx/scratch/traffictwin-tex/TinyTeX/texmf-dist/tex/latex/kvsetkeys/kvsetkeys.sty)))) (/Users/akashx/scratch/traffictwin-tex/TinyTeX/texmf-dist/tex/latex/xurl/xurl.sty (/Users/akashx/scratch/traffictwin-tex/TinyTeX/texmf-dist/tex/latex/url/url.sty)) (/Users/akashx/scratch/traffictwin-tex/TinyTeX/texmf-dist/tex/latex/setspace/setspace.sty) (/Users/akashx/scratch/traffictwin-tex/TinyTeX/texmf-dist/tex/latex/ragged2e/ragged2e.sty) (/Users/akashx/scratch/traffictwin-tex/TinyTeX/texmf-dist/tex/latex/placeins/placeins.sty) (/Users/akashx/scratch/traffictwin-tex/TinyTeX/texmf-dist/tex/latex/needspace/needspace.sty) (/Users/akashx/scratch/traffictwin-tex/TinyTeX/texmf-dist/tex/latex/hyperref/hyperref.sty (/Users/akashx/scratch/traffictwin-tex/TinyTeX/texmf-dist/tex/generic/kvdefinekeys/kvdefinekeys.sty) (/Users/akashx/scratch/traffictwin-tex/TinyTeX/texmf-dist/tex/generic/pdfescape/pdfescape.sty (/Users/akashx/scratch/traffictwin-tex/TinyTeX/texmf-dist/tex/generic/pdftexcmds/pdftexcmds.sty (/Users/akashx/scratch/traffictwin-tex/TinyTeX/texmf-dist/tex/generic/infwarerr/infwarerr.sty))) (/Users/akashx/scratch/traffictwin-tex/TinyTeX/texmf-dist/tex/latex/hycolor/hycolor.sty) (/Users/akashx/scratch/traffictwin-tex/TinyTeX/texmf-dist/tex/latex/hyperref/nameref.sty (/Users/akashx/scratch/traffictwin-tex/TinyTeX/texmf-dist/tex/latex/refcount/refcount.sty) (/Users/akashx/scratch/traffictwin-tex/TinyTeX/texmf-dist/tex/generic/gettitlestring/gettitlestring.sty)) (/Users/akashx/scratch/traffictwin-tex/TinyTeX/texmf-dist/tex/generic/stringenc/stringenc.sty) (/Users/akashx/scratch/traffictwin-tex/TinyTeX/texmf-dist/tex/latex/hyperref/pd1enc.def) (/Users/akashx/scratch/traffictwin-tex/TinyTeX/texmf-dist/tex/generic/intcalc/intcalc.sty) (/Users/akashx/scratch/traffictwin-tex/TinyTeX/texmf-dist/tex/latex/hyperref/puenc.def) (/Users/akashx/scratch/traffictwin-tex/TinyTeX/texmf-dist/tex/generic/bitset/bitset.sty (/Users/akashx/scratch/traffictwin-tex/TinyTeX/texmf-dist/tex/generic/bigintcalc/bigintcalc.sty))) (/Users/akashx/scratch/traffictwin-tex/TinyTeX/texmf-dist/tex/latex/hyperref/hxetex.def (/Users/akashx/scratch/traffictwin-tex/TinyTeX/texmf-dist/tex/latex/rerunfilecheck/rerunfilecheck.sty (/Users/akashx/scratch/traffictwin-tex/TinyTeX/texmf-dist/tex/generic/uniquecounter/uniquecounter.sty))) (/Users/akashx/scratch/traffictwin-tex/TinyTeX/texmf-dist/tex/latex/l3kernel/l3backend-xetex.def) (./TrafficTwin_Dissertation.aux)
*geometry* driver: auto-detecting
*geometry* detected driver: xetex

Package hyperref Warning: Rerun to get /PageLabels entry.

(/Users/akashx/scratch/traffictwin-tex/TinyTeX/texmf-dist/tex/latex/amsfonts/umsa.fd) (/Users/akashx/scratch/traffictwin-tex/TinyTeX/texmf-dist/tex/latex/amsfonts/umsb.fd) [1]
No file TrafficTwin_Dissertation.toc.
[2]
No file TrafficTwin_Dissertation.lof.
No file TrafficTwin_Dissertation.lot.
[3] [4] [5]

LaTeX Warning: Reference `sec:3.4' on page 6 undefined on input line 116.


LaTeX Warning: Reference `sec:2.7' on page 6 undefined on input line 116.


LaTeX Warning: Reference `sec:3.7' on page 6 undefined on input line 116.

[6] [7] [8]

LaTeX Warning: Citation `ref1' on page 9 undefined on input line 145.


LaTeX Warning: Citation `ref2' on page 9 undefined on input line 145.


LaTeX Warning: Citation `ref3' on page 9 undefined on input line 145.


LaTeX Warning: Citation `ref43' on page 9 undefined on input line 149.


LaTeX Warning: Citation `ref42' on page 9 undefined on input line 149.


LaTeX Warning: Citation `ref4' on page 9 undefined on input line 153.


LaTeX Warning: Citation `ref3' on page 9 undefined on input line 153.


LaTeX Warning: Citation `ref5' on page 9 undefined on input line 157.


LaTeX Warning: Citation `ref6' on page 9 undefined on input line 157.


LaTeX Warning: Citation `ref47' on page 9 undefined on input line 161.


LaTeX Warning: Citation `ref7' on page 9 undefined on input line 165.


LaTeX Warning: Citation `ref8' on page 9 undefined on input line 165.


LaTeX Warning: Citation `ref9' on page 9 undefined on input line 165.


LaTeX Warning: Citation `ref10' on page 9 undefined on input line 165.


LaTeX Warning: Citation `ref11' on page 9 undefined on input line 165.

[9]

LaTeX Warning: Reference `fig:1' on page 10 undefined on input line 169.


LaTeX Warning: Hyper reference `source-s4' on page 10 undefined on input line 169.


LaTeX Warning: Hyper reference `source-s0' on page 10 undefined on input line 177.


LaTeX Warning: Hyper reference `source-s4' on page 10 undefined on input line 177.


LaTeX Warning: Citation `ref3' on page 10 undefined on input line 177.


LaTeX Warning: Citation `ref6' on page 10 undefined on input line 177.


LaTeX Warning: Hyper reference `source-s11' on page 10 undefined on input line 184.

[10]

LaTeX Warning: Citation `ref12' on page 11 undefined on input line 198.


LaTeX Warning: Citation `ref13' on page 11 undefined on input line 198.


LaTeX Warning: Citation `ref14' on page 11 undefined on input line 198.


LaTeX Warning: Citation `ref15' on page 11 undefined on input line 202.

[11]

LaTeX Warning: Citation `ref16' on page 12 undefined on input line 206.


LaTeX Warning: Reference `sec:3.4' on page 12 undefined on input line 206.


LaTeX Warning: Citation `ref17' on page 12 undefined on input line 206.


LaTeX Warning: Citation `ref18' on page 12 undefined on input line 210.


LaTeX Warning: Citation `ref45' on page 12 undefined on input line 210.


LaTeX Warning: Citation `ref19' on page 12 undefined on input line 210.


LaTeX Warning: Citation `ref20' on page 12 undefined on input line 214.


LaTeX Warning: Citation `ref46' on page 12 undefined on input line 218.


LaTeX Warning: Reference `tab:1' on page 12 undefined on input line 218.


LaTeX Warning: Citation `ref14' on page 12 undefined on input line 241.


LaTeX Warning: Citation `ref15' on page 12 undefined on input line 241.


LaTeX Warning: Citation `ref16' on page 12 undefined on input line 241.


LaTeX Warning: Citation `ref18' on page 12 undefined on input line 241.


LaTeX Warning: Citation `ref20' on page 12 undefined on input line 241.

[12]

LaTeX Warning: Citation `ref21' on page 13 undefined on input line 246.


LaTeX Warning: Citation `ref22' on page 13 undefined on input line 246.


LaTeX Warning: Citation `ref23' on page 13 undefined on input line 250.


LaTeX Warning: Citation `ref24' on page 13 undefined on input line 250.


LaTeX Warning: Citation `ref25' on page 13 undefined on input line 250.


LaTeX Warning: Citation `ref26' on page 13 undefined on input line 250.


LaTeX Warning: Citation `ref27' on page 13 undefined on input line 250.


LaTeX Warning: Citation `ref28' on page 13 undefined on input line 254.


LaTeX Warning: Citation `ref29' on page 13 undefined on input line 254.


LaTeX Warning: Citation `ref30' on page 13 undefined on input line 254.


LaTeX Warning: Citation `ref31' on page 13 undefined on input line 254.


LaTeX Warning: Citation `ref6' on page 13 undefined on input line 258.


LaTeX Warning: Citation `ref32' on page 13 undefined on input line 258.

[13]

LaTeX Warning: Citation `ref14' on page 14 undefined on input line 295.


LaTeX Warning: Citation `ref16' on page 14 undefined on input line 295.


LaTeX Warning: Citation `ref7' on page 14 undefined on input line 295.


LaTeX Warning: Citation `ref8' on page 14 undefined on input line 295.


LaTeX Warning: Reference `sec:4.1' on page 14 undefined on input line 295.


LaTeX Warning: Reference `sec:3.1' on page 14 undefined on input line 303.

[14]

LaTeX Warning: Reference `prop:1' on page 15 undefined on input line 307.


LaTeX Warning: Reference `sec:3.5' on page 15 undefined on input line 307.


LaTeX Warning: Reference `app:C' on page 15 undefined on input line 307.


LaTeX Warning: Reference `app:E' on page 15 undefined on input line 315.


LaTeX Warning: Reference `app:A' on page 15 undefined on input line 323.


LaTeX Warning: Reference `sec:3.7' on page 15 undefined on input line 332.


LaTeX Warning: Hyper reference `source-s11' on page 15 undefined on input line 336.


LaTeX Warning: Reference `sec:2' on page 15 undefined on input line 336.


LaTeX Warning: Reference `sec:3' on page 15 undefined on input line 336.


LaTeX Warning: Reference `sec:4' on page 15 undefined on input line 336.


LaTeX Warning: Citation `ref44' on page 15 undefined on input line 340.


LaTeX Warning: Reference `app:E' on page 15 undefined on input line 340.

[15]

LaTeX Warning: Reference `sec:2.6' on page 16 undefined on input line 358.


LaTeX Warning: Hyper reference `source-s0' on page 16 undefined on input line 358.


LaTeX Warning: Hyper reference `source-s8' on page 16 undefined on input line 358.


LaTeX Warning: Hyper reference `source-s13' on page 16 undefined on input line 358.


LaTeX Warning: Reference `fig:1' on page 16 undefined on input line 367.


LaTeX Warning: Hyper reference `source-s4' on page 16 undefined on input line 367.


LaTeX Warning: Reference `app:F' on page 16 undefined on input line 375.


LaTeX Warning: Reference `tab:2' on page 16 undefined on input line 384.


LaTeX Warning: Citation `ref47' on page 16 undefined on input line 384.


LaTeX Warning: Hyper reference `source-s7' on page 16 undefined on input line 384.

[16]

LaTeX Warning: Reference `fig:2' on page 17 undefined on input line 388.


LaTeX Warning: Reference `tab:2' on page 17 undefined on input line 388.


LaTeX Warning: Hyper reference `source-s8' on page 17 undefined on input line 395.


LaTeX Warning: Citation `ref47' on page 17 undefined on input line 420.


LaTeX Warning: Reference `sec:3.4' on page 17 undefined on input line 425.


LaTeX Warning: Reference `app:F' on page 17 undefined on input line 425.

[17]

LaTeX Warning: Hyper reference `source-s4' on page 18 undefined on input line 429.


LaTeX Warning: Reference `app:F' on page 18 undefined on input line 433.


LaTeX Warning: Hyper reference `source-s4' on page 18 undefined on input line 446.


LaTeX Warning: Reference `fig:3' on page 18 undefined on input line 469.


LaTeX Warning: Reference `eq:1' on page 18 undefined on input line 469.

[18]

LaTeX Warning: Reference `sec:2.5' on page 19 undefined on input line 491.


LaTeX Warning: Reference `app:F' on page 19 undefined on input line 508.


LaTeX Warning: Reference `app:F' on page 19 undefined on input line 512.


LaTeX Warning: Reference `app:F' on page 19 undefined on input line 527.


LaTeX Warning: Reference `eq:3' on page 19 undefined on input line 536.


LaTeX Warning: Hyper reference `source-s2' on page 19 undefined on input line 536.


LaTeX Warning: Hyper reference `source-s4' on page 19 undefined on input line 536.


LaTeX Warning: Reference `tab:3' on page 19 undefined on input line 536.

[19]

LaTeX Warning: Reference `prop:1' on page 20 undefined on input line 569.


LaTeX Warning: Reference `alg:1' on page 20 undefined on input line 569.


LaTeX Warning: Reference `sec:3.5' on page 20 undefined on input line 593.

[20]

LaTeX Warning: Reference `fig:4' on page 21 undefined on input line 621.

[21]

LaTeX Warning: Hyper reference `source-s0' on page 22 undefined on input line 638.


LaTeX Warning: Hyper reference `source-s3' on page 22 undefined on input line 638.


LaTeX Warning: Hyper reference `source-s7' on page 22 undefined on input line 642.


LaTeX Warning: Hyper reference `source-s8' on page 22 undefined on input line 642.


LaTeX Warning: Citation `ref33' on page 22 undefined on input line 642.


LaTeX Warning: Citation `ref34' on page 22 undefined on input line 646.

[22]

LaTeX Warning: Citation `ref33' on page 23 undefined on input line 650.


LaTeX Warning: Hyper reference `source-s16' on page 23 undefined on input line 650.


LaTeX Warning: Hyper reference `source-s5' on page 23 undefined on input line 659.


LaTeX Warning: Reference `app:F' on page 23 undefined on input line 663.


LaTeX Warning: Hyper reference `source-s13' on page 23 undefined on input line 667.


LaTeX Warning: Hyper reference `source-s8' on page 23 undefined on input line 667.


LaTeX Warning: Reference `app:B' on page 23 undefined on input line 671.


LaTeX Warning: Reference `app:E' on page 23 undefined on input line 680.


LaTeX Warning: Hyper reference `source-s15' on page 23 undefined on input line 680.


LaTeX Warning: Hyper reference `source-s16' on page 23 undefined on input line 680.


LaTeX Warning: Reference `app:D' on page 23 undefined on input line 684.

[23] [24]

LaTeX Warning: Reference `tab:3a' on page 25 undefined on input line 698.


LaTeX Warning: Reference `sec:3.2' on page 25 undefined on input line 722.


LaTeX Warning: Reference `sec:3.4' on page 25 undefined on input line 722.


LaTeX Warning: Hyper reference `source-s0' on page 25 undefined on input line 741.


LaTeX Warning: Hyper reference `source-s12' on page 25 undefined on input line 741.

[25]

LaTeX Warning: Reference `app:B' on page 26 undefined on input line 745.


LaTeX Warning: Reference `app:B' on page 26 undefined on input line 749.


LaTeX Warning: Hyper reference `source-s13' on page 26 undefined on input line 749.


LaTeX Warning: Reference `app:B' on page 26 undefined on input line 753.


LaTeX Warning: Reference `app:B' on page 26 undefined on input line 757.


LaTeX Warning: Hyper reference `source-s2' on page 26 undefined on input line 770.


LaTeX Warning: Reference `sec:2.4' on page 26 undefined on input line 774.


LaTeX Warning: Reference `sec:3.4' on page 26 undefined on input line 778.


LaTeX Warning: Reference `tab:4' on page 26 undefined on input line 778.


LaTeX Warning: Hyper reference `source-s3' on page 26 undefined on input line 778.

[26]

LaTeX Warning: Hyper reference `source-s7' on page 27 undefined on input line 821.


LaTeX Warning: Reference `tab:5' on page 27 undefined on input line 825.


LaTeX Warning: Hyper reference `source-s8' on page 27 undefined on input line 825.

[27]

LaTeX Warning: Reference `tab:6' on page 28 undefined on input line 851.


LaTeX Warning: Reference `fig:5' on page 28 undefined on input line 851.


LaTeX Warning: Hyper reference `source-s8' on page 28 undefined on input line 878.


LaTeX Warning: Reference `tab:6' on page 28 undefined on input line 883.

[28]

LaTeX Warning: Reference `tab:7' on page 29 undefined on input line 900.


LaTeX Warning: Reference `app:E' on page 29 undefined on input line 900.


LaTeX Warning: Hyper reference `source-s16' on page 29 undefined on input line 900.

[29]

LaTeX Warning: Reference `app:D' on page 30 undefined on input line 928.


LaTeX Warning: Reference `tab:D2' on page 30 undefined on input line 928.


LaTeX Warning: Reference `fig:6' on page 30 undefined on input line 932.


LaTeX Warning: Hyper reference `source-s16' on page 30 undefined on input line 932.


LaTeX Warning: Hyper reference `source-s16' on page 30 undefined on input line 943.


LaTeX Warning: Reference `tab:7' on page 30 undefined on input line 943.


LaTeX Warning: Reference `app:E' on page 30 undefined on input line 948.


LaTeX Warning: Reference `tab:7a' on page 30 undefined on input line 952.


LaTeX Warning: Reference `tab:8' on page 30 undefined on input line 952.


LaTeX Warning: Hyper reference `source-s18' on page 30 undefined on input line 952.

[30] [31]

LaTeX Warning: Reference `tab:7b' on page 32 undefined on input line 981.


LaTeX Warning: Hyper reference `source-s19' on page 32 undefined on input line 981.

[32]

LaTeX Warning: Hyper reference `source-s19' on page 33 undefined on input line 1010.

[33]

LaTeX Warning: Reference `app:C' on page 34 undefined on input line 1025.


LaTeX Warning: Reference `fig:8' on page 34 undefined on input line 1025.


LaTeX Warning: Hyper reference `source-s8' on page 34 undefined on input line 1025.


LaTeX Warning: Hyper reference `source-s9' on page 34 undefined on input line 1025.


LaTeX Warning: Citation `ref45' on page 34 undefined on input line 1025.


LaTeX Warning: Citation `ref46' on page 34 undefined on input line 1025.


LaTeX Warning: Reference `app:C' on page 34 undefined on input line 1038.


LaTeX Warning: Hyper reference `source-s14' on page 34 undefined on input line 1038.


LaTeX Warning: Reference `app:C' on page 34 undefined on input line 1042.

[34]

LaTeX Warning: Hyper reference `source-s5' on page 35 undefined on input line 1056.


LaTeX Warning: Hyper reference `source-s6' on page 35 undefined on input line 1064.


LaTeX Warning: Reference `app:D' on page 35 undefined on input line 1081.


LaTeX Warning: Reference `tab:D2' on page 35 undefined on input line 1081.


LaTeX Warning: Reference `sec:3.4' on page 35 undefined on input line 1085.


LaTeX Warning: Reference `app:D' on page 35 undefined on input line 1089.


LaTeX Warning: Hyper reference `source-s15' on page 35 undefined on input line 1093.


LaTeX Warning: Citation `ref36' on page 35 undefined on input line 1097.


LaTeX Warning: Hyper reference `source-s11' on page 35 undefined on input line 1097.


LaTeX Warning: Hyper reference `source-s17' on page 35 undefined on input line 1097.

[35]

LaTeX Warning: Reference `tab:A1' on page 36 undefined on input line 1105.


LaTeX Warning: Reference `app:A' on page 36 undefined on input line 1105.


LaTeX Warning: Citation `ref37' on page 36 undefined on input line 1109.


LaTeX Warning: Citation `ref38' on page 36 undefined on input line 1109.


LaTeX Warning: Reference `fig:7' on page 36 undefined on input line 1109.

[36] [37]

LaTeX Warning: Hyper reference `source-s12' on page 38 undefined on input line 1123.


LaTeX Warning: Reference `tab:6' on page 38 undefined on input line 1123.


LaTeX Warning: Reference `tab:7' on page 38 undefined on input line 1123.


LaTeX Warning: Reference `prop:1' on page 38 undefined on input line 1123.


LaTeX Warning: Reference `tab:C1' on page 38 undefined on input line 1123.


LaTeX Warning: Reference `tab:8' on page 38 undefined on input line 1127.

[38]

LaTeX Warning: Reference `app:A' on page 39 undefined on input line 1157.


LaTeX Warning: Hyper reference `source-s13' on page 39 undefined on input line 1157.


LaTeX Warning: Hyper reference `source-s16' on page 39 undefined on input line 1157.

[39]

LaTeX Warning: Reference `sec:3.1' on page 40 undefined on input line 1197.


LaTeX Warning: Reference `app:B' on page 40 undefined on input line 1197.


LaTeX Warning: Reference `app:C' on page 40 undefined on input line 1197.


LaTeX Warning: Reference `sec:3.7' on page 40 undefined on input line 1197.


LaTeX Warning: Reference `app:A' on page 40 undefined on input line 1197.


LaTeX Warning: Reference `tab:A1' on page 40 undefined on input line 1207.


LaTeX Warning: Reference `app:A' on page 40 undefined on input line 1207.

[40]

LaTeX Warning: Reference `app:C' on page 41 undefined on input line 1236.

[41]

LaTeX Warning: Citation `ref21' on page 42 undefined on input line 1249.


LaTeX Warning: Citation `ref31' on page 42 undefined on input line 1249.


LaTeX Warning: Citation `ref6' on page 42 undefined on input line 1249.


LaTeX Warning: Citation `ref18' on page 42 undefined on input line 1253.


LaTeX Warning: Citation `ref30' on page 42 undefined on input line 1253.


LaTeX Warning: Citation `ref25' on page 42 undefined on input line 1257.


LaTeX Warning: Citation `ref26' on page 42 undefined on input line 1257.


LaTeX Warning: Citation `ref39' on page 42 undefined on input line 1257.


LaTeX Warning: Citation `ref32' on page 42 undefined on input line 1257.


LaTeX Warning: Citation `ref40' on page 42 undefined on input line 1257.

[42] [43]
Underfull \hbox (badness 1152) in paragraph at lines 1322--1324
[]\TU/LiberationSerif(0)/m/n/12 Y. Liu, H. Yu, S. Xie and Y. Zhang. “Deep Reinforcement Learning for Of- 
[44]
Underfull \hbox (badness 1490) in paragraph at lines 1334--1336
[]\TU/LiberationSerif(0)/m/n/12 M. Harchol-Balter. “Performance Modeling and Design of Computer Sys- 

Underfull \hbox (badness 1406) in paragraph at lines 1346--1348
\TU/LiberationSerif(0)/m/n/12 ple in Randomized Load Balancing.” \TU/LiberationSerif(0)/m/it/12 IEEE INFOCOM\TU/LiberationSerif(0)/m/n/12 , 1131–1139, 2015. 
[45]
Underfull \hbox (badness 1810) in paragraph at lines 1406--1408
\TU/LiberationSerif(0)/m/it/12 IEEE Transactions on Mobile Computing\TU/LiberationSerif(0)/m/n/12 , 25(5), 7166–7181, 2026. DOI: 
[46] [47] [48]

LaTeX Warning: Reference `fig:7' on page 49 undefined on input line 1636.


Underfull \hbox (badness 1005) in paragraph at lines 1652--1654
[]\TU/LiberationSerif(0)/m/n/12 TRACE_INVENTORY.json[], []ANALYSIS.json[], []CELL_RESULTS.csv[], []PAIRED_ 

LaTeX Warning: Hyper reference `source-s17' on page 49 undefined on input line 1674.

[49] [50]

LaTeX Warning: Reference `app:C' on page 51 undefined on input line 1691.


LaTeX Warning: Hyper reference `source-s14' on page 51 undefined on input line 1691.


LaTeX Warning: Reference `tab:B1' on page 51 undefined on input line 1703.

[51]

LaTeX Warning: Reference `tab:B2' on page 52 undefined on input line 1736.


LaTeX Warning: Hyper reference `source-s1' on page 52 undefined on input line 1769.

[52] [53] [54] [55] [56]

LaTeX Warning: Reference `tab:C1' on page 57 undefined on input line 1934.

[57]

LaTeX Warning: Hyper reference `source-s10' on page 58 undefined on input line 1967.


LaTeX Warning: Hyper reference `source-s14' on page 58 undefined on input line 1967.


LaTeX Warning: Reference `fig:8' on page 58 undefined on input line 1976.


LaTeX Warning: Hyper reference `source-s8' on page 58 undefined on input line 1976.


LaTeX Warning: Hyper reference `source-s9' on page 58 undefined on input line 1988.


LaTeX Warning: Reference `alg:1' on page 58 undefined on input line 1992.

[58]

LaTeX Warning: Reference `app:C' on page 59 undefined on input line 2005.


LaTeX Warning: Hyper reference `source-s14' on page 59 undefined on input line 2005.


LaTeX Warning: Citation `ref41' on page 59 undefined on input line 2017.


LaTeX Warning: Reference `app:C' on page 59 undefined on input line 2017.


LaTeX Warning: Reference `tab:C1' on page 59 undefined on input line 2021.


LaTeX Warning: Hyper reference `source-s10' on page 59 undefined on input line 2021.


LaTeX Warning: Hyper reference `source-s14' on page 59 undefined on input line 2021.

[59]

LaTeX Warning: Reference `tab:C2' on page 60 undefined on input line 2033.


LaTeX Warning: Hyper reference `source-s13' on page 60 undefined on input line 2033.


LaTeX Warning: Hyper reference `source-s14' on page 60 undefined on input line 2033.


LaTeX Warning: Reference `app:D' on page 60 undefined on input line 2074.


LaTeX Warning: Reference `tab:C3' on page 60 undefined on input line 2079.


LaTeX Warning: Reference `sec:2.3' on page 60 undefined on input line 2079.


LaTeX Warning: Hyper reference `source-s15' on page 60 undefined on input line 2079.

[60]

LaTeX Warning: Reference `sec:3.5' on page 61 undefined on input line 2087.


LaTeX Warning: Citation `ref35' on page 61 undefined on input line 2087.

[61] [62]

LaTeX Warning: Reference `app:D' on page 63 undefined on input line 2185.


LaTeX Warning: Reference `tab:D2' on page 63 undefined on input line 2185.

[63] [64] [65]

LaTeX Warning: Reference `sec:3.4' on page 66 undefined on input line 2287.


LaTeX Warning: Reference `sec:3.4' on page 66 undefined on input line 2287.


LaTeX Warning: Hyper reference `source-s4' on page 66 undefined on input line 2291.


LaTeX Warning: Reference `sec:3.4' on page 66 undefined on input line 2295.


LaTeX Warning: Reference `sec:3.1' on page 66 undefined on input line 2303.


LaTeX Warning: Reference `eq:5' on page 66 undefined on input line 2307.


LaTeX Warning: Hyper reference `source-s6' on page 66 undefined on input line 2315.

[66] [67] (./TrafficTwin_Dissertation.aux)

LaTeX Warning: There were undefined references.


LaTeX Warning: Label(s) may have changed. Rerun to get cross-references right.


Package rerunfilecheck Warning: File `TrafficTwin_Dissertation.out' has changed.
(rerunfilecheck)                Rerun to get outlines right
(rerunfilecheck)                or use package `bookmark'.

 )
(see the transcript file for additional information)
Output written on TrafficTwin_Dissertation.xdv (67 pages, 1459580 bytes).
Transcript written on TrafficTwin_Dissertation.log.
Latexmk: Getting log file 'TrafficTwin_Dissertation.log'
Latexmk: Examining 'TrafficTwin_Dissertation.fls'
Latexmk: Examining 'TrafficTwin_Dissertation.log'
Latexmk: References changed.
Latexmk: Missing input file 'TrafficTwin_Dissertation.toc' message in .log file:
  No file TrafficTwin_Dissertation.toc.
Latexmk: Missing input file 'TrafficTwin_Dissertation.lof' message in .log file:
  No file TrafficTwin_Dissertation.lof.
Latexmk: Missing input file 'TrafficTwin_Dissertation.lot' message in .log file:
  No file TrafficTwin_Dissertation.lot.
Latexmk: References changed.
Latexmk: References changed.
Latexmk: Log file says output to 'TrafficTwin_Dissertation.xdv'
Latexmk: applying rule 'xelatex'...
Rule 'xelatex':  Reasons for rerun
Changed files or newly in use/created:
  TrafficTwin_Dissertation.aux
  TrafficTwin_Dissertation.lof
  TrafficTwin_Dissertation.lot
  TrafficTwin_Dissertation.out
  TrafficTwin_Dissertation.toc

------------
Run number 2 of rule 'xelatex'
------------
------------
Running 'xelatex -no-pdf -interaction=nonstopmode -halt-on-error -recorder  "TrafficTwin_Dissertation.tex"'
------------
This is XeTeX, Version 3.141592653-2.6-0.999998 (TeX Live 2026) (preloaded format=xelatex)
 restricted \write18 enabled.
entering extended mode
(./TrafficTwin_Dissertation.tex
LaTeX2e <2026-06-01>
L3 programming layer <2026-08-10>
(/Users/akashx/scratch/traffictwin-tex/TinyTeX/texmf-dist/tex/latex/base/article.cls
Document Class: article 2025/01/22 v1.4n Standard LaTeX document class
(/Users/akashx/scratch/traffictwin-tex/TinyTeX/texmf-dist/tex/latex/base/size12.clo)) (/Users/akashx/scratch/traffictwin-tex/TinyTeX/texmf-dist/tex/latex/fontspec/fontspec.sty (/Users/akashx/scratch/traffictwin-tex/TinyTeX/texmf-dist/tex/latex/fontspec/fontspec-xetex.sty (/Users/akashx/scratch/traffictwin-tex/TinyTeX/texmf-dist/tex/latex/base/fontenc.sty) (/Users/akashx/scratch/traffictwin-tex/TinyTeX/texmf-dist/tex/latex/fontspec/fontspec.cfg))) (/Users/akashx/scratch/traffictwin-tex/TinyTeX/texmf-dist/tex/latex/geometry/geometry.sty (/Users/akashx/scratch/traffictwin-tex/TinyTeX/texmf-dist/tex/latex/graphics/keyval.sty) (/Users/akashx/scratch/traffictwin-tex/TinyTeX/texmf-dist/tex/generic/iftex/ifvtex.sty (/Users/akashx/scratch/traffictwin-tex/TinyTeX/texmf-dist/tex/generic/iftex/iftex.sty))) (/Users/akashx/scratch/traffictwin-tex/TinyTeX/texmf-dist/tex/latex/amsmath/amsmath.sty
For additional information on amsmath, use the `?' option.
(/Users/akashx/scratch/traffictwin-tex/TinyTeX/texmf-dist/tex/latex/amsmath/amstext.sty (/Users/akashx/scratch/traffictwin-tex/TinyTeX/texmf-dist/tex/latex/amsmath/amsgen.sty)) (/Users/akashx/scratch/traffictwin-tex/TinyTeX/texmf-dist/tex/latex/amsmath/amsbsy.sty) (/Users/akashx/scratch/traffictwin-tex/TinyTeX/texmf-dist/tex/latex/amsmath/amsopn.sty)) (/Users/akashx/scratch/traffictwin-tex/TinyTeX/texmf-dist/tex/latex/amsfonts/amssymb.sty (/Users/akashx/scratch/traffictwin-tex/TinyTeX/texmf-dist/tex/latex/amsfonts/amsfonts.sty)) (/Users/akashx/scratch/traffictwin-tex/TinyTeX/texmf-dist/tex/latex/amscls/amsthm.sty) (/Users/akashx/scratch/traffictwin-tex/TinyTeX/texmf-dist/tex/latex/graphics/graphicx.sty (/Users/akashx/scratch/traffictwin-tex/TinyTeX/texmf-dist/tex/latex/graphics/graphics.sty (/Users/akashx/scratch/traffictwin-tex/TinyTeX/texmf-dist/tex/latex/graphics/trig.sty) (/Users/akashx/scratch/traffictwin-tex/TinyTeX/texmf-dist/tex/latex/graphics-cfg/graphics.cfg) (/Users/akashx/scratch/traffictwin-tex/TinyTeX/texmf-dist/tex/latex/graphics-def/xetex.def))) (/Users/akashx/scratch/traffictwin-tex/TinyTeX/texmf-dist/tex/latex/pdflscape/pdflscape.sty (/Users/akashx/scratch/traffictwin-tex/TinyTeX/texmf-dist/tex/latex/pdflscape/pdflscape-nometadata.sty (/Users/akashx/scratch/traffictwin-tex/TinyTeX/texmf-dist/tex/latex/graphics/lscape.sty))) (/Users/akashx/scratch/traffictwin-tex/TinyTeX/texmf-dist/tex/latex/tools/array.sty) (/Users/akashx/scratch/traffictwin-tex/TinyTeX/texmf-dist/tex/latex/booktabs/booktabs.sty) (/Users/akashx/scratch/traffictwin-tex/TinyTeX/texmf-dist/tex/latex/tools/longtable.sty) (/Users/akashx/scratch/traffictwin-tex/TinyTeX/texmf-dist/tex/latex/tools/tabularx.sty) (/Users/akashx/scratch/traffictwin-tex/TinyTeX/texmf-dist/tex/latex/xltabular/xltabular.sty (/Users/akashx/scratch/traffictwin-tex/TinyTeX/texmf-dist/tex/latex/etoolbox/etoolbox.sty) (/Users/akashx/scratch/traffictwin-tex/TinyTeX/texmf-dist/tex/latex/ltablex/ltablex.sty)) (/Users/akashx/scratch/traffictwin-tex/TinyTeX/texmf-dist/tex/latex/caption/caption.sty (/Users/akashx/scratch/traffictwin-tex/TinyTeX/texmf-dist/tex/latex/caption/caption3.sty) (/Users/akashx/scratch/traffictwin-tex/TinyTeX/texmf-dist/tex/latex/caption/ltcaption.sty)) (/Users/akashx/scratch/traffictwin-tex/TinyTeX/texmf-dist/tex/latex/algorithms/algorithm.sty (/Users/akashx/scratch/traffictwin-tex/TinyTeX/texmf-dist/tex/latex/float/float.sty) (/Users/akashx/scratch/traffictwin-tex/TinyTeX/texmf-dist/tex/latex/base/ifthen.sty)) (/Users/akashx/scratch/traffictwin-tex/TinyTeX/texmf-dist/tex/latex/fvextra/fvextra.sty (/Users/akashx/scratch/traffictwin-tex/TinyTeX/texmf-dist/tex/latex/fancyvrb/fancyvrb.sty) (/Users/akashx/scratch/traffictwin-tex/TinyTeX/texmf-dist/tex/latex/upquote/upquote.sty (/Users/akashx/scratch/traffictwin-tex/TinyTeX/texmf-dist/tex/latex/base/textcomp.sty)) (/Users/akashx/scratch/traffictwin-tex/TinyTeX/texmf-dist/tex/latex/lineno/lineno.sty (/Users/akashx/scratch/traffictwin-tex/TinyTeX/texmf-dist/tex/latex/kvoptions/kvoptions.sty (/Users/akashx/scratch/traffictwin-tex/TinyTeX/texmf-dist/tex/generic/ltxcmds/ltxcmds.sty) (/Users/akashx/scratch/traffictwin-tex/TinyTeX/texmf-dist/tex/latex/kvsetkeys/kvsetkeys.sty)))) (/Users/akashx/scratch/traffictwin-tex/TinyTeX/texmf-dist/tex/latex/xurl/xurl.sty (/Users/akashx/scratch/traffictwin-tex/TinyTeX/texmf-dist/tex/latex/url/url.sty)) (/Users/akashx/scratch/traffictwin-tex/TinyTeX/texmf-dist/tex/latex/setspace/setspace.sty) (/Users/akashx/scratch/traffictwin-tex/TinyTeX/texmf-dist/tex/latex/ragged2e/ragged2e.sty) (/Users/akashx/scratch/traffictwin-tex/TinyTeX/texmf-dist/tex/latex/placeins/placeins.sty) (/Users/akashx/scratch/traffictwin-tex/TinyTeX/texmf-dist/tex/latex/needspace/needspace.sty) (/Users/akashx/scratch/traffictwin-tex/TinyTeX/texmf-dist/tex/latex/hyperref/hyperref.sty (/Users/akashx/scratch/traffictwin-tex/TinyTeX/texmf-dist/tex/generic/kvdefinekeys/kvdefinekeys.sty) (/Users/akashx/scratch/traffictwin-tex/TinyTeX/texmf-dist/tex/generic/pdfescape/pdfescape.sty (/Users/akashx/scratch/traffictwin-tex/TinyTeX/texmf-dist/tex/generic/pdftexcmds/pdftexcmds.sty (/Users/akashx/scratch/traffictwin-tex/TinyTeX/texmf-dist/tex/generic/infwarerr/infwarerr.sty))) (/Users/akashx/scratch/traffictwin-tex/TinyTeX/texmf-dist/tex/latex/hycolor/hycolor.sty) (/Users/akashx/scratch/traffictwin-tex/TinyTeX/texmf-dist/tex/latex/hyperref/nameref.sty (/Users/akashx/scratch/traffictwin-tex/TinyTeX/texmf-dist/tex/latex/refcount/refcount.sty) (/Users/akashx/scratch/traffictwin-tex/TinyTeX/texmf-dist/tex/generic/gettitlestring/gettitlestring.sty)) (/Users/akashx/scratch/traffictwin-tex/TinyTeX/texmf-dist/tex/generic/stringenc/stringenc.sty) (/Users/akashx/scratch/traffictwin-tex/TinyTeX/texmf-dist/tex/latex/hyperref/pd1enc.def) (/Users/akashx/scratch/traffictwin-tex/TinyTeX/texmf-dist/tex/generic/intcalc/intcalc.sty) (/Users/akashx/scratch/traffictwin-tex/TinyTeX/texmf-dist/tex/latex/hyperref/puenc.def) (/Users/akashx/scratch/traffictwin-tex/TinyTeX/texmf-dist/tex/generic/bitset/bitset.sty (/Users/akashx/scratch/traffictwin-tex/TinyTeX/texmf-dist/tex/generic/bigintcalc/bigintcalc.sty))) (/Users/akashx/scratch/traffictwin-tex/TinyTeX/texmf-dist/tex/latex/hyperref/hxetex.def (/Users/akashx/scratch/traffictwin-tex/TinyTeX/texmf-dist/tex/latex/rerunfilecheck/rerunfilecheck.sty (/Users/akashx/scratch/traffictwin-tex/TinyTeX/texmf-dist/tex/generic/uniquecounter/uniquecounter.sty))) (/Users/akashx/scratch/traffictwin-tex/TinyTeX/texmf-dist/tex/latex/l3kernel/l3backend-xetex.def) (./TrafficTwin_Dissertation.aux)
*geometry* driver: auto-detecting
*geometry* detected driver: xetex
(./TrafficTwin_Dissertation.out) (./TrafficTwin_Dissertation.out) (/Users/akashx/scratch/traffictwin-tex/TinyTeX/texmf-dist/tex/latex/amsfonts/umsa.fd) (/Users/akashx/scratch/traffictwin-tex/TinyTeX/texmf-dist/tex/latex/amsfonts/umsb.fd) [1] (./TrafficTwin_Dissertation.toc [2]) [3] (./TrafficTwin_Dissertation.lof) (./TrafficTwin_Dissertation.lot) [4] [5] [6] [7] [8] [9] [10] [11] [12] [13] [14] [15] [16] [17] [18] [19] [20] [21] [22] [23] [24] [25] [26] [27] [28] [29] [30] [31] [32] [33] [34] [35] [36] [37] [38] [39] [40] [41] [42] [43] [44]
Underfull \hbox (badness 1152) in paragraph at lines 1322--1324
[]\TU/LiberationSerif(0)/m/n/12 Y. Liu, H. Yu, S. Xie and Y. Zhang. “Deep Reinforcement Learning for Of- 
[45]
Underfull \hbox (badness 1490) in paragraph at lines 1334--1336
[]\TU/LiberationSerif(0)/m/n/12 M. Harchol-Balter. “Performance Modeling and Design of Computer Sys- 

Underfull \hbox (badness 1406) in paragraph at lines 1346--1348
\TU/LiberationSerif(0)/m/n/12 ple in Randomized Load Balancing.” \TU/LiberationSerif(0)/m/it/12 IEEE INFOCOM\TU/LiberationSerif(0)/m/n/12 , 1131–1139, 2015. 
[46]
Underfull \hbox (badness 1810) in paragraph at lines 1406--1408
\TU/LiberationSerif(0)/m/it/12 IEEE Transactions on Mobile Computing\TU/LiberationSerif(0)/m/n/12 , 25(5), 7166–7181, 2026. DOI: 
[47] [48] [49]
Underfull \hbox (badness 1005) in paragraph at lines 1652--1654
[]\TU/LiberationSerif(0)/m/n/12 TRACE_INVENTORY.json[], []ANALYSIS.json[], []CELL_RESULTS.csv[], []PAIRED_ 
[50] [51] [52] [53] [54] [55] [56] [57] [58] [59] [60] [61] [62] [63] [64] [65] [66] [67] [68] (./TrafficTwin_Dissertation.aux)

LaTeX Warning: Label(s) may have changed. Rerun to get cross-references right.

 )
(see the transcript file for additional information)
Output written on TrafficTwin_Dissertation.xdv (68 pages, 1577832 bytes).
Transcript written on TrafficTwin_Dissertation.log.
Latexmk: Getting log file 'TrafficTwin_Dissertation.log'
Latexmk: Examining 'TrafficTwin_Dissertation.fls'
Latexmk: Examining 'TrafficTwin_Dissertation.log'
Latexmk: References changed.
Latexmk: Log file says output to 'TrafficTwin_Dissertation.xdv'
Latexmk: applying rule 'xelatex'...
Rule 'xelatex':  Reasons for rerun
Changed files or newly in use/created:
  TrafficTwin_Dissertation.aux
  TrafficTwin_Dissertation.lof
  TrafficTwin_Dissertation.lot
  TrafficTwin_Dissertation.toc

------------
Run number 3 of rule 'xelatex'
------------
------------
Running 'xelatex -no-pdf -interaction=nonstopmode -halt-on-error -recorder  "TrafficTwin_Dissertation.tex"'
------------
This is XeTeX, Version 3.141592653-2.6-0.999998 (TeX Live 2026) (preloaded format=xelatex)
 restricted \write18 enabled.
entering extended mode
(./TrafficTwin_Dissertation.tex
LaTeX2e <2026-06-01>
L3 programming layer <2026-08-10>
(/Users/akashx/scratch/traffictwin-tex/TinyTeX/texmf-dist/tex/latex/base/article.cls
Document Class: article 2025/01/22 v1.4n Standard LaTeX document class
(/Users/akashx/scratch/traffictwin-tex/TinyTeX/texmf-dist/tex/latex/base/size12.clo)) (/Users/akashx/scratch/traffictwin-tex/TinyTeX/texmf-dist/tex/latex/fontspec/fontspec.sty (/Users/akashx/scratch/traffictwin-tex/TinyTeX/texmf-dist/tex/latex/fontspec/fontspec-xetex.sty (/Users/akashx/scratch/traffictwin-tex/TinyTeX/texmf-dist/tex/latex/base/fontenc.sty) (/Users/akashx/scratch/traffictwin-tex/TinyTeX/texmf-dist/tex/latex/fontspec/fontspec.cfg))) (/Users/akashx/scratch/traffictwin-tex/TinyTeX/texmf-dist/tex/latex/geometry/geometry.sty (/Users/akashx/scratch/traffictwin-tex/TinyTeX/texmf-dist/tex/latex/graphics/keyval.sty) (/Users/akashx/scratch/traffictwin-tex/TinyTeX/texmf-dist/tex/generic/iftex/ifvtex.sty (/Users/akashx/scratch/traffictwin-tex/TinyTeX/texmf-dist/tex/generic/iftex/iftex.sty))) (/Users/akashx/scratch/traffictwin-tex/TinyTeX/texmf-dist/tex/latex/amsmath/amsmath.sty
For additional information on amsmath, use the `?' option.
(/Users/akashx/scratch/traffictwin-tex/TinyTeX/texmf-dist/tex/latex/amsmath/amstext.sty (/Users/akashx/scratch/traffictwin-tex/TinyTeX/texmf-dist/tex/latex/amsmath/amsgen.sty)) (/Users/akashx/scratch/traffictwin-tex/TinyTeX/texmf-dist/tex/latex/amsmath/amsbsy.sty) (/Users/akashx/scratch/traffictwin-tex/TinyTeX/texmf-dist/tex/latex/amsmath/amsopn.sty)) (/Users/akashx/scratch/traffictwin-tex/TinyTeX/texmf-dist/tex/latex/amsfonts/amssymb.sty (/Users/akashx/scratch/traffictwin-tex/TinyTeX/texmf-dist/tex/latex/amsfonts/amsfonts.sty)) (/Users/akashx/scratch/traffictwin-tex/TinyTeX/texmf-dist/tex/latex/amscls/amsthm.sty) (/Users/akashx/scratch/traffictwin-tex/TinyTeX/texmf-dist/tex/latex/graphics/graphicx.sty (/Users/akashx/scratch/traffictwin-tex/TinyTeX/texmf-dist/tex/latex/graphics/graphics.sty (/Users/akashx/scratch/traffictwin-tex/TinyTeX/texmf-dist/tex/latex/graphics/trig.sty) (/Users/akashx/scratch/traffictwin-tex/TinyTeX/texmf-dist/tex/latex/graphics-cfg/graphics.cfg) (/Users/akashx/scratch/traffictwin-tex/TinyTeX/texmf-dist/tex/latex/graphics-def/xetex.def))) (/Users/akashx/scratch/traffictwin-tex/TinyTeX/texmf-dist/tex/latex/pdflscape/pdflscape.sty (/Users/akashx/scratch/traffictwin-tex/TinyTeX/texmf-dist/tex/latex/pdflscape/pdflscape-nometadata.sty (/Users/akashx/scratch/traffictwin-tex/TinyTeX/texmf-dist/tex/latex/graphics/lscape.sty))) (/Users/akashx/scratch/traffictwin-tex/TinyTeX/texmf-dist/tex/latex/tools/array.sty) (/Users/akashx/scratch/traffictwin-tex/TinyTeX/texmf-dist/tex/latex/booktabs/booktabs.sty) (/Users/akashx/scratch/traffictwin-tex/TinyTeX/texmf-dist/tex/latex/tools/longtable.sty) (/Users/akashx/scratch/traffictwin-tex/TinyTeX/texmf-dist/tex/latex/tools/tabularx.sty) (/Users/akashx/scratch/traffictwin-tex/TinyTeX/texmf-dist/tex/latex/xltabular/xltabular.sty (/Users/akashx/scratch/traffictwin-tex/TinyTeX/texmf-dist/tex/latex/etoolbox/etoolbox.sty) (/Users/akashx/scratch/traffictwin-tex/TinyTeX/texmf-dist/tex/latex/ltablex/ltablex.sty)) (/Users/akashx/scratch/traffictwin-tex/TinyTeX/texmf-dist/tex/latex/caption/caption.sty (/Users/akashx/scratch/traffictwin-tex/TinyTeX/texmf-dist/tex/latex/caption/caption3.sty) (/Users/akashx/scratch/traffictwin-tex/TinyTeX/texmf-dist/tex/latex/caption/ltcaption.sty)) (/Users/akashx/scratch/traffictwin-tex/TinyTeX/texmf-dist/tex/latex/algorithms/algorithm.sty (/Users/akashx/scratch/traffictwin-tex/TinyTeX/texmf-dist/tex/latex/float/float.sty) (/Users/akashx/scratch/traffictwin-tex/TinyTeX/texmf-dist/tex/latex/base/ifthen.sty)) (/Users/akashx/scratch/traffictwin-tex/TinyTeX/texmf-dist/tex/latex/fvextra/fvextra.sty (/Users/akashx/scratch/traffictwin-tex/TinyTeX/texmf-dist/tex/latex/fancyvrb/fancyvrb.sty) (/Users/akashx/scratch/traffictwin-tex/TinyTeX/texmf-dist/tex/latex/upquote/upquote.sty (/Users/akashx/scratch/traffictwin-tex/TinyTeX/texmf-dist/tex/latex/base/textcomp.sty)) (/Users/akashx/scratch/traffictwin-tex/TinyTeX/texmf-dist/tex/latex/lineno/lineno.sty (/Users/akashx/scratch/traffictwin-tex/TinyTeX/texmf-dist/tex/latex/kvoptions/kvoptions.sty (/Users/akashx/scratch/traffictwin-tex/TinyTeX/texmf-dist/tex/generic/ltxcmds/ltxcmds.sty) (/Users/akashx/scratch/traffictwin-tex/TinyTeX/texmf-dist/tex/latex/kvsetkeys/kvsetkeys.sty)))) (/Users/akashx/scratch/traffictwin-tex/TinyTeX/texmf-dist/tex/latex/xurl/xurl.sty (/Users/akashx/scratch/traffictwin-tex/TinyTeX/texmf-dist/tex/latex/url/url.sty)) (/Users/akashx/scratch/traffictwin-tex/TinyTeX/texmf-dist/tex/latex/setspace/setspace.sty) (/Users/akashx/scratch/traffictwin-tex/TinyTeX/texmf-dist/tex/latex/ragged2e/ragged2e.sty) (/Users/akashx/scratch/traffictwin-tex/TinyTeX/texmf-dist/tex/latex/placeins/placeins.sty) (/Users/akashx/scratch/traffictwin-tex/TinyTeX/texmf-dist/tex/latex/needspace/needspace.sty) (/Users/akashx/scratch/traffictwin-tex/TinyTeX/texmf-dist/tex/latex/hyperref/hyperref.sty (/Users/akashx/scratch/traffictwin-tex/TinyTeX/texmf-dist/tex/generic/kvdefinekeys/kvdefinekeys.sty) (/Users/akashx/scratch/traffictwin-tex/TinyTeX/texmf-dist/tex/generic/pdfescape/pdfescape.sty (/Users/akashx/scratch/traffictwin-tex/TinyTeX/texmf-dist/tex/generic/pdftexcmds/pdftexcmds.sty (/Users/akashx/scratch/traffictwin-tex/TinyTeX/texmf-dist/tex/generic/infwarerr/infwarerr.sty))) (/Users/akashx/scratch/traffictwin-tex/TinyTeX/texmf-dist/tex/latex/hycolor/hycolor.sty) (/Users/akashx/scratch/traffictwin-tex/TinyTeX/texmf-dist/tex/latex/hyperref/nameref.sty (/Users/akashx/scratch/traffictwin-tex/TinyTeX/texmf-dist/tex/latex/refcount/refcount.sty) (/Users/akashx/scratch/traffictwin-tex/TinyTeX/texmf-dist/tex/generic/gettitlestring/gettitlestring.sty)) (/Users/akashx/scratch/traffictwin-tex/TinyTeX/texmf-dist/tex/generic/stringenc/stringenc.sty) (/Users/akashx/scratch/traffictwin-tex/TinyTeX/texmf-dist/tex/latex/hyperref/pd1enc.def) (/Users/akashx/scratch/traffictwin-tex/TinyTeX/texmf-dist/tex/generic/intcalc/intcalc.sty) (/Users/akashx/scratch/traffictwin-tex/TinyTeX/texmf-dist/tex/latex/hyperref/puenc.def) (/Users/akashx/scratch/traffictwin-tex/TinyTeX/texmf-dist/tex/generic/bitset/bitset.sty (/Users/akashx/scratch/traffictwin-tex/TinyTeX/texmf-dist/tex/generic/bigintcalc/bigintcalc.sty))) (/Users/akashx/scratch/traffictwin-tex/TinyTeX/texmf-dist/tex/latex/hyperref/hxetex.def (/Users/akashx/scratch/traffictwin-tex/TinyTeX/texmf-dist/tex/latex/rerunfilecheck/rerunfilecheck.sty (/Users/akashx/scratch/traffictwin-tex/TinyTeX/texmf-dist/tex/generic/uniquecounter/uniquecounter.sty))) (/Users/akashx/scratch/traffictwin-tex/TinyTeX/texmf-dist/tex/latex/l3kernel/l3backend-xetex.def) (./TrafficTwin_Dissertation.aux)
*geometry* driver: auto-detecting
*geometry* detected driver: xetex
(./TrafficTwin_Dissertation.out) (./TrafficTwin_Dissertation.out) (/Users/akashx/scratch/traffictwin-tex/TinyTeX/texmf-dist/tex/latex/amsfonts/umsa.fd) (/Users/akashx/scratch/traffictwin-tex/TinyTeX/texmf-dist/tex/latex/amsfonts/umsb.fd) [1] (./TrafficTwin_Dissertation.toc [2]) [3] (./TrafficTwin_Dissertation.lof) (./TrafficTwin_Dissertation.lot) [4] [5] [6] [7] [8] [9] [10] [11] [12] [13] [14] [15] [16] [17] [18] [19] [20] [21] [22] [23] [24] [25] [26] [27] [28] [29] [30] [31] [32] [33] [34] [35] [36] [37] [38] [39] [40] [41] [42] [43] [44]
Underfull \hbox (badness 1152) in paragraph at lines 1322--1324
[]\TU/LiberationSerif(0)/m/n/12 Y. Liu, H. Yu, S. Xie and Y. Zhang. “Deep Reinforcement Learning for Of- 
[45]
Underfull \hbox (badness 1490) in paragraph at lines 1334--1336
[]\TU/LiberationSerif(0)/m/n/12 M. Harchol-Balter. “Performance Modeling and Design of Computer Sys- 

Underfull \hbox (badness 1406) in paragraph at lines 1346--1348
\TU/LiberationSerif(0)/m/n/12 ple in Randomized Load Balancing.” \TU/LiberationSerif(0)/m/it/12 IEEE INFOCOM\TU/LiberationSerif(0)/m/n/12 , 1131–1139, 2015. 
[46]
Underfull \hbox (badness 1810) in paragraph at lines 1406--1408
\TU/LiberationSerif(0)/m/it/12 IEEE Transactions on Mobile Computing\TU/LiberationSerif(0)/m/n/12 , 25(5), 7166–7181, 2026. DOI: 
[47] [48] [49]
Underfull \hbox (badness 1005) in paragraph at lines 1652--1654
[]\TU/LiberationSerif(0)/m/n/12 TRACE_INVENTORY.json[], []ANALYSIS.json[], []CELL_RESULTS.csv[], []PAIRED_ 
[50] [51] [52] [53] [54] [55] [56] [57] [58] [59] [60] [61] [62] [63] [64] [65] [66] [67] [68] (./TrafficTwin_Dissertation.aux) )
(see the transcript file for additional information)
Output written on TrafficTwin_Dissertation.xdv (68 pages, 1577852 bytes).
Transcript written on TrafficTwin_Dissertation.log.
Latexmk: Getting log file 'TrafficTwin_Dissertation.log'
Latexmk: Examining 'TrafficTwin_Dissertation.fls'
Latexmk: Examining 'TrafficTwin_Dissertation.log'
Latexmk: Log file says output to 'TrafficTwin_Dissertation.xdv'
Latexmk: applying rule 'xdvipdfmx'...
Rule 'xdvipdfmx':  Reasons for rerun
Changed files or newly in use/created:
  TrafficTwin_Dissertation.xdv
Category 'changed_source_rules':
  xelatex
Category 'no_dest':
  xdvipdfmx

------------
Run number 1 of rule 'xdvipdfmx'
------------
------------
Running 'xdvipdfmx -E -o "TrafficTwin_Dissertation.pdf"  "TrafficTwin_Dissertation.xdv"'
------------
TrafficTwin_Dissertation.xdv -> TrafficTwin_Dissertation.pdf
[1][2][3][4][5][6][7][8][9][10][11][12][13][14][15][16][17][18][19][20][21][22][23][24][25][26][27][28][29][30][31][32][33][34][35][36][37][38][39][40][41][42][43][44][45][46][47][48][49][50][51][52][53][54][55][56][57][58][59][60][61][62][63][64][65][66][67][68]
1014993 bytes written
Latexmk: All targets (TrafficTwin_Dissertation.xdv TrafficTwin_Dissertation.pdf) are up-to-date

