Rc files read (in order):
  NONE
Latexmk: This is Latexmk, John Collins, 9 March 2026. Version 4.88.
Latexmk: Changing directory to 'docs/dissertation/examiner_revision_2026-09-11/'
No existing .aux file, so I'll make a simple one, and require run of *latex.
Latexmk: applying rule 'xelatex'...
Rule 'xelatex':  Reasons for rerun
Category 'other':
  Rerun of 'xelatex' forced or previously required:
    Reason or flag: 'Initial setup'

------------
Run number 1 of rule 'xelatex'
------------
------------
Running 'xelatex -no-pdf -interaction=nonstopmode -halt-on-error -recorder  "TrafficTwin_Dissertation.tex"'
------------
This is XeTeX, Version 3.141592653-2.6-0.999998 (TeX Live 2026) (preloaded format=xelatex)
 restricted \write18 enabled.
entering extended mode
(./TrafficTwin_Dissertation.tex
LaTeX2e <2026-06-01>
L3 programming layer <2026-08-10>
(/Users/akashx/scratch/traffictwin-tex/TinyTeX/texmf-dist/tex/latex/base/article.cls
Document Class: article 2025/01/22 v1.4n Standard LaTeX document class
(/Users/akashx/scratch/traffictwin-tex/TinyTeX/texmf-dist/tex/latex/base/size12.clo)) (/Users/akashx/scratch/traffictwin-tex/TinyTeX/texmf-dist/tex/latex/fontspec/fontspec.sty (/Users/akashx/scratch/traffictwin-tex/TinyTeX/texmf-dist/tex/latex/fontspec/fontspec-xetex.sty (/Users/akashx/scratch/traffictwin-tex/TinyTeX/texmf-dist/tex/latex/base/fontenc.sty) (/Users/akashx/scratch/traffictwin-tex/TinyTeX/texmf-dist/tex/latex/fontspec/fontspec.cfg))) (/Users/akashx/scratch/traffictwin-tex/TinyTeX/texmf-dist/tex/latex/geometry/geometry.sty (/Users/akashx/scratch/traffictwin-tex/TinyTeX/texmf-dist/tex/latex/graphics/keyval.sty) (/Users/akashx/scratch/traffictwin-tex/TinyTeX/texmf-dist/tex/generic/iftex/ifvtex.sty (/Users/akashx/scratch/traffictwin-tex/TinyTeX/texmf-dist/tex/generic/iftex/iftex.sty))) (/Users/akashx/scratch/traffictwin-tex/TinyTeX/texmf-dist/tex/latex/amsmath/amsmath.sty
For additional information on amsmath, use the `?' option.
(/Users/akashx/scratch/traffictwin-tex/TinyTeX/texmf-dist/tex/latex/amsmath/amstext.sty (/Users/akashx/scratch/traffictwin-tex/TinyTeX/texmf-dist/tex/latex/amsmath/amsgen.sty)) (/Users/akashx/scratch/traffictwin-tex/TinyTeX/texmf-dist/tex/latex/amsmath/amsbsy.sty) (/Users/akashx/scratch/traffictwin-tex/TinyTeX/texmf-dist/tex/latex/amsmath/amsopn.sty)) (/Users/akashx/scratch/traffictwin-tex/TinyTeX/texmf-dist/tex/latex/amsfonts/amssymb.sty (/Users/akashx/scratch/traffictwin-tex/TinyTeX/texmf-dist/tex/latex/amsfonts/amsfonts.sty)) (/Users/akashx/scratch/traffictwin-tex/TinyTeX/texmf-dist/tex/latex/amscls/amsthm.sty) (/Users/akashx/scratch/traffictwin-tex/TinyTeX/texmf-dist/tex/latex/graphics/graphicx.sty (/Users/akashx/scratch/traffictwin-tex/TinyTeX/texmf-dist/tex/latex/graphics/graphics.sty (/Users/akashx/scratch/traffictwin-tex/TinyTeX/texmf-dist/tex/latex/graphics/trig.sty) (/Users/akashx/scratch/traffictwin-tex/TinyTeX/texmf-dist/tex/latex/graphics-cfg/graphics.cfg) (/Users/akashx/scratch/traffictwin-tex/TinyTeX/texmf-dist/tex/latex/graphics-def/xetex.def))) (/Users/akashx/scratch/traffictwin-tex/TinyTeX/texmf-dist/tex/latex/tools/array.sty) (/Users/akashx/scratch/traffictwin-tex/TinyTeX/texmf-dist/tex/latex/booktabs/booktabs.sty) (/Users/akashx/scratch/traffictwin-tex/TinyTeX/texmf-dist/tex/latex/tools/longtable.sty) (/Users/akashx/scratch/traffictwin-tex/TinyTeX/texmf-dist/tex/latex/tools/tabularx.sty) (/Users/akashx/scratch/traffictwin-tex/TinyTeX/texmf-dist/tex/latex/xltabular/xltabular.sty (/Users/akashx/scratch/traffictwin-tex/TinyTeX/texmf-dist/tex/latex/etoolbox/etoolbox.sty) (/Users/akashx/scratch/traffictwin-tex/TinyTeX/texmf-dist/tex/latex/ltablex/ltablex.sty)) (/Users/akashx/scratch/traffictwin-tex/TinyTeX/texmf-dist/tex/latex/caption/caption.sty (/Users/akashx/scratch/traffictwin-tex/TinyTeX/texmf-dist/tex/latex/caption/caption3.sty) (/Users/akashx/scratch/traffictwin-tex/TinyTeX/texmf-dist/tex/latex/caption/ltcaption.sty)) (/Users/akashx/scratch/traffictwin-tex/TinyTeX/texmf-dist/tex/latex/algorithms/algorithm.sty (/Users/akashx/scratch/traffictwin-tex/TinyTeX/texmf-dist/tex/latex/float/float.sty) (/Users/akashx/scratch/traffictwin-tex/TinyTeX/texmf-dist/tex/latex/base/ifthen.sty)) (/Users/akashx/scratch/traffictwin-tex/TinyTeX/texmf-dist/tex/latex/fvextra/fvextra.sty (/Users/akashx/scratch/traffictwin-tex/TinyTeX/texmf-dist/tex/latex/fancyvrb/fancyvrb.sty) (/Users/akashx/scratch/traffictwin-tex/TinyTeX/texmf-dist/tex/latex/upquote/upquote.sty (/Users/akashx/scratch/traffictwin-tex/TinyTeX/texmf-dist/tex/latex/base/textcomp.sty)) (/Users/akashx/scratch/traffictwin-tex/TinyTeX/texmf-dist/tex/latex/lineno/lineno.sty (/Users/akashx/scratch/traffictwin-tex/TinyTeX/texmf-dist/tex/latex/kvoptions/kvoptions.sty (/Users/akashx/scratch/traffictwin-tex/TinyTeX/texmf-dist/tex/generic/ltxcmds/ltxcmds.sty) (/Users/akashx/scratch/traffictwin-tex/TinyTeX/texmf-dist/tex/latex/kvsetkeys/kvsetkeys.sty)))) (/Users/akashx/scratch/traffictwin-tex/TinyTeX/texmf-dist/tex/latex/xurl/xurl.sty (/Users/akashx/scratch/traffictwin-tex/TinyTeX/texmf-dist/tex/latex/url/url.sty)) (/Users/akashx/scratch/traffictwin-tex/TinyTeX/texmf-dist/tex/latex/setspace/setspace.sty) (/Users/akashx/scratch/traffictwin-tex/TinyTeX/texmf-dist/tex/latex/ragged2e/ragged2e.sty) (/Users/akashx/scratch/traffictwin-tex/TinyTeX/texmf-dist/tex/latex/placeins/placeins.sty) (/Users/akashx/scratch/traffictwin-tex/TinyTeX/texmf-dist/tex/latex/needspace/needspace.sty) (/Users/akashx/scratch/traffictwin-tex/TinyTeX/texmf-dist/tex/latex/hyperref/hyperref.sty (/Users/akashx/scratch/traffictwin-tex/TinyTeX/texmf-dist/tex/generic/kvdefinekeys/kvdefinekeys.sty) (/Users/akashx/scratch/traffictwin-tex/TinyTeX/texmf-dist/tex/generic/pdfescape/pdfescape.sty (/Users/akashx/scratch/traffictwin-tex/TinyTeX/texmf-dist/tex/generic/pdftexcmds/pdftexcmds.sty (/Users/akashx/scratch/traffictwin-tex/TinyTeX/texmf-dist/tex/generic/infwarerr/infwarerr.sty))) (/Users/akashx/scratch/traffictwin-tex/TinyTeX/texmf-dist/tex/latex/hycolor/hycolor.sty) (/Users/akashx/scratch/traffictwin-tex/TinyTeX/texmf-dist/tex/latex/hyperref/nameref.sty (/Users/akashx/scratch/traffictwin-tex/TinyTeX/texmf-dist/tex/latex/refcount/refcount.sty) (/Users/akashx/scratch/traffictwin-tex/TinyTeX/texmf-dist/tex/generic/gettitlestring/gettitlestring.sty)) (/Users/akashx/scratch/traffictwin-tex/TinyTeX/texmf-dist/tex/generic/stringenc/stringenc.sty) (/Users/akashx/scratch/traffictwin-tex/TinyTeX/texmf-dist/tex/latex/hyperref/pd1enc.def) (/Users/akashx/scratch/traffictwin-tex/TinyTeX/texmf-dist/tex/generic/intcalc/intcalc.sty) (/Users/akashx/scratch/traffictwin-tex/TinyTeX/texmf-dist/tex/latex/hyperref/puenc.def) (/Users/akashx/scratch/traffictwin-tex/TinyTeX/texmf-dist/tex/generic/bitset/bitset.sty (/Users/akashx/scratch/traffictwin-tex/TinyTeX/texmf-dist/tex/generic/bigintcalc/bigintcalc.sty))) (/Users/akashx/scratch/traffictwin-tex/TinyTeX/texmf-dist/tex/latex/hyperref/hxetex.def (/Users/akashx/scratch/traffictwin-tex/TinyTeX/texmf-dist/tex/latex/rerunfilecheck/rerunfilecheck.sty (/Users/akashx/scratch/traffictwin-tex/TinyTeX/texmf-dist/tex/generic/uniquecounter/uniquecounter.sty))) (/Users/akashx/scratch/traffictwin-tex/TinyTeX/texmf-dist/tex/latex/l3kernel/l3backend-xetex.def) (./TrafficTwin_Dissertation.aux)
*geometry* driver: auto-detecting
*geometry* detected driver: xetex

Package hyperref Warning: Rerun to get /PageLabels entry.

(/Users/akashx/scratch/traffictwin-tex/TinyTeX/texmf-dist/tex/latex/amsfonts/umsa.fd) (/Users/akashx/scratch/traffictwin-tex/TinyTeX/texmf-dist/tex/latex/amsfonts/umsb.fd) [1]
No file TrafficTwin_Dissertation.toc.
[2]
No file TrafficTwin_Dissertation.lof.
No file TrafficTwin_Dissertation.lot.
[3] [4] [5]

LaTeX Warning: Reference `sec:2.7' on page 6 undefined on input line 114.


LaTeX Warning: Reference `sec:3.7' on page 6 undefined on input line 114.

[6] [7] [8]

LaTeX Warning: Citation `ref1' on page 9 undefined on input line 151.


LaTeX Warning: Citation `ref2' on page 9 undefined on input line 151.


LaTeX Warning: Citation `ref3' on page 9 undefined on input line 151.


LaTeX Warning: Citation `ref43' on page 9 undefined on input line 155.


LaTeX Warning: Citation `ref42' on page 9 undefined on input line 155.


LaTeX Warning: Citation `ref4' on page 9 undefined on input line 159.


LaTeX Warning: Citation `ref3' on page 9 undefined on input line 159.


LaTeX Warning: Citation `ref5' on page 9 undefined on input line 163.


LaTeX Warning: Citation `ref6' on page 9 undefined on input line 163.


LaTeX Warning: Citation `ref7' on page 9 undefined on input line 171.


LaTeX Warning: Citation `ref8' on page 9 undefined on input line 171.


LaTeX Warning: Citation `ref9' on page 9 undefined on input line 171.


LaTeX Warning: Citation `ref10' on page 9 undefined on input line 171.


LaTeX Warning: Citation `ref11' on page 9 undefined on input line 171.

[9]

LaTeX Warning: Reference `fig:1' on page 10 undefined on input line 175.


LaTeX Warning: Hyper reference `source-s4' on page 10 undefined on input line 175.


LaTeX Warning: Hyper reference `source-s0' on page 10 undefined on input line 183.


LaTeX Warning: Hyper reference `source-s4' on page 10 undefined on input line 183.


LaTeX Warning: Citation `ref3' on page 10 undefined on input line 183.


LaTeX Warning: Citation `ref6' on page 10 undefined on input line 183.


LaTeX Warning: Hyper reference `source-s11' on page 10 undefined on input line 190.

[10]

LaTeX Warning: Citation `ref12' on page 11 undefined on input line 204.


LaTeX Warning: Citation `ref13' on page 11 undefined on input line 204.


LaTeX Warning: Citation `ref14' on page 11 undefined on input line 204.


LaTeX Warning: Citation `ref15' on page 11 undefined on input line 208.

[11]

LaTeX Warning: Citation `ref16' on page 12 undefined on input line 212.


LaTeX Warning: Citation `ref17' on page 12 undefined on input line 212.


LaTeX Warning: Citation `ref18' on page 12 undefined on input line 216.


LaTeX Warning: Citation `ref45' on page 12 undefined on input line 216.


LaTeX Warning: Citation `ref19' on page 12 undefined on input line 216.


LaTeX Warning: Citation `ref20' on page 12 undefined on input line 220.


LaTeX Warning: Citation `ref46' on page 12 undefined on input line 224.


LaTeX Warning: Reference `tab:1' on page 12 undefined on input line 224.


LaTeX Warning: Citation `ref14' on page 12 undefined on input line 247.


LaTeX Warning: Citation `ref15' on page 12 undefined on input line 247.


LaTeX Warning: Citation `ref16' on page 12 undefined on input line 247.


LaTeX Warning: Citation `ref18' on page 12 undefined on input line 247.


LaTeX Warning: Citation `ref20' on page 12 undefined on input line 247.

[12]

LaTeX Warning: Citation `ref21' on page 13 undefined on input line 252.


LaTeX Warning: Citation `ref22' on page 13 undefined on input line 252.


LaTeX Warning: Citation `ref23' on page 13 undefined on input line 256.


LaTeX Warning: Citation `ref24' on page 13 undefined on input line 256.


LaTeX Warning: Citation `ref25' on page 13 undefined on input line 256.


LaTeX Warning: Citation `ref26' on page 13 undefined on input line 256.


LaTeX Warning: Citation `ref27' on page 13 undefined on input line 256.


LaTeX Warning: Citation `ref28' on page 13 undefined on input line 260.


LaTeX Warning: Citation `ref29' on page 13 undefined on input line 260.


LaTeX Warning: Citation `ref30' on page 13 undefined on input line 260.


LaTeX Warning: Citation `ref31' on page 13 undefined on input line 260.

[13]

LaTeX Warning: Citation `ref6' on page 14 undefined on input line 264.


LaTeX Warning: Citation `ref32' on page 14 undefined on input line 264.


LaTeX Warning: Citation `ref14' on page 14 undefined on input line 301.


LaTeX Warning: Citation `ref16' on page 14 undefined on input line 301.


LaTeX Warning: Citation `ref7' on page 14 undefined on input line 301.


LaTeX Warning: Citation `ref8' on page 14 undefined on input line 301.


LaTeX Warning: Reference `sec:4.1' on page 14 undefined on input line 301.

[14]

LaTeX Warning: Reference `sec:3.1' on page 15 undefined on input line 309.


LaTeX Warning: Reference `prop:1' on page 15 undefined on input line 313.


LaTeX Warning: Reference `sec:3.5' on page 15 undefined on input line 313.


LaTeX Warning: Reference `app:C' on page 15 undefined on input line 313.


LaTeX Warning: Reference `app:E' on page 15 undefined on input line 321.


LaTeX Warning: Reference `app:A' on page 15 undefined on input line 329.


LaTeX Warning: Reference `sec:3.7' on page 15 undefined on input line 338.


LaTeX Warning: Hyper reference `source-s11' on page 15 undefined on input line 342.


LaTeX Warning: Reference `sec:2' on page 15 undefined on input line 342.


LaTeX Warning: Reference `sec:3' on page 15 undefined on input line 342.


LaTeX Warning: Reference `sec:4' on page 15 undefined on input line 342.


LaTeX Warning: Citation `ref44' on page 15 undefined on input line 346.


LaTeX Warning: Reference `app:E' on page 15 undefined on input line 346.

[15]

LaTeX Warning: Reference `sec:2.6' on page 16 undefined on input line 364.


LaTeX Warning: Hyper reference `source-s0' on page 16 undefined on input line 364.


LaTeX Warning: Hyper reference `source-s8' on page 16 undefined on input line 364.


LaTeX Warning: Hyper reference `source-s13' on page 16 undefined on input line 364.


LaTeX Warning: Reference `fig:1' on page 16 undefined on input line 373.


LaTeX Warning: Hyper reference `source-s4' on page 16 undefined on input line 373.


LaTeX Warning: Reference `app:F' on page 16 undefined on input line 381.


LaTeX Warning: Reference `tab:2' on page 16 undefined on input line 390.


LaTeX Warning: Hyper reference `source-s7' on page 16 undefined on input line 390.


LaTeX Warning: Reference `fig:2' on page 16 undefined on input line 394.


LaTeX Warning: Reference `tab:2' on page 16 undefined on input line 394.


LaTeX Warning: Hyper reference `source-s8' on page 16 undefined on input line 401.

[16]

LaTeX Warning: Reference `app:F' on page 17 undefined on input line 431.


LaTeX Warning: Hyper reference `source-s4' on page 17 undefined on input line 435.

[17]

LaTeX Warning: Reference `app:F' on page 18 undefined on input line 439.


LaTeX Warning: Hyper reference `source-s4' on page 18 undefined on input line 452.


LaTeX Warning: Reference `fig:3' on page 18 undefined on input line 475.


LaTeX Warning: Reference `eq:1' on page 18 undefined on input line 475.


LaTeX Warning: Reference `sec:2.5' on page 18 undefined on input line 497.

[18]

LaTeX Warning: Reference `app:F' on page 19 undefined on input line 514.


LaTeX Warning: Reference `app:F' on page 19 undefined on input line 518.


LaTeX Warning: Reference `app:F' on page 19 undefined on input line 533.


LaTeX Warning: Reference `eq:3' on page 19 undefined on input line 542.


LaTeX Warning: Hyper reference `source-s2' on page 19 undefined on input line 542.


LaTeX Warning: Hyper reference `source-s4' on page 19 undefined on input line 542.


LaTeX Warning: Reference `tab:3' on page 19 undefined on input line 542.

[19]

LaTeX Warning: Reference `prop:1' on page 20 undefined on input line 575.


LaTeX Warning: Reference `alg:1' on page 20 undefined on input line 575.


LaTeX Warning: Reference `sec:3.5' on page 20 undefined on input line 599.

[20] [21]

LaTeX Warning: Reference `fig:4' on page 22 undefined on input line 627.


LaTeX Warning: Hyper reference `source-s0' on page 22 undefined on input line 644.


LaTeX Warning: Hyper reference `source-s3' on page 22 undefined on input line 644.


LaTeX Warning: Hyper reference `source-s7' on page 22 undefined on input line 648.


LaTeX Warning: Hyper reference `source-s8' on page 22 undefined on input line 648.


LaTeX Warning: Citation `ref33' on page 22 undefined on input line 648.

[22]

LaTeX Warning: Citation `ref34' on page 23 undefined on input line 652.


LaTeX Warning: Citation `ref33' on page 23 undefined on input line 656.


LaTeX Warning: Hyper reference `source-s16' on page 23 undefined on input line 656.


LaTeX Warning: Hyper reference `source-s5' on page 23 undefined on input line 665.


LaTeX Warning: Hyper reference `source-s6' on page 23 undefined on input line 669.


LaTeX Warning: Hyper reference `source-s13' on page 23 undefined on input line 673.


LaTeX Warning: Hyper reference `source-s8' on page 23 undefined on input line 673.


LaTeX Warning: Reference `app:B' on page 23 undefined on input line 677.


LaTeX Warning: Reference `app:E' on page 23 undefined on input line 686.


LaTeX Warning: Hyper reference `source-s15' on page 23 undefined on input line 686.


LaTeX Warning: Hyper reference `source-s16' on page 23 undefined on input line 686.

[23]

LaTeX Warning: Reference `app:D' on page 24 undefined on input line 690.

[24]

LaTeX Warning: Reference `tab:3a' on page 25 undefined on input line 704.


LaTeX Warning: Reference `sec:3.2' on page 25 undefined on input line 728.


LaTeX Warning: Reference `sec:4.4' on page 25 undefined on input line 728.


LaTeX Warning: Hyper reference `source-s0' on page 25 undefined on input line 747.


LaTeX Warning: Hyper reference `source-s12' on page 25 undefined on input line 747.

[25]

LaTeX Warning: Reference `app:B' on page 26 undefined on input line 751.


LaTeX Warning: Reference `app:B' on page 26 undefined on input line 755.


LaTeX Warning: Hyper reference `source-s13' on page 26 undefined on input line 755.


LaTeX Warning: Hyper reference `source-s1' on page 26 undefined on input line 759.


LaTeX Warning: Hyper reference `source-s2' on page 26 undefined on input line 780.

[26]

LaTeX Warning: Reference `sec:2.4' on page 27 undefined on input line 784.


LaTeX Warning: Reference `sec:4.4' on page 27 undefined on input line 788.


LaTeX Warning: Reference `tab:4' on page 27 undefined on input line 788.


LaTeX Warning: Hyper reference `source-s3' on page 27 undefined on input line 788.

[27]

LaTeX Warning: Hyper reference `source-s7' on page 28 undefined on input line 831.


LaTeX Warning: Reference `tab:5' on page 28 undefined on input line 835.


LaTeX Warning: Hyper reference `source-s8' on page 28 undefined on input line 835.

[28]

LaTeX Warning: Reference `tab:6' on page 29 undefined on input line 861.


LaTeX Warning: Reference `fig:5' on page 29 undefined on input line 861.


LaTeX Warning: Hyper reference `source-s8' on page 29 undefined on input line 888.


LaTeX Warning: Reference `tab:6' on page 29 undefined on input line 893.

[29]

LaTeX Warning: Reference `tab:7' on page 30 undefined on input line 910.


LaTeX Warning: Reference `app:E' on page 30 undefined on input line 910.


LaTeX Warning: Hyper reference `source-s16' on page 30 undefined on input line 910.

[30]

LaTeX Warning: Reference `app:D' on page 31 undefined on input line 938.


LaTeX Warning: Reference `tab:D2' on page 31 undefined on input line 938.


LaTeX Warning: Reference `fig:6' on page 31 undefined on input line 942.


LaTeX Warning: Hyper reference `source-s16' on page 31 undefined on input line 942.


LaTeX Warning: Hyper reference `source-s16' on page 31 undefined on input line 953.


LaTeX Warning: Reference `tab:7' on page 31 undefined on input line 953.


LaTeX Warning: Reference `app:E' on page 31 undefined on input line 958.

[31] [32]

LaTeX Warning: Reference `app:C' on page 33 undefined on input line 972.


LaTeX Warning: Reference `fig:8' on page 33 undefined on input line 972.


LaTeX Warning: Hyper reference `source-s8' on page 33 undefined on input line 972.


LaTeX Warning: Hyper reference `source-s9' on page 33 undefined on input line 972.


LaTeX Warning: Citation `ref45' on page 33 undefined on input line 972.


LaTeX Warning: Citation `ref46' on page 33 undefined on input line 972.


LaTeX Warning: Reference `app:C' on page 33 undefined on input line 985.


LaTeX Warning: Hyper reference `source-s14' on page 33 undefined on input line 985.


LaTeX Warning: Reference `app:C' on page 33 undefined on input line 989.

[33]

LaTeX Warning: Hyper reference `source-s5' on page 34 undefined on input line 1003.


LaTeX Warning: Hyper reference `source-s6' on page 34 undefined on input line 1011.


LaTeX Warning: Reference `app:D' on page 34 undefined on input line 1028.


LaTeX Warning: Reference `tab:D2' on page 34 undefined on input line 1028.


LaTeX Warning: Reference `sec:3.4' on page 34 undefined on input line 1032.


LaTeX Warning: Reference `app:D' on page 34 undefined on input line 1036.


LaTeX Warning: Hyper reference `source-s15' on page 34 undefined on input line 1040.

[34]

LaTeX Warning: Citation `ref36' on page 35 undefined on input line 1044.


LaTeX Warning: Hyper reference `source-s11' on page 35 undefined on input line 1044.


LaTeX Warning: Hyper reference `source-s17' on page 35 undefined on input line 1044.


LaTeX Warning: Reference `tab:A1' on page 35 undefined on input line 1052.


LaTeX Warning: Reference `app:A' on page 35 undefined on input line 1052.


LaTeX Warning: Citation `ref37' on page 35 undefined on input line 1056.


LaTeX Warning: Citation `ref38' on page 35 undefined on input line 1056.


LaTeX Warning: Reference `fig:7' on page 35 undefined on input line 1056.


LaTeX Warning: Hyper reference `source-s17' on page 35 undefined on input line 1063.


LaTeX Warning: Hyper reference `source-s12' on page 35 undefined on input line 1068.


LaTeX Warning: Reference `tab:6' on page 35 undefined on input line 1068.


LaTeX Warning: Reference `tab:7' on page 35 undefined on input line 1068.


LaTeX Warning: Reference `prop:1' on page 35 undefined on input line 1068.


LaTeX Warning: Reference `tab:C1' on page 35 undefined on input line 1068.


LaTeX Warning: Reference `tab:8' on page 35 undefined on input line 1072.

[35] [36]

LaTeX Warning: Reference `app:A' on page 37 undefined on input line 1102.


LaTeX Warning: Hyper reference `source-s13' on page 37 undefined on input line 1102.


LaTeX Warning: Hyper reference `source-s16' on page 37 undefined on input line 1102.

[37]

LaTeX Warning: Reference `sec:3.1' on page 38 undefined on input line 1142.


LaTeX Warning: Reference `app:B' on page 38 undefined on input line 1142.


LaTeX Warning: Reference `app:C' on page 38 undefined on input line 1142.


LaTeX Warning: Reference `sec:3.7' on page 38 undefined on input line 1142.


LaTeX Warning: Reference `app:A' on page 38 undefined on input line 1142.


LaTeX Warning: Reference `tab:A1' on page 38 undefined on input line 1152.


LaTeX Warning: Reference `app:A' on page 38 undefined on input line 1152.

[38]

LaTeX Warning: Reference `app:C' on page 39 undefined on input line 1181.

[39]

LaTeX Warning: Citation `ref21' on page 40 undefined on input line 1194.


LaTeX Warning: Citation `ref31' on page 40 undefined on input line 1194.


LaTeX Warning: Citation `ref6' on page 40 undefined on input line 1194.


LaTeX Warning: Citation `ref18' on page 40 undefined on input line 1198.


LaTeX Warning: Citation `ref30' on page 40 undefined on input line 1198.


LaTeX Warning: Citation `ref25' on page 40 undefined on input line 1202.


LaTeX Warning: Citation `ref26' on page 40 undefined on input line 1202.


LaTeX Warning: Citation `ref39' on page 40 undefined on input line 1202.


LaTeX Warning: Citation `ref32' on page 40 undefined on input line 1202.


LaTeX Warning: Citation `ref40' on page 40 undefined on input line 1202.

[40] [41]
Underfull \hbox (badness 1152) in paragraph at lines 1267--1269
[]\TU/LiberationSerif(0)/m/n/12 Y. Liu, H. Yu, S. Xie and Y. Zhang. “Deep Reinforcement Learning for Of-
[42]
Underfull \hbox (badness 1490) in paragraph at lines 1279--1281
[]\TU/LiberationSerif(0)/m/n/12 M. Harchol-Balter. “Performance Modeling and Design of Computer Sys-

Underfull \hbox (badness 1406) in paragraph at lines 1291--1293
\TU/LiberationSerif(0)/m/n/12 ple in Randomized Load Balancing.” \TU/LiberationSerif(0)/m/it/12 IEEE INFOCOM\TU/LiberationSerif(0)/m/n/12 , 1131–1139, 2015.
[43]
Underfull \hbox (badness 1810) in paragraph at lines 1351--1353
\TU/LiberationSerif(0)/m/it/12 IEEE Transactions on Mobile Computing\TU/LiberationSerif(0)/m/n/12 , 25(5), 7166–7181, 2026. DOI:
[44] [45] [46]

LaTeX Warning: Hyper reference `source-s17' on page 47 undefined on input line 1599.

[47]

LaTeX Warning: Reference `app:C' on page 48 undefined on input line 1616.


LaTeX Warning: Hyper reference `source-s14' on page 48 undefined on input line 1616.


LaTeX Warning: Reference `tab:B1' on page 48 undefined on input line 1628.

[48]

LaTeX Warning: Reference `tab:B2' on page 49 undefined on input line 1661.

[49] [50] [51] [52]

LaTeX Warning: Reference `tab:C1' on page 53 undefined on input line 1847.

[53]

LaTeX Warning: Hyper reference `source-s10' on page 54 undefined on input line 1880.


LaTeX Warning: Hyper reference `source-s14' on page 54 undefined on input line 1880.


LaTeX Warning: Reference `fig:8' on page 54 undefined on input line 1889.


LaTeX Warning: Hyper reference `source-s8' on page 54 undefined on input line 1889.


LaTeX Warning: Hyper reference `source-s9' on page 54 undefined on input line 1901.


LaTeX Warning: Reference `alg:1' on page 54 undefined on input line 1905.

[54]

LaTeX Warning: Reference `app:C' on page 55 undefined on input line 1918.


LaTeX Warning: Hyper reference `source-s14' on page 55 undefined on input line 1918.


LaTeX Warning: Citation `ref41' on page 55 undefined on input line 1930.


LaTeX Warning: Reference `app:C' on page 55 undefined on input line 1930.


LaTeX Warning: Reference `tab:C1' on page 55 undefined on input line 1934.


LaTeX Warning: Hyper reference `source-s10' on page 55 undefined on input line 1934.


LaTeX Warning: Hyper reference `source-s14' on page 55 undefined on input line 1934.

[55]

LaTeX Warning: Reference `tab:C2' on page 56 undefined on input line 1946.


LaTeX Warning: Hyper reference `source-s13' on page 56 undefined on input line 1946.


LaTeX Warning: Hyper reference `source-s14' on page 56 undefined on input line 1946.


LaTeX Warning: Reference `app:D' on page 56 undefined on input line 1987.


LaTeX Warning: Reference `tab:C3' on page 56 undefined on input line 1992.


LaTeX Warning: Reference `sec:2.3' on page 56 undefined on input line 1992.


LaTeX Warning: Hyper reference `source-s15' on page 56 undefined on input line 1992.

[56]

LaTeX Warning: Reference `sec:3.5' on page 57 undefined on input line 2000.


LaTeX Warning: Citation `ref35' on page 57 undefined on input line 2000.

[57] [58]

LaTeX Warning: Reference `app:D' on page 59 undefined on input line 2098.


LaTeX Warning: Reference `tab:D2' on page 59 undefined on input line 2098.

[59] [60] [61]

LaTeX Warning: Reference `sec:3.4' on page 62 undefined on input line 2200.


LaTeX Warning: Hyper reference `source-s4' on page 62 undefined on input line 2204.


LaTeX Warning: Reference `sec:3.1' on page 62 undefined on input line 2216.


LaTeX Warning: Reference `eq:5' on page 62 undefined on input line 2220.

[62] (./TrafficTwin_Dissertation.aux)

LaTeX Warning: There were undefined references.


LaTeX Warning: Label(s) may have changed. Rerun to get cross-references right.


Package rerunfilecheck Warning: File `TrafficTwin_Dissertation.out' has changed.
(rerunfilecheck)                Rerun to get outlines right
(rerunfilecheck)                or use package `bookmark'.

 )
(see the transcript file for additional information)
Output written on TrafficTwin_Dissertation.xdv (62 pages, 1364292 bytes).
Transcript written on TrafficTwin_Dissertation.log.
Latexmk: Getting log file 'TrafficTwin_Dissertation.log'
Latexmk: Examining 'TrafficTwin_Dissertation.fls'
Latexmk: Examining 'TrafficTwin_Dissertation.log'
Latexmk: References changed.
Latexmk: Missing input file 'TrafficTwin_Dissertation.toc' message in .log file:
  No file TrafficTwin_Dissertation.toc.
Latexmk: Missing input file 'TrafficTwin_Dissertation.lof' message in .log file:
  No file TrafficTwin_Dissertation.lof.
Latexmk: Missing input file 'TrafficTwin_Dissertation.lot' message in .log file:
  No file TrafficTwin_Dissertation.lot.
Latexmk: References changed.
Latexmk: References changed.
Latexmk: Log file says output to 'TrafficTwin_Dissertation.xdv'
Latexmk: applying rule 'xelatex'...
Rule 'xelatex':  Reasons for rerun
Changed files or newly in use/created:
  TrafficTwin_Dissertation.aux
  TrafficTwin_Dissertation.lof
  TrafficTwin_Dissertation.lot
  TrafficTwin_Dissertation.out
  TrafficTwin_Dissertation.toc

------------
Run number 2 of rule 'xelatex'
------------
------------
Running 'xelatex -no-pdf -interaction=nonstopmode -halt-on-error -recorder  "TrafficTwin_Dissertation.tex"'
------------
This is XeTeX, Version 3.141592653-2.6-0.999998 (TeX Live 2026) (preloaded format=xelatex)
 restricted \write18 enabled.
entering extended mode
(./TrafficTwin_Dissertation.tex
LaTeX2e <2026-06-01>
L3 programming layer <2026-08-10>
(/Users/akashx/scratch/traffictwin-tex/TinyTeX/texmf-dist/tex/latex/base/article.cls
Document Class: article 2025/01/22 v1.4n Standard LaTeX document class
(/Users/akashx/scratch/traffictwin-tex/TinyTeX/texmf-dist/tex/latex/base/size12.clo)) (/Users/akashx/scratch/traffictwin-tex/TinyTeX/texmf-dist/tex/latex/fontspec/fontspec.sty (/Users/akashx/scratch/traffictwin-tex/TinyTeX/texmf-dist/tex/latex/fontspec/fontspec-xetex.sty (/Users/akashx/scratch/traffictwin-tex/TinyTeX/texmf-dist/tex/latex/base/fontenc.sty) (/Users/akashx/scratch/traffictwin-tex/TinyTeX/texmf-dist/tex/latex/fontspec/fontspec.cfg))) (/Users/akashx/scratch/traffictwin-tex/TinyTeX/texmf-dist/tex/latex/geometry/geometry.sty (/Users/akashx/scratch/traffictwin-tex/TinyTeX/texmf-dist/tex/latex/graphics/keyval.sty) (/Users/akashx/scratch/traffictwin-tex/TinyTeX/texmf-dist/tex/generic/iftex/ifvtex.sty (/Users/akashx/scratch/traffictwin-tex/TinyTeX/texmf-dist/tex/generic/iftex/iftex.sty))) (/Users/akashx/scratch/traffictwin-tex/TinyTeX/texmf-dist/tex/latex/amsmath/amsmath.sty
For additional information on amsmath, use the `?' option.
(/Users/akashx/scratch/traffictwin-tex/TinyTeX/texmf-dist/tex/latex/amsmath/amstext.sty (/Users/akashx/scratch/traffictwin-tex/TinyTeX/texmf-dist/tex/latex/amsmath/amsgen.sty)) (/Users/akashx/scratch/traffictwin-tex/TinyTeX/texmf-dist/tex/latex/amsmath/amsbsy.sty) (/Users/akashx/scratch/traffictwin-tex/TinyTeX/texmf-dist/tex/latex/amsmath/amsopn.sty)) (/Users/akashx/scratch/traffictwin-tex/TinyTeX/texmf-dist/tex/latex/amsfonts/amssymb.sty (/Users/akashx/scratch/traffictwin-tex/TinyTeX/texmf-dist/tex/latex/amsfonts/amsfonts.sty)) (/Users/akashx/scratch/traffictwin-tex/TinyTeX/texmf-dist/tex/latex/amscls/amsthm.sty) (/Users/akashx/scratch/traffictwin-tex/TinyTeX/texmf-dist/tex/latex/graphics/graphicx.sty (/Users/akashx/scratch/traffictwin-tex/TinyTeX/texmf-dist/tex/latex/graphics/graphics.sty (/Users/akashx/scratch/traffictwin-tex/TinyTeX/texmf-dist/tex/latex/graphics/trig.sty) (/Users/akashx/scratch/traffictwin-tex/TinyTeX/texmf-dist/tex/latex/graphics-cfg/graphics.cfg) (/Users/akashx/scratch/traffictwin-tex/TinyTeX/texmf-dist/tex/latex/graphics-def/xetex.def))) (/Users/akashx/scratch/traffictwin-tex/TinyTeX/texmf-dist/tex/latex/tools/array.sty) (/Users/akashx/scratch/traffictwin-tex/TinyTeX/texmf-dist/tex/latex/booktabs/booktabs.sty) (/Users/akashx/scratch/traffictwin-tex/TinyTeX/texmf-dist/tex/latex/tools/longtable.sty) (/Users/akashx/scratch/traffictwin-tex/TinyTeX/texmf-dist/tex/latex/tools/tabularx.sty) (/Users/akashx/scratch/traffictwin-tex/TinyTeX/texmf-dist/tex/latex/xltabular/xltabular.sty (/Users/akashx/scratch/traffictwin-tex/TinyTeX/texmf-dist/tex/latex/etoolbox/etoolbox.sty) (/Users/akashx/scratch/traffictwin-tex/TinyTeX/texmf-dist/tex/latex/ltablex/ltablex.sty)) (/Users/akashx/scratch/traffictwin-tex/TinyTeX/texmf-dist/tex/latex/caption/caption.sty (/Users/akashx/scratch/traffictwin-tex/TinyTeX/texmf-dist/tex/latex/caption/caption3.sty) (/Users/akashx/scratch/traffictwin-tex/TinyTeX/texmf-dist/tex/latex/caption/ltcaption.sty)) (/Users/akashx/scratch/traffictwin-tex/TinyTeX/texmf-dist/tex/latex/algorithms/algorithm.sty (/Users/akashx/scratch/traffictwin-tex/TinyTeX/texmf-dist/tex/latex/float/float.sty) (/Users/akashx/scratch/traffictwin-tex/TinyTeX/texmf-dist/tex/latex/base/ifthen.sty)) (/Users/akashx/scratch/traffictwin-tex/TinyTeX/texmf-dist/tex/latex/fvextra/fvextra.sty (/Users/akashx/scratch/traffictwin-tex/TinyTeX/texmf-dist/tex/latex/fancyvrb/fancyvrb.sty) (/Users/akashx/scratch/traffictwin-tex/TinyTeX/texmf-dist/tex/latex/upquote/upquote.sty (/Users/akashx/scratch/traffictwin-tex/TinyTeX/texmf-dist/tex/latex/base/textcomp.sty)) (/Users/akashx/scratch/traffictwin-tex/TinyTeX/texmf-dist/tex/latex/lineno/lineno.sty (/Users/akashx/scratch/traffictwin-tex/TinyTeX/texmf-dist/tex/latex/kvoptions/kvoptions.sty (/Users/akashx/scratch/traffictwin-tex/TinyTeX/texmf-dist/tex/generic/ltxcmds/ltxcmds.sty) (/Users/akashx/scratch/traffictwin-tex/TinyTeX/texmf-dist/tex/latex/kvsetkeys/kvsetkeys.sty)))) (/Users/akashx/scratch/traffictwin-tex/TinyTeX/texmf-dist/tex/latex/xurl/xurl.sty (/Users/akashx/scratch/traffictwin-tex/TinyTeX/texmf-dist/tex/latex/url/url.sty)) (/Users/akashx/scratch/traffictwin-tex/TinyTeX/texmf-dist/tex/latex/setspace/setspace.sty) (/Users/akashx/scratch/traffictwin-tex/TinyTeX/texmf-dist/tex/latex/ragged2e/ragged2e.sty) (/Users/akashx/scratch/traffictwin-tex/TinyTeX/texmf-dist/tex/latex/placeins/placeins.sty) (/Users/akashx/scratch/traffictwin-tex/TinyTeX/texmf-dist/tex/latex/needspace/needspace.sty) (/Users/akashx/scratch/traffictwin-tex/TinyTeX/texmf-dist/tex/latex/hyperref/hyperref.sty (/Users/akashx/scratch/traffictwin-tex/TinyTeX/texmf-dist/tex/generic/kvdefinekeys/kvdefinekeys.sty) (/Users/akashx/scratch/traffictwin-tex/TinyTeX/texmf-dist/tex/generic/pdfescape/pdfescape.sty (/Users/akashx/scratch/traffictwin-tex/TinyTeX/texmf-dist/tex/generic/pdftexcmds/pdftexcmds.sty (/Users/akashx/scratch/traffictwin-tex/TinyTeX/texmf-dist/tex/generic/infwarerr/infwarerr.sty))) (/Users/akashx/scratch/traffictwin-tex/TinyTeX/texmf-dist/tex/latex/hycolor/hycolor.sty) (/Users/akashx/scratch/traffictwin-tex/TinyTeX/texmf-dist/tex/latex/hyperref/nameref.sty (/Users/akashx/scratch/traffictwin-tex/TinyTeX/texmf-dist/tex/latex/refcount/refcount.sty) (/Users/akashx/scratch/traffictwin-tex/TinyTeX/texmf-dist/tex/generic/gettitlestring/gettitlestring.sty)) (/Users/akashx/scratch/traffictwin-tex/TinyTeX/texmf-dist/tex/generic/stringenc/stringenc.sty) (/Users/akashx/scratch/traffictwin-tex/TinyTeX/texmf-dist/tex/latex/hyperref/pd1enc.def) (/Users/akashx/scratch/traffictwin-tex/TinyTeX/texmf-dist/tex/generic/intcalc/intcalc.sty) (/Users/akashx/scratch/traffictwin-tex/TinyTeX/texmf-dist/tex/latex/hyperref/puenc.def) (/Users/akashx/scratch/traffictwin-tex/TinyTeX/texmf-dist/tex/generic/bitset/bitset.sty (/Users/akashx/scratch/traffictwin-tex/TinyTeX/texmf-dist/tex/generic/bigintcalc/bigintcalc.sty))) (/Users/akashx/scratch/traffictwin-tex/TinyTeX/texmf-dist/tex/latex/hyperref/hxetex.def (/Users/akashx/scratch/traffictwin-tex/TinyTeX/texmf-dist/tex/latex/rerunfilecheck/rerunfilecheck.sty (/Users/akashx/scratch/traffictwin-tex/TinyTeX/texmf-dist/tex/generic/uniquecounter/uniquecounter.sty))) (/Users/akashx/scratch/traffictwin-tex/TinyTeX/texmf-dist/tex/latex/l3kernel/l3backend-xetex.def) (./TrafficTwin_Dissertation.aux)
*geometry* driver: auto-detecting
*geometry* detected driver: xetex
(./TrafficTwin_Dissertation.out) (./TrafficTwin_Dissertation.out) (/Users/akashx/scratch/traffictwin-tex/TinyTeX/texmf-dist/tex/latex/amsfonts/umsa.fd) (/Users/akashx/scratch/traffictwin-tex/TinyTeX/texmf-dist/tex/latex/amsfonts/umsb.fd) [1] (./TrafficTwin_Dissertation.toc [2]) [3] (./TrafficTwin_Dissertation.lof) (./TrafficTwin_Dissertation.lot) [4] [5] [6] [7] [8] [9] [10] [11] [12] [13] [14] [15] [16] [17] [18] [19] [20] [21] [22] [23] [24] [25] [26] [27] [28] [29] [30] [31] [32] [33] [34] [35] [36] [37] [38] [39] [40] [41] [42]
Underfull \hbox (badness 1152) in paragraph at lines 1267--1269
[]\TU/LiberationSerif(0)/m/n/12 Y. Liu, H. Yu, S. Xie and Y. Zhang. “Deep Reinforcement Learning for Of-
[43]
Underfull \hbox (badness 1490) in paragraph at lines 1279--1281
[]\TU/LiberationSerif(0)/m/n/12 M. Harchol-Balter. “Performance Modeling and Design of Computer Sys-

Underfull \hbox (badness 1406) in paragraph at lines 1291--1293
\TU/LiberationSerif(0)/m/n/12 ple in Randomized Load Balancing.” \TU/LiberationSerif(0)/m/it/12 IEEE INFOCOM\TU/LiberationSerif(0)/m/n/12 , 1131–1139, 2015.
[44]
Underfull \hbox (badness 1810) in paragraph at lines 1351--1353
\TU/LiberationSerif(0)/m/it/12 IEEE Transactions on Mobile Computing\TU/LiberationSerif(0)/m/n/12 , 25(5), 7166–7181, 2026. DOI:
[45] [46] [47] [48] [49] [50] [51] [52] [53] [54] [55] [56] [57] [58] [59] [60] [61] [62] [63] (./TrafficTwin_Dissertation.aux)

LaTeX Warning: Label(s) may have changed. Rerun to get cross-references right.

 )
(see the transcript file for additional information)
Output written on TrafficTwin_Dissertation.xdv (63 pages, 1478476 bytes).
Transcript written on TrafficTwin_Dissertation.log.
Latexmk: Getting log file 'TrafficTwin_Dissertation.log'
Latexmk: Examining 'TrafficTwin_Dissertation.fls'
Latexmk: Examining 'TrafficTwin_Dissertation.log'
Latexmk: References changed.
Latexmk: Log file says output to 'TrafficTwin_Dissertation.xdv'
Latexmk: applying rule 'xelatex'...
Rule 'xelatex':  Reasons for rerun
Changed files or newly in use/created:
  TrafficTwin_Dissertation.aux
  TrafficTwin_Dissertation.lof
  TrafficTwin_Dissertation.lot
  TrafficTwin_Dissertation.toc

------------
Run number 3 of rule 'xelatex'
------------
------------
Running 'xelatex -no-pdf -interaction=nonstopmode -halt-on-error -recorder  "TrafficTwin_Dissertation.tex"'
------------
This is XeTeX, Version 3.141592653-2.6-0.999998 (TeX Live 2026) (preloaded format=xelatex)
 restricted \write18 enabled.
entering extended mode
(./TrafficTwin_Dissertation.tex
LaTeX2e <2026-06-01>
L3 programming layer <2026-08-10>
(/Users/akashx/scratch/traffictwin-tex/TinyTeX/texmf-dist/tex/latex/base/article.cls
Document Class: article 2025/01/22 v1.4n Standard LaTeX document class
(/Users/akashx/scratch/traffictwin-tex/TinyTeX/texmf-dist/tex/latex/base/size12.clo)) (/Users/akashx/scratch/traffictwin-tex/TinyTeX/texmf-dist/tex/latex/fontspec/fontspec.sty (/Users/akashx/scratch/traffictwin-tex/TinyTeX/texmf-dist/tex/latex/fontspec/fontspec-xetex.sty (/Users/akashx/scratch/traffictwin-tex/TinyTeX/texmf-dist/tex/latex/base/fontenc.sty) (/Users/akashx/scratch/traffictwin-tex/TinyTeX/texmf-dist/tex/latex/fontspec/fontspec.cfg))) (/Users/akashx/scratch/traffictwin-tex/TinyTeX/texmf-dist/tex/latex/geometry/geometry.sty (/Users/akashx/scratch/traffictwin-tex/TinyTeX/texmf-dist/tex/latex/graphics/keyval.sty) (/Users/akashx/scratch/traffictwin-tex/TinyTeX/texmf-dist/tex/generic/iftex/ifvtex.sty (/Users/akashx/scratch/traffictwin-tex/TinyTeX/texmf-dist/tex/generic/iftex/iftex.sty))) (/Users/akashx/scratch/traffictwin-tex/TinyTeX/texmf-dist/tex/latex/amsmath/amsmath.sty
For additional information on amsmath, use the `?' option.
(/Users/akashx/scratch/traffictwin-tex/TinyTeX/texmf-dist/tex/latex/amsmath/amstext.sty (/Users/akashx/scratch/traffictwin-tex/TinyTeX/texmf-dist/tex/latex/amsmath/amsgen.sty)) (/Users/akashx/scratch/traffictwin-tex/TinyTeX/texmf-dist/tex/latex/amsmath/amsbsy.sty) (/Users/akashx/scratch/traffictwin-tex/TinyTeX/texmf-dist/tex/latex/amsmath/amsopn.sty)) (/Users/akashx/scratch/traffictwin-tex/TinyTeX/texmf-dist/tex/latex/amsfonts/amssymb.sty (/Users/akashx/scratch/traffictwin-tex/TinyTeX/texmf-dist/tex/latex/amsfonts/amsfonts.sty)) (/Users/akashx/scratch/traffictwin-tex/TinyTeX/texmf-dist/tex/latex/amscls/amsthm.sty) (/Users/akashx/scratch/traffictwin-tex/TinyTeX/texmf-dist/tex/latex/graphics/graphicx.sty (/Users/akashx/scratch/traffictwin-tex/TinyTeX/texmf-dist/tex/latex/graphics/graphics.sty (/Users/akashx/scratch/traffictwin-tex/TinyTeX/texmf-dist/tex/latex/graphics/trig.sty) (/Users/akashx/scratch/traffictwin-tex/TinyTeX/texmf-dist/tex/latex/graphics-cfg/graphics.cfg) (/Users/akashx/scratch/traffictwin-tex/TinyTeX/texmf-dist/tex/latex/graphics-def/xetex.def))) (/Users/akashx/scratch/traffictwin-tex/TinyTeX/texmf-dist/tex/latex/tools/array.sty) (/Users/akashx/scratch/traffictwin-tex/TinyTeX/texmf-dist/tex/latex/booktabs/booktabs.sty) (/Users/akashx/scratch/traffictwin-tex/TinyTeX/texmf-dist/tex/latex/tools/longtable.sty) (/Users/akashx/scratch/traffictwin-tex/TinyTeX/texmf-dist/tex/latex/tools/tabularx.sty) (/Users/akashx/scratch/traffictwin-tex/TinyTeX/texmf-dist/tex/latex/xltabular/xltabular.sty (/Users/akashx/scratch/traffictwin-tex/TinyTeX/texmf-dist/tex/latex/etoolbox/etoolbox.sty) (/Users/akashx/scratch/traffictwin-tex/TinyTeX/texmf-dist/tex/latex/ltablex/ltablex.sty)) (/Users/akashx/scratch/traffictwin-tex/TinyTeX/texmf-dist/tex/latex/caption/caption.sty (/Users/akashx/scratch/traffictwin-tex/TinyTeX/texmf-dist/tex/latex/caption/caption3.sty) (/Users/akashx/scratch/traffictwin-tex/TinyTeX/texmf-dist/tex/latex/caption/ltcaption.sty)) (/Users/akashx/scratch/traffictwin-tex/TinyTeX/texmf-dist/tex/latex/algorithms/algorithm.sty (/Users/akashx/scratch/traffictwin-tex/TinyTeX/texmf-dist/tex/latex/float/float.sty) (/Users/akashx/scratch/traffictwin-tex/TinyTeX/texmf-dist/tex/latex/base/ifthen.sty)) (/Users/akashx/scratch/traffictwin-tex/TinyTeX/texmf-dist/tex/latex/fvextra/fvextra.sty (/Users/akashx/scratch/traffictwin-tex/TinyTeX/texmf-dist/tex/latex/fancyvrb/fancyvrb.sty) (/Users/akashx/scratch/traffictwin-tex/TinyTeX/texmf-dist/tex/latex/upquote/upquote.sty (/Users/akashx/scratch/traffictwin-tex/TinyTeX/texmf-dist/tex/latex/base/textcomp.sty)) (/Users/akashx/scratch/traffictwin-tex/TinyTeX/texmf-dist/tex/latex/lineno/lineno.sty (/Users/akashx/scratch/traffictwin-tex/TinyTeX/texmf-dist/tex/latex/kvoptions/kvoptions.sty (/Users/akashx/scratch/traffictwin-tex/TinyTeX/texmf-dist/tex/generic/ltxcmds/ltxcmds.sty) (/Users/akashx/scratch/traffictwin-tex/TinyTeX/texmf-dist/tex/latex/kvsetkeys/kvsetkeys.sty)))) (/Users/akashx/scratch/traffictwin-tex/TinyTeX/texmf-dist/tex/latex/xurl/xurl.sty (/Users/akashx/scratch/traffictwin-tex/TinyTeX/texmf-dist/tex/latex/url/url.sty)) (/Users/akashx/scratch/traffictwin-tex/TinyTeX/texmf-dist/tex/latex/setspace/setspace.sty) (/Users/akashx/scratch/traffictwin-tex/TinyTeX/texmf-dist/tex/latex/ragged2e/ragged2e.sty) (/Users/akashx/scratch/traffictwin-tex/TinyTeX/texmf-dist/tex/latex/placeins/placeins.sty) (/Users/akashx/scratch/traffictwin-tex/TinyTeX/texmf-dist/tex/latex/needspace/needspace.sty) (/Users/akashx/scratch/traffictwin-tex/TinyTeX/texmf-dist/tex/latex/hyperref/hyperref.sty (/Users/akashx/scratch/traffictwin-tex/TinyTeX/texmf-dist/tex/generic/kvdefinekeys/kvdefinekeys.sty) (/Users/akashx/scratch/traffictwin-tex/TinyTeX/texmf-dist/tex/generic/pdfescape/pdfescape.sty (/Users/akashx/scratch/traffictwin-tex/TinyTeX/texmf-dist/tex/generic/pdftexcmds/pdftexcmds.sty (/Users/akashx/scratch/traffictwin-tex/TinyTeX/texmf-dist/tex/generic/infwarerr/infwarerr.sty))) (/Users/akashx/scratch/traffictwin-tex/TinyTeX/texmf-dist/tex/latex/hycolor/hycolor.sty) (/Users/akashx/scratch/traffictwin-tex/TinyTeX/texmf-dist/tex/latex/hyperref/nameref.sty (/Users/akashx/scratch/traffictwin-tex/TinyTeX/texmf-dist/tex/latex/refcount/refcount.sty) (/Users/akashx/scratch/traffictwin-tex/TinyTeX/texmf-dist/tex/generic/gettitlestring/gettitlestring.sty)) (/Users/akashx/scratch/traffictwin-tex/TinyTeX/texmf-dist/tex/generic/stringenc/stringenc.sty) (/Users/akashx/scratch/traffictwin-tex/TinyTeX/texmf-dist/tex/latex/hyperref/pd1enc.def) (/Users/akashx/scratch/traffictwin-tex/TinyTeX/texmf-dist/tex/generic/intcalc/intcalc.sty) (/Users/akashx/scratch/traffictwin-tex/TinyTeX/texmf-dist/tex/latex/hyperref/puenc.def) (/Users/akashx/scratch/traffictwin-tex/TinyTeX/texmf-dist/tex/generic/bitset/bitset.sty (/Users/akashx/scratch/traffictwin-tex/TinyTeX/texmf-dist/tex/generic/bigintcalc/bigintcalc.sty))) (/Users/akashx/scratch/traffictwin-tex/TinyTeX/texmf-dist/tex/latex/hyperref/hxetex.def (/Users/akashx/scratch/traffictwin-tex/TinyTeX/texmf-dist/tex/latex/rerunfilecheck/rerunfilecheck.sty (/Users/akashx/scratch/traffictwin-tex/TinyTeX/texmf-dist/tex/generic/uniquecounter/uniquecounter.sty))) (/Users/akashx/scratch/traffictwin-tex/TinyTeX/texmf-dist/tex/latex/l3kernel/l3backend-xetex.def) (./TrafficTwin_Dissertation.aux)
*geometry* driver: auto-detecting
*geometry* detected driver: xetex
(./TrafficTwin_Dissertation.out) (./TrafficTwin_Dissertation.out) (/Users/akashx/scratch/traffictwin-tex/TinyTeX/texmf-dist/tex/latex/amsfonts/umsa.fd) (/Users/akashx/scratch/traffictwin-tex/TinyTeX/texmf-dist/tex/latex/amsfonts/umsb.fd) [1] (./TrafficTwin_Dissertation.toc [2]) [3] (./TrafficTwin_Dissertation.lof) (./TrafficTwin_Dissertation.lot) [4] [5] [6] [7] [8] [9] [10] [11] [12] [13] [14] [15] [16] [17] [18] [19] [20] [21] [22] [23] [24] [25] [26] [27] [28] [29] [30] [31] [32] [33] [34] [35] [36] [37] [38] [39] [40] [41] [42]
Underfull \hbox (badness 1152) in paragraph at lines 1267--1269
[]\TU/LiberationSerif(0)/m/n/12 Y. Liu, H. Yu, S. Xie and Y. Zhang. “Deep Reinforcement Learning for Of-
[43]
Underfull \hbox (badness 1490) in paragraph at lines 1279--1281
[]\TU/LiberationSerif(0)/m/n/12 M. Harchol-Balter. “Performance Modeling and Design of Computer Sys-

Underfull \hbox (badness 1406) in paragraph at lines 1291--1293
\TU/LiberationSerif(0)/m/n/12 ple in Randomized Load Balancing.” \TU/LiberationSerif(0)/m/it/12 IEEE INFOCOM\TU/LiberationSerif(0)/m/n/12 , 1131–1139, 2015.
[44]
Underfull \hbox (badness 1810) in paragraph at lines 1351--1353
\TU/LiberationSerif(0)/m/it/12 IEEE Transactions on Mobile Computing\TU/LiberationSerif(0)/m/n/12 , 25(5), 7166–7181, 2026. DOI:
[45] [46] [47] [48] [49] [50] [51] [52] [53] [54] [55] [56] [57] [58] [59] [60] [61] [62] [63] (./TrafficTwin_Dissertation.aux) )
(see the transcript file for additional information)
Output written on TrafficTwin_Dissertation.xdv (63 pages, 1478496 bytes).
Transcript written on TrafficTwin_Dissertation.log.
Latexmk: Getting log file 'TrafficTwin_Dissertation.log'
Latexmk: Examining 'TrafficTwin_Dissertation.fls'
Latexmk: Examining 'TrafficTwin_Dissertation.log'
Latexmk: Log file says output to 'TrafficTwin_Dissertation.xdv'
Latexmk: applying rule 'xdvipdfmx'...
Rule 'xdvipdfmx':  Reasons for rerun
Changed files or newly in use/created:
  TrafficTwin_Dissertation.xdv
Category 'changed_source_rules':
  xelatex

------------
Run number 1 of rule 'xdvipdfmx'
------------
------------
Running 'xdvipdfmx -E -o "TrafficTwin_Dissertation.pdf"  "TrafficTwin_Dissertation.xdv"'
------------
TrafficTwin_Dissertation.xdv -> TrafficTwin_Dissertation.pdf
[1][2][3][4][5][6][7][8][9][10][11][12][13][14][15][16][17][18][19][20][21][22][23][24][25][26][27][28][29][30][31][32][33][34][35][36][37][38][39][40][41][42][43][44][45][46][47][48][49][50][51][52][53][54][55][56][57][58][59][60][61][62][63]
566985 bytes written
Latexmk: All targets (TrafficTwin_Dissertation.xdv TrafficTwin_Dissertation.pdf) are up-to-date
Latexmk: Undoing directory change
