Rc files read (in order):
  NONE
Latexmk: This is Latexmk, John Collins, 9 March 2026. Version 4.88.
Latexmk: Changing directory to 'docs/dissertation/examiner_revision_2026-09-11/'
Latexmk: applying rule 'xelatex'...
Rule 'xelatex':  Reasons for rerun
Changed files or newly in use/created:
  TrafficTwin_Dissertation.tex
Category 'changed_user':
  TrafficTwin_Dissertation.tex

------------
Run number 1 of rule 'xelatex'
------------
------------
Running 'xelatex -no-pdf -interaction=nonstopmode -halt-on-error -recorder  "TrafficTwin_Dissertation.tex"'
------------
This is XeTeX, Version 3.141592653-2.6-0.999998 (TeX Live 2026) (preloaded format=xelatex)
 restricted \write18 enabled.
entering extended mode
(./TrafficTwin_Dissertation.tex
LaTeX2e <2026-06-01>
L3 programming layer <2026-08-10>
(/Users/akashx/scratch/traffictwin-tex/TinyTeX/texmf-dist/tex/latex/base/article.cls
Document Class: article 2025/01/22 v1.4n Standard LaTeX document class
(/Users/akashx/scratch/traffictwin-tex/TinyTeX/texmf-dist/tex/latex/base/size12.clo)) (/Users/akashx/scratch/traffictwin-tex/TinyTeX/texmf-dist/tex/latex/fontspec/fontspec.sty (/Users/akashx/scratch/traffictwin-tex/TinyTeX/texmf-dist/tex/latex/fontspec/fontspec-xetex.sty (/Users/akashx/scratch/traffictwin-tex/TinyTeX/texmf-dist/tex/latex/base/fontenc.sty) (/Users/akashx/scratch/traffictwin-tex/TinyTeX/texmf-dist/tex/latex/fontspec/fontspec.cfg))) (/Users/akashx/scratch/traffictwin-tex/TinyTeX/texmf-dist/tex/latex/geometry/geometry.sty (/Users/akashx/scratch/traffictwin-tex/TinyTeX/texmf-dist/tex/latex/graphics/keyval.sty) (/Users/akashx/scratch/traffictwin-tex/TinyTeX/texmf-dist/tex/generic/iftex/ifvtex.sty (/Users/akashx/scratch/traffictwin-tex/TinyTeX/texmf-dist/tex/generic/iftex/iftex.sty))) (/Users/akashx/scratch/traffictwin-tex/TinyTeX/texmf-dist/tex/latex/amsmath/amsmath.sty
For additional information on amsmath, use the `?' option.
(/Users/akashx/scratch/traffictwin-tex/TinyTeX/texmf-dist/tex/latex/amsmath/amstext.sty (/Users/akashx/scratch/traffictwin-tex/TinyTeX/texmf-dist/tex/latex/amsmath/amsgen.sty)) (/Users/akashx/scratch/traffictwin-tex/TinyTeX/texmf-dist/tex/latex/amsmath/amsbsy.sty) (/Users/akashx/scratch/traffictwin-tex/TinyTeX/texmf-dist/tex/latex/amsmath/amsopn.sty)) (/Users/akashx/scratch/traffictwin-tex/TinyTeX/texmf-dist/tex/latex/amsfonts/amssymb.sty (/Users/akashx/scratch/traffictwin-tex/TinyTeX/texmf-dist/tex/latex/amsfonts/amsfonts.sty)) (/Users/akashx/scratch/traffictwin-tex/TinyTeX/texmf-dist/tex/latex/amscls/amsthm.sty) (/Users/akashx/scratch/traffictwin-tex/TinyTeX/texmf-dist/tex/latex/graphics/graphicx.sty (/Users/akashx/scratch/traffictwin-tex/TinyTeX/texmf-dist/tex/latex/graphics/graphics.sty (/Users/akashx/scratch/traffictwin-tex/TinyTeX/texmf-dist/tex/latex/graphics/trig.sty) (/Users/akashx/scratch/traffictwin-tex/TinyTeX/texmf-dist/tex/latex/graphics-cfg/graphics.cfg) (/Users/akashx/scratch/traffictwin-tex/TinyTeX/texmf-dist/tex/latex/graphics-def/xetex.def))) (/Users/akashx/scratch/traffictwin-tex/TinyTeX/texmf-dist/tex/latex/tools/array.sty) (/Users/akashx/scratch/traffictwin-tex/TinyTeX/texmf-dist/tex/latex/booktabs/booktabs.sty) (/Users/akashx/scratch/traffictwin-tex/TinyTeX/texmf-dist/tex/latex/tools/longtable.sty) (/Users/akashx/scratch/traffictwin-tex/TinyTeX/texmf-dist/tex/latex/tools/tabularx.sty) (/Users/akashx/scratch/traffictwin-tex/TinyTeX/texmf-dist/tex/latex/xltabular/xltabular.sty (/Users/akashx/scratch/traffictwin-tex/TinyTeX/texmf-dist/tex/latex/etoolbox/etoolbox.sty) (/Users/akashx/scratch/traffictwin-tex/TinyTeX/texmf-dist/tex/latex/ltablex/ltablex.sty)) (/Users/akashx/scratch/traffictwin-tex/TinyTeX/texmf-dist/tex/latex/caption/caption.sty (/Users/akashx/scratch/traffictwin-tex/TinyTeX/texmf-dist/tex/latex/caption/caption3.sty) (/Users/akashx/scratch/traffictwin-tex/TinyTeX/texmf-dist/tex/latex/caption/ltcaption.sty)) (/Users/akashx/scratch/traffictwin-tex/TinyTeX/texmf-dist/tex/latex/algorithms/algorithm.sty (/Users/akashx/scratch/traffictwin-tex/TinyTeX/texmf-dist/tex/latex/float/float.sty) (/Users/akashx/scratch/traffictwin-tex/TinyTeX/texmf-dist/tex/latex/base/ifthen.sty)) (/Users/akashx/scratch/traffictwin-tex/TinyTeX/texmf-dist/tex/latex/fvextra/fvextra.sty (/Users/akashx/scratch/traffictwin-tex/TinyTeX/texmf-dist/tex/latex/fancyvrb/fancyvrb.sty) (/Users/akashx/scratch/traffictwin-tex/TinyTeX/texmf-dist/tex/latex/upquote/upquote.sty (/Users/akashx/scratch/traffictwin-tex/TinyTeX/texmf-dist/tex/latex/base/textcomp.sty)) (/Users/akashx/scratch/traffictwin-tex/TinyTeX/texmf-dist/tex/latex/lineno/lineno.sty (/Users/akashx/scratch/traffictwin-tex/TinyTeX/texmf-dist/tex/latex/kvoptions/kvoptions.sty (/Users/akashx/scratch/traffictwin-tex/TinyTeX/texmf-dist/tex/generic/ltxcmds/ltxcmds.sty) (/Users/akashx/scratch/traffictwin-tex/TinyTeX/texmf-dist/tex/latex/kvsetkeys/kvsetkeys.sty)))) (/Users/akashx/scratch/traffictwin-tex/TinyTeX/texmf-dist/tex/latex/xurl/xurl.sty (/Users/akashx/scratch/traffictwin-tex/TinyTeX/texmf-dist/tex/latex/url/url.sty)) (/Users/akashx/scratch/traffictwin-tex/TinyTeX/texmf-dist/tex/latex/setspace/setspace.sty) (/Users/akashx/scratch/traffictwin-tex/TinyTeX/texmf-dist/tex/latex/ragged2e/ragged2e.sty) (/Users/akashx/scratch/traffictwin-tex/TinyTeX/texmf-dist/tex/latex/placeins/placeins.sty) (/Users/akashx/scratch/traffictwin-tex/TinyTeX/texmf-dist/tex/latex/needspace/needspace.sty) (/Users/akashx/scratch/traffictwin-tex/TinyTeX/texmf-dist/tex/latex/hyperref/hyperref.sty (/Users/akashx/scratch/traffictwin-tex/TinyTeX/texmf-dist/tex/generic/kvdefinekeys/kvdefinekeys.sty) (/Users/akashx/scratch/traffictwin-tex/TinyTeX/texmf-dist/tex/generic/pdfescape/pdfescape.sty (/Users/akashx/scratch/traffictwin-tex/TinyTeX/texmf-dist/tex/generic/pdftexcmds/pdftexcmds.sty (/Users/akashx/scratch/traffictwin-tex/TinyTeX/texmf-dist/tex/generic/infwarerr/infwarerr.sty))) (/Users/akashx/scratch/traffictwin-tex/TinyTeX/texmf-dist/tex/latex/hycolor/hycolor.sty) (/Users/akashx/scratch/traffictwin-tex/TinyTeX/texmf-dist/tex/latex/hyperref/nameref.sty (/Users/akashx/scratch/traffictwin-tex/TinyTeX/texmf-dist/tex/latex/refcount/refcount.sty) (/Users/akashx/scratch/traffictwin-tex/TinyTeX/texmf-dist/tex/generic/gettitlestring/gettitlestring.sty)) (/Users/akashx/scratch/traffictwin-tex/TinyTeX/texmf-dist/tex/generic/stringenc/stringenc.sty) (/Users/akashx/scratch/traffictwin-tex/TinyTeX/texmf-dist/tex/latex/hyperref/pd1enc.def) (/Users/akashx/scratch/traffictwin-tex/TinyTeX/texmf-dist/tex/generic/intcalc/intcalc.sty) (/Users/akashx/scratch/traffictwin-tex/TinyTeX/texmf-dist/tex/latex/hyperref/puenc.def) (/Users/akashx/scratch/traffictwin-tex/TinyTeX/texmf-dist/tex/generic/bitset/bitset.sty (/Users/akashx/scratch/traffictwin-tex/TinyTeX/texmf-dist/tex/generic/bigintcalc/bigintcalc.sty))) (/Users/akashx/scratch/traffictwin-tex/TinyTeX/texmf-dist/tex/latex/hyperref/hxetex.def (/Users/akashx/scratch/traffictwin-tex/TinyTeX/texmf-dist/tex/latex/rerunfilecheck/rerunfilecheck.sty (/Users/akashx/scratch/traffictwin-tex/TinyTeX/texmf-dist/tex/generic/uniquecounter/uniquecounter.sty))) (/Users/akashx/scratch/traffictwin-tex/TinyTeX/texmf-dist/tex/latex/l3kernel/l3backend-xetex.def) (./TrafficTwin_Dissertation.aux)
*geometry* driver: auto-detecting
*geometry* detected driver: xetex
(./TrafficTwin_Dissertation.out) (./TrafficTwin_Dissertation.out) (/Users/akashx/scratch/traffictwin-tex/TinyTeX/texmf-dist/tex/latex/amsfonts/umsa.fd) (/Users/akashx/scratch/traffictwin-tex/TinyTeX/texmf-dist/tex/latex/amsfonts/umsb.fd) [1] (./TrafficTwin_Dissertation.toc [2]) [3] (./TrafficTwin_Dissertation.lof) (./TrafficTwin_Dissertation.lot) [4] [5] [6] [7] [8] [9] [10] [11] [12] [13] [14] [15] [16] [17] [18] [19] [20] [21] [22] [23] [24] [25] [26] [27] [28] [29] [30] [31] [32] [33] [34] [35] [36] [37] [38] [39] [40] [41]
Underfull \hbox (badness 1152) in paragraph at lines 1247--1249
[]\TU/LiberationSerif(0)/m/n/12 Y. Liu, H. Yu, S. Xie and Y. Zhang. “Deep Reinforcement Learning for Of-
[42]
Underfull \hbox (badness 1490) in paragraph at lines 1259--1261
[]\TU/LiberationSerif(0)/m/n/12 M. Harchol-Balter. “Performance Modeling and Design of Computer Sys-

Underfull \hbox (badness 1406) in paragraph at lines 1271--1273
\TU/LiberationSerif(0)/m/n/12 ple in Randomized Load Balancing.” \TU/LiberationSerif(0)/m/it/12 IEEE INFOCOM\TU/LiberationSerif(0)/m/n/12 , 1131–1139, 2015.
[43]
Underfull \hbox (badness 1810) in paragraph at lines 1331--1333
\TU/LiberationSerif(0)/m/it/12 IEEE Transactions on Mobile Computing\TU/LiberationSerif(0)/m/n/12 , 25(5), 7166–7181, 2026. DOI:
[44] [45] [46] [47] [48] [49] [50] [51] [52] [53] [54] [55] [56] [57] [58] [59] [60] [61] [62] (./TrafficTwin_Dissertation.aux) )
(see the transcript file for additional information)
Output written on TrafficTwin_Dissertation.xdv (62 pages, 1468956 bytes).
Transcript written on TrafficTwin_Dissertation.log.
Latexmk: Getting log file 'TrafficTwin_Dissertation.log'
Latexmk: Examining 'TrafficTwin_Dissertation.fls'
Latexmk: Examining 'TrafficTwin_Dissertation.log'
Latexmk: Log file says output to 'TrafficTwin_Dissertation.xdv'
Latexmk: applying rule 'xdvipdfmx'...
Rule 'xdvipdfmx':  Reasons for rerun
Changed files or newly in use/created:
  TrafficTwin_Dissertation.xdv
Category 'changed_source_rules':
  xelatex

------------
Run number 1 of rule 'xdvipdfmx'
------------
------------
Running 'xdvipdfmx -E -o "TrafficTwin_Dissertation.pdf"  "TrafficTwin_Dissertation.xdv"'
------------
TrafficTwin_Dissertation.xdv -> TrafficTwin_Dissertation.pdf
[1][2][3][4][5][6][7][8][9][10][11][12][13][14][15][16][17][18][19][20][21][22][23][24][25][26][27][28][29][30][31][32][33][34][35][36][37][38][39][40][41][42][43][44][45][46][47][48][49][50][51][52][53][54][55][56][57][58][59][60][61][62]
564649 bytes written
Latexmk: All targets (TrafficTwin_Dissertation.xdv TrafficTwin_Dissertation.pdf) are up-to-date
Latexmk: Undoing directory change
