[mc] enter-reset=ON reset_soc_on_enter=False
[mc] substep-queue=sequential (co-batch queueing charged; 3 gate iterations)
[mc] rsu-cap-mode=reject (buffer-full tasks individually failed; enqueued work conserved)
[mc] veh-queue=conserved (helper co-batch pricing + per-task MQD rejection on vehicle queues)
[mc] ABSOLUTE cap override: 6220 tasks/RSU (ratio form would give 538)
[mc] T=10800 maxN=215 RSU_MAX_CONCURRENT=6220 K_MAX=5
[fleet] uk2030: ev_share=0.2233 tier_hist=[82, 74, 59]
{
  "trace": "trace_wd_am_wdrsu.npz",
  "actor": "mappo_modelc_17dim_ukfleet2030__envs128__lr3e-3__seed100_actor_params.npz",
  "model": "C",
  "T": 10800,
  "maxN": 215,
  "rsu_max_concurrent": 6220,
  "fleet": "uk2030",
  "fleet_seed": 103,
  "obs_variant": "onehot17",
  "lambda_arrival": 1.5,
  "rsu_service_mult": 1.0,
  "rsu_lb": "ingress_dla",
  "rsu_backhaul_ms": 0.0,
  "k8s_scale": "off",
  "k8s_params": {},
  "k8s_mean_mult": 1.0,
  "k8s_scale_events": 0,
  "k8s_first_scaleup_s": -1.0,
  "rsu_cap_mode": "reject",
  "substep_queue": "sequential",
  "v2i_gate_rejected": 52857.0,
  "v2i_cap_rejected": 0.0,
  "veh_queue_mode": "conserved",
  "local_mqd_rejected": 116.0,
  "v2v_mqd_rejected": 526.0,
  "v2i_unavailable": 79.0,
  "v2v_unavailable": 0.0,
  "work_ms": {
    "v2i_offered": 6042618.0,
    "v2i_admitted": 5624075.0,
    "v2i_rejected_or_unavailable": 418543.0,
    "veh_offered": 34472580.0,
    "veh_admitted": 34459356.0,
    "veh_rejected": 13224.0
  },
  "enter_reset": true,
  "reset_soc_on_enter": false,
  "engine_version": "v3_enter_reset",
  "fleet_ev_share": 0.22325581312179565,
  "fleet_tier_hist": [
    82,
    74,
    59
  ],
  "completion": 0.9032769243911486,
  "n_offered": 1744227.0,
  "n_admitted": 1690649.0,
  "completion_admitted": 0.9319024824194733,
  "avg_latency_admitted_ms": 56.264849770709354,
  "avg_latency_met_ms": 45.139032192545955,
  "t1_completion": 0.7531097261372158,
  "t2_completion": 0.9904490110906083,
  "t3_completion": 0.9108697146785837,
  "total_energy_j": 824647.6875,
  "avg_energy_j_per_task": 0.47278690646343624,
  "avg_latency_ms_per_task": 85.77215694975482,
  "p_local": 0.5986869828296432,
  "p_v2i": 0.21518357415634548,
  "p_v2v": 0.18612944301401135,
  "t1_share": 0.1995273550977023,
  "t2_share": 0.3001363927974971,
  "t3_share": 0.5003362521048006,
  "total_tasks": 1744227.0,
  "wall_s": 178.0,
  "v2i_path_metrics": {
    "schema_version": "e2_native_v2i_path_v1",
    "v2i_attempts": 375329,
    "v2i_admitted_tasks": 322393,
    "ingress_count_per_rsu": [
      94605,
      44677,
      51461,
      37813,
      25454,
      18672,
      56123,
      10259,
      36265
    ],
    "selected_target_count_per_rsu": [
      94605,
      44677,
      51461,
      37813,
      25454,
      18672,
      56123,
      10259,
      36265
    ],
    "actual_execution_count_per_rsu": [
      70475,
      39933,
      45098,
      34687,
      24175,
      18150,
      47686,
      10017,
      32172
    ],
    "forwarded_admitted_task_count": 0,
    "forwarded_share_of_admitted_v2i": 0.0,
    "total_forwarding_latency_ms": 0.0,
    "mean_forwarding_latency_ms_per_admitted_v2i": 0.0,
    "mean_forwarding_latency_ms_per_forwarded_v2i": 0.0,
    "ingress_to_execution_pair_matrix": [
      [
        70475,
        0,
        0,
        0,
        0,
        0,
        0,
        0,
        0
      ],
      [
        0,
        39933,
        0,
        0,
        0,
        0,
        0,
        0,
        0
      ],
      [
        0,
        0,
        45098,
        0,
        0,
        0,
        0,
        0,
        0
      ],
      [
        0,
        0,
        0,
        34687,
        0,
        0,
        0,
        0,
        0
      ],
      [
        0,
        0,
        0,
        0,
        24175,
        0,
        0,
        0,
        0
      ],
      [
        0,
        0,
        0,
        0,
        0,
        18150,
        0,
        0,
        0
      ],
      [
        0,
        0,
        0,
        0,
        0,
        0,
        47686,
        0,
        0
      ],
      [
        0,
        0,
        0,
        0,
        0,
        0,
        0,
        10017,
        0
      ],
      [
        0,
        0,
        0,
        0,
        0,
        0,
        0,
        0,
        32172
      ]
    ],
    "execution_share_per_rsu": [
      0.21859965942188572,
      0.12386435189349644,
      0.13988517120408941,
      0.10759228643301809,
      0.0749861194256699,
      0.05629774840024442,
      0.14791264078314356,
      0.03107077386915969,
      0.09979124856929275
    ],
    "maximum_execution_share": 0.21859965942188572,
    "imbalance_diagnostic": {
      "name": "execution_share_range",
      "definition": "max(per-RSU execution share) - min(per-RSU execution share)",
      "value": 0.18752888555272604
    }
  },
  "extension_schema": "joint_seed_cyclic_v2_records",
  "substep_queue_iterations": 3,
  "k_max": 5,
  "n_rsus": 9,
  "max_vehicle_queue_depth": 10,
  "evaluator_seed": 203,
  "round_robin_pointer_final": null
}
[per-step] wrote /Users/akashx/Downloads/diss_mat/traffictwin-followups-raw-2026-09-15/09_second_actor/block_03_ingress_dla/attempt_001/per_step.npz (T=10800, N=215, R=9; join vehicles on the trace npz pos_x/pos_y/mask for positions)
[per-task] wrote /Users/akashx/Downloads/diss_mat/traffictwin-followups-raw-2026-09-15/09_second_actor/block_03_ingress_dla/attempt_001/per_task.npz ([T,KMAX,N] = [10800,5,215]; filter on task_active)
