[mc] enter-reset=ON reset_soc_on_enter=False
[mc] substep-queue=sequential (co-batch queueing charged; 3 gate iterations)
[mc] rsu-cap-mode=reject (buffer-full tasks individually failed; enqueued work conserved)
[mc] veh-queue=conserved (helper co-batch pricing + per-task MQD rejection on vehicle queues)
[mc] ABSOLUTE cap override: 6220 tasks/RSU (ratio form would give 538)
[mc] T=10800 maxN=215 RSU_MAX_CONCURRENT=6220 K_MAX=5
[fleet] uk2030: ev_share=0.2279 tier_hist=[87, 86, 42]
{
  "trace": "trace_wd_am_wdrsu.npz",
  "actor": "mappo_modelc_17dim__envs128__lr3e-3__seed100_actor_params.npz",
  "model": "C",
  "T": 10800,
  "maxN": 215,
  "rsu_max_concurrent": 6220,
  "fleet": "uk2030",
  "fleet_seed": 105,
  "obs_variant": "onehot17",
  "lambda_arrival": 1.5,
  "rsu_service_mult": 0.5,
  "rsu_lb": "per_task_dla",
  "rsu_backhaul_ms": 0.0,
  "k8s_scale": "off",
  "k8s_params": {},
  "k8s_mean_mult": 1.0,
  "k8s_scale_events": 0,
  "k8s_first_scaleup_s": -1.0,
  "rsu_cap_mode": "reject",
  "substep_queue": "sequential",
  "v2i_gate_rejected": 30962.0,
  "v2i_cap_rejected": 0.0,
  "veh_queue_mode": "conserved",
  "local_mqd_rejected": 297.0,
  "v2v_mqd_rejected": 1998.0,
  "v2i_unavailable": 51.0,
  "v2v_unavailable": 0.0,
  "work_ms": {
    "v2i_offered": 12065475.0,
    "v2i_admitted": 11582865.0,
    "v2i_rejected_or_unavailable": 482610.0,
    "veh_offered": 35616824.0,
    "veh_admitted": 35578332.0,
    "veh_rejected": 38492.0
  },
  "enter_reset": true,
  "reset_soc_on_enter": false,
  "engine_version": "v3_enter_reset",
  "fleet_ev_share": 0.2279069721698761,
  "fleet_tier_hist": [
    87,
    86,
    42
  ],
  "completion": 0.9041618770049247,
  "n_offered": 1745078.0,
  "n_admitted": 1711770.0,
  "completion_admitted": 0.9217552591761744,
  "avg_latency_admitted_ms": 61.037975896294476,
  "avg_latency_met_ms": 48.62567838294674,
  "t1_completion": 0.7237493088719358,
  "t2_completion": 0.9885328057902558,
  "t3_completion": 0.9256681425064807,
  "total_energy_j": 810762.5625,
  "avg_energy_j_per_task": 0.4645996124528531,
  "avg_latency_ms_per_task": 80.59179933504404,
  "p_local": 0.564297985534171,
  "p_v2i": 0.21449585634567625,
  "p_v2v": 0.2212061581201528,
  "t1_share": 0.20002945427081195,
  "t2_share": 0.3003825616963826,
  "t3_share": 0.4995879840328054,
  "total_tasks": 1745078.0,
  "wall_s": 173.0,
  "v2i_path_metrics": {
    "schema_version": "e2_native_v2i_path_v1",
    "v2i_attempts": 374312,
    "v2i_admitted_tasks": 343299,
    "ingress_count_per_rsu": [
      104253,
      42196,
      49385,
      36168,
      21918,
      15458,
      58577,
      8786,
      37571
    ],
    "selected_target_count_per_rsu": [
      41907,
      41317,
      41519,
      41610,
      41444,
      41319,
      41687,
      41920,
      41589
    ],
    "actual_execution_count_per_rsu": [
      38405,
      37928,
      38242,
      38215,
      37907,
      37870,
      38082,
      38469,
      38181
    ],
    "forwarded_admitted_task_count": 305476,
    "forwarded_share_of_admitted_v2i": 0.8898249048205792,
    "total_forwarding_latency_ms": 0.0,
    "mean_forwarding_latency_ms_per_admitted_v2i": 0.0,
    "mean_forwarding_latency_ms_per_forwarded_v2i": 0.0,
    "ingress_to_execution_pair_matrix": [
      [
        10222,
        10193,
        10592,
        10563,
        10614,
        10660,
        10750,
        10966,
        10787
      ],
      [
        4292,
        4281,
        4404,
        4254,
        4264,
        4236,
        4312,
        4383,
        4239
      ],
      [
        5379,
        5220,
        5073,
        5022,
        4822,
        4938,
        4875,
        5004,
        5165
      ],
      [
        3584,
        3567,
        3645,
        3897,
        3850,
        3784,
        3783,
        3734,
        3589
      ],
      [
        2333,
        2235,
        2253,
        2247,
        2212,
        2152,
        2274,
        2262,
        2282
      ],
      [
        1658,
        1647,
        1669,
        1640,
        1597,
        1561,
        1452,
        1560,
        1508
      ],
      [
        6095,
        6107,
        5917,
        5919,
        5826,
        6045,
        5909,
        5956,
        5957
      ],
      [
        976,
        943,
        887,
        878,
        901,
        861,
        883,
        878,
        864
      ],
      [
        3866,
        3735,
        3802,
        3795,
        3821,
        3633,
        3844,
        3726,
        3790
      ]
    ],
    "execution_share_per_rsu": [
      0.11187041034200508,
      0.11048095100772214,
      0.11139560557997548,
      0.11131695693841229,
      0.11041977984206187,
      0.1103120020739938,
      0.11092953955589734,
      0.11205683675163633,
      0.11121791790829569
    ],
    "maximum_execution_share": 0.11205683675163633,
    "imbalance_diagnostic": {
      "name": "execution_share_range",
      "definition": "max(per-RSU execution share) - min(per-RSU execution share)",
      "value": 0.001744834677642526
    }
  },
  "extension_schema": "joint_seed_cyclic_v2_records",
  "substep_queue_iterations": 3,
  "k_max": 5,
  "n_rsus": 9,
  "max_vehicle_queue_depth": 10,
  "evaluator_seed": 205,
  "round_robin_pointer_final": null
}
[per-step] wrote /Users/akashx/Downloads/diss_mat/traffictwin-followups-raw-2026-09-15/08_half_speed/block_05_per_task_dla/attempt_001/per_step.npz (T=10800, N=215, R=9; join vehicles on the trace npz pos_x/pos_y/mask for positions)
[per-task] wrote /Users/akashx/Downloads/diss_mat/traffictwin-followups-raw-2026-09-15/08_half_speed/block_05_per_task_dla/attempt_001/per_task.npz ([T,KMAX,N] = [10800,5,215]; filter on task_active)
