[mc] enter-reset=ON reset_soc_on_enter=False
[mc] substep-queue=sequential (co-batch queueing charged; 3 gate iterations)
[mc] rsu-cap-mode=reject (buffer-full tasks individually failed; enqueued work conserved)
[mc] veh-queue=conserved (helper co-batch pricing + per-task MQD rejection on vehicle queues)
[mc] ABSOLUTE cap override: 6220 tasks/RSU (ratio form would give 538)
[mc] T=10800 maxN=215 RSU_MAX_CONCURRENT=6220 K_MAX=5
[fleet] uk2030: ev_share=0.2093 tier_hist=[94, 67, 54]
{
  "trace": "trace_wd_am_wdrsu.npz",
  "actor": "mappo_modelc_17dim_ukfleet2030__envs128__lr3e-3__seed100_actor_params.npz",
  "model": "C",
  "T": 10800,
  "maxN": 215,
  "rsu_max_concurrent": 6220,
  "fleet": "uk2030",
  "fleet_seed": 107,
  "obs_variant": "onehot17",
  "lambda_arrival": 1.5,
  "rsu_service_mult": 1.0,
  "rsu_lb": "causal_round_robin",
  "rsu_backhaul_ms": 0.0,
  "k8s_scale": "off",
  "k8s_params": {},
  "k8s_mean_mult": 1.0,
  "k8s_scale_events": 0,
  "k8s_first_scaleup_s": -1.0,
  "rsu_cap_mode": "reject",
  "substep_queue": "sequential",
  "v2i_gate_rejected": 11619.0,
  "v2i_cap_rejected": 0.0,
  "veh_queue_mode": "conserved",
  "local_mqd_rejected": 128.0,
  "v2v_mqd_rejected": 829.0,
  "v2i_unavailable": 68.0,
  "v2v_unavailable": 0.0,
  "work_ms": {
    "v2i_offered": 6794623.0,
    "v2i_admitted": 6703448.0,
    "v2i_rejected_or_unavailable": 91175.0,
    "veh_offered": 34451648.0,
    "veh_admitted": 34431624.0,
    "veh_rejected": 20024.0
  },
  "enter_reset": true,
  "reset_soc_on_enter": false,
  "engine_version": "v3_enter_reset",
  "fleet_ev_share": 0.20930232107639313,
  "fleet_tier_hist": [
    94,
    67,
    54
  ],
  "completion": 0.9217299749762429,
  "n_offered": 1744742.0,
  "n_admitted": 1732098.0,
  "completion_admitted": 0.9284584359545476,
  "avg_latency_admitted_ms": 56.09449349863576,
  "avg_latency_met_ms": 44.315703269719016,
  "t1_completion": 0.7676983992922645,
  "t2_completion": 0.9893680725602826,
  "t3_completion": 0.9427766202308588,
  "total_energy_j": 790265.125,
  "avg_energy_j_per_task": 0.4529409649105713,
  "avg_latency_ms_per_task": 63.67082353723359,
  "p_local": 0.5628625894258291,
  "p_v2i": 0.2412328011820659,
  "p_v2v": 0.19590460939210497,
  "t1_share": 0.20019177620530715,
  "t2_share": 0.30053956401576853,
  "t3_share": 0.4992686597789243,
  "total_tasks": 1744742.0,
  "wall_s": 166.6,
  "v2i_path_metrics": {
    "schema_version": "e2_native_v2i_path_v1",
    "v2i_attempts": 420889,
    "v2i_admitted_tasks": 409202,
    "ingress_count_per_rsu": [
      107211,
      51881,
      56046,
      44187,
      27079,
      20506,
      63839,
      10611,
      39529
    ],
    "selected_target_count_per_rsu": [
      46768,
      46770,
      46761,
      46765,
      46772,
      46767,
      46760,
      46765,
      46761
    ],
    "actual_execution_count_per_rsu": [
      45375,
      45448,
      45458,
      45413,
      45575,
      45479,
      45496,
      45465,
      45493
    ],
    "forwarded_admitted_task_count": 364017,
    "forwarded_share_of_admitted_v2i": 0.8895777635495428,
    "total_forwarding_latency_ms": 0.0,
    "mean_forwarding_latency_ms_per_admitted_v2i": 0.0,
    "mean_forwarding_latency_ms_per_forwarded_v2i": 0.0,
    "ingress_to_execution_pair_matrix": [
      [
        11475,
        11642,
        11664,
        11538,
        11649,
        11603,
        11562,
        11565,
        11559
      ],
      [
        5582,
        5621,
        5613,
        5591,
        5619,
        5576,
        5561,
        5793,
        5639
      ],
      [
        6132,
        6044,
        6010,
        6017,
        5990,
        6132,
        6099,
        6035,
        5945
      ],
      [
        4727,
        4801,
        4730,
        4756,
        4872,
        4767,
        4814,
        4642,
        4994
      ],
      [
        2917,
        2880,
        2906,
        2959,
        2968,
        2841,
        2934,
        2959,
        2963
      ],
      [
        2184,
        2185,
        2237,
        2192,
        2286,
        2256,
        2252,
        2194,
        2249
      ],
      [
        6866,
        6916,
        6929,
        6973,
        6870,
        6958,
        6857,
        6862,
        6923
      ],
      [
        1163,
        1152,
        1164,
        1166,
        1141,
        1115,
        1231,
        1113,
        1092
      ],
      [
        4329,
        4207,
        4205,
        4221,
        4180,
        4231,
        4186,
        4302,
        4129
      ]
    ],
    "execution_share_per_rsu": [
      0.1108865548066725,
      0.11106495080669206,
      0.11108938861491391,
      0.11097941847791555,
      0.11137531097110963,
      0.1111407080121798,
      0.11118225228615695,
      0.11110649508066921,
      0.1111749209436904
    ],
    "maximum_execution_share": 0.11137531097110963,
    "imbalance_diagnostic": {
      "name": "execution_share_range",
      "definition": "max(per-RSU execution share) - min(per-RSU execution share)",
      "value": 0.0004887561644371236
    }
  },
  "extension_schema": "joint_seed_cyclic_v2_records",
  "substep_queue_iterations": 3,
  "k_max": 5,
  "n_rsus": 9,
  "max_vehicle_queue_depth": 10,
  "evaluator_seed": 207,
  "round_robin_pointer_final": 8
}
[per-step] wrote /Users/akashx/Downloads/diss_mat/traffictwin-followups-raw-2026-09-15/09_second_actor/block_07_causal_round_robin/attempt_001/per_step.npz (T=10800, N=215, R=9; join vehicles on the trace npz pos_x/pos_y/mask for positions)
[per-task] wrote /Users/akashx/Downloads/diss_mat/traffictwin-followups-raw-2026-09-15/09_second_actor/block_07_causal_round_robin/attempt_001/per_task.npz ([T,KMAX,N] = [10800,5,215]; filter on task_active)
