[mc] enter-reset=ON reset_soc_on_enter=False
[mc] substep-queue=sequential (co-batch queueing charged; 3 gate iterations)
[mc] rsu-cap-mode=reject (buffer-full tasks individually failed; enqueued work conserved)
[mc] veh-queue=conserved (helper co-batch pricing + per-task MQD rejection on vehicle queues)
[mc] ABSOLUTE cap override: 6220 tasks/RSU (ratio form would give 538)
[mc] T=10800 maxN=215 RSU_MAX_CONCURRENT=6220 K_MAX=5
[fleet] uk2030: ev_share=0.2233 tier_hist=[82, 74, 59]
{
  "trace": "trace_wd_am_wdrsu.npz",
  "actor": "mappo_modelc_17dim__envs128__lr3e-3__seed100_actor_params.npz",
  "model": "C",
  "T": 10800,
  "maxN": 215,
  "rsu_max_concurrent": 6220,
  "fleet": "uk2030",
  "fleet_seed": 103,
  "obs_variant": "onehot17",
  "lambda_arrival": 1.5,
  "rsu_service_mult": 0.5,
  "rsu_lb": "ingress_dla",
  "rsu_backhaul_ms": 0.0,
  "k8s_scale": "off",
  "k8s_params": {},
  "k8s_mean_mult": 1.0,
  "k8s_scale_events": 0,
  "k8s_first_scaleup_s": -1.0,
  "rsu_cap_mode": "reject",
  "substep_queue": "sequential",
  "v2i_gate_rejected": 123552.0,
  "v2i_cap_rejected": 0.0,
  "veh_queue_mode": "conserved",
  "local_mqd_rejected": 205.0,
  "v2v_mqd_rejected": 1537.0,
  "v2i_unavailable": 72.0,
  "v2v_unavailable": 0.0,
  "work_ms": {
    "v2i_offered": 12762068.0,
    "v2i_admitted": 10748043.0,
    "v2i_rejected_or_unavailable": 2014025.0,
    "veh_offered": 34554476.0,
    "veh_admitted": 34528696.0,
    "veh_rejected": 25780.0
  },
  "enter_reset": true,
  "reset_soc_on_enter": false,
  "engine_version": "v3_enter_reset",
  "fleet_ev_share": 0.22325581312179565,
  "fleet_tier_hist": [
    82,
    74,
    59
  ],
  "completion": 0.8597126406138651,
  "n_offered": 1744227.0,
  "n_admitted": 1618861.0,
  "completion_admitted": 0.9262895331964881,
  "avg_latency_admitted_ms": 65.33020932618675,
  "avg_latency_met_ms": 52.42341153985171,
  "t1_completion": 0.6873090991635562,
  "t2_completion": 0.982510229109122,
  "t3_completion": 0.8548023375730491,
  "total_energy_j": 851159.8125,
  "avg_energy_j_per_task": 0.48798683456912434,
  "avg_latency_ms_per_task": 136.80015731897282,
  "p_local": 0.553506510333804,
  "p_v2i": 0.2272594106157054,
  "p_v2v": 0.21923407905049055,
  "t1_share": 0.1995273550977023,
  "t2_share": 0.3001363927974971,
  "t3_share": 0.5003362521048006,
  "total_tasks": 1744227.0,
  "wall_s": 187.0,
  "v2i_path_metrics": {
    "schema_version": "e2_native_v2i_path_v1",
    "v2i_attempts": 396392,
    "v2i_admitted_tasks": 272768,
    "ingress_count_per_rsu": [
      110622,
      45900,
      52024,
      36411,
      22393,
      16434,
      62290,
      9523,
      40795
    ],
    "selected_target_count_per_rsu": [
      110622,
      45900,
      52024,
      36411,
      22393,
      16434,
      62290,
      9523,
      40795
    ],
    "actual_execution_count_per_rsu": [
      60892,
      34111,
      36828,
      28164,
      18801,
      14502,
      41929,
      8532,
      29009
    ],
    "forwarded_admitted_task_count": 0,
    "forwarded_share_of_admitted_v2i": 0.0,
    "total_forwarding_latency_ms": 0.0,
    "mean_forwarding_latency_ms_per_admitted_v2i": 0.0,
    "mean_forwarding_latency_ms_per_forwarded_v2i": 0.0,
    "ingress_to_execution_pair_matrix": [
      [
        60892,
        0,
        0,
        0,
        0,
        0,
        0,
        0,
        0
      ],
      [
        0,
        34111,
        0,
        0,
        0,
        0,
        0,
        0,
        0
      ],
      [
        0,
        0,
        36828,
        0,
        0,
        0,
        0,
        0,
        0
      ],
      [
        0,
        0,
        0,
        28164,
        0,
        0,
        0,
        0,
        0
      ],
      [
        0,
        0,
        0,
        0,
        18801,
        0,
        0,
        0,
        0
      ],
      [
        0,
        0,
        0,
        0,
        0,
        14502,
        0,
        0,
        0
      ],
      [
        0,
        0,
        0,
        0,
        0,
        0,
        41929,
        0,
        0
      ],
      [
        0,
        0,
        0,
        0,
        0,
        0,
        0,
        8532,
        0
      ],
      [
        0,
        0,
        0,
        0,
        0,
        0,
        0,
        0,
        29009
      ]
    ],
    "execution_share_per_rsu": [
      0.22323732989206946,
      0.125054991787893,
      0.13501583763491318,
      0.10325258094791177,
      0.0689267069450962,
      0.05316606053496011,
      0.15371671163772876,
      0.031279328953542934,
      0.10635045166588455
    ],
    "maximum_execution_share": 0.22323732989206946,
    "imbalance_diagnostic": {
      "name": "execution_share_range",
      "definition": "max(per-RSU execution share) - min(per-RSU execution share)",
      "value": 0.19195800093852652
    }
  },
  "extension_schema": "joint_seed_cyclic_v2_records",
  "substep_queue_iterations": 3,
  "k_max": 5,
  "n_rsus": 9,
  "max_vehicle_queue_depth": 10,
  "evaluator_seed": 203,
  "round_robin_pointer_final": null
}
[per-step] wrote /Users/akashx/Downloads/diss_mat/traffictwin-followups-raw-2026-09-15/08_half_speed/block_03_ingress_dla/attempt_001/per_step.npz (T=10800, N=215, R=9; join vehicles on the trace npz pos_x/pos_y/mask for positions)
[per-task] wrote /Users/akashx/Downloads/diss_mat/traffictwin-followups-raw-2026-09-15/08_half_speed/block_03_ingress_dla/attempt_001/per_task.npz ([T,KMAX,N] = [10800,5,215]; filter on task_active)
