[mc] enter-reset=ON reset_soc_on_enter=False
[mc] substep-queue=sequential (co-batch queueing charged; 3 gate iterations)
[mc] rsu-cap-mode=reject (buffer-full tasks individually failed; enqueued work conserved)
[mc] veh-queue=conserved (helper co-batch pricing + per-task MQD rejection on vehicle queues)
[mc] ABSOLUTE cap override: 6220 tasks/RSU (ratio form would give 348)
[mc] T=32400 maxN=139 RSU_MAX_CONCURRENT=6220 K_MAX=5
[fleet] uk2030: ev_share=0.2590 tier_hist=[51, 50, 38]
{
  "trace": "trace_we_wdrsu.npz",
  "actor": "mappo_modelc_17dim__envs128__lr3e-3__seed100_actor_params.npz",
  "model": "C",
  "T": 32400,
  "maxN": 139,
  "rsu_max_concurrent": 6220,
  "fleet": "uk2030",
  "fleet_seed": 103,
  "obs_variant": "onehot17",
  "lambda_arrival": 1.5,
  "rsu_service_mult": 1.0,
  "rsu_lb": "dla_p2c",
  "rsu_backhaul_ms": 0.0,
  "k8s_scale": "off",
  "k8s_params": {},
  "k8s_mean_mult": 1.0,
  "k8s_scale_events": 0,
  "k8s_first_scaleup_s": -1.0,
  "rsu_cap_mode": "reject",
  "substep_queue": "sequential",
  "v2i_gate_rejected": 5391.0,
  "v2i_cap_rejected": 0.0,
  "veh_queue_mode": "conserved",
  "local_mqd_rejected": 370.0,
  "v2v_mqd_rejected": 2098.0,
  "v2i_unavailable": 119.0,
  "v2v_unavailable": 4.0,
  "work_ms": {
    "v2i_offered": 13936796.0,
    "v2i_admitted": 13892829.0,
    "v2i_rejected_or_unavailable": 43967.0,
    "veh_offered": 81536992.0,
    "veh_admitted": 81496648.0,
    "veh_rejected": 40344.0
  },
  "enter_reset": true,
  "reset_soc_on_enter": false,
  "engine_version": "v3_enter_reset",
  "fleet_ev_share": 0.2589928209781647,
  "fleet_tier_hist": [
    51,
    50,
    38
  ],
  "completion": 0.9359811332805509,
  "n_offered": 4149105.0,
  "n_admitted": 4141123.0,
  "completion_admitted": 0.9377852336189966,
  "avg_latency_admitted_ms": 52.35435508677236,
  "avg_latency_met_ms": 41.510416934896604,
  "t1_completion": 0.804085827436683,
  "t2_completion": 0.9896826385067421,
  "t3_completion": 0.9565298297899214,
  "total_energy_j": 2051352.625,
  "avg_energy_j_per_task": 0.49440846278896294,
  "avg_latency_ms_per_task": 54.91300509386964,
  "p_local": 0.5742207054292432,
  "p_v2i": 0.20887275689576426,
  "p_v2v": 0.21690653767499257,
  "t1_share": 0.20004097269170099,
  "t2_share": 0.30001530450542946,
  "t3_share": 0.49994372280286953,
  "total_tasks": 4149105.0,
  "wall_s": 8832.4,
  "v2i_path_metrics": {
    "schema_version": "e2_native_v2i_path_v1",
    "v2i_attempts": 866635,
    "v2i_admitted_tasks": 861125,
    "ingress_count_per_rsu": [
      246555,
      106608,
      104737,
      84113,
      49294,
      36055,
      143336,
      20045,
      75892
    ],
    "selected_target_count_per_rsu": [
      96129,
      96369,
      96207,
      96104,
      96577,
      96210,
      96201,
      96266,
      96572
    ],
    "actual_execution_count_per_rsu": [
      95519,
      95747,
      95587,
      95521,
      95922,
      95581,
      95612,
      95676,
      95960
    ],
    "forwarded_admitted_task_count": 765145,
    "forwarded_share_of_admitted_v2i": 0.8885411525620555,
    "total_forwarding_latency_ms": 0.0,
    "mean_forwarding_latency_ms_per_admitted_v2i": 0.0,
    "mean_forwarding_latency_ms_per_forwarded_v2i": 0.0,
    "ingress_to_execution_pair_matrix": [
      [
        27229,
        27334,
        27296,
        26893,
        27367,
        27213,
        27178,
        27233,
        27190
      ],
      [
        11848,
        11724,
        11771,
        11949,
        11716,
        11681,
        11746,
        11698,
        11835
      ],
      [
        11498,
        11579,
        11590,
        11511,
        11407,
        11628,
        11638,
        11637,
        11584
      ],
      [
        9105,
        9246,
        9272,
        9315,
        9641,
        9412,
        9277,
        9137,
        9189
      ],
      [
        5483,
        5360,
        5433,
        5424,
        5477,
        5463,
        5436,
        5472,
        5434
      ],
      [
        3987,
        4048,
        3854,
        3996,
        4041,
        3998,
        3927,
        3966,
        4005
      ],
      [
        15809,
        15876,
        15714,
        15728,
        15695,
        15774,
        15919,
        15870,
        16005
      ],
      [
        2168,
        2243,
        2147,
        2204,
        2255,
        2224,
        2167,
        2263,
        2253
      ],
      [
        8392,
        8337,
        8510,
        8501,
        8323,
        8188,
        8324,
        8400,
        8465
      ]
    ],
    "execution_share_per_rsu": [
      0.11092350123385107,
      0.11118827115691682,
      0.11100246770213383,
      0.11092582377703586,
      0.11139149368558572,
      0.11099550007257948,
      0.11103149949194367,
      0.11110582087385687,
      0.11143562200609668
    ],
    "maximum_execution_share": 0.11143562200609668,
    "imbalance_diagnostic": {
      "name": "execution_share_range",
      "definition": "max(per-RSU execution share) - min(per-RSU execution share)",
      "value": 0.0005121207722456056
    }
  },
  "extension_schema": "joint_seed_cyclic_v2_records",
  "substep_queue_iterations": 3,
  "k_max": 5,
  "n_rsus": 9,
  "max_vehicle_queue_depth": 10,
  "evaluator_seed": 203,
  "round_robin_pointer_final": null
}
[per-step] wrote /Users/akashx/Downloads/diss_mat/traffictwin-traces-raw-2026-09-16/we/we/block_03_dla_p2c/attempt_001/per_step.npz (T=32400, N=139, R=9; join vehicles on the trace npz pos_x/pos_y/mask for positions)
[per-task] wrote /Users/akashx/Downloads/diss_mat/traffictwin-traces-raw-2026-09-16/we/we/block_03_dla_p2c/attempt_001/per_task.npz ([T,KMAX,N] = [32400,5,139]; filter on task_active)
