[mc] enter-reset=off (mask-only reset — no enter channel in trace) reset_soc_on_enter=False
[mc] substep-queue=sequential (co-batch queueing charged; 3 gate iterations)
[mc] rsu-cap-mode=reject (buffer-full tasks individually failed; enqueued work conserved)
[mc] veh-queue=conserved (helper co-batch pricing + per-task MQD rejection on vehicle queues)
[mc] ABSOLUTE cap override: 6220 tasks/RSU (ratio form would give 408)
[mc] T=25200 maxN=163 RSU_MAX_CONCURRENT=6220 K_MAX=5
[fleet] uk2030: ev_share=0.1902 tier_hist=[63, 53, 47]
{
  "trace": "trace_wd_pm_fullrsu.npz",
  "actor": "mappo_modelc_17dim__envs128__lr3e-3__seed100_actor_params.npz",
  "model": "C",
  "T": 25200,
  "maxN": 163,
  "rsu_max_concurrent": 6220,
  "fleet": "uk2030",
  "fleet_seed": 102,
  "obs_variant": "onehot17",
  "lambda_arrival": 1.5,
  "rsu_service_mult": 1.0,
  "rsu_lb": "dla",
  "rsu_backhaul_ms": 0.0,
  "k8s_scale": "off",
  "k8s_params": {},
  "k8s_mean_mult": 1.0,
  "k8s_scale_events": 0,
  "k8s_first_scaleup_s": -1.0,
  "rsu_cap_mode": "reject",
  "substep_queue": "sequential",
  "v2i_gate_rejected": 222469.0,
  "v2i_cap_rejected": 0.0,
  "veh_queue_mode": "conserved",
  "local_mqd_rejected": 495.0,
  "v2v_mqd_rejected": 3114.0,
  "v2i_unavailable": 78.0,
  "v2v_unavailable": 2.0,
  "work_ms": {
    "v2i_offered": 12802852.0,
    "v2i_admitted": 11066056.0,
    "v2i_rejected_or_unavailable": 1736796.0,
    "veh_offered": 75595072.0,
    "veh_admitted": 75541352.0,
    "veh_rejected": 53720.0
  },
  "enter_reset": false,
  "reset_soc_on_enter": false,
  "engine_version": "v2_post_nrsus_fix",
  "fleet_ev_share": 0.19018404185771942,
  "fleet_tier_hist": [
    63,
    53,
    47
  ],
  "completion": 0.8813244566341579,
  "n_offered": 3915870.0,
  "n_admitted": 3689712.0,
  "completion_admitted": 0.9353445472166934,
  "avg_latency_admitted_ms": 57.693946844631775,
  "avg_latency_met_ms": 46.59718030385216,
  "t1_completion": 0.7290862274407924,
  "t2_completion": 0.9889424867811913,
  "t3_completion": 0.8776644715533822,
  "total_energy_j": 2019354.125,
  "avg_energy_j_per_task": 0.5156846690518326,
  "avg_latency_ms_per_task": 113.25153899388897,
  "p_local": 0.5780365538181809,
  "p_v2i": 0.2035100756664547,
  "p_v2v": 0.2184533705153644,
  "t1_share": 0.1997420751965719,
  "t2_share": 0.29958578808796,
  "t3_share": 0.5006721367154681,
  "total_tasks": 3915870.0,
  "wall_s": 574.2,
  "v2i_path_metrics": {
    "schema_version": "e2_native_v2i_path_v1",
    "v2i_attempts": 796919,
    "v2i_admitted_tasks": 574372,
    "ingress_count_per_rsu": [
      222778,
      42851,
      156957,
      57955,
      61035,
      70439,
      92287,
      20880,
      10067,
      61670
    ],
    "selected_target_count_per_rsu": [
      413761,
      235741,
      102182,
      35300,
      9935,
      0,
      0,
      0,
      0,
      0
    ],
    "actual_execution_count_per_rsu": [
      248174,
      183347,
      97721,
      35197,
      9933,
      0,
      0,
      0,
      0,
      0
    ],
    "forwarded_admitted_task_count": 472701,
    "forwarded_share_of_admitted_v2i": 0.8229875411754055,
    "total_forwarding_latency_ms": 0.0,
    "mean_forwarding_latency_ms_per_admitted_v2i": 0.0,
    "mean_forwarding_latency_ms_per_forwarded_v2i": 0.0,
    "ingress_to_execution_pair_matrix": [
      [
        69261,
        51386,
        27235,
        9698,
        2799,
        0,
        0,
        0,
        0,
        0
      ],
      [
        13388,
        9893,
        5271,
        1877,
        533,
        0,
        0,
        0,
        0,
        0
      ],
      [
        48358,
        36000,
        19285,
        7085,
        1984,
        0,
        0,
        0,
        0,
        0
      ],
      [
        18430,
        13307,
        7061,
        2511,
        701,
        0,
        0,
        0,
        0,
        0
      ],
      [
        19124,
        13917,
        7441,
        2709,
        721,
        0,
        0,
        0,
        0,
        0
      ],
      [
        21730,
        16228,
        8703,
        3134,
        902,
        0,
        0,
        0,
        0,
        0
      ],
      [
        28847,
        21225,
        11300,
        4059,
        1147,
        0,
        0,
        0,
        0,
        0
      ],
      [
        6749,
        4985,
        2604,
        922,
        266,
        0,
        0,
        0,
        0,
        0
      ],
      [
        3322,
        2317,
        1175,
        417,
        125,
        0,
        0,
        0,
        0,
        0
      ],
      [
        18965,
        14089,
        7646,
        2785,
        755,
        0,
        0,
        0,
        0,
        0
      ]
    ],
    "execution_share_per_rsu": [
      0.432078861782956,
      0.31921298391982894,
      0.17013538264400074,
      0.06127910134895155,
      0.017293670304262744,
      0.0,
      0.0,
      0.0,
      0.0,
      0.0
    ],
    "maximum_execution_share": 0.432078861782956,
    "imbalance_diagnostic": {
      "name": "execution_share_range",
      "definition": "max(per-RSU execution share) - min(per-RSU execution share)",
      "value": 0.432078861782956
    }
  },
  "extension_schema": "joint_seed_cyclic_v2_records",
  "substep_queue_iterations": 3,
  "k_max": 5,
  "n_rsus": 10,
  "max_vehicle_queue_depth": 10,
  "evaluator_seed": 202,
  "round_robin_pointer_final": null
}
[per-step] wrote /Users/akashx/Downloads/diss_mat/traffictwin-traces-raw-2026-09-16/wd_pm/wd_pm/block_02_dla/attempt_001/per_step.npz (T=25200, N=163, R=10; join vehicles on the trace npz pos_x/pos_y/mask for positions)
[per-task] wrote /Users/akashx/Downloads/diss_mat/traffictwin-traces-raw-2026-09-16/wd_pm/wd_pm/block_02_dla/attempt_001/per_task.npz ([T,KMAX,N] = [25200,5,163]; filter on task_active)
