[mc] enter-reset=ON reset_soc_on_enter=False
[mc] substep-queue=sequential (co-batch queueing charged; 3 gate iterations)
[mc] rsu-cap-mode=reject (buffer-full tasks individually failed; enqueued work conserved)
[mc] veh-queue=conserved (helper co-batch pricing + per-task MQD rejection on vehicle queues)
[mc] ABSOLUTE cap override: 6220 tasks/RSU (ratio form would give 538)
[mc] T=10800 maxN=215 RSU_MAX_CONCURRENT=6220 K_MAX=5
[fleet] uk2030: ev_share=0.2279 tier_hist=[86, 82, 47]
{
  "trace": "trace_wd_am_wdrsu.npz",
  "actor": "mappo_modelc_17dim_ukfleet2030__envs128__lr3e-3__seed100_actor_params.npz",
  "model": "C",
  "T": 10800,
  "maxN": 215,
  "rsu_max_concurrent": 6220,
  "fleet": "uk2030",
  "fleet_seed": 101,
  "obs_variant": "onehot17",
  "lambda_arrival": 1.5,
  "rsu_service_mult": 1.0,
  "rsu_lb": "dla",
  "rsu_backhaul_ms": 0.0,
  "k8s_scale": "off",
  "k8s_params": {},
  "k8s_mean_mult": 1.0,
  "k8s_scale_events": 0,
  "k8s_first_scaleup_s": -1.0,
  "rsu_cap_mode": "reject",
  "substep_queue": "sequential",
  "v2i_gate_rejected": 125112.0,
  "v2i_cap_rejected": 0.0,
  "veh_queue_mode": "conserved",
  "local_mqd_rejected": 189.0,
  "v2v_mqd_rejected": 1108.0,
  "v2i_unavailable": 74.0,
  "v2v_unavailable": 0.0,
  "work_ms": {
    "v2i_offered": 6353021.0,
    "v2i_admitted": 5372667.5,
    "v2i_rejected_or_unavailable": 980353.5,
    "veh_offered": 36034188.0,
    "veh_admitted": 36005696.0,
    "veh_rejected": 28492.0
  },
  "enter_reset": true,
  "reset_soc_on_enter": false,
  "engine_version": "v3_enter_reset",
  "fleet_ev_share": 0.2279069721698761,
  "fleet_tier_hist": [
    86,
    82,
    47
  ],
  "completion": 0.8563881054814271,
  "n_offered": 1740970.0,
  "n_admitted": 1614487.0,
  "completion_admitted": 0.9234797183253876,
  "avg_latency_admitted_ms": 63.98135382942074,
  "avg_latency_met_ms": 51.85098856699035,
  "t1_completion": 0.6902438042434247,
  "t2_completion": 0.989512114425815,
  "t3_completion": 0.8427907158442132,
  "total_energy_j": 752865.8125,
  "avg_energy_j_per_task": 0.4324404283244398,
  "avg_latency_ms_per_task": 132.97648092729915,
  "p_local": 0.5751914162794304,
  "p_v2i": 0.22682872191938977,
  "p_v2v": 0.1979798618011798,
  "t1_share": 0.19973807704900143,
  "t2_share": 0.3003434866769674,
  "t3_share": 0.49991843627403115,
  "total_tasks": 1740970.0,
  "wall_s": 188.5,
  "v2i_path_metrics": {
    "schema_version": "e2_native_v2i_path_v1",
    "v2i_attempts": 394902,
    "v2i_admitted_tasks": 269716,
    "ingress_count_per_rsu": [
      100301,
      45436,
      57445,
      39471,
      27749,
      19473,
      55789,
      10659,
      38579
    ],
    "selected_target_count_per_rsu": [
      205892,
      116708,
      50263,
      17210,
      4829,
      0,
      0,
      0,
      0
    ],
    "actual_execution_count_per_rsu": [
      115243,
      85280,
      47223,
      17144,
      4826,
      0,
      0,
      0,
      0
    ],
    "forwarded_admitted_task_count": 221728,
    "forwarded_share_of_admitted_v2i": 0.8220795206810126,
    "total_forwarding_latency_ms": 0.0,
    "mean_forwarding_latency_ms_per_admitted_v2i": 0.0,
    "mean_forwarding_latency_ms_per_forwarded_v2i": 0.0,
    "ingress_to_execution_pair_matrix": [
      [
        29338,
        21677,
        11958,
        4296,
        1260,
        0,
        0,
        0,
        0
      ],
      [
        12813,
        9743,
        5487,
        2026,
        551,
        0,
        0,
        0,
        0
      ],
      [
        17051,
        12622,
        6934,
        2577,
        754,
        0,
        0,
        0,
        0
      ],
      [
        11640,
        8537,
        4729,
        1667,
        462,
        0,
        0,
        0,
        0
      ],
      [
        8263,
        6037,
        3327,
        1145,
        306,
        0,
        0,
        0,
        0
      ],
      [
        5752,
        4277,
        2380,
        811,
        220,
        0,
        0,
        0,
        0
      ],
      [
        16004,
        11827,
        6583,
        2459,
        681,
        0,
        0,
        0,
        0
      ],
      [
        3038,
        2306,
        1254,
        475,
        129,
        0,
        0,
        0,
        0
      ],
      [
        11344,
        8254,
        4571,
        1688,
        463,
        0,
        0,
        0,
        0
      ]
    ],
    "execution_share_per_rsu": [
      0.42727535630070146,
      0.3161844310311587,
      0.17508416260066142,
      0.06356315531892806,
      0.017892894748550325,
      0.0,
      0.0,
      0.0,
      0.0
    ],
    "maximum_execution_share": 0.42727535630070146,
    "imbalance_diagnostic": {
      "name": "execution_share_range",
      "definition": "max(per-RSU execution share) - min(per-RSU execution share)",
      "value": 0.42727535630070146
    }
  },
  "extension_schema": "joint_seed_cyclic_v2_records",
  "substep_queue_iterations": 3,
  "k_max": 5,
  "n_rsus": 9,
  "max_vehicle_queue_depth": 10,
  "evaluator_seed": 201,
  "round_robin_pointer_final": null
}
[per-step] wrote /Users/akashx/Downloads/diss_mat/traffictwin-followups-raw-2026-09-15/09_second_actor/block_01_dla/attempt_001/per_step.npz (T=10800, N=215, R=9; join vehicles on the trace npz pos_x/pos_y/mask for positions)
[per-task] wrote /Users/akashx/Downloads/diss_mat/traffictwin-followups-raw-2026-09-15/09_second_actor/block_01_dla/attempt_001/per_task.npz ([T,KMAX,N] = [10800,5,215]; filter on task_active)
