[mc] enter-reset=ON reset_soc_on_enter=False
[mc] substep-queue=sequential (co-batch queueing charged; 3 gate iterations)
[mc] rsu-cap-mode=reject (buffer-full tasks individually failed; enqueued work conserved)
[mc] veh-queue=conserved (helper co-batch pricing + per-task MQD rejection on vehicle queues)
[mc] ABSOLUTE cap override: 6220 tasks/RSU (ratio form would give 538)
[mc] T=10800 maxN=215 RSU_MAX_CONCURRENT=6220 K_MAX=5
[fleet] uk2030: ev_share=0.2279 tier_hist=[90, 85, 40]
{
  "trace": "trace_wd_am_wdrsu.npz",
  "actor": "mappo_modelc_17dim_ukfleet2030__envs128__lr3e-3__seed100_actor_params.npz",
  "model": "C",
  "T": 10800,
  "maxN": 215,
  "rsu_max_concurrent": 6220,
  "fleet": "uk2030",
  "fleet_seed": 102,
  "obs_variant": "onehot17",
  "lambda_arrival": 1.5,
  "rsu_service_mult": 1.0,
  "rsu_lb": "per_task_dla",
  "rsu_backhaul_ms": 0.0,
  "k8s_scale": "off",
  "k8s_params": {},
  "k8s_mean_mult": 1.0,
  "k8s_scale_events": 0,
  "k8s_first_scaleup_s": -1.0,
  "rsu_cap_mode": "reject",
  "substep_queue": "sequential",
  "v2i_gate_rejected": 2975.0,
  "v2i_cap_rejected": 0.0,
  "veh_queue_mode": "conserved",
  "local_mqd_rejected": 169.0,
  "v2v_mqd_rejected": 1055.0,
  "v2i_unavailable": 65.0,
  "v2v_unavailable": 0.0,
  "work_ms": {
    "v2i_offered": 7273705.5,
    "v2i_admitted": 7248779.5,
    "v2i_rejected_or_unavailable": 24926.0,
    "veh_offered": 35853056.0,
    "veh_admitted": 35828620.0,
    "veh_rejected": 24436.0
  },
  "enter_reset": true,
  "reset_soc_on_enter": false,
  "engine_version": "v3_enter_reset",
  "fleet_ev_share": 0.2279069721698761,
  "fleet_tier_hist": [
    90,
    85,
    40
  ],
  "completion": 0.9225951643506491,
  "n_offered": 1741855.0,
  "n_admitted": 1737591.0,
  "completion_admitted": 0.9248591872310572,
  "avg_latency_admitted_ms": 57.746150849077836,
  "avg_latency_met_ms": 45.96175670975037,
  "t1_completion": 0.7618523584038249,
  "t2_completion": 0.9896425899456777,
  "t3_completion": 0.9465887360221854,
  "total_energy_j": 687023.75,
  "avg_energy_j_per_task": 0.3944207468474701,
  "avg_latency_ms_per_task": 60.941462980558086,
  "p_local": 0.5560790077245236,
  "p_v2i": 0.2598850076498905,
  "p_v2v": 0.18403598462558593,
  "t1_share": 0.19980537989671932,
  "t2_share": 0.3000370294886773,
  "t3_share": 0.5001575906146034,
  "total_tasks": 1741855.0,
  "wall_s": 171.2,
  "v2i_path_metrics": {
    "schema_version": "e2_native_v2i_path_v1",
    "v2i_attempts": 452682,
    "v2i_admitted_tasks": 449642,
    "ingress_count_per_rsu": [
      120996,
      52447,
      60603,
      43924,
      29234,
      20267,
      64324,
      11531,
      49356
    ],
    "selected_target_count_per_rsu": [
      49842,
      50411,
      50444,
      50180,
      50053,
      50333,
      50222,
      50761,
      50436
    ],
    "actual_execution_count_per_rsu": [
      49506,
      50093,
      50084,
      49866,
      49751,
      49972,
      49915,
      50411,
      50044
    ],
    "forwarded_admitted_task_count": 399876,
    "forwarded_share_of_admitted_v2i": 0.8893208374662509,
    "total_forwarding_latency_ms": 0.0,
    "mean_forwarding_latency_ms_per_admitted_v2i": 0.0,
    "mean_forwarding_latency_ms_per_forwarded_v2i": 0.0,
    "ingress_to_execution_pair_matrix": [
      [
        13183,
        13180,
        13416,
        13262,
        13268,
        13481,
        13489,
        13543,
        13276
      ],
      [
        5736,
        5772,
        5769,
        5741,
        5809,
        5788,
        5843,
        5846,
        5877
      ],
      [
        6706,
        6807,
        6755,
        6785,
        6711,
        6528,
        6639,
        6615,
        6688
      ],
      [
        4971,
        4831,
        4877,
        4791,
        4889,
        4871,
        4860,
        4792,
        4870
      ],
      [
        3277,
        3349,
        3217,
        3199,
        3114,
        3200,
        3170,
        3346,
        3185
      ],
      [
        2062,
        2336,
        2182,
        2239,
        2254,
        2350,
        2238,
        2224,
        2259
      ],
      [
        7007,
        6957,
        7128,
        7199,
        7123,
        7092,
        7075,
        7203,
        7215
      ],
      [
        1228,
        1272,
        1242,
        1252,
        1299,
        1305,
        1268,
        1320,
        1268
      ],
      [
        5336,
        5589,
        5498,
        5398,
        5284,
        5357,
        5333,
        5522,
        5406
      ]
    ],
    "execution_share_per_rsu": [
      0.1101009247356786,
      0.11140640776439924,
      0.11138639184061987,
      0.1109015616868531,
      0.11064580266078347,
      0.11113730478914337,
      0.11101053727187407,
      0.11211363707127003,
      0.11129743217937826
    ],
    "maximum_execution_share": 0.11211363707127003,
    "imbalance_diagnostic": {
      "name": "execution_share_range",
      "definition": "max(per-RSU execution share) - min(per-RSU execution share)",
      "value": 0.0020127123355914295
    }
  },
  "extension_schema": "joint_seed_cyclic_v2_records",
  "substep_queue_iterations": 3,
  "k_max": 5,
  "n_rsus": 9,
  "max_vehicle_queue_depth": 10,
  "evaluator_seed": 202,
  "round_robin_pointer_final": null
}
[per-step] wrote /Users/akashx/Downloads/diss_mat/traffictwin-followups-raw-2026-09-15/09_second_actor/block_02_per_task_dla/attempt_001/per_step.npz (T=10800, N=215, R=9; join vehicles on the trace npz pos_x/pos_y/mask for positions)
[per-task] wrote /Users/akashx/Downloads/diss_mat/traffictwin-followups-raw-2026-09-15/09_second_actor/block_02_per_task_dla/attempt_001/per_task.npz ([T,KMAX,N] = [10800,5,215]; filter on task_active)
