[mc] enter-reset=ON reset_soc_on_enter=False
[mc] substep-queue=sequential (co-batch queueing charged; 3 gate iterations)
[mc] rsu-cap-mode=reject (buffer-full tasks individually failed; enqueued work conserved)
[mc] veh-queue=conserved (helper co-batch pricing + per-task MQD rejection on vehicle queues)
[mc] ABSOLUTE cap override: 6220 tasks/RSU (ratio form would give 348)
[mc] T=32400 maxN=139 RSU_MAX_CONCURRENT=6220 K_MAX=5
[fleet] uk2030: ev_share=0.2518 tier_hist=[60, 49, 30]
{
  "trace": "trace_we_wdrsu.npz",
  "actor": "mappo_modelc_17dim__envs128__lr3e-3__seed100_actor_params.npz",
  "model": "C",
  "T": 32400,
  "maxN": 139,
  "rsu_max_concurrent": 6220,
  "fleet": "uk2030",
  "fleet_seed": 107,
  "obs_variant": "onehot17",
  "lambda_arrival": 1.5,
  "rsu_service_mult": 1.0,
  "rsu_lb": "dla",
  "rsu_backhaul_ms": 0.0,
  "k8s_scale": "off",
  "k8s_params": {},
  "k8s_mean_mult": 1.0,
  "k8s_scale_events": 0,
  "k8s_first_scaleup_s": -1.0,
  "rsu_cap_mode": "reject",
  "substep_queue": "sequential",
  "v2i_gate_rejected": 372752.0,
  "v2i_cap_rejected": 0.0,
  "veh_queue_mode": "conserved",
  "local_mqd_rejected": 309.0,
  "v2v_mqd_rejected": 1957.0,
  "v2i_unavailable": 173.0,
  "v2v_unavailable": 10.0,
  "work_ms": {
    "v2i_offered": 18985208.0,
    "v2i_admitted": 16058431.0,
    "v2i_rejected_or_unavailable": 2926777.0,
    "veh_offered": 80358312.0,
    "veh_admitted": 80315664.0,
    "veh_rejected": 42648.0
  },
  "enter_reset": true,
  "reset_soc_on_enter": false,
  "engine_version": "v3_enter_reset",
  "fleet_ev_share": 0.2517985701560974,
  "fleet_tier_hist": [
    60,
    49,
    30
  ],
  "completion": 0.8405672358586107,
  "n_offered": 4151148.0,
  "n_admitted": 3775947.0,
  "completion_admitted": 0.9240910955582798,
  "avg_latency_admitted_ms": 65.63601448855081,
  "avg_latency_met_ms": 53.228729158898915,
  "t1_completion": 0.6574349099698875,
  "t2_completion": 0.9887638012713315,
  "t3_completion": 0.8249024088928918,
  "total_energy_j": 1751941.875,
  "avg_energy_j_per_task": 0.42203792179898186,
  "avg_latency_ms_per_task": 150.79322442851952,
  "p_local": 0.5170694949927105,
  "p_v2i": 0.2846687229653098,
  "p_v2v": 0.19826178204197972,
  "t1_share": 0.19991795040793534,
  "t2_share": 0.29991558961521003,
  "t3_share": 0.5001664599768546,
  "total_tasks": 4151148.0,
  "wall_s": 348.0,
  "v2i_path_metrics": {
    "schema_version": "e2_native_v2i_path_v1",
    "v2i_attempts": 1181702,
    "v2i_admitted_tasks": 808777,
    "ingress_count_per_rsu": [
      345345,
      153346,
      132130,
      112262,
      60297,
      48174,
      203785,
      25265,
      101098
    ],
    "selected_target_count_per_rsu": [
      613922,
      349247,
      151681,
      52199,
      14653,
      0,
      0,
      0,
      0
    ],
    "actual_execution_count_per_rsu": [
      344035,
      255478,
      142601,
      52010,
      14653,
      0,
      0,
      0,
      0
    ],
    "forwarded_admitted_task_count": 653587,
    "forwarded_share_of_admitted_v2i": 0.8081176888066797,
    "total_forwarding_latency_ms": 0.0,
    "mean_forwarding_latency_ms_per_admitted_v2i": 0.0,
    "mean_forwarding_latency_ms_per_forwarded_v2i": 0.0,
    "ingress_to_execution_pair_matrix": [
      [
        100629,
        74578,
        41585,
        15159,
        4266,
        0,
        0,
        0,
        0
      ],
      [
        44524,
        33007,
        18443,
        6728,
        1950,
        0,
        0,
        0,
        0
      ],
      [
        38459,
        28389,
        16004,
        5932,
        1686,
        0,
        0,
        0,
        0
      ],
      [
        32585,
        24513,
        13660,
        4834,
        1343,
        0,
        0,
        0,
        0
      ],
      [
        17512,
        12998,
        7229,
        2668,
        716,
        0,
        0,
        0,
        0
      ],
      [
        13872,
        10412,
        5775,
        2103,
        568,
        0,
        0,
        0,
        0
      ],
      [
        59337,
        44204,
        24717,
        9024,
        2564,
        0,
        0,
        0,
        0
      ],
      [
        7400,
        5351,
        3041,
        1119,
        304,
        0,
        0,
        0,
        0
      ],
      [
        29717,
        22026,
        12147,
        4443,
        1256,
        0,
        0,
        0,
        0
      ]
    ],
    "execution_share_per_rsu": [
      0.42537683440552837,
      0.31588188091402203,
      0.17631683393568315,
      0.06430697213199683,
      0.01811747861276965,
      0.0,
      0.0,
      0.0,
      0.0
    ],
    "maximum_execution_share": 0.42537683440552837,
    "imbalance_diagnostic": {
      "name": "execution_share_range",
      "definition": "max(per-RSU execution share) - min(per-RSU execution share)",
      "value": 0.42537683440552837
    }
  },
  "extension_schema": "joint_seed_cyclic_v2_records",
  "substep_queue_iterations": 3,
  "k_max": 5,
  "n_rsus": 9,
  "max_vehicle_queue_depth": 10,
  "evaluator_seed": 207,
  "round_robin_pointer_final": null
}
[per-step] wrote /Users/akashx/Downloads/diss_mat/traffictwin-traces-raw-2026-09-16/we/we/block_07_dla/attempt_001/per_step.npz (T=32400, N=139, R=9; join vehicles on the trace npz pos_x/pos_y/mask for positions)
[per-task] wrote /Users/akashx/Downloads/diss_mat/traffictwin-traces-raw-2026-09-16/we/we/block_07_dla/attempt_001/per_task.npz ([T,KMAX,N] = [32400,5,139]; filter on task_active)
