[mc] enter-reset=ON reset_soc_on_enter=False
[mc] substep-queue=sequential (co-batch queueing charged; 3 gate iterations)
[mc] rsu-cap-mode=reject (buffer-full tasks individually failed; enqueued work conserved)
[mc] veh-queue=conserved (helper co-batch pricing + per-task MQD rejection on vehicle queues)
[mc] ABSOLUTE cap override: 6220 tasks/RSU (ratio form would give 538)
[mc] T=10800 maxN=215 RSU_MAX_CONCURRENT=6220 K_MAX=5
[fleet] uk2030: ev_share=0.2093 tier_hist=[87, 79, 49]
{
  "trace": "trace_wd_am_wdrsu.npz",
  "actor": "mappo_modelc_17dim__envs128__lr3e-3__seed100_actor_params.npz",
  "model": "C",
  "T": 10800,
  "maxN": 215,
  "rsu_max_concurrent": 6220,
  "fleet": "uk2030",
  "fleet_seed": 104,
  "obs_variant": "onehot17",
  "lambda_arrival": 1.5,
  "rsu_service_mult": 1.0,
  "rsu_lb": "dla_p2c",
  "rsu_backhaul_ms": 0.0,
  "k8s_scale": "off",
  "k8s_params": {},
  "k8s_mean_mult": 1.0,
  "k8s_scale_events": 0,
  "k8s_first_scaleup_s": -1.0,
  "rsu_cap_mode": "reject",
  "substep_queue": "sequential",
  "v2i_gate_rejected": 8927.0,
  "v2i_cap_rejected": 0.0,
  "veh_queue_mode": "conserved",
  "local_mqd_rejected": 226.0,
  "v2v_mqd_rejected": 1723.0,
  "v2i_unavailable": 44.0,
  "v2v_unavailable": 2.0,
  "work_ms": {
    "v2i_offered": 6137505.0,
    "v2i_admitted": 6066616.0,
    "v2i_rejected_or_unavailable": 70889.0,
    "veh_offered": 35223340.0,
    "veh_admitted": 35190980.0,
    "veh_rejected": 32360.0
  },
  "enter_reset": true,
  "reset_soc_on_enter": false,
  "engine_version": "v3_enter_reset",
  "fleet_ev_share": 0.20930232107639313,
  "fleet_tier_hist": [
    87,
    79,
    49
  ],
  "completion": 0.9251045607530668,
  "n_offered": 1743484.0,
  "n_admitted": 1732562.0,
  "completion_admitted": 0.9309363820746386,
  "avg_latency_admitted_ms": 55.50104411847888,
  "avg_latency_met_ms": 43.71393479467173,
  "t1_completion": 0.7766630528930266,
  "t2_completion": 0.9882955866160998,
  "t3_completion": 0.9465561982466083,
  "total_energy_j": 824338.4375,
  "avg_energy_j_per_task": 0.4728110137517752,
  "avg_latency_ms_per_task": 62.78749905361907,
  "p_local": 0.5649997361604695,
  "p_v2i": 0.21882735947103615,
  "p_v2v": 0.21617290436849435,
  "t1_share": 0.19998233422274023,
  "t2_share": 0.30005207962906455,
  "t3_share": 0.4999655861481952,
  "total_tasks": 1743484.0,
  "wall_s": 194.3,
  "v2i_path_metrics": {
    "schema_version": "e2_native_v2i_path_v1",
    "v2i_attempts": 381522,
    "v2i_admitted_tasks": 372551,
    "ingress_count_per_rsu": [
      107098,
      45433,
      48760,
      36649,
      20961,
      15241,
      60731,
      9228,
      37421
    ],
    "selected_target_count_per_rsu": [
      42329,
      42078,
      42503,
      42551,
      42448,
      42149,
      42784,
      42385,
      42295
    ],
    "actual_execution_count_per_rsu": [
      41314,
      41074,
      41475,
      41529,
      41472,
      41168,
      41775,
      41432,
      41312
    ],
    "forwarded_admitted_task_count": 331184,
    "forwarded_share_of_admitted_v2i": 0.8889628534079898,
    "total_forwarding_latency_ms": 0.0,
    "mean_forwarding_latency_ms_per_admitted_v2i": 0.0,
    "mean_forwarding_latency_ms_per_forwarded_v2i": 0.0,
    "ingress_to_execution_pair_matrix": [
      [
        11540,
        11534,
        11735,
        11572,
        11629,
        11518,
        11680,
        11615,
        11658
      ],
      [
        4841,
        4966,
        4947,
        5068,
        4879,
        4881,
        5030,
        4838,
        4923
      ],
      [
        5348,
        5350,
        5298,
        5296,
        5363,
        5258,
        5288,
        5229,
        5238
      ],
      [
        3973,
        3883,
        3977,
        4029,
        3972,
        3945,
        4063,
        4039,
        3962
      ],
      [
        2238,
        2253,
        2235,
        2278,
        2242,
        2258,
        2315,
        2297,
        2292
      ],
      [
        1705,
        1673,
        1728,
        1625,
        1632,
        1652,
        1635,
        1617,
        1673
      ],
      [
        6689,
        6448,
        6520,
        6658,
        6667,
        6603,
        6647,
        6644,
        6598
      ],
      [
        1045,
        985,
        1017,
        1003,
        988,
        983,
        1002,
        1029,
        1004
      ],
      [
        3935,
        3982,
        4018,
        4000,
        4100,
        4070,
        4115,
        4124,
        3964
      ]
    ],
    "execution_share_per_rsu": [
      0.11089488419035246,
      0.110250677088506,
      0.11132703978784113,
      0.11147198638575657,
      0.11131898719906805,
      0.1105029915367292,
      0.1121322986651492,
      0.11121161934876031,
      0.11088951579783707
    ],
    "maximum_execution_share": 0.1121322986651492,
    "imbalance_diagnostic": {
      "name": "execution_share_range",
      "definition": "max(per-RSU execution share) - min(per-RSU execution share)",
      "value": 0.0018816215766432054
    }
  },
  "extension_schema": "joint_seed_cyclic_v2_records",
  "substep_queue_iterations": 3,
  "k_max": 5,
  "n_rsus": 9,
  "max_vehicle_queue_depth": 10,
  "evaluator_seed": 204,
  "round_robin_pointer_final": null
}
[per-step] wrote /Users/akashx/Downloads/diss_mat/traffictwin-followups-raw-2026-09-15/07_two_choice/block_04_dla_p2c/attempt_001/per_step.npz (T=10800, N=215, R=9; join vehicles on the trace npz pos_x/pos_y/mask for positions)
[per-task] wrote /Users/akashx/Downloads/diss_mat/traffictwin-followups-raw-2026-09-15/07_two_choice/block_04_dla_p2c/attempt_001/per_task.npz ([T,KMAX,N] = [10800,5,215]; filter on task_active)
