[mc] enter-reset=ON reset_soc_on_enter=False
[mc] substep-queue=sequential (co-batch queueing charged; 3 gate iterations)
[mc] rsu-cap-mode=reject (buffer-full tasks individually failed; enqueued work conserved)
[mc] veh-queue=conserved (helper co-batch pricing + per-task MQD rejection on vehicle queues)
[mc] ABSOLUTE cap override: 6220 tasks/RSU (ratio form would give 348)
[mc] T=32400 maxN=139 RSU_MAX_CONCURRENT=6220 K_MAX=5
[fleet] uk2030: ev_share=0.2374 tier_hist=[57, 44, 38]
{
  "trace": "trace_we_wdrsu.npz",
  "actor": "mappo_modelc_17dim__envs128__lr3e-3__seed100_actor_params.npz",
  "model": "C",
  "T": 32400,
  "maxN": 139,
  "rsu_max_concurrent": 6220,
  "fleet": "uk2030",
  "fleet_seed": 106,
  "obs_variant": "onehot17",
  "lambda_arrival": 1.5,
  "rsu_service_mult": 1.0,
  "rsu_lb": "dla_p2c",
  "rsu_backhaul_ms": 0.0,
  "k8s_scale": "off",
  "k8s_params": {},
  "k8s_mean_mult": 1.0,
  "k8s_scale_events": 0,
  "k8s_first_scaleup_s": -1.0,
  "rsu_cap_mode": "reject",
  "substep_queue": "sequential",
  "v2i_gate_rejected": 8670.0,
  "v2i_cap_rejected": 0.0,
  "veh_queue_mode": "conserved",
  "local_mqd_rejected": 369.0,
  "v2v_mqd_rejected": 2280.0,
  "v2i_unavailable": 115.0,
  "v2v_unavailable": 10.0,
  "work_ms": {
    "v2i_offered": 15380806.0,
    "v2i_admitted": 15311985.0,
    "v2i_rejected_or_unavailable": 68821.0,
    "veh_offered": 80859280.0,
    "veh_admitted": 80812160.0,
    "veh_rejected": 47120.0
  },
  "enter_reset": true,
  "reset_soc_on_enter": false,
  "engine_version": "v3_enter_reset",
  "fleet_ev_share": 0.23741008341312408,
  "fleet_tier_hist": [
    57,
    44,
    38
  ],
  "completion": 0.9316661130356381,
  "n_offered": 4151381.0,
  "n_admitted": 4139937.0,
  "completion_admitted": 0.9342415114046422,
  "avg_latency_admitted_ms": 53.68858511615032,
  "avg_latency_met_ms": 41.982724104060786,
  "t1_completion": 0.7884225742335722,
  "t2_completion": 0.9884090256166632,
  "t3_completion": 0.9548959104886585,
  "total_energy_j": 2047711.0,
  "avg_energy_j_per_task": 0.4932601946195736,
  "avg_latency_ms_per_task": 57.107589016763335,
  "p_local": 0.5460310677338457,
  "p_v2i": 0.22994372234203508,
  "p_v2v": 0.22402520992411923,
  "t1_share": 0.19996960047752785,
  "t2_share": 0.3001752910657923,
  "t3_share": 0.49985510845667985,
  "total_tasks": 4151381.0,
  "wall_s": 679.0,
  "v2i_path_metrics": {
    "schema_version": "e2_native_v2i_path_v1",
    "v2i_attempts": 954584,
    "v2i_admitted_tasks": 945799,
    "ingress_count_per_rsu": [
      275361,
      120337,
      116530,
      90956,
      52752,
      38916,
      157013,
      21142,
      81577
    ],
    "selected_target_count_per_rsu": [
      106208,
      105720,
      106395,
      105879,
      106005,
      105930,
      106040,
      106115,
      106292
    ],
    "actual_execution_count_per_rsu": [
      105241,
      104693,
      105419,
      104920,
      105019,
      104927,
      105094,
      105142,
      105344
    ],
    "forwarded_admitted_task_count": 841107,
    "forwarded_share_of_admitted_v2i": 0.8893084048513479,
    "total_forwarding_latency_ms": 0.0,
    "mean_forwarding_latency_ms_per_admitted_v2i": 0.0,
    "mean_forwarding_latency_ms_per_forwarded_v2i": 0.0,
    "ingress_to_execution_pair_matrix": [
      [
        30347,
        29976,
        30402,
        30240,
        30252,
        30345,
        30360,
        30459,
        30316
      ],
      [
        13237,
        13238,
        13323,
        13087,
        13355,
        13232,
        13318,
        13225,
        13225
      ],
      [
        13082,
        12868,
        12620,
        12818,
        12678,
        12843,
        12777,
        12954,
        12857
      ],
      [
        10081,
        9977,
        10116,
        9994,
        9867,
        10011,
        10145,
        9959,
        9994
      ],
      [
        5764,
        5752,
        5846,
        5798,
        5858,
        5736,
        5806,
        5794,
        5959
      ],
      [
        4286,
        4250,
        4284,
        4317,
        4333,
        4204,
        4248,
        4365,
        4268
      ],
      [
        17186,
        17292,
        17438,
        17362,
        17304,
        17223,
        17140,
        17189,
        17405
      ],
      [
        2308,
        2393,
        2381,
        2308,
        2253,
        2331,
        2342,
        2309,
        2338
      ],
      [
        8950,
        8947,
        9009,
        8996,
        9119,
        9002,
        8958,
        8888,
        8982
      ]
    ],
    "execution_share_per_rsu": [
      0.11127205674778679,
      0.11069265245575434,
      0.11146025741198712,
      0.11093266116796487,
      0.11103733457108751,
      0.11094006231768061,
      0.11111663260375619,
      0.11116738334466414,
      0.11138095937931844
    ],
    "maximum_execution_share": 0.11146025741198712,
    "imbalance_diagnostic": {
      "name": "execution_share_range",
      "definition": "max(per-RSU execution share) - min(per-RSU execution share)",
      "value": 0.0007676049562327786
    }
  },
  "extension_schema": "joint_seed_cyclic_v2_records",
  "substep_queue_iterations": 3,
  "k_max": 5,
  "n_rsus": 9,
  "max_vehicle_queue_depth": 10,
  "evaluator_seed": 206,
  "round_robin_pointer_final": null
}
[per-step] wrote /Users/akashx/Downloads/diss_mat/traffictwin-traces-raw-2026-09-16/we/we/block_06_dla_p2c/attempt_001/per_step.npz (T=32400, N=139, R=9; join vehicles on the trace npz pos_x/pos_y/mask for positions)
[per-task] wrote /Users/akashx/Downloads/diss_mat/traffictwin-traces-raw-2026-09-16/we/we/block_06_dla_p2c/attempt_001/per_task.npz ([T,KMAX,N] = [32400,5,139]; filter on task_active)
