[mc] enter-reset=ON reset_soc_on_enter=False
[mc] substep-queue=sequential (co-batch queueing charged; 3 gate iterations)
[mc] rsu-cap-mode=reject (buffer-full tasks individually failed; enqueued work conserved)
[mc] veh-queue=conserved (helper co-batch pricing + per-task MQD rejection on vehicle queues)
[mc] ABSOLUTE cap override: 6220 tasks/RSU (ratio form would give 538)
[mc] T=300 maxN=215 RSU_MAX_CONCURRENT=6220 K_MAX=5
[fleet] uk2030: ev_share=0.2140 tier_hist=[78, 75, 62]
{
  "trace": "trace_wd_am_wdrsu.npz",
  "actor": "mappo_modelc_17dim__envs128__lr3e-3__seed100_actor_params.npz",
  "model": "C",
  "T": 300,
  "maxN": 215,
  "rsu_max_concurrent": 6220,
  "fleet": "uk2030",
  "fleet_seed": 1,
  "obs_variant": "onehot17",
  "lambda_arrival": 1.5,
  "rsu_service_mult": 0.5,
  "rsu_lb": "ingress_dla",
  "rsu_backhaul_ms": 0.0,
  "k8s_scale": "off",
  "k8s_params": {},
  "k8s_mean_mult": 1.0,
  "k8s_scale_events": 0,
  "k8s_first_scaleup_s": -1.0,
  "rsu_cap_mode": "reject",
  "substep_queue": "sequential",
  "v2i_gate_rejected": 2308.0,
  "v2i_cap_rejected": 0.0,
  "veh_queue_mode": "conserved",
  "local_mqd_rejected": 0.0,
  "v2v_mqd_rejected": 6.0,
  "v2i_unavailable": 0.0,
  "v2v_unavailable": 0.0,
  "work_ms": {
    "v2i_offered": 284393.53125,
    "v2i_admitted": 247354.59375,
    "v2i_rejected_or_unavailable": 37038.9375,
    "veh_offered": 827980.5,
    "veh_admitted": 827803.125,
    "veh_rejected": 177.375
  },
  "enter_reset": true,
  "reset_soc_on_enter": false,
  "engine_version": "v3_enter_reset",
  "fleet_ev_share": 0.21395349502563477,
  "fleet_tier_hist": [
    78,
    75,
    62
  ],
  "completion": 0.8838014171129247,
  "n_offered": 42763.0,
  "n_admitted": 40449.0,
  "completion_admitted": 0.9343617889193799,
  "avg_latency_admitted_ms": 59.407068159905066,
  "avg_latency_met_ms": 48.794305974493305,
  "t1_completion": 0.7228477597935726,
  "t2_completion": 0.9877579847759554,
  "t3_completion": 0.8860147017772402,
  "total_energy_j": 20793.576171875,
  "avg_energy_j_per_task": 0.48625157664043683,
  "avg_latency_ms_per_task": 112.26893576222436,
  "p_local": 0.5984846713280172,
  "p_v2i": 0.20618291513691742,
  "p_v2v": 0.19533241353506536,
  "t1_share": 0.19937796693403176,
  "t2_share": 0.2979912541215537,
  "t3_share": 0.5026307789444145,
  "total_tasks": 42763.0,
  "wall_s": 8.1,
  "v2i_path_metrics": {
    "schema_version": "e2_native_v2i_path_v1",
    "v2i_attempts": 8817,
    "v2i_admitted_tasks": 6509,
    "ingress_count_per_rsu": [
      2320,
      1296,
      1116,
      689,
      465,
      323,
      1665,
      315,
      628
    ],
    "selected_target_count_per_rsu": [
      2320,
      1296,
      1116,
      689,
      465,
      323,
      1665,
      315,
      628
    ],
    "actual_execution_count_per_rsu": [
      1424,
      994,
      852,
      588,
      389,
      304,
      1133,
      282,
      543
    ],
    "forwarded_admitted_task_count": 0,
    "forwarded_share_of_admitted_v2i": 0.0,
    "total_forwarding_latency_ms": 0.0,
    "mean_forwarding_latency_ms_per_admitted_v2i": 0.0,
    "mean_forwarding_latency_ms_per_forwarded_v2i": 0.0,
    "ingress_to_execution_pair_matrix": [
      [
        1424,
        0,
        0,
        0,
        0,
        0,
        0,
        0,
        0
      ],
      [
        0,
        994,
        0,
        0,
        0,
        0,
        0,
        0,
        0
      ],
      [
        0,
        0,
        852,
        0,
        0,
        0,
        0,
        0,
        0
      ],
      [
        0,
        0,
        0,
        588,
        0,
        0,
        0,
        0,
        0
      ],
      [
        0,
        0,
        0,
        0,
        389,
        0,
        0,
        0,
        0
      ],
      [
        0,
        0,
        0,
        0,
        0,
        304,
        0,
        0,
        0
      ],
      [
        0,
        0,
        0,
        0,
        0,
        0,
        1133,
        0,
        0
      ],
      [
        0,
        0,
        0,
        0,
        0,
        0,
        0,
        282,
        0
      ],
      [
        0,
        0,
        0,
        0,
        0,
        0,
        0,
        0,
        543
      ]
    ],
    "execution_share_per_rsu": [
      0.21877400522353666,
      0.15271163005069904,
      0.13089568290059916,
      0.09033645721308957,
      0.05976340451682286,
      0.046704562912889845,
      0.17406667690889538,
      0.04332462743893071,
      0.0834229528345368
    ],
    "maximum_execution_share": 0.21877400522353666,
    "imbalance_diagnostic": {
      "name": "execution_share_range",
      "definition": "max(per-RSU execution share) - min(per-RSU execution share)",
      "value": 0.17544937778460595
    }
  },
  "extension_schema": "joint_seed_cyclic_v2_records",
  "substep_queue_iterations": 3,
  "k_max": 5,
  "n_rsus": 9,
  "max_vehicle_queue_depth": 10,
  "evaluator_seed": 0,
  "round_robin_pointer_final": null
}
[per-step] wrote /Users/akashx/Downloads/diss_mat/traffictwin-followups-raw-2026-09-15/qualification/07_08_half_speed_ingress_dla/attempt_001/per_step.npz (T=300, N=215, R=9; join vehicles on the trace npz pos_x/pos_y/mask for positions)
[per-task] wrote /Users/akashx/Downloads/diss_mat/traffictwin-followups-raw-2026-09-15/qualification/07_08_half_speed_ingress_dla/attempt_001/per_task.npz ([T,KMAX,N] = [300,5,215]; filter on task_active)
