[mc] enter-reset=off (mask-only reset — no enter channel in trace) reset_soc_on_enter=False
[mc] substep-queue=sequential (co-batch queueing charged; 3 gate iterations)
[mc] rsu-cap-mode=reject (buffer-full tasks individually failed; enqueued work conserved)
[mc] veh-queue=conserved (helper co-batch pricing + per-task MQD rejection on vehicle queues)
[mc] ABSOLUTE cap override: 6220 tasks/RSU (ratio form would give 438)
[mc] T=23400 maxN=175 RSU_MAX_CONCURRENT=6220 K_MAX=5
[fleet] uk2030: ev_share=0.2514 tier_hist=[68, 64, 43]
{
  "trace": "trace_ev_fullrsu.npz",
  "actor": "mappo_modelc_17dim__envs128__lr3e-3__seed100_actor_params.npz",
  "model": "C",
  "T": 23400,
  "maxN": 175,
  "rsu_max_concurrent": 6220,
  "fleet": "uk2030",
  "fleet_seed": 106,
  "obs_variant": "onehot17",
  "lambda_arrival": 1.5,
  "rsu_service_mult": 1.0,
  "rsu_lb": "dla_p2c",
  "rsu_backhaul_ms": 0.0,
  "k8s_scale": "off",
  "k8s_params": {},
  "k8s_mean_mult": 1.0,
  "k8s_scale_events": 0,
  "k8s_first_scaleup_s": -1.0,
  "rsu_cap_mode": "reject",
  "substep_queue": "sequential",
  "v2i_gate_rejected": 1593.0,
  "v2i_cap_rejected": 0.0,
  "veh_queue_mode": "conserved",
  "local_mqd_rejected": 227.0,
  "v2v_mqd_rejected": 1400.0,
  "v2i_unavailable": 70.0,
  "v2v_unavailable": 4.0,
  "work_ms": {
    "v2i_offered": 9439696.0,
    "v2i_admitted": 9425703.0,
    "v2i_rejected_or_unavailable": 13993.0,
    "veh_offered": 55055084.0,
    "veh_admitted": 55028808.0,
    "veh_rejected": 26276.0
  },
  "enter_reset": false,
  "reset_soc_on_enter": false,
  "engine_version": "v2_post_nrsus_fix",
  "fleet_ev_share": 0.2514285743236542,
  "fleet_tier_hist": [
    68,
    64,
    43
  ],
  "completion": 0.9450344603190775,
  "n_offered": 2836741.0,
  "n_admitted": 2833447.0,
  "completion_admitted": 0.9461331021896651,
  "avg_latency_admitted_ms": 49.62250432070902,
  "avg_latency_met_ms": 40.460871271380604,
  "t1_completion": 0.8372855572203309,
  "t2_completion": 0.991583470476365,
  "t3_completion": 0.9601373558021338,
  "total_energy_j": 1356135.375,
  "avg_energy_j_per_task": 0.4780610478714835,
  "avg_latency_ms_per_task": 51.431109149548725,
  "p_local": 0.5994456314482006,
  "p_v2i": 0.2064693251868958,
  "p_v2v": 0.1940850433649036,
  "t1_share": 0.1997514048691791,
  "t2_share": 0.30009824654418576,
  "t3_share": 0.5001503485866352,
  "total_tasks": 2836741.0,
  "wall_s": 676.4,
  "v2i_path_metrics": {
    "schema_version": "e2_native_v2i_path_v1",
    "v2i_attempts": 585700,
    "v2i_admitted_tasks": 584037,
    "ingress_count_per_rsu": [
      148100,
      32275,
      106077,
      40045,
      34898,
      49883,
      45710,
      47246,
      17147,
      42484,
      4774,
      17061
    ],
    "selected_target_count_per_rsu": [
      48911,
      48985,
      48624,
      49041,
      48731,
      48824,
      48628,
      48783,
      48842,
      48885,
      48870,
      48576
    ],
    "actual_execution_count_per_rsu": [
      48765,
      48842,
      48489,
      48890,
      48598,
      48671,
      48484,
      48642,
      48717,
      48752,
      48732,
      48455
    ],
    "forwarded_admitted_task_count": 535479,
    "forwarded_share_of_admitted_v2i": 0.9168580072837851,
    "total_forwarding_latency_ms": 0.0,
    "mean_forwarding_latency_ms_per_admitted_v2i": 0.0,
    "mean_forwarding_latency_ms_per_forwarded_v2i": 0.0,
    "ingress_to_execution_pair_matrix": [
      [
        12323,
        12365,
        12292,
        12224,
        12218,
        12198,
        12366,
        12294,
        12401,
        12346,
        12405,
        12179
      ],
      [
        2735,
        2673,
        2668,
        2715,
        2724,
        2699,
        2660,
        2675,
        2722,
        2723,
        2697,
        2500
      ],
      [
        8844,
        8836,
        8827,
        8780,
        8715,
        8827,
        8806,
        8803,
        8769,
        8848,
        8887,
        8840
      ],
      [
        3325,
        3279,
        3278,
        3372,
        3316,
        3305,
        3326,
        3348,
        3358,
        3353,
        3299,
        3373
      ],
      [
        2838,
        2862,
        2912,
        2930,
        2910,
        2977,
        2978,
        2921,
        2870,
        2906,
        2794,
        2909
      ],
      [
        4188,
        4168,
        4107,
        4171,
        4122,
        4203,
        4046,
        4148,
        4119,
        4164,
        4101,
        4231
      ],
      [
        3742,
        3875,
        3824,
        3821,
        3877,
        3774,
        3722,
        3795,
        3812,
        3796,
        3769,
        3769
      ],
      [
        3897,
        3978,
        3813,
        4034,
        3970,
        3996,
        3859,
        3868,
        3906,
        3952,
        3985,
        3856
      ],
      [
        1481,
        1479,
        1424,
        1393,
        1373,
        1364,
        1336,
        1470,
        1443,
        1436,
        1438,
        1461
      ],
      [
        3528,
        3554,
        3556,
        3563,
        3525,
        3501,
        3529,
        3501,
        3486,
        3462,
        3621,
        3541
      ],
      [
        392,
        389,
        376,
        411,
        404,
        430,
        376,
        391,
        392,
        416,
        372,
        413
      ],
      [
        1472,
        1384,
        1412,
        1476,
        1444,
        1397,
        1480,
        1428,
        1439,
        1350,
        1364,
        1383
      ]
    ],
    "execution_share_per_rsu": [
      0.08349642231570945,
      0.08362826327784027,
      0.08302384951638338,
      0.08371044985163612,
      0.08321048152771143,
      0.0833354736086926,
      0.08301528841494632,
      0.08328581922035762,
      0.08341423574191362,
      0.08347416345197307,
      0.08343991904622482,
      0.08296563402661133
    ],
    "maximum_execution_share": 0.08371044985163612,
    "imbalance_diagnostic": {
      "name": "execution_share_range",
      "definition": "max(per-RSU execution share) - min(per-RSU execution share)",
      "value": 0.0007448158250247805
    }
  },
  "extension_schema": "joint_seed_cyclic_v2_records",
  "substep_queue_iterations": 3,
  "k_max": 5,
  "n_rsus": 12,
  "max_vehicle_queue_depth": 10,
  "evaluator_seed": 206,
  "round_robin_pointer_final": null
}
[per-step] wrote /Users/akashx/Downloads/diss_mat/traffictwin-traces-raw-2026-09-16/ev/ev/block_06_dla_p2c/attempt_001/per_step.npz (T=23400, N=175, R=12; join vehicles on the trace npz pos_x/pos_y/mask for positions)
[per-task] wrote /Users/akashx/Downloads/diss_mat/traffictwin-traces-raw-2026-09-16/ev/ev/block_06_dla_p2c/attempt_001/per_task.npz ([T,KMAX,N] = [23400,5,175]; filter on task_active)
