[mc] enter-reset=ON reset_soc_on_enter=False
[mc] substep-queue=sequential (co-batch queueing charged; 3 gate iterations)
[mc] rsu-cap-mode=reject (buffer-full tasks individually failed; enqueued work conserved)
[mc] veh-queue=conserved (helper co-batch pricing + per-task MQD rejection on vehicle queues)
[mc] ABSOLUTE cap override: 6220 tasks/RSU (ratio form would give 348)
[mc] T=32400 maxN=139 RSU_MAX_CONCURRENT=6220 K_MAX=5
[fleet] uk2030: ev_share=0.2158 tier_hist=[62, 48, 29]
{
  "trace": "trace_we_wdrsu.npz",
  "actor": "mappo_modelc_17dim__envs128__lr3e-3__seed100_actor_params.npz",
  "model": "C",
  "T": 32400,
  "maxN": 139,
  "rsu_max_concurrent": 6220,
  "fleet": "uk2030",
  "fleet_seed": 101,
  "obs_variant": "onehot17",
  "lambda_arrival": 1.5,
  "rsu_service_mult": 1.0,
  "rsu_lb": "causal_round_robin",
  "rsu_backhaul_ms": 0.0,
  "k8s_scale": "off",
  "k8s_params": {},
  "k8s_mean_mult": 1.0,
  "k8s_scale_events": 0,
  "k8s_first_scaleup_s": -1.0,
  "rsu_cap_mode": "reject",
  "substep_queue": "sequential",
  "v2i_gate_rejected": 14792.0,
  "v2i_cap_rejected": 0.0,
  "veh_queue_mode": "conserved",
  "local_mqd_rejected": 515.0,
  "v2v_mqd_rejected": 3626.0,
  "v2i_unavailable": 156.0,
  "v2v_unavailable": 20.0,
  "work_ms": {
    "v2i_offered": 16803046.0,
    "v2i_admitted": 16684704.0,
    "v2i_rejected_or_unavailable": 118342.0,
    "veh_offered": 81139960.0,
    "veh_admitted": 81073968.0,
    "veh_rejected": 65992.0
  },
  "enter_reset": true,
  "reset_soc_on_enter": false,
  "engine_version": "v3_enter_reset",
  "fleet_ev_share": 0.2158273458480835,
  "fleet_tier_hist": [
    62,
    48,
    29
  ],
  "completion": 0.9262463109283372,
  "n_offered": 4145013.0,
  "n_admitted": 4125904.0,
  "completion_admitted": 0.9305361927955668,
  "avg_latency_admitted_ms": 55.44475489492727,
  "avg_latency_met_ms": 43.45110349456659,
  "t1_completion": 0.774072509084763,
  "t2_completion": 0.9881289305012936,
  "t3_completion": 0.9499425752331947,
  "total_energy_j": 1899775.375,
  "avg_energy_j_per_task": 0.45832796543702037,
  "avg_latency_ms_per_task": 61.00939514544345,
  "p_local": 0.5291293416932589,
  "p_v2i": 0.2519174246256887,
  "p_v2v": 0.21895323368105238,
  "t1_share": 0.19983290764106168,
  "t2_share": 0.29980243729030526,
  "t3_share": 0.500364655068633,
  "total_tasks": 4145013.0,
  "wall_s": 533.7,
  "v2i_path_metrics": {
    "schema_version": "e2_native_v2i_path_v1",
    "v2i_attempts": 1044201,
    "v2i_admitted_tasks": 1029253,
    "ingress_count_per_rsu": [
      299349,
      127495,
      127455,
      98831,
      58863,
      43346,
      171659,
      23635,
      93568
    ],
    "selected_target_count_per_rsu": [
      116021,
      116029,
      116026,
      116024,
      116025,
      116024,
      116019,
      116019,
      116014
    ],
    "actual_execution_count_per_rsu": [
      114395,
      114308,
      114404,
      114326,
      114444,
      114359,
      114412,
      114284,
      114321
    ],
    "forwarded_admitted_task_count": 914844,
    "forwarded_share_of_admitted_v2i": 0.8888426849375226,
    "total_forwarding_latency_ms": 0.0,
    "mean_forwarding_latency_ms_per_admitted_v2i": 0.0,
    "mean_forwarding_latency_ms_per_forwarded_v2i": 0.0,
    "ingress_to_execution_pair_matrix": [
      [
        32788,
        32620,
        32831,
        32826,
        32832,
        32696,
        32816,
        32616,
        32829
      ],
      [
        13922,
        13963,
        14007,
        13966,
        13832,
        14056,
        13999,
        13946,
        13869
      ],
      [
        14110,
        13940,
        13948,
        13808,
        14111,
        13813,
        13815,
        14108,
        13945
      ],
      [
        10906,
        10893,
        10729,
        10864,
        10800,
        10833,
        10777,
        10777,
        10901
      ],
      [
        6521,
        6425,
        6346,
        6538,
        6344,
        6492,
        6552,
        6570,
        6339
      ],
      [
        4838,
        4733,
        4847,
        4717,
        4666,
        4759,
        4677,
        4689,
        4801
      ],
      [
        18536,
        18690,
        18776,
        18801,
        18968,
        18998,
        18924,
        18772,
        18803
      ],
      [
        2536,
        2584,
        2682,
        2460,
        2569,
        2618,
        2570,
        2642,
        2657
      ],
      [
        10238,
        10460,
        10238,
        10346,
        10322,
        10094,
        10282,
        10164,
        10177
      ]
    ],
    "execution_share_per_rsu": [
      0.11114371296464523,
      0.11105918564240279,
      0.11115245717039444,
      0.11107667405390123,
      0.11119132030705764,
      0.11110873614164836,
      0.11116022979772709,
      0.11103586776040487,
      0.11107181616181833
    ],
    "maximum_execution_share": 0.11119132030705764,
    "imbalance_diagnostic": {
      "name": "execution_share_range",
      "definition": "max(per-RSU execution share) - min(per-RSU execution share)",
      "value": 0.0001554525466527651
    }
  },
  "extension_schema": "joint_seed_cyclic_v2_records",
  "substep_queue_iterations": 3,
  "k_max": 5,
  "n_rsus": 9,
  "max_vehicle_queue_depth": 10,
  "evaluator_seed": 201,
  "round_robin_pointer_final": 0
}
[per-step] wrote /Users/akashx/Downloads/diss_mat/traffictwin-traces-raw-2026-09-16/we/we/block_01_causal_round_robin/attempt_001/per_step.npz (T=32400, N=139, R=9; join vehicles on the trace npz pos_x/pos_y/mask for positions)
[per-task] wrote /Users/akashx/Downloads/diss_mat/traffictwin-traces-raw-2026-09-16/we/we/block_01_causal_round_robin/attempt_001/per_task.npz ([T,KMAX,N] = [32400,5,139]; filter on task_active)
