[mc] enter-reset=ON reset_soc_on_enter=False
[mc] substep-queue=sequential (co-batch queueing charged; 3 gate iterations)
[mc] rsu-cap-mode=reject (buffer-full tasks individually failed; enqueued work conserved)
[mc] veh-queue=conserved (helper co-batch pricing + per-task MQD rejection on vehicle queues)
[mc] ABSOLUTE cap override: 6220 tasks/RSU (ratio form would give 538)
[mc] T=10800 maxN=215 RSU_MAX_CONCURRENT=6220 K_MAX=5
[fleet] uk2030: ev_share=0.2093 tier_hist=[87, 79, 49]
{
  "trace": "trace_wd_am_wdrsu.npz",
  "actor": "mappo_modelc_17dim__envs128__lr3e-3__seed100_actor_params.npz",
  "model": "C",
  "T": 10800,
  "maxN": 215,
  "rsu_max_concurrent": 6220,
  "fleet": "uk2030",
  "fleet_seed": 104,
  "obs_variant": "onehot17",
  "lambda_arrival": 1.5,
  "rsu_service_mult": 0.5,
  "rsu_lb": "causal_round_robin",
  "rsu_backhaul_ms": 0.0,
  "k8s_scale": "off",
  "k8s_params": {},
  "k8s_mean_mult": 1.0,
  "k8s_scale_events": 0,
  "k8s_first_scaleup_s": -1.0,
  "rsu_cap_mode": "reject",
  "substep_queue": "sequential",
  "v2i_gate_rejected": 53857.0,
  "v2i_cap_rejected": 0.0,
  "veh_queue_mode": "conserved",
  "local_mqd_rejected": 226.0,
  "v2v_mqd_rejected": 1723.0,
  "v2i_unavailable": 44.0,
  "v2v_unavailable": 2.0,
  "work_ms": {
    "v2i_offered": 12275010.0,
    "v2i_admitted": 11430087.0,
    "v2i_rejected_or_unavailable": 844923.0,
    "veh_offered": 35223340.0,
    "veh_admitted": 35190980.0,
    "veh_rejected": 32360.0
  },
  "enter_reset": true,
  "reset_soc_on_enter": false,
  "engine_version": "v3_enter_reset",
  "fleet_ev_share": 0.20930232107639313,
  "fleet_tier_hist": [
    87,
    79,
    49
  ],
  "completion": 0.8951524648347791,
  "n_offered": 1743484.0,
  "n_admitted": 1687632.0,
  "completion_admitted": 0.9247774396313888,
  "avg_latency_admitted_ms": 61.4951695630327,
  "avg_latency_met_ms": 49.08546252796851,
  "t1_completion": 0.7187967854623049,
  "t2_completion": 0.9882669133839002,
  "t3_completion": 0.9098111467255261,
  "total_energy_j": 824240.25,
  "avg_energy_j_per_task": 0.4727546969172072,
  "avg_latency_ms_per_task": 92.9364513812573,
  "p_local": 0.5649997361604695,
  "p_v2i": 0.21882735947103615,
  "p_v2v": 0.21617290436849435,
  "t1_share": 0.19998233422274023,
  "t2_share": 0.30005207962906455,
  "t3_share": 0.4999655861481952,
  "total_tasks": 1743484.0,
  "wall_s": 185.9,
  "v2i_path_metrics": {
    "schema_version": "e2_native_v2i_path_v1",
    "v2i_attempts": 381522,
    "v2i_admitted_tasks": 327621,
    "ingress_count_per_rsu": [
      107098,
      45433,
      48760,
      36649,
      20961,
      15241,
      60731,
      9228,
      37421
    ],
    "selected_target_count_per_rsu": [
      42394,
      42390,
      42391,
      42391,
      42389,
      42393,
      42391,
      42390,
      42393
    ],
    "actual_execution_count_per_rsu": [
      36407,
      36407,
      36487,
      36408,
      36417,
      36349,
      36390,
      36346,
      36410
    ],
    "forwarded_admitted_task_count": 291061,
    "forwarded_share_of_admitted_v2i": 0.888407641756786,
    "total_forwarding_latency_ms": 0.0,
    "mean_forwarding_latency_ms_per_admitted_v2i": 0.0,
    "mean_forwarding_latency_ms_per_forwarded_v2i": 0.0,
    "ingress_to_execution_pair_matrix": [
      [
        10256,
        10155,
        10262,
        10369,
        10147,
        10045,
        10170,
        10097,
        10226
      ],
      [
        4193,
        4367,
        4314,
        4387,
        4417,
        4521,
        4265,
        4314,
        4339
      ],
      [
        4686,
        4607,
        4700,
        4590,
        4622,
        4648,
        4644,
        4540,
        4777
      ],
      [
        3485,
        3570,
        3481,
        3517,
        3491,
        3485,
        3543,
        3529,
        3525
      ],
      [
        1999,
        1985,
        1994,
        1995,
        2098,
        1948,
        1948,
        2026,
        2014
      ],
      [
        1431,
        1480,
        1491,
        1514,
        1463,
        1448,
        1531,
        1446,
        1419
      ],
      [
        5971,
        5796,
        5790,
        5606,
        5846,
        5890,
        5852,
        5950,
        5844
      ],
      [
        918,
        923,
        840,
        898,
        902,
        861,
        850,
        911,
        855
      ],
      [
        3468,
        3524,
        3615,
        3532,
        3431,
        3503,
        3587,
        3533,
        3411
      ]
    ],
    "execution_share_per_rsu": [
      0.11112535521227272,
      0.11112535521227272,
      0.11136953980361454,
      0.11112840751966449,
      0.11115587828619045,
      0.11094832138354989,
      0.11107346598661258,
      0.11093916446137457,
      0.11113451213444804
    ],
    "maximum_execution_share": 0.11136953980361454,
    "imbalance_diagnostic": {
      "name": "execution_share_range",
      "definition": "max(per-RSU execution share) - min(per-RSU execution share)",
      "value": 0.0004303753422399692
    }
  },
  "extension_schema": "joint_seed_cyclic_v2_records",
  "substep_queue_iterations": 3,
  "k_max": 5,
  "n_rsus": 9,
  "max_vehicle_queue_depth": 10,
  "evaluator_seed": 204,
  "round_robin_pointer_final": 4
}
[per-step] wrote /Users/akashx/Downloads/diss_mat/traffictwin-followups-raw-2026-09-15/08_half_speed/block_04_causal_round_robin/attempt_001/per_step.npz (T=10800, N=215, R=9; join vehicles on the trace npz pos_x/pos_y/mask for positions)
[per-task] wrote /Users/akashx/Downloads/diss_mat/traffictwin-followups-raw-2026-09-15/08_half_speed/block_04_causal_round_robin/attempt_001/per_task.npz ([T,KMAX,N] = [10800,5,215]; filter on task_active)
