[mc] enter-reset=ON reset_soc_on_enter=False
[mc] substep-queue=sequential (co-batch queueing charged; 3 gate iterations)
[mc] rsu-cap-mode=reject (buffer-full tasks individually failed; enqueued work conserved)
[mc] veh-queue=conserved (helper co-batch pricing + per-task MQD rejection on vehicle queues)
[mc] ABSOLUTE cap override: 6220 tasks/RSU (ratio form would give 538)
[mc] T=10800 maxN=215 RSU_MAX_CONCURRENT=6220 K_MAX=5
[fleet] uk2030: ev_share=0.2419 tier_hist=[93, 74, 48]
{
  "trace": "trace_wd_am_wdrsu.npz",
  "actor": "mappo_modelc_17dim__envs128__lr3e-3__seed100_actor_params.npz",
  "model": "C",
  "T": 10800,
  "maxN": 215,
  "rsu_max_concurrent": 6220,
  "fleet": "uk2030",
  "fleet_seed": 100,
  "obs_variant": "onehot17",
  "lambda_arrival": 1.5,
  "rsu_service_mult": 1.0,
  "rsu_lb": "causal_round_robin",
  "rsu_backhaul_ms": 0.0,
  "k8s_scale": "off",
  "k8s_params": {},
  "k8s_mean_mult": 1.0,
  "k8s_scale_events": 0,
  "k8s_first_scaleup_s": -1.0,
  "rsu_cap_mode": "reject",
  "substep_queue": "sequential",
  "v2i_gate_rejected": 15844.0,
  "v2i_cap_rejected": 0.0,
  "veh_queue_mode": "conserved",
  "local_mqd_rejected": 269.0,
  "v2v_mqd_rejected": 2037.0,
  "v2i_unavailable": 50.0,
  "v2v_unavailable": 1.0,
  "work_ms": {
    "v2i_offered": 7327502.0,
    "v2i_admitted": 7202772.5,
    "v2i_rejected_or_unavailable": 124729.5,
    "veh_offered": 34616992.0,
    "veh_admitted": 34577516.0,
    "veh_rejected": 39476.0
  },
  "enter_reset": true,
  "reset_soc_on_enter": false,
  "engine_version": "v3_enter_reset",
  "fleet_ev_share": 0.24186046421527863,
  "fleet_tier_hist": [
    93,
    74,
    48
  ],
  "completion": 0.9129215978578155,
  "n_offered": 1744761.0,
  "n_admitted": 1726560.0,
  "completion_admitted": 0.9225454082105459,
  "avg_latency_admitted_ms": 58.62612825502734,
  "avg_latency_met_ms": 45.65136518021383,
  "t1_completion": 0.7402840284889007,
  "t2_completion": 0.9868210107140195,
  "t3_completion": 0.9375688158010818,
  "total_energy_j": 782481.1875,
  "avg_energy_j_per_task": 0.4484747122958388,
  "avg_latency_ms_per_task": 70.11764247366831,
  "p_local": 0.5131631209088237,
  "p_v2i": 0.2607199496091442,
  "p_v2v": 0.22611692948203221,
  "t1_share": 0.1998136134404655,
  "t2_share": 0.2999453793384882,
  "t3_share": 0.5002410072210464,
  "total_tasks": 1744761.0,
  "wall_s": 174.5,
  "v2i_path_metrics": {
    "schema_version": "e2_native_v2i_path_v1",
    "v2i_attempts": 454894,
    "v2i_admitted_tasks": 439000,
    "ingress_count_per_rsu": [
      128011,
      53536,
      58072,
      44247,
      24546,
      18372,
      73675,
      11193,
      43242
    ],
    "selected_target_count_per_rsu": [
      50545,
      50541,
      50545,
      50550,
      50542,
      50542,
      50542,
      50543,
      50544
    ],
    "actual_execution_count_per_rsu": [
      48744,
      48715,
      48827,
      48789,
      48807,
      48781,
      48820,
      48771,
      48746
    ],
    "forwarded_admitted_task_count": 390011,
    "forwarded_share_of_admitted_v2i": 0.8884077448747153,
    "total_forwarding_latency_ms": 0.0,
    "mean_forwarding_latency_ms_per_admitted_v2i": 0.0,
    "mean_forwarding_latency_ms_per_forwarded_v2i": 0.0,
    "ingress_to_execution_pair_matrix": [
      [
        13715,
        13557,
        13830,
        13777,
        13764,
        13558,
        13822,
        13799,
        13657
      ],
      [
        5814,
        5805,
        5750,
        5670,
        5648,
        5800,
        5717,
        5792,
        5801
      ],
      [
        6094,
        6252,
        6270,
        6343,
        6247,
        6213,
        6204,
        6129,
        6203
      ],
      [
        4756,
        4679,
        4686,
        4836,
        4865,
        4768,
        4774,
        4729,
        4687
      ],
      [
        2655,
        2683,
        2609,
        2645,
        2555,
        2693,
        2602,
        2616,
        2633
      ],
      [
        2014,
        2020,
        2052,
        1962,
        1924,
        1982,
        1883,
        2016,
        1966
      ],
      [
        7938,
        7845,
        7946,
        7783,
        7993,
        7986,
        7964,
        7916,
        7925
      ],
      [
        1178,
        1249,
        1223,
        1189,
        1129,
        1211,
        1232,
        1209,
        1221
      ],
      [
        4580,
        4625,
        4461,
        4584,
        4682,
        4570,
        4622,
        4565,
        4653
      ]
    ],
    "execution_share_per_rsu": [
      0.11103416856492028,
      0.11096810933940775,
      0.11122323462414578,
      0.11113667425968109,
      0.11117767653758542,
      0.11111845102505695,
      0.11120728929384965,
      0.11109567198177676,
      0.11103872437357631
    ],
    "maximum_execution_share": 0.11122323462414578,
    "imbalance_diagnostic": {
      "name": "execution_share_range",
      "definition": "max(per-RSU execution share) - min(per-RSU execution share)",
      "value": 0.00025512528473803364
    }
  },
  "extension_schema": "joint_seed_cyclic_v2_records",
  "substep_queue_iterations": 3,
  "k_max": 5,
  "n_rsus": 9,
  "max_vehicle_queue_depth": 10,
  "evaluator_seed": 200,
  "round_robin_pointer_final": 2
}
[per-step] wrote /Users/akashx/Downloads/diss_mat/traffictwin-joint-confirmation-raw-2026-09-08/campaign/block_00_causal_round_robin/attempt_001/per_step.npz (T=10800, N=215, R=9; join vehicles on the trace npz pos_x/pos_y/mask for positions)
[per-task] wrote /Users/akashx/Downloads/diss_mat/traffictwin-joint-confirmation-raw-2026-09-08/campaign/block_00_causal_round_robin/attempt_001/per_task.npz ([T,KMAX,N] = [10800,5,215]; filter on task_active)
