[mc] enter-reset=off (mask-only reset — no enter channel in trace) reset_soc_on_enter=False
[mc] substep-queue=sequential (co-batch queueing charged; 3 gate iterations)
[mc] rsu-cap-mode=reject (buffer-full tasks individually failed; enqueued work conserved)
[mc] veh-queue=conserved (helper co-batch pricing + per-task MQD rejection on vehicle queues)
[mc] ABSOLUTE cap override: 6220 tasks/RSU (ratio form would give 408)
[mc] T=300 maxN=163 RSU_MAX_CONCURRENT=6220 K_MAX=5
[fleet] uk2030: ev_share=0.1902 tier_hist=[63, 49, 51]
{
  "trace": "trace_wd_pm_fullrsu.npz",
  "actor": "mappo_modelc_17dim__envs128__lr3e-3__seed100_actor_params.npz",
  "model": "C",
  "T": 300,
  "maxN": 163,
  "rsu_max_concurrent": 6220,
  "fleet": "uk2030",
  "fleet_seed": 1,
  "obs_variant": "onehot17",
  "lambda_arrival": 1.5,
  "rsu_service_mult": 1.0,
  "rsu_lb": "causal_round_robin",
  "rsu_backhaul_ms": 0.0,
  "k8s_scale": "off",
  "k8s_params": {},
  "k8s_mean_mult": 1.0,
  "k8s_scale_events": 0,
  "k8s_first_scaleup_s": -1.0,
  "rsu_cap_mode": "reject",
  "substep_queue": "sequential",
  "v2i_gate_rejected": 25.0,
  "v2i_cap_rejected": 0.0,
  "veh_queue_mode": "conserved",
  "local_mqd_rejected": 3.0,
  "v2v_mqd_rejected": 22.0,
  "v2i_unavailable": 0.0,
  "v2v_unavailable": 3.0,
  "work_ms": {
    "v2i_offered": 155205.734375,
    "v2i_admitted": 155034.75,
    "v2i_rejected_or_unavailable": 170.984375,
    "veh_offered": 877354.625,
    "veh_admitted": 876869.8125,
    "veh_rejected": 484.8125
  },
  "enter_reset": false,
  "reset_soc_on_enter": false,
  "engine_version": "v2_post_nrsus_fix",
  "fleet_ev_share": 0.19018404185771942,
  "fleet_tier_hist": [
    63,
    49,
    51
  ],
  "completion": 0.9354260873364353,
  "n_offered": 45777.0,
  "n_admitted": 45724.0,
  "completion_admitted": 0.9365103665471087,
  "avg_latency_admitted_ms": 52.69335031930715,
  "avg_latency_met_ms": 41.02393393428458,
  "t1_completion": 0.8082308925708177,
  "t2_completion": 0.9883558110398702,
  "t3_completion": 0.9560670371504836,
  "total_energy_j": 23146.49609375,
  "avg_energy_j_per_task": 0.5056359327555322,
  "avg_latency_ms_per_task": 54.751310701880854,
  "p_local": 0.5628153876400812,
  "p_v2i": 0.20947200559232804,
  "p_v2v": 0.22771260676759073,
  "t1_share": 0.20436026825698494,
  "t2_share": 0.29641523035585554,
  "t3_share": 0.4992245013871595,
  "total_tasks": 45777.0,
  "wall_s": 9.1,
  "v2i_path_metrics": {
    "schema_version": "e2_native_v2i_path_v1",
    "v2i_attempts": 9589,
    "v2i_admitted_tasks": 9564,
    "ingress_count_per_rsu": [
      2348,
      495,
      1998,
      679,
      789,
      1225,
      1076,
      158,
      80,
      741
    ],
    "selected_target_count_per_rsu": [
      959,
      959,
      959,
      959,
      959,
      959,
      959,
      959,
      959,
      958
    ],
    "actual_execution_count_per_rsu": [
      954,
      952,
      956,
      959,
      959,
      956,
      957,
      956,
      958,
      957
    ],
    "forwarded_admitted_task_count": 8622,
    "forwarded_share_of_admitted_v2i": 0.9015056461731493,
    "total_forwarding_latency_ms": 0.0,
    "mean_forwarding_latency_ms_per_admitted_v2i": 0.0,
    "mean_forwarding_latency_ms_per_forwarded_v2i": 0.0,
    "ingress_to_execution_pair_matrix": [
      [
        219,
        237,
        232,
        239,
        232,
        224,
        244,
        236,
        241,
        241
      ],
      [
        43,
        59,
        47,
        52,
        51,
        45,
        43,
        39,
        53,
        62
      ],
      [
        212,
        186,
        208,
        181,
        204,
        205,
        195,
        198,
        201,
        199
      ],
      [
        73,
        66,
        64,
        66,
        79,
        60,
        70,
        72,
        65,
        61
      ],
      [
        78,
        78,
        80,
        82,
        72,
        74,
        77,
        94,
        85,
        69
      ],
      [
        122,
        116,
        116,
        135,
        128,
        126,
        126,
        128,
        113,
        112
      ],
      [
        112,
        108,
        116,
        110,
        99,
        111,
        104,
        99,
        98,
        116
      ],
      [
        19,
        9,
        11,
        18,
        11,
        15,
        13,
        18,
        18,
        25
      ],
      [
        7,
        8,
        7,
        4,
        13,
        11,
        7,
        9,
        6,
        8
      ],
      [
        69,
        85,
        75,
        72,
        70,
        85,
        78,
        63,
        78,
        64
      ]
    ],
    "execution_share_per_rsu": [
      0.09974905897114178,
      0.09953994144709327,
      0.0999581764951903,
      0.10027185278126308,
      0.10027185278126308,
      0.0999581764951903,
      0.10006273525721456,
      0.0999581764951903,
      0.10016729401923881,
      0.10006273525721456
    ],
    "maximum_execution_share": 0.10027185278126308,
    "imbalance_diagnostic": {
      "name": "execution_share_range",
      "definition": "max(per-RSU execution share) - min(per-RSU execution share)",
      "value": 0.0007319113341698047
    }
  },
  "extension_schema": "joint_seed_cyclic_v2_records",
  "substep_queue_iterations": 3,
  "k_max": 5,
  "n_rsus": 10,
  "max_vehicle_queue_depth": 10,
  "evaluator_seed": 0,
  "round_robin_pointer_final": 9
}
[per-step] wrote /Users/akashx/Downloads/diss_mat/traffictwin-traces-raw-2026-09-16/wd_pm/qualification/04_causal_round_robin/attempt_001/per_step.npz (T=300, N=163, R=10; join vehicles on the trace npz pos_x/pos_y/mask for positions)
[per-task] wrote /Users/akashx/Downloads/diss_mat/traffictwin-traces-raw-2026-09-16/wd_pm/qualification/04_causal_round_robin/attempt_001/per_task.npz ([T,KMAX,N] = [300,5,163]; filter on task_active)
