[mc] enter-reset=ON reset_soc_on_enter=False
[mc] substep-queue=sequential (co-batch queueing charged; 3 gate iterations)
[mc] rsu-cap-mode=reject (buffer-full tasks individually failed; enqueued work conserved)
[mc] veh-queue=conserved (helper co-batch pricing + per-task MQD rejection on vehicle queues)
[mc] ABSOLUTE cap override: 6220 tasks/RSU (ratio form would give 538)
[mc] T=10800 maxN=215 RSU_MAX_CONCURRENT=6220 K_MAX=5
[fleet] uk2030: ev_share=0.2186 tier_hist=[86, 81, 48]
{
  "trace": "trace_wd_am_wdrsu.npz",
  "actor": "mappo_modelc_17dim__envs128__lr3e-3__seed100_actor_params.npz",
  "model": "C",
  "T": 10800,
  "maxN": 215,
  "rsu_max_concurrent": 6220,
  "fleet": "uk2030",
  "fleet_seed": 106,
  "obs_variant": "onehot17",
  "lambda_arrival": 1.5,
  "rsu_service_mult": 1.0,
  "rsu_lb": "per_task_dla",
  "rsu_backhaul_ms": 0.0,
  "k8s_scale": "off",
  "k8s_params": {},
  "k8s_mean_mult": 1.0,
  "k8s_scale_events": 0,
  "k8s_first_scaleup_s": -1.0,
  "rsu_cap_mode": "reject",
  "substep_queue": "sequential",
  "v2i_gate_rejected": 2081.0,
  "v2i_cap_rejected": 0.0,
  "veh_queue_mode": "conserved",
  "local_mqd_rejected": 395.0,
  "v2v_mqd_rejected": 3145.0,
  "v2i_unavailable": 74.0,
  "v2v_unavailable": 0.0,
  "work_ms": {
    "v2i_offered": 6615929.5,
    "v2i_admitted": 6598616.0,
    "v2i_rejected_or_unavailable": 17313.5,
    "veh_offered": 35029312.0,
    "veh_admitted": 34973264.0,
    "veh_rejected": 56048.0
  },
  "enter_reset": true,
  "reset_soc_on_enter": false,
  "engine_version": "v3_enter_reset",
  "fleet_ev_share": 0.2186046540737152,
  "fleet_tier_hist": [
    86,
    81,
    48
  ],
  "completion": 0.9250322169571694,
  "n_offered": 1742095.0,
  "n_admitted": 1736400.0,
  "completion_admitted": 0.9280661137986639,
  "avg_latency_admitted_ms": 56.31894033632803,
  "avg_latency_met_ms": 44.032471731200985,
  "t1_completion": 0.7725470393472161,
  "t2_completion": 0.9866035856573705,
  "t3_completion": 0.9491311876274416,
  "total_energy_j": 799208.0,
  "avg_energy_j_per_task": 0.4587625818339413,
  "avg_latency_ms_per_task": 62.08800782965338,
  "p_local": 0.5364816499674243,
  "p_v2i": 0.23621444295517752,
  "p_v2v": 0.2273039070773982,
  "t1_share": 0.20006830855952173,
  "t2_share": 0.29968514920254063,
  "t3_share": 0.5002465422379376,
  "total_tasks": 1742095.0,
  "wall_s": 144.4,
  "v2i_path_metrics": {
    "schema_version": "e2_native_v2i_path_v1",
    "v2i_attempts": 411508,
    "v2i_admitted_tasks": 409353,
    "ingress_count_per_rsu": [
      117289,
      47944,
      51215,
      40308,
      22996,
      16574,
      67125,
      9345,
      38712
    ],
    "selected_target_count_per_rsu": [
      45416,
      45708,
      45800,
      46124,
      45609,
      45576,
      45794,
      45980,
      45501
    ],
    "actual_execution_count_per_rsu": [
      45159,
      45450,
      45571,
      45911,
      45401,
      45316,
      45573,
      45703,
      45269
    ],
    "forwarded_admitted_task_count": 363942,
    "forwarded_share_of_admitted_v2i": 0.8890664047899979,
    "total_forwarding_latency_ms": 0.0,
    "mean_forwarding_latency_ms_per_admitted_v2i": 0.0,
    "mean_forwarding_latency_ms_per_forwarded_v2i": 0.0,
    "ingress_to_execution_pair_matrix": [
      [
        12744,
        12983,
        13103,
        12878,
        13027,
        12788,
        12959,
        13059,
        12992
      ],
      [
        5469,
        5289,
        5304,
        5330,
        5220,
        5308,
        5248,
        5309,
        5277
      ],
      [
        5616,
        5762,
        5676,
        5863,
        5724,
        5711,
        5532,
        5704,
        5430
      ],
      [
        4401,
        4391,
        4447,
        4536,
        4491,
        4454,
        4540,
        4515,
        4381
      ],
      [
        2560,
        2584,
        2536,
        2569,
        2552,
        2504,
        2527,
        2552,
        2476
      ],
      [
        1755,
        1805,
        1826,
        1858,
        1832,
        1833,
        1933,
        1855,
        1815
      ],
      [
        7387,
        7291,
        7342,
        7518,
        7328,
        7413,
        7526,
        7407,
        7637
      ],
      [
        1039,
        1052,
        1047,
        1061,
        1019,
        1083,
        1002,
        1004,
        1010
      ],
      [
        4188,
        4293,
        4290,
        4298,
        4208,
        4222,
        4306,
        4298,
        4251
      ]
    ],
    "execution_share_per_rsu": [
      0.11031798960799115,
      0.11102886750555144,
      0.11132445590969163,
      0.11215503489653185,
      0.11090916641627153,
      0.11070152166956147,
      0.11132934166843775,
      0.11164691598693548,
      0.11058670633902769
    ],
    "maximum_execution_share": 0.11215503489653185,
    "imbalance_diagnostic": {
      "name": "execution_share_range",
      "definition": "max(per-RSU execution share) - min(per-RSU execution share)",
      "value": 0.0018370452885407007
    }
  },
  "extension_schema": "joint_seed_cyclic_v2_records",
  "substep_queue_iterations": 3,
  "k_max": 5,
  "n_rsus": 9,
  "max_vehicle_queue_depth": 10,
  "evaluator_seed": 206,
  "round_robin_pointer_final": null
}
[per-step] wrote /Users/akashx/Downloads/diss_mat/traffictwin-joint-confirmation-raw-2026-09-08/campaign/block_06_per_task_dla/attempt_001/per_step.npz (T=10800, N=215, R=9; join vehicles on the trace npz pos_x/pos_y/mask for positions)
[per-task] wrote /Users/akashx/Downloads/diss_mat/traffictwin-joint-confirmation-raw-2026-09-08/campaign/block_06_per_task_dla/attempt_001/per_task.npz ([T,KMAX,N] = [10800,5,215]; filter on task_active)
