[mc] enter-reset=ON reset_soc_on_enter=False
[mc] substep-queue=sequential (co-batch queueing charged; 3 gate iterations)
[mc] rsu-cap-mode=reject (buffer-full tasks individually failed; enqueued work conserved)
[mc] veh-queue=conserved (helper co-batch pricing + per-task MQD rejection on vehicle queues)
[mc] ABSOLUTE cap override: 6220 tasks/RSU (ratio form would give 538)
[mc] T=10800 maxN=215 RSU_MAX_CONCURRENT=6220 K_MAX=5
[fleet] uk2030: ev_share=0.2093 tier_hist=[87, 79, 49]
{
  "trace": "trace_wd_am_wdrsu.npz",
  "actor": "mappo_modelc_17dim__envs128__lr3e-3__seed100_actor_params.npz",
  "model": "C",
  "T": 10800,
  "maxN": 215,
  "rsu_max_concurrent": 6220,
  "fleet": "uk2030",
  "fleet_seed": 104,
  "obs_variant": "onehot17",
  "lambda_arrival": 1.5,
  "rsu_service_mult": 1.0,
  "rsu_lb": "per_task_dla",
  "rsu_backhaul_ms": 0.0,
  "k8s_scale": "off",
  "k8s_params": {},
  "k8s_mean_mult": 1.0,
  "k8s_scale_events": 0,
  "k8s_first_scaleup_s": -1.0,
  "rsu_cap_mode": "reject",
  "substep_queue": "sequential",
  "v2i_gate_rejected": 2772.0,
  "v2i_cap_rejected": 0.0,
  "veh_queue_mode": "conserved",
  "local_mqd_rejected": 226.0,
  "v2v_mqd_rejected": 1723.0,
  "v2i_unavailable": 44.0,
  "v2v_unavailable": 2.0,
  "work_ms": {
    "v2i_offered": 6137505.0,
    "v2i_admitted": 6115358.5,
    "v2i_rejected_or_unavailable": 22146.5,
    "veh_offered": 35223340.0,
    "veh_admitted": 35190980.0,
    "veh_rejected": 32360.0
  },
  "enter_reset": true,
  "reset_soc_on_enter": false,
  "engine_version": "v3_enter_reset",
  "fleet_ev_share": 0.20930232107639313,
  "fleet_tier_hist": [
    87,
    79,
    49
  ],
  "completion": 0.930830452129185,
  "n_offered": 1743484.0,
  "n_admitted": 1738717.0,
  "completion_admitted": 0.9333824883520435,
  "avg_latency_admitted_ms": 54.574378694175074,
  "avg_latency_met_ms": 42.99916198776502,
  "t1_completion": 0.7911869812370578,
  "t2_completion": 0.9882955866160998,
  "t3_completion": 0.9521993112167052,
  "total_energy_j": 824352.4375,
  "avg_energy_j_per_task": 0.4728190436505296,
  "avg_latency_ms_per_task": 58.52901431845661,
  "p_local": 0.5649997361604695,
  "p_v2i": 0.21882735947103615,
  "p_v2v": 0.21617290436849435,
  "t1_share": 0.19998233422274023,
  "t2_share": 0.30005207962906455,
  "t3_share": 0.4999655861481952,
  "total_tasks": 1743484.0,
  "wall_s": 156.1,
  "v2i_path_metrics": {
    "schema_version": "e2_native_v2i_path_v1",
    "v2i_attempts": 381522,
    "v2i_admitted_tasks": 378706,
    "ingress_count_per_rsu": [
      107098,
      45433,
      48760,
      36649,
      20961,
      15241,
      60731,
      9228,
      37421
    ],
    "selected_target_count_per_rsu": [
      42424,
      42343,
      42658,
      42140,
      42255,
      42740,
      42284,
      42190,
      42488
    ],
    "actual_execution_count_per_rsu": [
      42120,
      42021,
      42320,
      41831,
      41964,
      42468,
      41925,
      41838,
      42219
    ],
    "forwarded_admitted_task_count": 336529,
    "forwarded_share_of_admitted_v2i": 0.8886286459681124,
    "total_forwarding_latency_ms": 0.0,
    "mean_forwarding_latency_ms_per_admitted_v2i": 0.0,
    "mean_forwarding_latency_ms_per_forwarded_v2i": 0.0,
    "ingress_to_execution_pair_matrix": [
      [
        11827,
        11438,
        11691,
        11732,
        11946,
        11890,
        11985,
        11868,
        11822
      ],
      [
        4913,
        4979,
        5047,
        5011,
        5130,
        5244,
        5016,
        4895,
        4934
      ],
      [
        5533,
        5447,
        5470,
        5386,
        5389,
        5352,
        5349,
        5204,
        5354
      ],
      [
        4031,
        4060,
        4290,
        4048,
        3931,
        4149,
        3961,
        3981,
        3984
      ],
      [
        2430,
        2383,
        2359,
        2300,
        2251,
        2210,
        2204,
        2294,
        2328
      ],
      [
        1626,
        1690,
        1707,
        1733,
        1729,
        1638,
        1671,
        1650,
        1730
      ],
      [
        6717,
        6604,
        6487,
        6710,
        6670,
        6884,
        6754,
        6686,
        6866
      ],
      [
        976,
        1090,
        1059,
        998,
        949,
        1034,
        1036,
        1014,
        1005
      ],
      [
        4067,
        4330,
        4210,
        3913,
        3969,
        4067,
        3949,
        4246,
        4196
      ]
    ],
    "execution_share_per_rsu": [
      0.11122084149709802,
      0.1109594249893057,
      0.11174895565425422,
      0.11045771654000729,
      0.11080891245451617,
      0.11213976013054983,
      0.1107059301938707,
      0.11047620053550776,
      0.11148225800489034
    ],
    "maximum_execution_share": 0.11213976013054983,
    "imbalance_diagnostic": {
      "name": "execution_share_range",
      "definition": "max(per-RSU execution share) - min(per-RSU execution share)",
      "value": 0.0016820435905425396
    }
  },
  "extension_schema": "joint_seed_cyclic_v2_records",
  "substep_queue_iterations": 3,
  "k_max": 5,
  "n_rsus": 9,
  "max_vehicle_queue_depth": 10,
  "evaluator_seed": 204,
  "round_robin_pointer_final": null
}
[per-step] wrote /Users/akashx/Downloads/diss_mat/traffictwin-joint-confirmation-raw-2026-09-08/campaign/block_04_per_task_dla/attempt_001/per_step.npz (T=10800, N=215, R=9; join vehicles on the trace npz pos_x/pos_y/mask for positions)
[per-task] wrote /Users/akashx/Downloads/diss_mat/traffictwin-joint-confirmation-raw-2026-09-08/campaign/block_04_per_task_dla/attempt_001/per_task.npz ([T,KMAX,N] = [10800,5,215]; filter on task_active)
