[mc] enter-reset=off (mask-only reset — no enter channel in trace) reset_soc_on_enter=False
[mc] substep-queue=sequential (co-batch queueing charged; 3 gate iterations)
[mc] rsu-cap-mode=reject (buffer-full tasks individually failed; enqueued work conserved)
[mc] veh-queue=conserved (helper co-batch pricing + per-task MQD rejection on vehicle queues)
[mc] ABSOLUTE cap override: 6220 tasks/RSU (ratio form would give 408)
[mc] T=25200 maxN=163 RSU_MAX_CONCURRENT=6220 K_MAX=5
[fleet] uk2030: ev_share=0.2577 tier_hist=[69, 43, 51]
{
  "trace": "trace_wd_pm_fullrsu.npz",
  "actor": "mappo_modelc_17dim__envs128__lr3e-3__seed100_actor_params.npz",
  "model": "C",
  "T": 25200,
  "maxN": 163,
  "rsu_max_concurrent": 6220,
  "fleet": "uk2030",
  "fleet_seed": 106,
  "obs_variant": "onehot17",
  "lambda_arrival": 1.5,
  "rsu_service_mult": 1.0,
  "rsu_lb": "per_task_dla",
  "rsu_backhaul_ms": 0.0,
  "k8s_scale": "off",
  "k8s_params": {},
  "k8s_mean_mult": 1.0,
  "k8s_scale_events": 0,
  "k8s_first_scaleup_s": -1.0,
  "rsu_cap_mode": "reject",
  "substep_queue": "sequential",
  "v2i_gate_rejected": 999.0,
  "v2i_cap_rejected": 0.0,
  "veh_queue_mode": "conserved",
  "local_mqd_rejected": 519.0,
  "v2v_mqd_rejected": 3455.0,
  "v2i_unavailable": 96.0,
  "v2v_unavailable": 5.0,
  "work_ms": {
    "v2i_offered": 15482372.0,
    "v2i_admitted": 15472638.0,
    "v2i_rejected_or_unavailable": 9734.0,
    "veh_offered": 73643720.0,
    "veh_admitted": 73582648.0,
    "veh_rejected": 61072.0
  },
  "enter_reset": false,
  "reset_soc_on_enter": false,
  "engine_version": "v2_post_nrsus_fix",
  "fleet_ev_share": 0.25766870379447937,
  "fleet_tier_hist": [
    69,
    43,
    51
  ],
  "completion": 0.9366497989119571,
  "n_offered": 3916941.0,
  "n_admitted": 3911867.0,
  "completion_admitted": 0.9378647075680231,
  "avg_latency_admitted_ms": 52.53642825791368,
  "avg_latency_met_ms": 40.80904011718267,
  "t1_completion": 0.8000684015477126,
  "t2_completion": 0.9867828841756547,
  "t3_completion": 0.9612316484422934,
  "total_energy_j": 2003734.875,
  "avg_energy_j_per_task": 0.5115560522867206,
  "avg_latency_ms_per_task": 55.04844724492914,
  "p_local": 0.533286817442489,
  "p_v2i": 0.2455104633947767,
  "p_v2v": 0.2212027191627344,
  "t1_share": 0.200056115218483,
  "t2_share": 0.2997836832364848,
  "t3_share": 0.5001602015450322,
  "total_tasks": 3916941.0,
  "wall_s": 571.1,
  "v2i_path_metrics": {
    "schema_version": "e2_native_v2i_path_v1",
    "v2i_attempts": 961650,
    "v2i_admitted_tasks": 960555,
    "ingress_count_per_rsu": [
      274130,
      52206,
      191224,
      68724,
      74888,
      84112,
      108304,
      24004,
      11699,
      72359
    ],
    "selected_target_count_per_rsu": [
      96402,
      95745,
      96232,
      96347,
      96302,
      95816,
      96097,
      96124,
      96306,
      96279
    ],
    "actual_execution_count_per_rsu": [
      96299,
      95633,
      96145,
      96209,
      96205,
      95742,
      95961,
      96039,
      96187,
      96135
    ],
    "forwarded_admitted_task_count": 864687,
    "forwarded_share_of_admitted_v2i": 0.9001951996502022,
    "total_forwarding_latency_ms": 0.0,
    "mean_forwarding_latency_ms_per_admitted_v2i": 0.0,
    "mean_forwarding_latency_ms_per_forwarded_v2i": 0.0,
    "ingress_to_execution_pair_matrix": [
      [
        27359,
        27185,
        27295,
        27328,
        27526,
        27457,
        27363,
        27543,
        27260,
        27424
      ],
      [
        5244,
        5172,
        5306,
        5268,
        5159,
        5252,
        5146,
        5100,
        5254,
        5253
      ],
      [
        18953,
        19143,
        19001,
        19150,
        18988,
        19071,
        19065,
        19317,
        19121,
        19183
      ],
      [
        7068,
        6726,
        6921,
        6907,
        6874,
        6737,
        6801,
        6826,
        6944,
        6860
      ],
      [
        7479,
        7554,
        7632,
        7505,
        7432,
        7482,
        7523,
        7279,
        7446,
        7500
      ],
      [
        8377,
        8275,
        8398,
        8402,
        8522,
        8522,
        8342,
        8390,
        8514,
        8296
      ],
      [
        10863,
        10746,
        10741,
        10856,
        10919,
        10732,
        10798,
        10896,
        10766,
        10858
      ],
      [
        2369,
        2433,
        2468,
        2391,
        2344,
        2272,
        2467,
        2403,
        2408,
        2424
      ],
      [
        1154,
        1167,
        1222,
        1164,
        1149,
        1150,
        1167,
        1170,
        1136,
        1199
      ],
      [
        7433,
        7232,
        7161,
        7238,
        7292,
        7067,
        7289,
        7115,
        7338,
        7138
      ]
    ],
    "execution_share_per_rsu": [
      0.10025349927906263,
      0.09956015012154432,
      0.10009317529969652,
      0.10015980344696555,
      0.10015563918776124,
      0.09967362618486188,
      0.09990161937629807,
      0.0999828224307822,
      0.10013690002134183,
      0.10008276465168574
    ],
    "maximum_execution_share": 0.10025349927906263,
    "imbalance_diagnostic": {
      "name": "execution_share_range",
      "definition": "max(per-RSU execution share) - min(per-RSU execution share)",
      "value": 0.0006933491575183137
    }
  },
  "extension_schema": "joint_seed_cyclic_v2_records",
  "substep_queue_iterations": 3,
  "k_max": 5,
  "n_rsus": 10,
  "max_vehicle_queue_depth": 10,
  "evaluator_seed": 206,
  "round_robin_pointer_final": null
}
[per-step] wrote /Users/akashx/Downloads/diss_mat/traffictwin-traces-raw-2026-09-16/wd_pm/wd_pm/block_06_per_task_dla/attempt_001/per_step.npz (T=25200, N=163, R=10; join vehicles on the trace npz pos_x/pos_y/mask for positions)
[per-task] wrote /Users/akashx/Downloads/diss_mat/traffictwin-traces-raw-2026-09-16/wd_pm/wd_pm/block_06_per_task_dla/attempt_001/per_task.npz ([T,KMAX,N] = [25200,5,163]; filter on task_active)
