[mc] enter-reset=ON reset_soc_on_enter=False
[mc] substep-queue=sequential (co-batch queueing charged; 3 gate iterations)
[mc] rsu-cap-mode=reject (buffer-full tasks individually failed; enqueued work conserved)
[mc] veh-queue=conserved (helper co-batch pricing + per-task MQD rejection on vehicle queues)
[mc] ABSOLUTE cap override: 6220 tasks/RSU (ratio form would give 348)
[mc] T=32400 maxN=139 RSU_MAX_CONCURRENT=6220 K_MAX=5
[fleet] uk2030: ev_share=0.2158 tier_hist=[62, 48, 29]
{
  "trace": "trace_we_wdrsu.npz",
  "actor": "mappo_modelc_17dim__envs128__lr3e-3__seed100_actor_params.npz",
  "model": "C",
  "T": 32400,
  "maxN": 139,
  "rsu_max_concurrent": 6220,
  "fleet": "uk2030",
  "fleet_seed": 101,
  "obs_variant": "onehot17",
  "lambda_arrival": 1.5,
  "rsu_service_mult": 1.0,
  "rsu_lb": "per_task_dla",
  "rsu_backhaul_ms": 0.0,
  "k8s_scale": "off",
  "k8s_params": {},
  "k8s_mean_mult": 1.0,
  "k8s_scale_events": 0,
  "k8s_first_scaleup_s": -1.0,
  "rsu_cap_mode": "reject",
  "substep_queue": "sequential",
  "v2i_gate_rejected": 1622.0,
  "v2i_cap_rejected": 0.0,
  "veh_queue_mode": "conserved",
  "local_mqd_rejected": 515.0,
  "v2v_mqd_rejected": 3626.0,
  "v2i_unavailable": 156.0,
  "v2v_unavailable": 20.0,
  "work_ms": {
    "v2i_offered": 16803046.0,
    "v2i_admitted": 16787616.0,
    "v2i_rejected_or_unavailable": 15430.0,
    "veh_offered": 81139960.0,
    "veh_admitted": 81073968.0,
    "veh_rejected": 65992.0
  },
  "enter_reset": true,
  "reset_soc_on_enter": false,
  "engine_version": "v3_enter_reset",
  "fleet_ev_share": 0.2158273458480835,
  "fleet_tier_hist": [
    62,
    48,
    29
  ],
  "completion": 0.9320858583555709,
  "n_offered": 4145013.0,
  "n_admitted": 4139074.0,
  "completion_admitted": 0.9334232729349609,
  "avg_latency_admitted_ms": 54.39965944073481,
  "avg_latency_met_ms": 42.650631498627675,
  "t1_completion": 0.790391278627567,
  "t2_completion": 0.9881289305012936,
  "t3_completion": 0.9550958574130022,
  "total_energy_j": 1899802.75,
  "avg_energy_j_per_task": 0.4583345697588886,
  "avg_latency_ms_per_task": 56.964650291808496,
  "p_local": 0.5291293416932589,
  "p_v2i": 0.2519174246256887,
  "p_v2v": 0.21895323368105238,
  "t1_share": 0.19983290764106168,
  "t2_share": 0.29980243729030526,
  "t3_share": 0.500364655068633,
  "total_tasks": 4145013.0,
  "wall_s": 540.8,
  "v2i_path_metrics": {
    "schema_version": "e2_native_v2i_path_v1",
    "v2i_attempts": 1044201,
    "v2i_admitted_tasks": 1042423,
    "ingress_count_per_rsu": [
      299349,
      127495,
      127455,
      98831,
      58863,
      43346,
      171659,
      23635,
      93568
    ],
    "selected_target_count_per_rsu": [
      115983,
      116364,
      115821,
      115896,
      115628,
      116690,
      115791,
      116038,
      115990
    ],
    "actual_execution_count_per_rsu": [
      115790,
      116149,
      115636,
      115691,
      115406,
      116486,
      115612,
      115847,
      115806
    ],
    "forwarded_admitted_task_count": 926827,
    "forwarded_share_of_admitted_v2i": 0.8891083562047268,
    "total_forwarding_latency_ms": 0.0,
    "mean_forwarding_latency_ms_per_admitted_v2i": 0.0,
    "mean_forwarding_latency_ms_per_forwarded_v2i": 0.0,
    "ingress_to_execution_pair_matrix": [
      [
        33139,
        33401,
        33210,
        32738,
        32848,
        33720,
        33143,
        33450,
        33078
      ],
      [
        13921,
        14137,
        14046,
        14117,
        14091,
        14227,
        14112,
        14233,
        14383
      ],
      [
        14477,
        14133,
        14023,
        14218,
        13899,
        14246,
        14049,
        14025,
        14181
      ],
      [
        10741,
        10938,
        10790,
        10912,
        10998,
        11083,
        11036,
        10989,
        11204
      ],
      [
        6282,
        6475,
        6583,
        6594,
        6629,
        6583,
        6514,
        6490,
        6643
      ],
      [
        4792,
        4763,
        4797,
        4899,
        5008,
        4901,
        4678,
        4723,
        4725
      ],
      [
        19320,
        18991,
        19054,
        19013,
        19051,
        18910,
        19050,
        19114,
        18879
      ],
      [
        2636,
        2620,
        2605,
        2648,
        2583,
        2587,
        2704,
        2645,
        2553
      ],
      [
        10482,
        10691,
        10528,
        10552,
        10299,
        10229,
        10326,
        10178,
        10160
      ]
    ],
    "execution_share_per_rsu": [
      0.11107774866824696,
      0.11142213861359544,
      0.11093001593403062,
      0.11098277762482217,
      0.11070937613617504,
      0.1117454238826273,
      0.11090699265077612,
      0.11113242896597639,
      0.11109309752374996
    ],
    "maximum_execution_share": 0.1117454238826273,
    "imbalance_diagnostic": {
      "name": "execution_share_range",
      "definition": "max(per-RSU execution share) - min(per-RSU execution share)",
      "value": 0.0010360477464522594
    }
  },
  "extension_schema": "joint_seed_cyclic_v2_records",
  "substep_queue_iterations": 3,
  "k_max": 5,
  "n_rsus": 9,
  "max_vehicle_queue_depth": 10,
  "evaluator_seed": 201,
  "round_robin_pointer_final": null
}
[per-step] wrote /Users/akashx/Downloads/diss_mat/traffictwin-traces-raw-2026-09-16/we/we/block_01_per_task_dla/attempt_001/per_step.npz (T=32400, N=139, R=9; join vehicles on the trace npz pos_x/pos_y/mask for positions)
[per-task] wrote /Users/akashx/Downloads/diss_mat/traffictwin-traces-raw-2026-09-16/we/we/block_01_per_task_dla/attempt_001/per_task.npz ([T,KMAX,N] = [32400,5,139]; filter on task_active)
