[mc] enter-reset=ON reset_soc_on_enter=False
[mc] substep-queue=sequential (co-batch queueing charged; 3 gate iterations)
[mc] rsu-cap-mode=reject (buffer-full tasks individually failed; enqueued work conserved)
[mc] veh-queue=conserved (helper co-batch pricing + per-task MQD rejection on vehicle queues)
[mc] ABSOLUTE cap override: 6220 tasks/RSU (ratio form would give 538)
[mc] T=10800 maxN=215 RSU_MAX_CONCURRENT=6220 K_MAX=5
[fleet] uk2030: ev_share=0.2233 tier_hist=[82, 74, 59]
{
  "trace": "trace_wd_am_wdrsu.npz",
  "actor": "mappo_modelc_17dim__envs128__lr3e-3__seed100_actor_params.npz",
  "model": "C",
  "T": 10800,
  "maxN": 215,
  "rsu_max_concurrent": 6220,
  "fleet": "uk2030",
  "fleet_seed": 103,
  "obs_variant": "onehot17",
  "lambda_arrival": 1.5,
  "rsu_service_mult": 0.5,
  "rsu_lb": "causal_round_robin",
  "rsu_backhaul_ms": 0.0,
  "k8s_scale": "off",
  "k8s_params": {},
  "k8s_mean_mult": 1.0,
  "k8s_scale_events": 0,
  "k8s_first_scaleup_s": -1.0,
  "rsu_cap_mode": "reject",
  "substep_queue": "sequential",
  "v2i_gate_rejected": 56782.0,
  "v2i_cap_rejected": 0.0,
  "veh_queue_mode": "conserved",
  "local_mqd_rejected": 205.0,
  "v2v_mqd_rejected": 1537.0,
  "v2i_unavailable": 72.0,
  "v2v_unavailable": 0.0,
  "work_ms": {
    "v2i_offered": 12762068.0,
    "v2i_admitted": 11869541.0,
    "v2i_rejected_or_unavailable": 892527.0,
    "veh_offered": 34554476.0,
    "veh_admitted": 34528696.0,
    "veh_rejected": 25780.0
  },
  "enter_reset": true,
  "reset_soc_on_enter": false,
  "engine_version": "v3_enter_reset",
  "fleet_ev_share": 0.22325581312179565,
  "fleet_tier_hist": [
    82,
    74,
    59
  ],
  "completion": 0.8934548083477667,
  "n_offered": 1744227.0,
  "n_admitted": 1685631.0,
  "completion_admitted": 0.9245131348438655,
  "avg_latency_admitted_ms": 61.52071954063493,
  "avg_latency_met_ms": 48.7112118419803,
  "t1_completion": 0.7126437772433273,
  "t2_completion": 0.9875627022421901,
  "t3_completion": 0.9091073679385814,
  "total_energy_j": 851300.125,
  "avg_energy_j_per_task": 0.48806727851363385,
  "avg_latency_ms_per_task": 94.29347900244636,
  "p_local": 0.553506510333804,
  "p_v2i": 0.2272594106157054,
  "p_v2v": 0.21923407905049055,
  "t1_share": 0.1995273550977023,
  "t2_share": 0.3001363927974971,
  "t3_share": 0.5003362521048006,
  "total_tasks": 1744227.0,
  "wall_s": 179.6,
  "v2i_path_metrics": {
    "schema_version": "e2_native_v2i_path_v1",
    "v2i_attempts": 396392,
    "v2i_admitted_tasks": 339538,
    "ingress_count_per_rsu": [
      110622,
      45900,
      52024,
      36411,
      22393,
      16434,
      62290,
      9523,
      40795
    ],
    "selected_target_count_per_rsu": [
      44046,
      44043,
      44044,
      44042,
      44048,
      44045,
      44040,
      44043,
      44041
    ],
    "actual_execution_count_per_rsu": [
      37826,
      37808,
      37800,
      37654,
      37563,
      37746,
      37668,
      37710,
      37763
    ],
    "forwarded_admitted_task_count": 301782,
    "forwarded_share_of_admitted_v2i": 0.8888018425036373,
    "total_forwarding_latency_ms": 0.0,
    "mean_forwarding_latency_ms_per_admitted_v2i": 0.0,
    "mean_forwarding_latency_ms_per_forwarded_v2i": 0.0,
    "ingress_to_execution_pair_matrix": [
      [
        10585,
        10557,
        10503,
        10469,
        10573,
        10424,
        10580,
        10511,
        10532
      ],
      [
        4386,
        4453,
        4506,
        4366,
        4409,
        4332,
        4362,
        4435,
        4340
      ],
      [
        4913,
        4999,
        4896,
        5000,
        4858,
        5022,
        4976,
        4895,
        4919
      ],
      [
        3468,
        3351,
        3514,
        3458,
        3495,
        3527,
        3443,
        3535,
        3588
      ],
      [
        2143,
        2112,
        2139,
        2125,
        2067,
        2206,
        2101,
        2103,
        2129
      ],
      [
        1564,
        1556,
        1637,
        1583,
        1547,
        1587,
        1589,
        1589,
        1584
      ],
      [
        6043,
        6020,
        5878,
        6002,
        5985,
        5924,
        5905,
        5958,
        5865
      ],
      [
        899,
        912,
        882,
        907,
        850,
        901,
        956,
        899,
        900
      ],
      [
        3825,
        3848,
        3845,
        3744,
        3779,
        3823,
        3756,
        3785,
        3906
      ]
    ],
    "execution_share_per_rsu": [
      0.11140431998774805,
      0.11135130677567753,
      0.11132774534809065,
      0.11089774929462975,
      0.1106297380558288,
      0.11116870571187908,
      0.11093898179290683,
      0.11106267928773804,
      0.11121877374550124
    ],
    "maximum_execution_share": 0.11140431998774805,
    "imbalance_diagnostic": {
      "name": "execution_share_range",
      "definition": "max(per-RSU execution share) - min(per-RSU execution share)",
      "value": 0.0007745819319192465
    }
  },
  "extension_schema": "joint_seed_cyclic_v2_records",
  "substep_queue_iterations": 3,
  "k_max": 5,
  "n_rsus": 9,
  "max_vehicle_queue_depth": 10,
  "evaluator_seed": 203,
  "round_robin_pointer_final": 5
}
[per-step] wrote /Users/akashx/Downloads/diss_mat/traffictwin-followups-raw-2026-09-15/08_half_speed/block_03_causal_round_robin/attempt_001/per_step.npz (T=10800, N=215, R=9; join vehicles on the trace npz pos_x/pos_y/mask for positions)
[per-task] wrote /Users/akashx/Downloads/diss_mat/traffictwin-followups-raw-2026-09-15/08_half_speed/block_03_causal_round_robin/attempt_001/per_task.npz ([T,KMAX,N] = [10800,5,215]; filter on task_active)
