\BOOKMARK [1][-]{section*.4}{\376\377\000A\000b\000b\000r\000e\000v\000i\000a\000t\000i\000o\000n\000s}{}% 1
\BOOKMARK [1][-]{section*.5}{\376\377\000G\000l\000o\000s\000s\000a\000r\000y}{}% 2
\BOOKMARK [1][-]{section*.6}{\376\377\000A\000b\000s\000t\000r\000a\000c\000t}{}% 3
\BOOKMARK [1][-]{section*.8}{\376\377\000D\000e\000c\000l\000a\000r\000a\000t\000i\000o\000n}{}% 4
\BOOKMARK [1][-]{section*.9}{\376\377\000C\000o\000p\000y\000r\000i\000g\000h\000t\000\040\000s\000t\000a\000t\000e\000m\000e\000n\000t}{}% 5
\BOOKMARK [1][-]{section*.10}{\376\377\000A\000c\000k\000n\000o\000w\000l\000e\000d\000g\000e\000m\000e\000n\000t\000s}{}% 6
\BOOKMARK [1][-]{section.11}{\376\377\000I\000n\000t\000r\000o\000d\000u\000c\000t\000i\000o\000n}{}% 7
\BOOKMARK [2][-]{subsection.12}{\376\377\000P\000r\000o\000b\000l\000e\000m\000\040\000a\000n\000d\000\040\000m\000o\000t\000i\000v\000a\000t\000i\000o\000n}{section.11}% 8
\BOOKMARK [2][-]{subsection.14}{\376\377\000R\000e\000l\000a\000t\000e\000d\000\040\000w\000o\000r\000k\000\040\000a\000n\000d\000\040\000t\000h\000e\000\040\000p\000o\000s\000i\000t\000i\000o\000n\000\040\000o\000f\000\040\000t\000h\000i\000s\000\040\000s\000t\000u\000d\000y}{section.11}% 9
\BOOKMARK [2][-]{subsection.17}{\376\377\000A\000i\000m\000,\000\040\000o\000b\000j\000e\000c\000t\000i\000v\000e\000s\000\040\000a\000n\000d\000\040\000r\000e\000s\000e\000a\000r\000c\000h\000\040\000q\000u\000e\000s\000t\000i\000o\000n\000s}{section.11}% 10
\BOOKMARK [2][-]{subsection.18}{\376\377\000S\000c\000o\000p\000e\000\040\000a\000n\000d\000\040\000r\000e\000p\000o\000r\000t\000\040\000s\000t\000r\000u\000c\000t\000u\000r\000e}{section.11}% 11
\BOOKMARK [1][-]{section.19}{\376\377\000M\000e\000t\000h\000o\000d\000o\000l\000o\000g\000y}{}% 12
\BOOKMARK [2][-]{subsection.20}{\376\377\000R\000e\000s\000e\000a\000r\000c\000h\000\040\000d\000e\000s\000i\000g\000n\000\040\000a\000n\000d\000\040\000e\000v\000i\000d\000e\000n\000c\000e\000\040\000h\000i\000e\000r\000a\000r\000c\000h\000y}{section.19}% 13
\BOOKMARK [2][-]{subsection.21}{\376\377\000A\000r\000c\000h\000i\000t\000e\000c\000t\000u\000r\000e\000\040\000a\000n\000d\000\040\000i\000n\000f\000o\000r\000m\000a\000t\000i\000o\000n\000\040\000b\000o\000u\000n\000d\000a\000r\000i\000e\000s}{section.19}% 14
\BOOKMARK [2][-]{subsection.22}{\376\377\000S\000c\000e\000n\000a\000r\000i\000o\000s\000,\000\040\000a\000c\000t\000o\000r\000\040\000a\000n\000d\000\040\000c\000o\000n\000t\000r\000o\000l\000l\000e\000d\000\040\000i\000n\000p\000u\000t\000s}{section.19}% 15
\BOOKMARK [2][-]{subsection.26}{\376\377\000T\000i\000m\000e\000,\000\040\000q\000u\000e\000u\000e\000s\000,\000\040\000a\000d\000m\000i\000s\000s\000i\000o\000n\000\040\000a\000n\000d\000\040\000o\000u\000t\000c\000o\000m\000e\000s}{section.19}% 16
\BOOKMARK [2][-]{subsection.33}{\376\377\000P\000l\000a\000c\000e\000m\000e\000n\000t\000\040\000a\000l\000g\000o\000r\000i\000t\000h\000m\000s\000\040\000a\000n\000d\000\040\000t\000h\000e\000i\000r\000\040\000i\000m\000p\000l\000e\000m\000e\000n\000t\000a\000t\000i\000o\000n}{section.19}% 17
\BOOKMARK [2][-]{subsection.39}{\376\377\000E\000x\000p\000e\000r\000i\000m\000e\000n\000t\000a\000l\000\040\000p\000r\000o\000g\000r\000e\000s\000s\000i\000o\000n\000\040\000a\000n\000d\000\040\000i\000n\000f\000e\000r\000e\000n\000c\000e}{section.19}% 18
\BOOKMARK [2][-]{subsection.42}{\376\377\000S\000e\000n\000s\000i\000t\000i\000v\000i\000t\000i\000e\000s\000,\000\040\000m\000e\000c\000h\000a\000n\000i\000s\000m\000\040\000a\000u\000d\000i\000t\000\040\000a\000n\000d\000\040\000v\000a\000l\000i\000d\000a\000t\000i\000o\000n}{section.19}% 19
\BOOKMARK [2][-]{subsection.43}{\376\377\000C\000y\000c\000l\000i\000c\000\040\000c\000o\000m\000p\000a\000r\000a\000t\000o\000r\000\040\000a\000n\000d\000\040\000r\000e\000t\000r\000o\000s\000p\000e\000c\000t\000i\000v\000e\000\040\000m\000e\000a\000s\000u\000r\000e\000m\000e\000n\000t\000\040\000d\000e\000s\000i\000g\000n}{section.19}% 20
\BOOKMARK [2][-]{subsection.44}{\376\377\000M\000e\000t\000h\000o\000d\000\040\000s\000e\000l\000e\000c\000t\000i\000o\000n\000\040\000a\000n\000d\000\040\000a\000l\000t\000e\000r\000n\000a\000t\000i\000v\000e\000s}{section.19}% 21
\BOOKMARK [1][-]{section.47}{\376\377\000E\000v\000a\000l\000u\000a\000t\000i\000o\000n\000\040\000a\000n\000d\000\040\000R\000e\000f\000l\000e\000c\000t\000i\000o\000n}{}% 22
\BOOKMARK [2][-]{subsection.48}{\376\377\000V\000a\000l\000i\000d\000a\000t\000i\000o\000n\000\040\000a\000n\000d\000\040\000s\000c\000o\000p\000i\000n\000g\000:\000\040\000a\000c\000c\000o\000u\000n\000t\000i\000n\000g\000\040\000a\000n\000d\000\040\000h\000i\000s\000t\000o\000r\000i\000c\000a\000l\000\040\000c\000a\000p\000a\000c\000i\000t\000y}{section.47}% 23
\BOOKMARK [2][-]{subsection.49}{\376\377\000F\000r\000o\000m\000\040\000a\000d\000m\000i\000s\000s\000i\000o\000n\000\040\000d\000e\000c\000o\000m\000p\000o\000s\000i\000t\000i\000o\000n\000\040\000t\000o\000\040\000t\000h\000e\000\040\000i\000n\000c\000i\000d\000e\000n\000t\000\040\000r\000e\000v\000e\000r\000s\000a\000l}{section.47}% 24
\BOOKMARK [2][-]{subsection.52}{\376\377\000M\000o\000r\000n\000i\000n\000g\000\040\000r\000e\000p\000l\000i\000c\000a\000t\000i\000o\000n\000\040\000w\000i\000t\000h\000\040\000t\000h\000e\000\040\000i\000n\000s\000p\000e\000c\000t\000e\000d\000\040\000p\000i\000l\000o\000t\000\040\000e\000x\000c\000l\000u\000d\000e\000d}{section.47}% 25
\BOOKMARK [2][-]{subsection.58}{\376\377\000C\000o\000n\000f\000i\000r\000m\000a\000t\000i\000o\000n\000\040\000u\000n\000d\000e\000r\000\040\000j\000o\000i\000n\000t\000\040\000r\000a\000n\000d\000o\000m\000n\000e\000s\000s\000\040\000a\000n\000d\000\040\000c\000o\000m\000p\000a\000r\000i\000s\000o\000n\000\040\000w\000i\000t\000h\000\040\000c\000y\000c\000l\000i\000c\000\040\000s\000p\000r\000e\000a\000d\000i\000n\000g}{section.47}% 26
\BOOKMARK [2][-]{subsection.66}{\376\377\000W\000h\000y\000\040\000d\000e\000s\000t\000i\000n\000a\000t\000i\000o\000n\000\040\000s\000e\000m\000a\000n\000t\000i\000c\000s\000\040\000m\000a\000t\000t\000e\000r}{section.47}% 27
\BOOKMARK [2][-]{subsection.68}{\376\377\000B\000o\000u\000n\000d\000e\000d\000\040\000s\000t\000a\000t\000e\000-\000i\000n\000f\000o\000r\000m\000a\000t\000i\000o\000n\000\040\000a\000n\000d\000\040\000f\000o\000r\000w\000a\000r\000d\000i\000n\000g\000\040\000s\000e\000n\000s\000i\000t\000i\000v\000i\000t\000i\000e\000s}{section.47}% 28
\BOOKMARK [2][-]{subsection.69}{\376\377\000C\000o\000m\000p\000u\000t\000a\000t\000i\000o\000n\000a\000l\000\040\000t\000r\000a\000d\000e\000-\000o\000f\000f\000s\000\040\000a\000n\000d\000\040\000r\000e\000s\000e\000a\000r\000c\000h\000\040\000i\000m\000p\000l\000e\000m\000e\000n\000t\000a\000t\000i\000o\000n}{section.47}% 29
\BOOKMARK [1][-]{section.74}{\376\377\000C\000o\000n\000c\000l\000u\000s\000i\000o\000n}{}% 30
\BOOKMARK [2][-]{subsection.75}{\376\377\000O\000u\000t\000c\000o\000m\000e\000s\000\040\000a\000g\000a\000i\000n\000s\000t\000\040\000t\000h\000e\000\040\000o\000b\000j\000e\000c\000t\000i\000v\000e\000s}{section.74}% 31
\BOOKMARK [2][-]{subsection.78}{\376\377\000A\000n\000a\000l\000y\000s\000i\000s\000\040\000o\000f\000\040\000t\000h\000e\000\040\000p\000r\000o\000j\000e\000c\000t\000\040\000a\000p\000p\000r\000o\000a\000c\000h}{section.74}% 32
\BOOKMARK [2][-]{subsection.79}{\376\377\000R\000e\000s\000e\000a\000r\000c\000h\000\040\000a\000n\000s\000w\000e\000r\000s\000\040\000a\000n\000d\000\040\000i\000n\000t\000e\000r\000p\000r\000e\000t\000a\000t\000i\000o\000n}{section.74}% 33
\BOOKMARK [2][-]{subsection.80}{\376\377\000P\000r\000i\000o\000r\000i\000t\000i\000s\000e\000d\000\040\000f\000u\000t\000u\000r\000e\000\040\000w\000o\000r\000k}{section.74}% 34
\BOOKMARK [2][-]{subsection.81}{\376\377\000R\000e\000f\000l\000e\000c\000t\000i\000o\000n\000\040\000o\000n\000\040\000t\000h\000e\000\040\000p\000r\000o\000c\000e\000s\000s}{section.74}% 35
\BOOKMARK [1][-]{section*.82}{\376\377\000R\000e\000f\000e\000r\000e\000n\000c\000e\000s}{}% 36
\BOOKMARK [1][-]{section*.85}{\376\377\000A\000p\000p\000e\000n\000d\000i\000x\000\040\000A\000.\000\040\000E\000v\000i\000d\000e\000n\000c\000e\000\040\000s\000o\000u\000r\000c\000e\000s\000\040\000a\000n\000d\000\040\000r\000e\000p\000r\000o\000d\000u\000c\000i\000b\000i\000l\000i\000t\000y}{}% 37
\BOOKMARK [1][-]{section*.111}{\376\377\000A\000p\000p\000e\000n\000d\000i\000x\000\040\000B\000.\000\040\000A\000u\000d\000i\000t\000\040\000c\000o\000v\000e\000r\000a\000g\000e\000\040\000a\000n\000d\000\040\000d\000i\000a\000g\000n\000o\000s\000t\000i\000c\000\040\000b\000o\000u\000n\000d\000a\000r\000i\000e\000s}{}% 38
\BOOKMARK [1][-]{section*.117}{\376\377\000A\000p\000p\000e\000n\000d\000i\000x\000\040\000C\000.\000\040\000E\000x\000a\000c\000t\000-\000m\000o\000d\000e\000l\000\040\000r\000e\000s\000u\000l\000t\000\040\000a\000n\000d\000\040\000n\000u\000m\000e\000r\000i\000c\000a\000l\000\040\000b\000o\000u\000n\000d\000a\000r\000y}{}% 39
\BOOKMARK [2][-]{subsection.118}{\376\377\000M\000o\000d\000e\000l\000\040\000a\000n\000d\000\040\000o\000b\000j\000e\000c\000t\000s\000\040\000t\000h\000a\000t\000\040\000m\000u\000s\000t\000\040\000r\000e\000m\000a\000i\000n\000\040\000s\000e\000p\000a\000r\000a\000t\000e}{section*.117}% 40
\BOOKMARK [2][-]{subsection.121}{\376\377\000E\000x\000i\000s\000t\000e\000n\000c\000e\000,\000\040\000u\000n\000i\000q\000u\000e\000n\000e\000s\000s\000\040\000a\000n\000d\000\040\000c\000a\000n\000d\000i\000d\000a\000t\000e\000-\000c\000o\000u\000n\000t\000\040\000b\000o\000u\000n\000d}{section*.117}% 41
\BOOKMARK [2][-]{subsection.122}{\376\377\000A\000\040\000d\000e\000a\000d\000l\000i\000n\000e\000-\000c\000o\000u\000n\000t\000\040\000b\000o\000u\000n\000d\000\040\000f\000r\000o\000m\000\040\000e\000l\000i\000g\000i\000b\000i\000l\000i\000t\000y}{section*.117}% 42
\BOOKMARK [2][-]{subsection.123}{\376\377\000W\000h\000y\000\040\000f\000l\000o\000a\000t\0003\0002\000\040\000r\000e\000q\000u\000i\000r\000e\000s\000\040\000a\000\040\000s\000e\000p\000a\000r\000a\000t\000e\000\040\000c\000l\000a\000i\000m}{section*.117}% 43
\BOOKMARK [2][-]{subsection.124}{\376\377\000C\000o\000n\000s\000e\000q\000u\000e\000n\000c\000e\000\040\000f\000o\000r\000\040\000q\000u\000e\000u\000e\000\040\000c\000l\000e\000a\000r\000i\000n\000g\000\040\000i\000n\000\040\000t\000h\000e\000\040\000s\000t\000a\000t\000e\000d\000\040\000e\000x\000a\000c\000t\000\040\000m\000o\000d\000e\000l}{section*.117}% 44
\BOOKMARK [2][-]{subsection.125}{\376\377\000R\000e\000t\000a\000i\000n\000e\000d\000\040\000d\000i\000a\000g\000n\000o\000s\000t\000i\000c\000\040\000e\000v\000i\000d\000e\000n\000c\000e}{section*.117}% 45
\BOOKMARK [2][-]{subsection.126}{\376\377\000R\000e\000t\000a\000i\000n\000e\000d\000\040\000a\000d\000v\000e\000r\000s\000e\000\040\000d\000i\000s\000p\000a\000t\000c\000h\000\040\000i\000l\000l\000u\000s\000t\000r\000a\000t\000i\000o\000n}{section*.117}% 46
\BOOKMARK [2][-]{subsection.129}{\376\377\000R\000e\000c\000o\000n\000s\000t\000r\000u\000c\000t\000i\000o\000n\000\040\000a\000n\000d\000\040\000t\000a\000s\000k\000-\000o\000u\000t\000c\000o\000m\000e\000\040\000d\000e\000t\000a\000i\000l\000s}{section*.117}% 47
\BOOKMARK [1][-]{section*.136}{\376\377\000A\000p\000p\000e\000n\000d\000i\000x\000\040\000D\000.\000\040\000T\000y\000p\000e\000\040\000a\000g\000g\000r\000e\000g\000a\000t\000i\000o\000n\000\040\000a\000n\000d\000\040\000e\000n\000g\000i\000n\000e\000e\000r\000i\000n\000g\000\040\000e\000v\000i\000d\000e\000n\000c\000e}{}% 48
\BOOKMARK [1][-]{section*.142}{\376\377\000A\000p\000p\000e\000n\000d\000i\000x\000\040\000E\000.\000\040\000J\000o\000i\000n\000t\000-\000r\000a\000n\000d\000o\000m\000n\000e\000s\000s\000\040\000s\000t\000u\000d\000y\000\040\000c\000o\000n\000t\000r\000o\000l\000s\000\040\000a\000n\000d\000\040\000e\000x\000e\000c\000u\000t\000i\000o\000n}{}% 49
\BOOKMARK [1][-]{section*.148}{\376\377\000A\000p\000p\000e\000n\000d\000i\000x\000\040\000F\000.\000\040\000L\000a\000t\000e\000n\000c\000y\000,\000\040\000s\000c\000o\000r\000i\000n\000g\000\040\000a\000n\000d\000\040\000d\000r\000a\000i\000n\000\040\000d\000e\000t\000a\000i\000l\000s}{}% 50
\BOOKMARK [1][-]{section*.150}{\376\377\000A\000p\000p\000e\000n\000d\000i\000x\000\040\000G\000.\000\040\000A\000r\000t\000e\000f\000a\000c\000t\000\040\000a\000c\000c\000e\000s\000s\000\040\000a\000n\000d\000\040\000v\000e\000r\000i\000f\000i\000c\000a\000t\000i\000o\000n}{}% 51
