[mc] enter-reset=off (mask-only reset — no enter channel in trace) reset_soc_on_enter=False
[mc] substep-queue=sequential (co-batch queueing charged; 3 gate iterations)
[mc] rsu-cap-mode=reject (buffer-full tasks individually failed; enqueued work conserved)
[mc] veh-queue=conserved (helper co-batch pricing + per-task MQD rejection on vehicle queues)
[mc] ABSOLUTE cap override: 6220 tasks/RSU (ratio form would give 408)
[mc] T=300 maxN=163 RSU_MAX_CONCURRENT=6220 K_MAX=5
[fleet] uk2030: ev_share=0.1902 tier_hist=[63, 49, 51]
{
  "trace": "trace_wd_pm_fullrsu.npz",
  "actor": "mappo_modelc_17dim__envs128__lr3e-3__seed100_actor_params.npz",
  "model": "C",
  "T": 300,
  "maxN": 163,
  "rsu_max_concurrent": 6220,
  "fleet": "uk2030",
  "fleet_seed": 1,
  "obs_variant": "onehot17",
  "lambda_arrival": 1.5,
  "rsu_service_mult": 1.0,
  "rsu_lb": "per_task_dla",
  "rsu_backhaul_ms": 0.0,
  "k8s_scale": "off",
  "k8s_params": {},
  "k8s_mean_mult": 1.0,
  "k8s_scale_events": 0,
  "k8s_first_scaleup_s": -1.0,
  "rsu_cap_mode": "reject",
  "substep_queue": "sequential",
  "v2i_gate_rejected": 0.0,
  "v2i_cap_rejected": 0.0,
  "veh_queue_mode": "conserved",
  "local_mqd_rejected": 3.0,
  "v2v_mqd_rejected": 22.0,
  "v2i_unavailable": 0.0,
  "v2v_unavailable": 3.0,
  "work_ms": {
    "v2i_offered": 155205.734375,
    "v2i_admitted": 155205.734375,
    "v2i_rejected_or_unavailable": 0.0,
    "veh_offered": 877354.625,
    "veh_admitted": 876869.8125,
    "veh_rejected": 484.8125
  },
  "enter_reset": false,
  "reset_soc_on_enter": false,
  "engine_version": "v2_post_nrsus_fix",
  "fleet_ev_share": 0.19018404185771942,
  "fleet_tier_hist": [
    63,
    49,
    51
  ],
  "completion": 0.9399916988880879,
  "n_offered": 45777.0,
  "n_admitted": 45749.0,
  "completion_admitted": 0.9405670069291132,
  "avg_latency_admitted_ms": 51.620734879450914,
  "avg_latency_met_ms": 40.266177666744134,
  "t1_completion": 0.8281133083912346,
  "t2_completion": 0.9883558110398702,
  "t3_completion": 0.9570734695663589,
  "total_energy_j": 23146.546875,
  "avg_energy_j_per_task": 0.5056370420735303,
  "avg_latency_ms_per_task": 53.16200275247395,
  "p_local": 0.5628153876400812,
  "p_v2i": 0.20947200559232804,
  "p_v2v": 0.22771260676759073,
  "t1_share": 0.20436026825698494,
  "t2_share": 0.29641523035585554,
  "t3_share": 0.4992245013871595,
  "total_tasks": 45777.0,
  "wall_s": 9.1,
  "v2i_path_metrics": {
    "schema_version": "e2_native_v2i_path_v1",
    "v2i_attempts": 9589,
    "v2i_admitted_tasks": 9589,
    "ingress_count_per_rsu": [
      2348,
      495,
      1998,
      679,
      789,
      1225,
      1076,
      158,
      80,
      741
    ],
    "selected_target_count_per_rsu": [
      941,
      979,
      962,
      963,
      961,
      978,
      955,
      950,
      978,
      922
    ],
    "actual_execution_count_per_rsu": [
      941,
      979,
      962,
      963,
      961,
      978,
      955,
      950,
      978,
      922
    ],
    "forwarded_admitted_task_count": 8612,
    "forwarded_share_of_admitted_v2i": 0.8981124204818021,
    "total_forwarding_latency_ms": 0.0,
    "mean_forwarding_latency_ms_per_admitted_v2i": 0.0,
    "mean_forwarding_latency_ms_per_forwarded_v2i": 0.0,
    "ingress_to_execution_pair_matrix": [
      [
        256,
        252,
        251,
        240,
        216,
        235,
        231,
        198,
        229,
        240
      ],
      [
        40,
        58,
        54,
        45,
        50,
        42,
        52,
        53,
        51,
        50
      ],
      [
        175,
        195,
        209,
        235,
        200,
        203,
        201,
        188,
        201,
        191
      ],
      [
        75,
        73,
        79,
        57,
        55,
        76,
        66,
        71,
        70,
        57
      ],
      [
        69,
        83,
        80,
        78,
        64,
        87,
        94,
        73,
        89,
        72
      ],
      [
        76,
        99,
        113,
        108,
        148,
        149,
        114,
        158,
        133,
        127
      ],
      [
        139,
        111,
        94,
        109,
        114,
        85,
        103,
        108,
        110,
        103
      ],
      [
        23,
        20,
        16,
        19,
        11,
        21,
        13,
        9,
        14,
        12
      ],
      [
        1,
        5,
        5,
        8,
        6,
        10,
        9,
        12,
        13,
        11
      ],
      [
        87,
        83,
        61,
        64,
        97,
        70,
        72,
        80,
        68,
        59
      ]
    ],
    "execution_share_per_rsu": [
      0.09813327771404734,
      0.10209615184065074,
      0.10032328709980186,
      0.10042757326102826,
      0.10021900093857546,
      0.10199186567942434,
      0.09959328397121701,
      0.09907185316508499,
      0.10199186567942434,
      0.09615184065074564
    ],
    "maximum_execution_share": 0.10209615184065074,
    "imbalance_diagnostic": {
      "name": "execution_share_range",
      "definition": "max(per-RSU execution share) - min(per-RSU execution share)",
      "value": 0.005944311189905099
    }
  },
  "extension_schema": "joint_seed_cyclic_v2_records",
  "substep_queue_iterations": 3,
  "k_max": 5,
  "n_rsus": 10,
  "max_vehicle_queue_depth": 10,
  "evaluator_seed": 0,
  "round_robin_pointer_final": null
}
[per-step] wrote /Users/akashx/Downloads/diss_mat/traffictwin-traces-raw-2026-09-16/wd_pm/qualification/03_per_task_dla/attempt_001/per_step.npz (T=300, N=163, R=10; join vehicles on the trace npz pos_x/pos_y/mask for positions)
[per-task] wrote /Users/akashx/Downloads/diss_mat/traffictwin-traces-raw-2026-09-16/wd_pm/qualification/03_per_task_dla/attempt_001/per_task.npz ([T,KMAX,N] = [300,5,163]; filter on task_active)
