[mc] enter-reset=ON reset_soc_on_enter=False
[mc] substep-queue=sequential (co-batch queueing charged; 3 gate iterations)
[mc] rsu-cap-mode=reject (buffer-full tasks individually failed; enqueued work conserved)
[mc] veh-queue=conserved (helper co-batch pricing + per-task MQD rejection on vehicle queues)
[mc] ABSOLUTE cap override: 6220 tasks/RSU (ratio form would give 538)
[mc] T=10800 maxN=215 RSU_MAX_CONCURRENT=6220 K_MAX=5
[fleet] uk2030: ev_share=0.2233 tier_hist=[82, 74, 59]
{
  "trace": "trace_wd_am_wdrsu.npz",
  "actor": "mappo_modelc_17dim__envs128__lr3e-3__seed100_actor_params.npz",
  "model": "C",
  "T": 10800,
  "maxN": 215,
  "rsu_max_concurrent": 6220,
  "fleet": "uk2030",
  "fleet_seed": 103,
  "obs_variant": "onehot17",
  "lambda_arrival": 1.5,
  "rsu_service_mult": 0.5,
  "rsu_lb": "dla",
  "rsu_backhaul_ms": 0.0,
  "k8s_scale": "off",
  "k8s_params": {},
  "k8s_mean_mult": 1.0,
  "k8s_scale_events": 0,
  "k8s_first_scaleup_s": -1.0,
  "rsu_cap_mode": "reject",
  "substep_queue": "sequential",
  "v2i_gate_rejected": 181607.0,
  "v2i_cap_rejected": 0.0,
  "veh_queue_mode": "conserved",
  "local_mqd_rejected": 205.0,
  "v2v_mqd_rejected": 1537.0,
  "v2i_unavailable": 72.0,
  "v2v_unavailable": 0.0,
  "work_ms": {
    "v2i_offered": 12762068.0,
    "v2i_admitted": 9593522.0,
    "v2i_rejected_or_unavailable": 3168546.0,
    "veh_offered": 34554476.0,
    "veh_admitted": 34528696.0,
    "veh_rejected": 25780.0
  },
  "enter_reset": true,
  "reset_soc_on_enter": false,
  "engine_version": "v3_enter_reset",
  "fleet_ev_share": 0.22325581312179565,
  "fleet_tier_hist": [
    82,
    74,
    59
  ],
  "completion": 0.8295330825632214,
  "n_offered": 1744227.0,
  "n_admitted": 1560806.0,
  "completion_admitted": 0.9270171949620901,
  "avg_latency_admitted_ms": 69.21714037490887,
  "avg_latency_met_ms": 55.646072207086355,
  "t1_completion": 0.6667068941242051,
  "t2_completion": 0.9684339816544605,
  "t3_completion": 0.8111435774034605,
  "total_energy_j": 851047.6875,
  "avg_energy_j_per_task": 0.4879225510785007,
  "avg_latency_ms_per_task": 181.4579042750743,
  "p_local": 0.553506510333804,
  "p_v2i": 0.2272594106157054,
  "p_v2v": 0.21923407905049055,
  "t1_share": 0.1995273550977023,
  "t2_share": 0.3001363927974971,
  "t3_share": 0.5003362521048006,
  "total_tasks": 1744227.0,
  "wall_s": 187.3,
  "v2i_path_metrics": {
    "schema_version": "e2_native_v2i_path_v1",
    "v2i_attempts": 396392,
    "v2i_admitted_tasks": 214713,
    "ingress_count_per_rsu": [
      110622,
      45900,
      52024,
      36411,
      22393,
      16434,
      62290,
      9523,
      40795
    ],
    "selected_target_count_per_rsu": [
      205769,
      117221,
      50862,
      17551,
      4989,
      0,
      0,
      0,
      0
    ],
    "actual_execution_count_per_rsu": [
      87549,
      65611,
      39867,
      16714,
      4972,
      0,
      0,
      0,
      0
    ],
    "forwarded_admitted_task_count": 175568,
    "forwarded_share_of_admitted_v2i": 0.8176868657230815,
    "total_forwarding_latency_ms": 0.0,
    "mean_forwarding_latency_ms_per_admitted_v2i": 0.0,
    "mean_forwarding_latency_ms_per_forwarded_v2i": 0.0,
    "ingress_to_execution_pair_matrix": [
      [
        24304,
        18168,
        11020,
        4612,
        1378,
        0,
        0,
        0,
        0
      ],
      [
        10108,
        7673,
        4572,
        1881,
        525,
        0,
        0,
        0,
        0
      ],
      [
        11902,
        8894,
        5257,
        2214,
        678,
        0,
        0,
        0,
        0
      ],
      [
        8263,
        6100,
        3800,
        1617,
        440,
        0,
        0,
        0,
        0
      ],
      [
        5070,
        3775,
        2251,
        959,
        294,
        0,
        0,
        0,
        0
      ],
      [
        3707,
        2665,
        1646,
        655,
        198,
        0,
        0,
        0,
        0
      ],
      [
        13600,
        10248,
        6249,
        2618,
        762,
        0,
        0,
        0,
        0
      ],
      [
        2069,
        1581,
        933,
        401,
        143,
        0,
        0,
        0,
        0
      ],
      [
        8526,
        6507,
        4139,
        1757,
        554,
        0,
        0,
        0,
        0
      ]
    ],
    "execution_share_per_rsu": [
      0.4077489485964986,
      0.3055753494199233,
      0.18567576252951615,
      0.0778434468336803,
      0.023156492620381625,
      0.0,
      0.0,
      0.0,
      0.0
    ],
    "maximum_execution_share": 0.4077489485964986,
    "imbalance_diagnostic": {
      "name": "execution_share_range",
      "definition": "max(per-RSU execution share) - min(per-RSU execution share)",
      "value": 0.4077489485964986
    }
  },
  "extension_schema": "joint_seed_cyclic_v2_records",
  "substep_queue_iterations": 3,
  "k_max": 5,
  "n_rsus": 9,
  "max_vehicle_queue_depth": 10,
  "evaluator_seed": 203,
  "round_robin_pointer_final": null
}
[per-step] wrote /Users/akashx/Downloads/diss_mat/traffictwin-followups-raw-2026-09-15/08_half_speed/block_03_dla/attempt_001/per_step.npz (T=10800, N=215, R=9; join vehicles on the trace npz pos_x/pos_y/mask for positions)
[per-task] wrote /Users/akashx/Downloads/diss_mat/traffictwin-followups-raw-2026-09-15/08_half_speed/block_03_dla/attempt_001/per_task.npz ([T,KMAX,N] = [10800,5,215]; filter on task_active)
