[mc] enter-reset=off (mask-only reset — no enter channel in trace) reset_soc_on_enter=False
[mc] substep-queue=sequential (co-batch queueing charged; 3 gate iterations)
[mc] rsu-cap-mode=reject (buffer-full tasks individually failed; enqueued work conserved)
[mc] veh-queue=conserved (helper co-batch pricing + per-task MQD rejection on vehicle queues)
[mc] ABSOLUTE cap override: 6220 tasks/RSU (ratio form would give 438)
[mc] T=23400 maxN=175 RSU_MAX_CONCURRENT=6220 K_MAX=5
[fleet] uk2030: ev_share=0.2571 tier_hist=[70, 60, 45]
{
  "trace": "trace_ev_fullrsu.npz",
  "actor": "mappo_modelc_17dim__envs128__lr3e-3__seed100_actor_params.npz",
  "model": "C",
  "T": 23400,
  "maxN": 175,
  "rsu_max_concurrent": 6220,
  "fleet": "uk2030",
  "fleet_seed": 104,
  "obs_variant": "onehot17",
  "lambda_arrival": 1.5,
  "rsu_service_mult": 1.0,
  "rsu_lb": "per_task_dla",
  "rsu_backhaul_ms": 0.0,
  "k8s_scale": "off",
  "k8s_params": {},
  "k8s_mean_mult": 1.0,
  "k8s_scale_events": 0,
  "k8s_first_scaleup_s": -1.0,
  "rsu_cap_mode": "reject",
  "substep_queue": "sequential",
  "v2i_gate_rejected": 42.0,
  "v2i_cap_rejected": 0.0,
  "veh_queue_mode": "conserved",
  "local_mqd_rejected": 286.0,
  "v2v_mqd_rejected": 1736.0,
  "v2i_unavailable": 89.0,
  "v2v_unavailable": 4.0,
  "work_ms": {
    "v2i_offered": 13187114.0,
    "v2i_admitted": 13185138.0,
    "v2i_rejected_or_unavailable": 1976.0,
    "veh_offered": 52605768.0,
    "veh_admitted": 52573944.0,
    "veh_rejected": 31824.0
  },
  "enter_reset": false,
  "reset_soc_on_enter": false,
  "engine_version": "v2_post_nrsus_fix",
  "fleet_ev_share": 0.2571428418159485,
  "fleet_tier_hist": [
    70,
    60,
    45
  ],
  "completion": 0.9424283642214922,
  "n_offered": 2836362.0,
  "n_admitted": 2834205.0,
  "completion_admitted": 0.9431456087333132,
  "avg_latency_admitted_ms": 51.35837668764257,
  "avg_latency_met_ms": 40.8468411578007,
  "t1_completion": 0.8274410463449173,
  "t2_completion": 0.989071610299575,
  "t3_completion": 0.9605631796046654,
  "total_energy_j": 1242221.875,
  "avg_energy_j_per_task": 0.4379630932158871,
  "avg_latency_ms_per_task": 53.00069878245443,
  "p_local": 0.5133635974533575,
  "p_v2i": 0.2884205189605558,
  "p_v2v": 0.1982158835860867,
  "t1_share": 0.20041694254823608,
  "t2_share": 0.299739948567919,
  "t3_share": 0.49984310888384487,
  "total_tasks": 2836362.0,
  "wall_s": 524.6,
  "v2i_path_metrics": {
    "schema_version": "e2_native_v2i_path_v1",
    "v2i_attempts": 818065,
    "v2i_admitted_tasks": 817934,
    "ingress_count_per_rsu": [
      216376,
      43354,
      153219,
      56144,
      47050,
      67065,
      59739,
      63576,
      20961,
      62365,
      5953,
      22263
    ],
    "selected_target_count_per_rsu": [
      68335,
      68586,
      68404,
      68551,
      68413,
      68255,
      68351,
      68060,
      67931,
      67890,
      67868,
      67421
    ],
    "actual_execution_count_per_rsu": [
      68325,
      68571,
      68393,
      68541,
      68407,
      68250,
      68340,
      68049,
      67915,
      67873,
      67859,
      67411
    ],
    "forwarded_admitted_task_count": 750030,
    "forwarded_share_of_admitted_v2i": 0.916981076712791,
    "total_forwarding_latency_ms": 0.0,
    "mean_forwarding_latency_ms_per_admitted_v2i": 0.0,
    "mean_forwarding_latency_ms_per_forwarded_v2i": 0.0,
    "ingress_to_execution_pair_matrix": [
      [
        17776,
        18229,
        18072,
        18079,
        18257,
        18131,
        17913,
        18127,
        18130,
        17994,
        17880,
        17682
      ],
      [
        3743,
        3602,
        3532,
        3635,
        3571,
        3713,
        3721,
        3686,
        3502,
        3600,
        3589,
        3458
      ],
      [
        12633,
        12825,
        12919,
        12849,
        12952,
        12752,
        12806,
        12568,
        12665,
        12772,
        12683,
        12784
      ],
      [
        4783,
        4768,
        4737,
        4606,
        4538,
        4609,
        4805,
        4747,
        4593,
        4648,
        4590,
        4719
      ],
      [
        3717,
        3924,
        3941,
        3977,
        4039,
        3864,
        3913,
        3937,
        3915,
        3919,
        4031,
        3871
      ],
      [
        5833,
        5661,
        5617,
        5691,
        5706,
        5582,
        5519,
        5474,
        5465,
        5505,
        5519,
        5493
      ],
      [
        5019,
        4941,
        4927,
        4954,
        4835,
        5034,
        4980,
        5088,
        5004,
        4985,
        4987,
        4982
      ],
      [
        5480,
        5223,
        5285,
        5309,
        5309,
        5244,
        5446,
        5297,
        5288,
        5322,
        5168,
        5203
      ],
      [
        1768,
        1802,
        1725,
        1765,
        1708,
        1718,
        1760,
        1714,
        1735,
        1736,
        1736,
        1792
      ],
      [
        5250,
        5255,
        5227,
        5239,
        5149,
        5272,
        5088,
        5105,
        5237,
        5069,
        5293,
        5179
      ],
      [
        499,
        527,
        539,
        473,
        490,
        474,
        526,
        476,
        513,
        465,
        511,
        460
      ],
      [
        1824,
        1814,
        1872,
        1964,
        1853,
        1857,
        1863,
        1830,
        1868,
        1858,
        1872,
        1788
      ]
    ],
    "execution_share_per_rsu": [
      0.08353363474314554,
      0.08383439250599682,
      0.08361677103531581,
      0.08379771473003934,
      0.08363388733076263,
      0.08344194030325185,
      0.08355197363112427,
      0.08319619920433678,
      0.08303237180506007,
      0.0829810229187196,
      0.08296390662327278,
      0.08241618516897452
    ],
    "maximum_execution_share": 0.08383439250599682,
    "imbalance_diagnostic": {
      "name": "execution_share_range",
      "definition": "max(per-RSU execution share) - min(per-RSU execution share)",
      "value": 0.0014182073370223036
    }
  },
  "extension_schema": "joint_seed_cyclic_v2_records",
  "substep_queue_iterations": 3,
  "k_max": 5,
  "n_rsus": 12,
  "max_vehicle_queue_depth": 10,
  "evaluator_seed": 204,
  "round_robin_pointer_final": null
}
[per-step] wrote /Users/akashx/Downloads/diss_mat/traffictwin-traces-raw-2026-09-16/ev/ev/block_04_per_task_dla/attempt_001/per_step.npz (T=23400, N=175, R=12; join vehicles on the trace npz pos_x/pos_y/mask for positions)
[per-task] wrote /Users/akashx/Downloads/diss_mat/traffictwin-traces-raw-2026-09-16/ev/ev/block_04_per_task_dla/attempt_001/per_task.npz ([T,KMAX,N] = [23400,5,175]; filter on task_active)
