[mc] enter-reset=off (mask-only reset — no enter channel in trace) reset_soc_on_enter=False
[mc] substep-queue=sequential (co-batch queueing charged; 3 gate iterations)
[mc] rsu-cap-mode=reject (buffer-full tasks individually failed; enqueued work conserved)
[mc] veh-queue=conserved (helper co-batch pricing + per-task MQD rejection on vehicle queues)
[mc] ABSOLUTE cap override: 6220 tasks/RSU (ratio form would give 408)
[mc] T=25200 maxN=163 RSU_MAX_CONCURRENT=6220 K_MAX=5
[fleet] uk2030: ev_share=0.2331 tier_hist=[92, 42, 29]
{
  "trace": "trace_wd_pm_fullrsu.npz",
  "actor": "mappo_modelc_17dim__envs128__lr3e-3__seed100_actor_params.npz",
  "model": "C",
  "T": 25200,
  "maxN": 163,
  "rsu_max_concurrent": 6220,
  "fleet": "uk2030",
  "fleet_seed": 100,
  "obs_variant": "onehot17",
  "lambda_arrival": 1.5,
  "rsu_service_mult": 1.0,
  "rsu_lb": "causal_round_robin",
  "rsu_backhaul_ms": 0.0,
  "k8s_scale": "off",
  "k8s_params": {},
  "k8s_mean_mult": 1.0,
  "k8s_scale_events": 0,
  "k8s_first_scaleup_s": -1.0,
  "rsu_cap_mode": "reject",
  "substep_queue": "sequential",
  "v2i_gate_rejected": 102347.0,
  "v2i_cap_rejected": 0.0,
  "veh_queue_mode": "conserved",
  "local_mqd_rejected": 560.0,
  "v2v_mqd_rejected": 3984.0,
  "v2i_unavailable": 203.0,
  "v2v_unavailable": 8.0,
  "work_ms": {
    "v2i_offered": 23732052.0,
    "v2i_admitted": 22930020.0,
    "v2i_rejected_or_unavailable": 802032.0,
    "veh_offered": 70733216.0,
    "veh_admitted": 70659424.0,
    "veh_rejected": 73792.0
  },
  "enter_reset": false,
  "reset_soc_on_enter": false,
  "engine_version": "v2_post_nrsus_fix",
  "fleet_ev_share": 0.23312883079051971,
  "fleet_tier_hist": [
    92,
    42,
    29
  ],
  "completion": 0.8887343852174698,
  "n_offered": 3917922.0,
  "n_admitted": 3810820.0,
  "completion_admitted": 0.9137120094887714,
  "avg_latency_admitted_ms": 63.0707679711978,
  "avg_latency_met_ms": 48.61540405606905,
  "t1_completion": 0.6762910217192192,
  "t2_completion": 0.9850600747634902,
  "t3_completion": 0.915992137323322,
  "total_energy_j": 1540487.625,
  "avg_energy_j_per_task": 0.3931899677941521,
  "avg_latency_ms_per_task": 90.17569619813769,
  "p_local": 0.4208748923536507,
  "p_v2i": 0.37636609406721216,
  "p_v2v": 0.20275901357913712,
  "t1_share": 0.2000841262281383,
  "t2_share": 0.29974307809088596,
  "t3_share": 0.5001727956809758,
  "total_tasks": 3917922.0,
  "wall_s": 495.7,
  "v2i_path_metrics": {
    "schema_version": "e2_native_v2i_path_v1",
    "v2i_attempts": 1474573,
    "v2i_admitted_tasks": 1372023,
    "ingress_count_per_rsu": [
      406901,
      83564,
      285976,
      110753,
      121776,
      123882,
      172001,
      36626,
      17521,
      115573
    ],
    "selected_target_count_per_rsu": [
      147458,
      147459,
      147452,
      147453,
      147453,
      147456,
      147455,
      147464,
      147455,
      147468
    ],
    "actual_execution_count_per_rsu": [
      137271,
      136997,
      137398,
      137058,
      137090,
      137235,
      137335,
      137127,
      137167,
      137345
    ],
    "forwarded_admitted_task_count": 1235379,
    "forwarded_share_of_admitted_v2i": 0.9004069173767495,
    "total_forwarding_latency_ms": 0.0,
    "mean_forwarding_latency_ms_per_admitted_v2i": 0.0,
    "mean_forwarding_latency_ms_per_forwarded_v2i": 0.0,
    "ingress_to_execution_pair_matrix": [
      [
        37649,
        38093,
        37807,
        37777,
        37948,
        37976,
        37866,
        37736,
        37792,
        37736
      ],
      [
        7776,
        7701,
        7839,
        7769,
        7849,
        7737,
        7755,
        7802,
        7724,
        7838
      ],
      [
        26664,
        26293,
        26501,
        26448,
        26396,
        26845,
        26656,
        26510,
        26751,
        26624
      ],
      [
        10368,
        10437,
        10227,
        10244,
        10366,
        10290,
        10478,
        10273,
        10193,
        10278
      ],
      [
        11367,
        11188,
        11603,
        11309,
        11164,
        11349,
        11250,
        11427,
        11396,
        11371
      ],
      [
        11555,
        11558,
        11553,
        11688,
        11627,
        11485,
        11408,
        11461,
        11500,
        11564
      ],
      [
        15948,
        16020,
        16080,
        15988,
        15969,
        15760,
        16112,
        15887,
        16091,
        16185
      ],
      [
        3449,
        3308,
        3440,
        3503,
        3473,
        3347,
        3333,
        3472,
        3380,
        3511
      ],
      [
        1621,
        1645,
        1682,
        1574,
        1634,
        1691,
        1695,
        1659,
        1643,
        1565
      ],
      [
        10874,
        10754,
        10666,
        10758,
        10664,
        10755,
        10782,
        10900,
        10697,
        10673
      ]
    ],
    "execution_share_per_rsu": [
      0.10005007204689717,
      0.09985036693991281,
      0.10014263609283518,
      0.09989482683599328,
      0.09991815006016663,
      0.10002383341970215,
      0.10009671849524389,
      0.09994511753811708,
      0.09997427156833377,
      0.10010400700279806
    ],
    "maximum_execution_share": 0.10014263609283518,
    "imbalance_diagnostic": {
      "name": "execution_share_range",
      "definition": "max(per-RSU execution share) - min(per-RSU execution share)",
      "value": 0.000292269152922367
    }
  },
  "extension_schema": "joint_seed_cyclic_v2_records",
  "substep_queue_iterations": 3,
  "k_max": 5,
  "n_rsus": 10,
  "max_vehicle_queue_depth": 10,
  "evaluator_seed": 200,
  "round_robin_pointer_final": 0
}
[per-step] wrote /Users/akashx/Downloads/diss_mat/traffictwin-traces-raw-2026-09-16/wd_pm/wd_pm/block_00_causal_round_robin/attempt_001/per_step.npz (T=25200, N=163, R=10; join vehicles on the trace npz pos_x/pos_y/mask for positions)
[per-task] wrote /Users/akashx/Downloads/diss_mat/traffictwin-traces-raw-2026-09-16/wd_pm/wd_pm/block_00_causal_round_robin/attempt_001/per_task.npz ([T,KMAX,N] = [25200,5,163]; filter on task_active)
