[mc] enter-reset=off (mask-only reset — no enter channel in trace) reset_soc_on_enter=False
[mc] substep-queue=sequential (co-batch queueing charged; 3 gate iterations)
[mc] rsu-cap-mode=reject (buffer-full tasks individually failed; enqueued work conserved)
[mc] veh-queue=conserved (helper co-batch pricing + per-task MQD rejection on vehicle queues)
[mc] ABSOLUTE cap override: 6220 tasks/RSU (ratio form would give 438)
[mc] T=23400 maxN=175 RSU_MAX_CONCURRENT=6220 K_MAX=5
[fleet] uk2030: ev_share=0.2571 tier_hist=[62, 72, 41]
{
  "trace": "trace_ev_fullrsu.npz",
  "actor": "mappo_modelc_17dim__envs128__lr3e-3__seed100_actor_params.npz",
  "model": "C",
  "T": 23400,
  "maxN": 175,
  "rsu_max_concurrent": 6220,
  "fleet": "uk2030",
  "fleet_seed": 105,
  "obs_variant": "onehot17",
  "lambda_arrival": 1.5,
  "rsu_service_mult": 1.0,
  "rsu_lb": "dla_p2c",
  "rsu_backhaul_ms": 0.0,
  "k8s_scale": "off",
  "k8s_params": {},
  "k8s_mean_mult": 1.0,
  "k8s_scale_events": 0,
  "k8s_first_scaleup_s": -1.0,
  "rsu_cap_mode": "reject",
  "substep_queue": "sequential",
  "v2i_gate_rejected": 971.0,
  "v2i_cap_rejected": 0.0,
  "veh_queue_mode": "conserved",
  "local_mqd_rejected": 295.0,
  "v2v_mqd_rejected": 1864.0,
  "v2i_unavailable": 38.0,
  "v2v_unavailable": 3.0,
  "work_ms": {
    "v2i_offered": 8995680.0,
    "v2i_admitted": 8987743.0,
    "v2i_rejected_or_unavailable": 7937.0,
    "veh_offered": 56060892.0,
    "veh_admitted": 56025684.0,
    "veh_rejected": 35208.0
  },
  "enter_reset": false,
  "reset_soc_on_enter": false,
  "engine_version": "v2_post_nrsus_fix",
  "fleet_ev_share": 0.2571428418159485,
  "fleet_tier_hist": [
    62,
    72,
    41
  ],
  "completion": 0.9457883221756379,
  "n_offered": 2839296.0,
  "n_admitted": 2836125.0,
  "completion_admitted": 0.9468457843007625,
  "avg_latency_admitted_ms": 49.67129163912028,
  "avg_latency_met_ms": 40.5133707682322,
  "t1_completion": 0.842040289447222,
  "t2_completion": 0.9909881571379946,
  "t3_completion": 0.960161751082274,
  "total_energy_j": 1364685.0,
  "avg_energy_j_per_task": 0.48064203239112796,
  "avg_latency_ms_per_task": 51.71598593454152,
  "p_local": 0.6062464075601839,
  "p_v2i": 0.19692909791723018,
  "p_v2v": 0.19682449452258588,
  "t1_share": 0.1999935899603282,
  "t2_share": 0.30007086263637184,
  "t3_share": 0.4999355474033,
  "total_tasks": 2839296.0,
  "wall_s": 695.3,
  "v2i_path_metrics": {
    "schema_version": "e2_native_v2i_path_v1",
    "v2i_attempts": 559140,
    "v2i_admitted_tasks": 558131,
    "ingress_count_per_rsu": [
      139481,
      31273,
      101302,
      37924,
      34534,
      50945,
      44468,
      41819,
      16154,
      40284,
      4623,
      16333
    ],
    "selected_target_count_per_rsu": [
      46537,
      46649,
      46705,
      46552,
      46590,
      46199,
      46572,
      46842,
      46385,
      46848,
      46638,
      46623
    ],
    "actual_execution_count_per_rsu": [
      46456,
      46577,
      46614,
      46453,
      46510,
      46101,
      46494,
      46755,
      46289,
      46787,
      46545,
      46550
    ],
    "forwarded_admitted_task_count": 511525,
    "forwarded_share_of_admitted_v2i": 0.9164963064226858,
    "total_forwarding_latency_ms": 0.0,
    "mean_forwarding_latency_ms_per_admitted_v2i": 0.0,
    "mean_forwarding_latency_ms_per_forwarded_v2i": 0.0,
    "ingress_to_execution_pair_matrix": [
      [
        11596,
        11697,
        11452,
        11676,
        11354,
        11438,
        11623,
        11588,
        11674,
        11608,
        11728,
        11742
      ],
      [
        2590,
        2653,
        2609,
        2609,
        2541,
        2615,
        2580,
        2621,
        2553,
        2706,
        2603,
        2534
      ],
      [
        8381,
        8521,
        8458,
        8252,
        8519,
        8379,
        8306,
        8485,
        8432,
        8463,
        8433,
        8497
      ],
      [
        3151,
        3131,
        3138,
        3184,
        3218,
        3054,
        3109,
        3134,
        3213,
        3226,
        3182,
        3123
      ],
      [
        2952,
        2888,
        2876,
        2841,
        2930,
        2891,
        2940,
        2864,
        2810,
        2771,
        2940,
        2772
      ],
      [
        4158,
        4148,
        4373,
        4267,
        4296,
        4154,
        4230,
        4242,
        4254,
        4249,
        4227,
        4275
      ],
      [
        3701,
        3728,
        3704,
        3697,
        3659,
        3718,
        3718,
        3718,
        3638,
        3722,
        3671,
        3709
      ],
      [
        3458,
        3420,
        3424,
        3447,
        3591,
        3487,
        3566,
        3533,
        3431,
        3520,
        3444,
        3440
      ],
      [
        1351,
        1351,
        1335,
        1415,
        1341,
        1281,
        1356,
        1370,
        1273,
        1360,
        1330,
        1362
      ],
      [
        3398,
        3355,
        3437,
        3323,
        3299,
        3359,
        3372,
        3393,
        3273,
        3395,
        3202,
        3409
      ],
      [
        384,
        380,
        402,
        389,
        406,
        371,
        382,
        408,
        378,
        379,
        380,
        355
      ],
      [
        1336,
        1305,
        1406,
        1353,
        1356,
        1354,
        1312,
        1399,
        1360,
        1388,
        1405,
        1332
      ]
    ],
    "execution_share_per_rsu": [
      0.08323493946761602,
      0.08345173444943929,
      0.08351802712983153,
      0.08322956438542206,
      0.0833316909471074,
      0.08259888807466348,
      0.08330302384207292,
      0.08377065599294789,
      0.08293572655881863,
      0.08382799020301686,
      0.08339440023937032,
      0.0834033587096936
    ],
    "maximum_execution_share": 0.08382799020301686,
    "imbalance_diagnostic": {
      "name": "execution_share_range",
      "definition": "max(per-RSU execution share) - min(per-RSU execution share)",
      "value": 0.0012291021283533793
    }
  },
  "extension_schema": "joint_seed_cyclic_v2_records",
  "substep_queue_iterations": 3,
  "k_max": 5,
  "n_rsus": 12,
  "max_vehicle_queue_depth": 10,
  "evaluator_seed": 205,
  "round_robin_pointer_final": null
}
[per-step] wrote /Users/akashx/Downloads/diss_mat/traffictwin-traces-raw-2026-09-16/ev/ev/block_05_dla_p2c/attempt_001/per_step.npz (T=23400, N=175, R=12; join vehicles on the trace npz pos_x/pos_y/mask for positions)
[per-task] wrote /Users/akashx/Downloads/diss_mat/traffictwin-traces-raw-2026-09-16/ev/ev/block_05_dla_p2c/attempt_001/per_task.npz ([T,KMAX,N] = [23400,5,175]; filter on task_active)
