[mc] enter-reset=ON reset_soc_on_enter=False
[mc] substep-queue=sequential (co-batch queueing charged; 3 gate iterations)
[mc] rsu-cap-mode=reject (buffer-full tasks individually failed; enqueued work conserved)
[mc] veh-queue=conserved (helper co-batch pricing + per-task MQD rejection on vehicle queues)
[mc] ABSOLUTE cap override: 6220 tasks/RSU (ratio form would give 538)
[mc] T=10800 maxN=215 RSU_MAX_CONCURRENT=6220 K_MAX=5
[fleet] uk2030: ev_share=0.2186 tier_hist=[86, 81, 48]
{
  "trace": "trace_wd_am_wdrsu.npz",
  "actor": "mappo_modelc_17dim_ukfleet2030__envs128__lr3e-3__seed100_actor_params.npz",
  "model": "C",
  "T": 10800,
  "maxN": 215,
  "rsu_max_concurrent": 6220,
  "fleet": "uk2030",
  "fleet_seed": 106,
  "obs_variant": "onehot17",
  "lambda_arrival": 1.5,
  "rsu_service_mult": 1.0,
  "rsu_lb": "per_task_dla",
  "rsu_backhaul_ms": 0.0,
  "k8s_scale": "off",
  "k8s_params": {},
  "k8s_mean_mult": 1.0,
  "k8s_scale_events": 0,
  "k8s_first_scaleup_s": -1.0,
  "rsu_cap_mode": "reject",
  "substep_queue": "sequential",
  "v2i_gate_rejected": 606.0,
  "v2i_cap_rejected": 0.0,
  "veh_queue_mode": "conserved",
  "local_mqd_rejected": 195.0,
  "v2v_mqd_rejected": 928.0,
  "v2i_unavailable": 75.0,
  "v2v_unavailable": 0.0,
  "work_ms": {
    "v2i_offered": 6135223.0,
    "v2i_admitted": 6129353.5,
    "v2i_rejected_or_unavailable": 5869.5,
    "veh_offered": 35349624.0,
    "veh_admitted": 35326252.0,
    "veh_rejected": 23372.0
  },
  "enter_reset": true,
  "reset_soc_on_enter": false,
  "engine_version": "v3_enter_reset",
  "fleet_ev_share": 0.2186046540737152,
  "fleet_tier_hist": [
    86,
    81,
    48
  ],
  "completion": 0.9319468800495955,
  "n_offered": 1742095.0,
  "n_admitted": 1740291.0,
  "completion_admitted": 0.9329129438697321,
  "avg_latency_admitted_ms": 54.32729583730537,
  "avg_latency_met_ms": 43.3025462877416,
  "t1_completion": 0.7969661844619526,
  "t2_completion": 0.9902524517315354,
  "t3_completion": 0.9510015754862148,
  "total_energy_j": 777491.375,
  "avg_energy_j_per_task": 0.44629677199004647,
  "avg_latency_ms_per_task": 56.16760509616295,
  "p_local": 0.5878043390285834,
  "p_v2i": 0.21908736320349922,
  "p_v2v": 0.19310829776791735,
  "t1_share": 0.20006830855952173,
  "t2_share": 0.29968514920254063,
  "t3_share": 0.5002465422379376,
  "total_tasks": 1742095.0,
  "wall_s": 155.7,
  "v2i_path_metrics": {
    "schema_version": "e2_native_v2i_path_v1",
    "v2i_attempts": 381671,
    "v2i_admitted_tasks": 380990,
    "ingress_count_per_rsu": [
      98256,
      46226,
      49447,
      40035,
      25527,
      18303,
      59402,
      9964,
      34511
    ],
    "selected_target_count_per_rsu": [
      42226,
      42210,
      42150,
      42898,
      42585,
      42446,
      42270,
      42707,
      42179
    ],
    "actual_execution_count_per_rsu": [
      42172,
      42117,
      42095,
      42839,
      42502,
      42393,
      42161,
      42626,
      42085
    ],
    "forwarded_admitted_task_count": 338469,
    "forwarded_share_of_admitted_v2i": 0.88839339615213,
    "total_forwarding_latency_ms": 0.0,
    "mean_forwarding_latency_ms_per_admitted_v2i": 0.0,
    "mean_forwarding_latency_ms_per_forwarded_v2i": 0.0,
    "ingress_to_execution_pair_matrix": [
      [
        10883,
        11056,
        10830,
        10794,
        10801,
        10882,
        10763,
        10985,
        11003
      ],
      [
        5226,
        5087,
        5108,
        5123,
        5083,
        5154,
        5079,
        5229,
        5073
      ],
      [
        5391,
        5482,
        5582,
        5724,
        5566,
        5583,
        5432,
        5340,
        5300
      ],
      [
        4321,
        4336,
        4428,
        4524,
        4458,
        4421,
        4558,
        4512,
        4432
      ],
      [
        2777,
        2790,
        2816,
        2931,
        2903,
        2889,
        2819,
        2836,
        2733
      ],
      [
        1985,
        1979,
        1956,
        2072,
        2051,
        2047,
        1997,
        2093,
        2093
      ],
      [
        6684,
        6507,
        6422,
        6557,
        6737,
        6521,
        6647,
        6676,
        6564
      ],
      [
        1093,
        1063,
        1101,
        1155,
        1163,
        1100,
        1085,
        1081,
        1120
      ],
      [
        3812,
        3817,
        3852,
        3959,
        3740,
        3796,
        3781,
        3874,
        3767
      ]
    ],
    "execution_share_per_rsu": [
      0.110690569306281,
      0.11054620856190452,
      0.11048846426415392,
      0.11244127142444683,
      0.11155673377253997,
      0.11127063702459382,
      0.1106616971574057,
      0.11188220163258879,
      0.11046221685608547
    ],
    "maximum_execution_share": 0.11244127142444683,
    "imbalance_diagnostic": {
      "name": "execution_share_range",
      "definition": "max(per-RSU execution share) - min(per-RSU execution share)",
      "value": 0.001979054568361366
    }
  },
  "extension_schema": "joint_seed_cyclic_v2_records",
  "substep_queue_iterations": 3,
  "k_max": 5,
  "n_rsus": 9,
  "max_vehicle_queue_depth": 10,
  "evaluator_seed": 206,
  "round_robin_pointer_final": null
}
[per-step] wrote /Users/akashx/Downloads/diss_mat/traffictwin-followups-raw-2026-09-15/09_second_actor/block_06_per_task_dla/attempt_001/per_step.npz (T=10800, N=215, R=9; join vehicles on the trace npz pos_x/pos_y/mask for positions)
[per-task] wrote /Users/akashx/Downloads/diss_mat/traffictwin-followups-raw-2026-09-15/09_second_actor/block_06_per_task_dla/attempt_001/per_task.npz ([T,KMAX,N] = [10800,5,215]; filter on task_active)
