[mc] enter-reset=off (mask-only reset — no enter channel in trace) reset_soc_on_enter=False
[mc] substep-queue=sequential (co-batch queueing charged; 3 gate iterations)
[mc] rsu-cap-mode=reject (buffer-full tasks individually failed; enqueued work conserved)
[mc] veh-queue=conserved (helper co-batch pricing + per-task MQD rejection on vehicle queues)
[mc] ABSOLUTE cap override: 6220 tasks/RSU (ratio form would give 438)
[mc] T=23400 maxN=175 RSU_MAX_CONCURRENT=6220 K_MAX=5
[fleet] uk2030: ev_share=0.2286 tier_hist=[68, 71, 36]
{
  "trace": "trace_ev_fullrsu.npz",
  "actor": "mappo_modelc_17dim__envs128__lr3e-3__seed100_actor_params.npz",
  "model": "C",
  "T": 23400,
  "maxN": 175,
  "rsu_max_concurrent": 6220,
  "fleet": "uk2030",
  "fleet_seed": 103,
  "obs_variant": "onehot17",
  "lambda_arrival": 1.5,
  "rsu_service_mult": 1.0,
  "rsu_lb": "per_task_dla",
  "rsu_backhaul_ms": 0.0,
  "k8s_scale": "off",
  "k8s_params": {},
  "k8s_mean_mult": 1.0,
  "k8s_scale_events": 0,
  "k8s_first_scaleup_s": -1.0,
  "rsu_cap_mode": "reject",
  "substep_queue": "sequential",
  "v2i_gate_rejected": 11.0,
  "v2i_cap_rejected": 0.0,
  "veh_queue_mode": "conserved",
  "local_mqd_rejected": 233.0,
  "v2v_mqd_rejected": 1518.0,
  "v2i_unavailable": 59.0,
  "v2v_unavailable": 3.0,
  "work_ms": {
    "v2i_offered": 10304250.0,
    "v2i_admitted": 10303265.0,
    "v2i_rejected_or_unavailable": 985.0,
    "veh_offered": 55077676.0,
    "veh_admitted": 55051924.0,
    "veh_rejected": 25752.0
  },
  "enter_reset": false,
  "reset_soc_on_enter": false,
  "engine_version": "v2_post_nrsus_fix",
  "fleet_ev_share": 0.22857142984867096,
  "fleet_tier_hist": [
    68,
    71,
    36
  ],
  "completion": 0.9490874829638587,
  "n_offered": 2838084.0,
  "n_admitted": 2836260.0,
  "completion_admitted": 0.9496978415236967,
  "avg_latency_admitted_ms": 49.01783616452652,
  "avg_latency_met_ms": 39.933376646037445,
  "t1_completion": 0.8557652132061401,
  "t2_completion": 0.9909754918298276,
  "t3_completion": 0.9612395232667883,
  "total_energy_j": 1309797.25,
  "avg_energy_j_per_task": 0.4615075698957466,
  "avg_latency_ms_per_task": 50.38727817781292,
  "p_local": 0.5819073713110676,
  "p_v2i": 0.22552785611701415,
  "p_v2v": 0.19256477257191823,
  "t1_share": 0.19986053971623108,
  "t2_share": 0.30024622245148486,
  "t3_share": 0.499893237832284,
  "total_tasks": 2838084.0,
  "wall_s": 466.8,
  "v2i_path_metrics": {
    "schema_version": "e2_native_v2i_path_v1",
    "v2i_attempts": 640067,
    "v2i_admitted_tasks": 639997,
    "ingress_count_per_rsu": [
      162664,
      36694,
      116514,
      41371,
      37616,
      55786,
      50667,
      51815,
      18647,
      44782,
      5153,
      18358
    ],
    "selected_target_count_per_rsu": [
      53620,
      53789,
      54043,
      53755,
      53543,
      53581,
      53270,
      53486,
      53164,
      53161,
      52219,
      52436
    ],
    "actual_execution_count_per_rsu": [
      53617,
      53784,
      54039,
      53751,
      53539,
      53569,
      53266,
      53482,
      53158,
      53158,
      52212,
      52422
    ],
    "forwarded_admitted_task_count": 586361,
    "forwarded_share_of_admitted_v2i": 0.9161933571563616,
    "total_forwarding_latency_ms": 0.0,
    "mean_forwarding_latency_ms_per_admitted_v2i": 0.0,
    "mean_forwarding_latency_ms_per_forwarded_v2i": 0.0,
    "ingress_to_execution_pair_matrix": [
      [
        13621,
        13265,
        13676,
        13583,
        13592,
        13518,
        13719,
        13771,
        13600,
        13732,
        13092,
        13431
      ],
      [
        3036,
        3237,
        3046,
        2996,
        3013,
        3046,
        3053,
        3138,
        3039,
        3041,
        3013,
        3035
      ],
      [
        9744,
        9777,
        9791,
        9891,
        9760,
        9703,
        9615,
        9756,
        9763,
        9684,
        9401,
        9629
      ],
      [
        3446,
        3560,
        3514,
        3564,
        3498,
        3485,
        3336,
        3410,
        3436,
        3434,
        3432,
        3255
      ],
      [
        3083,
        3167,
        3229,
        3143,
        3172,
        3247,
        3176,
        3178,
        3012,
        3090,
        3022,
        3097
      ],
      [
        4731,
        4738,
        4803,
        4801,
        4527,
        4637,
        4494,
        4530,
        4590,
        4651,
        4703,
        4580
      ],
      [
        4340,
        4425,
        4218,
        4182,
        4256,
        4198,
        4202,
        4220,
        4235,
        4145,
        4097,
        4148
      ],
      [
        4362,
        4304,
        4408,
        4328,
        4411,
        4400,
        4405,
        4297,
        4197,
        4210,
        4282,
        4209
      ],
      [
        1502,
        1556,
        1536,
        1499,
        1538,
        1548,
        1603,
        1597,
        1536,
        1574,
        1587,
        1571
      ],
      [
        3731,
        3756,
        3827,
        3797,
        3789,
        3802,
        3662,
        3647,
        3778,
        3712,
        3637,
        3644
      ],
      [
        440,
        432,
        443,
        460,
        435,
        443,
        435,
        426,
        435,
        412,
        418,
        374
      ],
      [
        1581,
        1567,
        1548,
        1507,
        1548,
        1542,
        1566,
        1512,
        1537,
        1473,
        1528,
        1449
      ]
    ],
    "execution_share_per_rsu": [
      0.08377695520447752,
      0.08403789392762778,
      0.08443633329531232,
      0.08398633118592744,
      0.08365507963318577,
      0.08370195485291337,
      0.0832285151336647,
      0.08356601671570335,
      0.08305976434264535,
      0.08305976434264535,
      0.08158163241390194,
      0.08190975895199509
    ],
    "maximum_execution_share": 0.08443633329531232,
    "imbalance_diagnostic": {
      "name": "execution_share_range",
      "definition": "max(per-RSU execution share) - min(per-RSU execution share)",
      "value": 0.002854700881410377
    }
  },
  "extension_schema": "joint_seed_cyclic_v2_records",
  "substep_queue_iterations": 3,
  "k_max": 5,
  "n_rsus": 12,
  "max_vehicle_queue_depth": 10,
  "evaluator_seed": 203,
  "round_robin_pointer_final": null
}
[per-step] wrote /Users/akashx/Downloads/diss_mat/traffictwin-traces-raw-2026-09-16/ev/ev/block_03_per_task_dla/attempt_001/per_step.npz (T=23400, N=175, R=12; join vehicles on the trace npz pos_x/pos_y/mask for positions)
[per-task] wrote /Users/akashx/Downloads/diss_mat/traffictwin-traces-raw-2026-09-16/ev/ev/block_03_per_task_dla/attempt_001/per_task.npz ([T,KMAX,N] = [23400,5,175]; filter on task_active)
