[mc] enter-reset=ON reset_soc_on_enter=False
[mc] substep-queue=sequential (co-batch queueing charged; 3 gate iterations)
[mc] rsu-cap-mode=reject (buffer-full tasks individually failed; enqueued work conserved)
[mc] veh-queue=conserved (helper co-batch pricing + per-task MQD rejection on vehicle queues)
[mc] ABSOLUTE cap override: 6220 tasks/RSU (ratio form would give 538)
[mc] T=10800 maxN=215 RSU_MAX_CONCURRENT=6220 K_MAX=5
[fleet] uk2030: ev_share=0.2093 tier_hist=[94, 67, 54]
{
  "trace": "trace_wd_am_wdrsu.npz",
  "actor": "mappo_modelc_17dim_ukfleet2030__envs128__lr3e-3__seed100_actor_params.npz",
  "model": "C",
  "T": 10800,
  "maxN": 215,
  "rsu_max_concurrent": 6220,
  "fleet": "uk2030",
  "fleet_seed": 107,
  "obs_variant": "onehot17",
  "lambda_arrival": 1.5,
  "rsu_service_mult": 1.0,
  "rsu_lb": "per_task_dla",
  "rsu_backhaul_ms": 0.0,
  "k8s_scale": "off",
  "k8s_params": {},
  "k8s_mean_mult": 1.0,
  "k8s_scale_events": 0,
  "k8s_first_scaleup_s": -1.0,
  "rsu_cap_mode": "reject",
  "substep_queue": "sequential",
  "v2i_gate_rejected": 3254.0,
  "v2i_cap_rejected": 0.0,
  "veh_queue_mode": "conserved",
  "local_mqd_rejected": 128.0,
  "v2v_mqd_rejected": 829.0,
  "v2i_unavailable": 68.0,
  "v2v_unavailable": 0.0,
  "work_ms": {
    "v2i_offered": 6794623.0,
    "v2i_admitted": 6767457.5,
    "v2i_rejected_or_unavailable": 27165.5,
    "veh_offered": 34451648.0,
    "veh_admitted": 34431624.0,
    "veh_rejected": 20024.0
  },
  "enter_reset": true,
  "reset_soc_on_enter": false,
  "engine_version": "v3_enter_reset",
  "fleet_ev_share": 0.20930232107639313,
  "fleet_tier_hist": [
    94,
    67,
    54
  ],
  "completion": 0.9277755679636301,
  "n_offered": 1744742.0,
  "n_admitted": 1740463.0,
  "completion_admitted": 0.9300565424257798,
  "avg_latency_admitted_ms": 55.24103413861714,
  "avg_latency_met_ms": 43.62923750671051,
  "t1_completion": 0.7785291583042977,
  "t2_completion": 0.9893680725602826,
  "t3_completion": 0.9505427077414059,
  "total_energy_j": 790283.9375,
  "avg_energy_j_per_task": 0.4529517473070517,
  "avg_latency_ms_per_task": 58.2939918910647,
  "p_local": 0.5628625894258291,
  "p_v2i": 0.2412328011820659,
  "p_v2v": 0.19590460939210497,
  "t1_share": 0.20019177620530715,
  "t2_share": 0.30053956401576853,
  "t3_share": 0.4992686597789243,
  "total_tasks": 1744742.0,
  "wall_s": 167.6,
  "v2i_path_metrics": {
    "schema_version": "e2_native_v2i_path_v1",
    "v2i_attempts": 420889,
    "v2i_admitted_tasks": 417567,
    "ingress_count_per_rsu": [
      107211,
      51881,
      56046,
      44187,
      27079,
      20506,
      63839,
      10611,
      39529
    ],
    "selected_target_count_per_rsu": [
      47204,
      46803,
      47006,
      46683,
      46305,
      46898,
      46810,
      46602,
      46578
    ],
    "actual_execution_count_per_rsu": [
      46758,
      46436,
      46645,
      46288,
      45990,
      46514,
      46457,
      46212,
      46267
    ],
    "forwarded_admitted_task_count": 371368,
    "forwarded_share_of_admitted_v2i": 0.8893614677405063,
    "total_forwarding_latency_ms": 0.0,
    "mean_forwarding_latency_ms_per_admitted_v2i": 0.0,
    "mean_forwarding_latency_ms_per_forwarded_v2i": 0.0,
    "ingress_to_execution_pair_matrix": [
      [
        11898,
        11860,
        11719,
        11844,
        11574,
        11884,
        11901,
        11815,
        11893
      ],
      [
        5749,
        5648,
        5708,
        5735,
        5610,
        5807,
        5819,
        5724,
        5776
      ],
      [
        6312,
        6208,
        6275,
        6180,
        6088,
        6216,
        6131,
        6151,
        6024
      ],
      [
        4784,
        4835,
        4869,
        4888,
        4797,
        5011,
        4920,
        5001,
        4839
      ],
      [
        3003,
        2965,
        3095,
        3129,
        2945,
        2976,
        2901,
        2898,
        2938
      ],
      [
        2123,
        2201,
        2382,
        2278,
        2321,
        2244,
        2330,
        2217,
        2297
      ],
      [
        7340,
        7081,
        7056,
        6832,
        7038,
        7000,
        6932,
        7054,
        7074
      ],
      [
        1203,
        1226,
        1181,
        1158,
        1207,
        1155,
        1176,
        1087,
        1144
      ],
      [
        4346,
        4412,
        4360,
        4244,
        4410,
        4221,
        4347,
        4265,
        4282
      ]
    ],
    "execution_share_per_rsu": [
      0.111977239580714,
      0.11120610584648691,
      0.11170662432615604,
      0.11085167170777384,
      0.11013801377982456,
      0.11139290221688974,
      0.11125639717697998,
      0.11066966498789416,
      0.11080138037728077
    ],
    "maximum_execution_share": 0.111977239580714,
    "imbalance_diagnostic": {
      "name": "execution_share_range",
      "definition": "max(per-RSU execution share) - min(per-RSU execution share)",
      "value": 0.001839225800889438
    }
  },
  "extension_schema": "joint_seed_cyclic_v2_records",
  "substep_queue_iterations": 3,
  "k_max": 5,
  "n_rsus": 9,
  "max_vehicle_queue_depth": 10,
  "evaluator_seed": 207,
  "round_robin_pointer_final": null
}
[per-step] wrote /Users/akashx/Downloads/diss_mat/traffictwin-followups-raw-2026-09-15/09_second_actor/block_07_per_task_dla/attempt_001/per_step.npz (T=10800, N=215, R=9; join vehicles on the trace npz pos_x/pos_y/mask for positions)
[per-task] wrote /Users/akashx/Downloads/diss_mat/traffictwin-followups-raw-2026-09-15/09_second_actor/block_07_per_task_dla/attempt_001/per_task.npz ([T,KMAX,N] = [10800,5,215]; filter on task_active)
