[mc] enter-reset=ON reset_soc_on_enter=False
[mc] substep-queue=sequential (co-batch queueing charged; 3 gate iterations)
[mc] rsu-cap-mode=reject (buffer-full tasks individually failed; enqueued work conserved)
[mc] veh-queue=conserved (helper co-batch pricing + per-task MQD rejection on vehicle queues)
[mc] ABSOLUTE cap override: 6220 tasks/RSU (ratio form would give 538)
[mc] T=10800 maxN=215 RSU_MAX_CONCURRENT=6220 K_MAX=5
[fleet] uk2030: ev_share=0.2279 tier_hist=[87, 86, 42]
{
  "trace": "trace_wd_am_wdrsu.npz",
  "actor": "mappo_modelc_17dim_ukfleet2030__envs128__lr3e-3__seed100_actor_params.npz",
  "model": "C",
  "T": 10800,
  "maxN": 215,
  "rsu_max_concurrent": 6220,
  "fleet": "uk2030",
  "fleet_seed": 105,
  "obs_variant": "onehot17",
  "lambda_arrival": 1.5,
  "rsu_service_mult": 1.0,
  "rsu_lb": "per_task_dla",
  "rsu_backhaul_ms": 0.0,
  "k8s_scale": "off",
  "k8s_params": {},
  "k8s_mean_mult": 1.0,
  "k8s_scale_events": 0,
  "k8s_first_scaleup_s": -1.0,
  "rsu_cap_mode": "reject",
  "substep_queue": "sequential",
  "v2i_gate_rejected": 846.0,
  "v2i_cap_rejected": 0.0,
  "veh_queue_mode": "conserved",
  "local_mqd_rejected": 140.0,
  "v2v_mqd_rejected": 779.0,
  "v2i_unavailable": 52.0,
  "v2v_unavailable": 0.0,
  "work_ms": {
    "v2i_offered": 5593695.0,
    "v2i_admitted": 5586550.5,
    "v2i_rejected_or_unavailable": 7144.5,
    "veh_offered": 35723036.0,
    "veh_admitted": 35703056.0,
    "veh_rejected": 19980.0
  },
  "enter_reset": true,
  "reset_soc_on_enter": false,
  "engine_version": "v3_enter_reset",
  "fleet_ev_share": 0.2279069721698761,
  "fleet_tier_hist": [
    87,
    86,
    42
  ],
  "completion": 0.9368933652249355,
  "n_offered": 1745078.0,
  "n_admitted": 1743261.0,
  "completion_admitted": 0.9378698886741572,
  "avg_latency_admitted_ms": 52.72756747268481,
  "avg_latency_met_ms": 42.76161257333548,
  "t1_completion": 0.815227449171649,
  "t2_completion": 0.9915870360231289,
  "t3_completion": 0.9527218921336973,
  "total_energy_j": 785586.75,
  "avg_energy_j_per_task": 0.45017285760292663,
  "avg_latency_ms_per_task": 54.44049606951666,
  "p_local": 0.6168778702155434,
  "p_v2i": 0.19916015215365732,
  "p_v2v": 0.1839619776307993,
  "t1_share": 0.20002945427081195,
  "t2_share": 0.3003825616963826,
  "t3_share": 0.4995879840328054,
  "total_tasks": 1745078.0,
  "wall_s": 155.8,
  "v2i_path_metrics": {
    "schema_version": "e2_native_v2i_path_v1",
    "v2i_attempts": 347550,
    "v2i_admitted_tasks": 346652,
    "ingress_count_per_rsu": [
      86439,
      40166,
      48117,
      36551,
      24586,
      17032,
      51356,
      9666,
      33637
    ],
    "selected_target_count_per_rsu": [
      38602,
      38419,
      38902,
      38741,
      38386,
      38499,
      38876,
      38465,
      38660
    ],
    "actual_execution_count_per_rsu": [
      38500,
      38296,
      38792,
      38652,
      38318,
      38422,
      38794,
      38341,
      38537
    ],
    "forwarded_admitted_task_count": 308365,
    "forwarded_share_of_admitted_v2i": 0.8895520579716835,
    "total_forwarding_latency_ms": 0.0,
    "mean_forwarding_latency_ms_per_admitted_v2i": 0.0,
    "mean_forwarding_latency_ms_per_forwarded_v2i": 0.0,
    "ingress_to_execution_pair_matrix": [
      [
        9198,
        9344,
        9406,
        9677,
        9518,
        9698,
        9871,
        9659,
        9774
      ],
      [
        4356,
        4398,
        4475,
        4452,
        4440,
        4439,
        4516,
        4481,
        4494
      ],
      [
        5649,
        5480,
        5524,
        5363,
        5252,
        5158,
        5201,
        5245,
        5149
      ],
      [
        3934,
        3881,
        4005,
        4199,
        4142,
        4131,
        4250,
        3969,
        3977
      ],
      [
        2774,
        2744,
        2800,
        2539,
        2703,
        2681,
        2744,
        2794,
        2752
      ],
      [
        2021,
        1940,
        2014,
        1929,
        1879,
        1793,
        1765,
        1805,
        1840
      ],
      [
        5769,
        5683,
        5693,
        5649,
        5630,
        5792,
        5657,
        5561,
        5795
      ],
      [
        1080,
        1093,
        1118,
        1030,
        1094,
        1036,
        1065,
        1094,
        1035
      ],
      [
        3719,
        3733,
        3757,
        3814,
        3660,
        3694,
        3725,
        3733,
        3721
      ]
    ],
    "execution_share_per_rsu": [
      0.11106239110116198,
      0.11047390466519737,
      0.11190473443107209,
      0.11150087119070422,
      0.11053736888868375,
      0.11083738158152845,
      0.11191050390593449,
      0.11060371784960132,
      0.11116912638611634
    ],
    "maximum_execution_share": 0.11191050390593449,
    "imbalance_diagnostic": {
      "name": "execution_share_range",
      "definition": "max(per-RSU execution share) - min(per-RSU execution share)",
      "value": 0.0014365992407371214
    }
  },
  "extension_schema": "joint_seed_cyclic_v2_records",
  "substep_queue_iterations": 3,
  "k_max": 5,
  "n_rsus": 9,
  "max_vehicle_queue_depth": 10,
  "evaluator_seed": 205,
  "round_robin_pointer_final": null
}
[per-step] wrote /Users/akashx/Downloads/diss_mat/traffictwin-followups-raw-2026-09-15/09_second_actor/block_05_per_task_dla/attempt_001/per_step.npz (T=10800, N=215, R=9; join vehicles on the trace npz pos_x/pos_y/mask for positions)
[per-task] wrote /Users/akashx/Downloads/diss_mat/traffictwin-followups-raw-2026-09-15/09_second_actor/block_05_per_task_dla/attempt_001/per_task.npz ([T,KMAX,N] = [10800,5,215]; filter on task_active)
