[mc] enter-reset=ON reset_soc_on_enter=False
[mc] substep-queue=sequential (co-batch queueing charged; 3 gate iterations)
[mc] rsu-cap-mode=reject (buffer-full tasks individually failed; enqueued work conserved)
[mc] veh-queue=conserved (helper co-batch pricing + per-task MQD rejection on vehicle queues)
[mc] ABSOLUTE cap override: 6220 tasks/RSU (ratio form would give 538)
[mc] T=10800 maxN=215 RSU_MAX_CONCURRENT=6220 K_MAX=5
[fleet] uk2030: ev_share=0.2279 tier_hist=[87, 86, 42]
{
  "trace": "trace_wd_am_wdrsu.npz",
  "actor": "mappo_modelc_17dim__envs128__lr3e-3__seed100_actor_params.npz",
  "model": "C",
  "T": 10800,
  "maxN": 215,
  "rsu_max_concurrent": 6220,
  "fleet": "uk2030",
  "fleet_seed": 105,
  "obs_variant": "onehot17",
  "lambda_arrival": 1.5,
  "rsu_service_mult": 1.0,
  "rsu_lb": "dla_p2c",
  "rsu_backhaul_ms": 0.0,
  "k8s_scale": "off",
  "k8s_params": {},
  "k8s_mean_mult": 1.0,
  "k8s_scale_events": 0,
  "k8s_first_scaleup_s": -1.0,
  "rsu_cap_mode": "reject",
  "substep_queue": "sequential",
  "v2i_gate_rejected": 7390.0,
  "v2i_cap_rejected": 0.0,
  "veh_queue_mode": "conserved",
  "local_mqd_rejected": 297.0,
  "v2v_mqd_rejected": 1998.0,
  "v2i_unavailable": 51.0,
  "v2v_unavailable": 0.0,
  "work_ms": {
    "v2i_offered": 6032737.5,
    "v2i_admitted": 5974256.0,
    "v2i_rejected_or_unavailable": 58481.5,
    "veh_offered": 35616824.0,
    "veh_admitted": 35578332.0,
    "veh_rejected": 38492.0
  },
  "enter_reset": true,
  "reset_soc_on_enter": false,
  "engine_version": "v3_enter_reset",
  "fleet_ev_share": 0.2279069721698761,
  "fleet_tier_hist": [
    87,
    86,
    42
  ],
  "completion": 0.9252176693534616,
  "n_offered": 1745078.0,
  "n_admitted": 1735342.0,
  "completion_admitted": 0.9304085304222453,
  "avg_latency_admitted_ms": 55.80748002411052,
  "avg_latency_met_ms": 44.20195258572369,
  "t1_completion": 0.7776444063747074,
  "t2_completion": 0.9885328057902558,
  "t3_completion": 0.9462354614484642,
  "total_energy_j": 810813.9375,
  "avg_energy_j_per_task": 0.4646290523976579,
  "avg_latency_ms_per_task": 62.7072623687881,
  "p_local": 0.564297985534171,
  "p_v2i": 0.21449585634567625,
  "p_v2v": 0.2212061581201528,
  "t1_share": 0.20002945427081195,
  "t2_share": 0.3003825616963826,
  "t3_share": 0.4995879840328054,
  "total_tasks": 1745078.0,
  "wall_s": 194.7,
  "v2i_path_metrics": {
    "schema_version": "e2_native_v2i_path_v1",
    "v2i_attempts": 374312,
    "v2i_admitted_tasks": 366871,
    "ingress_count_per_rsu": [
      104253,
      42196,
      49385,
      36168,
      21918,
      15458,
      58577,
      8786,
      37571
    ],
    "selected_target_count_per_rsu": [
      41502,
      41821,
      41759,
      41954,
      41443,
      41645,
      41281,
      41338,
      41569
    ],
    "actual_execution_count_per_rsu": [
      40726,
      41028,
      40842,
      41096,
      40604,
      40829,
      40456,
      40543,
      40747
    ],
    "forwarded_admitted_task_count": 326495,
    "forwarded_share_of_admitted_v2i": 0.8899449670320085,
    "total_forwarding_latency_ms": 0.0,
    "mean_forwarding_latency_ms_per_admitted_v2i": 0.0,
    "mean_forwarding_latency_ms_per_forwarded_v2i": 0.0,
    "ingress_to_execution_pair_matrix": [
      [
        11320,
        11296,
        11451,
        11490,
        11300,
        11389,
        11238,
        11220,
        11356
      ],
      [
        4764,
        4589,
        4567,
        4555,
        4542,
        4597,
        4521,
        4546,
        4661
      ],
      [
        5388,
        5249,
        5286,
        5490,
        5461,
        5448,
        5293,
        5423,
        5426
      ],
      [
        3873,
        4037,
        4041,
        3961,
        3822,
        3871,
        3904,
        4018,
        4025
      ],
      [
        2371,
        2476,
        2427,
        2408,
        2362,
        2288,
        2419,
        2323,
        2460
      ],
      [
        1684,
        1684,
        1690,
        1740,
        1650,
        1623,
        1727,
        1671,
        1685
      ],
      [
        6285,
        6617,
        6329,
        6369,
        6393,
        6513,
        6344,
        6359,
        6220
      ],
      [
        1019,
        977,
        986,
        958,
        958,
        922,
        921,
        933,
        956
      ],
      [
        4022,
        4103,
        4065,
        4125,
        4116,
        4178,
        4089,
        4050,
        3958
      ]
    ],
    "execution_share_per_rsu": [
      0.11100904677665992,
      0.11183222440585383,
      0.11132523421039003,
      0.1120175756601094,
      0.11067650482049549,
      0.11128979941178234,
      0.1102730932671157,
      0.11051023384241328,
      0.11106628760518002
    ],
    "maximum_execution_share": 0.1120175756601094,
    "imbalance_diagnostic": {
      "name": "execution_share_range",
      "definition": "max(per-RSU execution share) - min(per-RSU execution share)",
      "value": 0.0017444823929937125
    }
  },
  "extension_schema": "joint_seed_cyclic_v2_records",
  "substep_queue_iterations": 3,
  "k_max": 5,
  "n_rsus": 9,
  "max_vehicle_queue_depth": 10,
  "evaluator_seed": 205,
  "round_robin_pointer_final": null
}
[per-step] wrote /Users/akashx/Downloads/diss_mat/traffictwin-followups-raw-2026-09-15/07_two_choice/block_05_dla_p2c/attempt_001/per_step.npz (T=10800, N=215, R=9; join vehicles on the trace npz pos_x/pos_y/mask for positions)
[per-task] wrote /Users/akashx/Downloads/diss_mat/traffictwin-followups-raw-2026-09-15/07_two_choice/block_05_dla_p2c/attempt_001/per_task.npz ([T,KMAX,N] = [10800,5,215]; filter on task_active)
