[mc] enter-reset=ON reset_soc_on_enter=False
[mc] substep-queue=sequential (co-batch queueing charged; 3 gate iterations)
[mc] rsu-cap-mode=reject (buffer-full tasks individually failed; enqueued work conserved)
[mc] veh-queue=conserved (helper co-batch pricing + per-task MQD rejection on vehicle queues)
[mc] ABSOLUTE cap override: 6220 tasks/RSU (ratio form would give 538)
[mc] T=10800 maxN=215 RSU_MAX_CONCURRENT=6220 K_MAX=5
[fleet] uk2030: ev_share=0.2093 tier_hist=[94, 67, 54]
{
  "trace": "trace_wd_am_wdrsu.npz",
  "actor": "mappo_modelc_17dim__envs128__lr3e-3__seed100_actor_params.npz",
  "model": "C",
  "T": 10800,
  "maxN": 215,
  "rsu_max_concurrent": 6220,
  "fleet": "uk2030",
  "fleet_seed": 107,
  "obs_variant": "onehot17",
  "lambda_arrival": 1.5,
  "rsu_service_mult": 1.0,
  "rsu_lb": "per_task_dla",
  "rsu_backhaul_ms": 0.0,
  "k8s_scale": "off",
  "k8s_params": {},
  "k8s_mean_mult": 1.0,
  "k8s_scale_events": 0,
  "k8s_first_scaleup_s": -1.0,
  "rsu_cap_mode": "reject",
  "substep_queue": "sequential",
  "v2i_gate_rejected": 5656.0,
  "v2i_cap_rejected": 0.0,
  "veh_queue_mode": "conserved",
  "local_mqd_rejected": 226.0,
  "v2v_mqd_rejected": 2078.0,
  "v2i_unavailable": 66.0,
  "v2v_unavailable": 3.0,
  "work_ms": {
    "v2i_offered": 7181496.5,
    "v2i_admitted": 7135835.0,
    "v2i_rejected_or_unavailable": 45661.5,
    "veh_offered": 34595348.0,
    "veh_admitted": 34558528.0,
    "veh_rejected": 36820.0
  },
  "enter_reset": true,
  "reset_soc_on_enter": false,
  "engine_version": "v3_enter_reset",
  "fleet_ev_share": 0.20930232107639313,
  "fleet_tier_hist": [
    94,
    67,
    54
  ],
  "completion": 0.9220434883782244,
  "n_offered": 1744742.0,
  "n_admitted": 1736713.0,
  "completion_admitted": 0.9263061887600311,
  "avg_latency_admitted_ms": 57.161942128607315,
  "avg_latency_met_ms": 44.226877383870985,
  "t1_completion": 0.7583821714769972,
  "t2_completion": 0.9863224782784478,
  "t3_completion": 0.9489734185134802,
  "total_energy_j": 812486.5,
  "avg_energy_j_per_task": 0.46567716029074785,
  "avg_latency_ms_per_task": 63.17202658043424,
  "p_local": 0.5208603908199608,
  "p_v2i": 0.25509674209711236,
  "p_v2v": 0.22404286708292687,
  "t1_share": 0.20019177620530715,
  "t2_share": 0.30053956401576853,
  "t3_share": 0.4992686597789243,
  "total_tasks": 1744742.0,
  "wall_s": 151.5,
  "v2i_path_metrics": {
    "schema_version": "e2_native_v2i_path_v1",
    "v2i_attempts": 445078,
    "v2i_admitted_tasks": 439356,
    "ingress_count_per_rsu": [
      124714,
      53494,
      56605,
      43383,
      24240,
      18403,
      71328,
      9952,
      42959
    ],
    "selected_target_count_per_rsu": [
      49516,
      49446,
      49584,
      49543,
      49392,
      49224,
      49504,
      49555,
      49314
    ],
    "actual_execution_count_per_rsu": [
      48879,
      48819,
      48949,
      48921,
      48705,
      48602,
      48876,
      48866,
      48739
    ],
    "forwarded_admitted_task_count": 390499,
    "forwarded_share_of_admitted_v2i": 0.8887986052312931,
    "total_forwarding_latency_ms": 0.0,
    "mean_forwarding_latency_ms_per_admitted_v2i": 0.0,
    "mean_forwarding_latency_ms_per_forwarded_v2i": 0.0,
    "ingress_to_execution_pair_matrix": [
      [
        13754,
        13491,
        13586,
        13758,
        13826,
        13484,
        13782,
        13774,
        13687
      ],
      [
        5952,
        5863,
        5898,
        5884,
        5623,
        5889,
        5957,
        5931,
        5973
      ],
      [
        6357,
        6210,
        6337,
        6241,
        6183,
        6278,
        6000,
        6131,
        6120
      ],
      [
        4677,
        4685,
        4768,
        4604,
        4822,
        4852,
        4924,
        4887,
        4766
      ],
      [
        2713,
        2674,
        2730,
        2729,
        2653,
        2616,
        2547,
        2585,
        2649
      ],
      [
        1905,
        1970,
        2019,
        2104,
        2074,
        2084,
        2027,
        2047,
        1990
      ],
      [
        7866,
        8030,
        7778,
        7770,
        7829,
        7743,
        7837,
        7768,
        7921
      ],
      [
        1088,
        1129,
        1109,
        1095,
        1096,
        1090,
        1128,
        1104,
        1012
      ],
      [
        4567,
        4767,
        4724,
        4736,
        4599,
        4566,
        4674,
        4639,
        4621
      ]
    ],
    "execution_share_per_rsu": [
      0.11125146805779368,
      0.11111490454210253,
      0.11141079215943335,
      0.11134706251877749,
      0.11085543386228935,
      0.11062099982701955,
      0.11124463988200912,
      0.1112218792960606,
      0.11093281985451434
    ],
    "maximum_execution_share": 0.11141079215943335,
    "imbalance_diagnostic": {
      "name": "execution_share_range",
      "definition": "max(per-RSU execution share) - min(per-RSU execution share)",
      "value": 0.0007897923324138023
    }
  },
  "extension_schema": "joint_seed_cyclic_v2_records",
  "substep_queue_iterations": 3,
  "k_max": 5,
  "n_rsus": 9,
  "max_vehicle_queue_depth": 10,
  "evaluator_seed": 207,
  "round_robin_pointer_final": null
}
[per-step] wrote /Users/akashx/Downloads/diss_mat/traffictwin-joint-confirmation-raw-2026-09-08/campaign/block_07_per_task_dla/attempt_001/per_step.npz (T=10800, N=215, R=9; join vehicles on the trace npz pos_x/pos_y/mask for positions)
[per-task] wrote /Users/akashx/Downloads/diss_mat/traffictwin-joint-confirmation-raw-2026-09-08/campaign/block_07_per_task_dla/attempt_001/per_task.npz ([T,KMAX,N] = [10800,5,215]; filter on task_active)
