[mc] enter-reset=ON reset_soc_on_enter=False
[mc] substep-queue=sequential (co-batch queueing charged; 3 gate iterations)
[mc] rsu-cap-mode=reject (buffer-full tasks individually failed; enqueued work conserved)
[mc] veh-queue=conserved (helper co-batch pricing + per-task MQD rejection on vehicle queues)
[mc] ABSOLUTE cap override: 6220 tasks/RSU (ratio form would give 538)
[mc] T=10800 maxN=215 RSU_MAX_CONCURRENT=6220 K_MAX=5
[fleet] uk2030: ev_share=0.2279 tier_hist=[86, 82, 47]
{
  "trace": "trace_wd_am_wdrsu.npz",
  "actor": "mappo_modelc_17dim__envs128__lr3e-3__seed100_actor_params.npz",
  "model": "C",
  "T": 10800,
  "maxN": 215,
  "rsu_max_concurrent": 6220,
  "fleet": "uk2030",
  "fleet_seed": 101,
  "obs_variant": "onehot17",
  "lambda_arrival": 1.5,
  "rsu_service_mult": 0.5,
  "rsu_lb": "per_task_dla",
  "rsu_backhaul_ms": 0.0,
  "k8s_scale": "off",
  "k8s_params": {},
  "k8s_mean_mult": 1.0,
  "k8s_scale_events": 0,
  "k8s_first_scaleup_s": -1.0,
  "rsu_cap_mode": "reject",
  "substep_queue": "sequential",
  "v2i_gate_rejected": 49874.0,
  "v2i_cap_rejected": 0.0,
  "veh_queue_mode": "conserved",
  "local_mqd_rejected": 217.0,
  "v2v_mqd_rejected": 1518.0,
  "v2i_unavailable": 78.0,
  "v2v_unavailable": 1.0,
  "work_ms": {
    "v2i_offered": 13834273.0,
    "v2i_admitted": 13055931.0,
    "v2i_rejected_or_unavailable": 778342.0,
    "veh_offered": 35584120.0,
    "veh_admitted": 35552828.0,
    "veh_rejected": 31292.0
  },
  "enter_reset": true,
  "reset_soc_on_enter": false,
  "engine_version": "v3_enter_reset",
  "fleet_ev_share": 0.2279069721698761,
  "fleet_tier_hist": [
    86,
    82,
    47
  ],
  "completion": 0.8876936420501215,
  "n_offered": 1740970.0,
  "n_admitted": 1689282.0,
  "completion_admitted": 0.9148549502096157,
  "avg_latency_admitted_ms": 64.58652137416962,
  "avg_latency_met_ms": 51.06964453025919,
  "t1_completion": 0.6900597576336207,
  "t2_completion": 0.9878023825324304,
  "t3_completion": 0.9065127196978663,
  "total_energy_j": 764742.0625,
  "avg_energy_j_per_task": 0.43926205649724004,
  "avg_latency_ms_per_task": 93.61726393906845,
  "p_local": 0.53770024756314,
  "p_v2i": 0.24704561250337456,
  "p_v2v": 0.21525413993348536,
  "t1_share": 0.19973807704900143,
  "t2_share": 0.3003434866769674,
  "t3_share": 0.49991843627403115,
  "total_tasks": 1740970.0,
  "wall_s": 184.4,
  "v2i_path_metrics": {
    "schema_version": "e2_native_v2i_path_v1",
    "v2i_attempts": 430099,
    "v2i_admitted_tasks": 380147,
    "ingress_count_per_rsu": [
      121565,
      47481,
      59789,
      40186,
      25362,
      17519,
      64805,
      10195,
      43197
    ],
    "selected_target_count_per_rsu": [
      47787,
      47684,
      47924,
      48105,
      47916,
      47803,
      47806,
      47533,
      47541
    ],
    "actual_execution_count_per_rsu": [
      42222,
      42314,
      42157,
      42540,
      42329,
      42097,
      42323,
      42095,
      42070
    ],
    "forwarded_admitted_task_count": 337831,
    "forwarded_share_of_admitted_v2i": 0.8886851665276854,
    "total_forwarding_latency_ms": 0.0,
    "mean_forwarding_latency_ms_per_admitted_v2i": 0.0,
    "mean_forwarding_latency_ms_per_forwarded_v2i": 0.0,
    "ingress_to_execution_pair_matrix": [
      [
        11860,
        11797,
        11794,
        11997,
        12118,
        11973,
        11879,
        11861,
        11865
      ],
      [
        4710,
        4665,
        4556,
        4749,
        4605,
        4707,
        4661,
        4814,
        4795
      ],
      [
        5844,
        6129,
        5945,
        6061,
        5755,
        5716,
        5932,
        5863,
        5625
      ],
      [
        4083,
        3921,
        4065,
        4023,
        4071,
        3972,
        3940,
        3862,
        3960
      ],
      [
        2551,
        2496,
        2491,
        2443,
        2468,
        2477,
        2514,
        2497,
        2551
      ],
      [
        1615,
        1726,
        1724,
        1757,
        1857,
        1714,
        1814,
        1700,
        1731
      ],
      [
        6277,
        6275,
        6397,
        6383,
        6363,
        6458,
        6466,
        6413,
        6387
      ],
      [
        923,
        1013,
        975,
        1025,
        1032,
        1029,
        1039,
        1000,
        981
      ],
      [
        4359,
        4292,
        4210,
        4102,
        4060,
        4051,
        4078,
        4085,
        4175
      ]
    ],
    "execution_share_per_rsu": [
      0.11106756070677921,
      0.11130957234964368,
      0.1108965742199728,
      0.11190407921146293,
      0.11134903076967594,
      0.1107387405398438,
      0.11133324740166305,
      0.11073347941717283,
      0.11066771538378574
    ],
    "maximum_execution_share": 0.11190407921146293,
    "imbalance_diagnostic": {
      "name": "execution_share_range",
      "definition": "max(per-RSU execution share) - min(per-RSU execution share)",
      "value": 0.0012363638276771949
    }
  },
  "extension_schema": "joint_seed_cyclic_v2_records",
  "substep_queue_iterations": 3,
  "k_max": 5,
  "n_rsus": 9,
  "max_vehicle_queue_depth": 10,
  "evaluator_seed": 201,
  "round_robin_pointer_final": null
}
[per-step] wrote /Users/akashx/Downloads/diss_mat/traffictwin-followups-raw-2026-09-15/08_half_speed/block_01_per_task_dla/attempt_001/per_step.npz (T=10800, N=215, R=9; join vehicles on the trace npz pos_x/pos_y/mask for positions)
[per-task] wrote /Users/akashx/Downloads/diss_mat/traffictwin-followups-raw-2026-09-15/08_half_speed/block_01_per_task_dla/attempt_001/per_task.npz ([T,KMAX,N] = [10800,5,215]; filter on task_active)
