[mc] enter-reset=off (mask-only reset — no enter channel in trace) reset_soc_on_enter=False
[mc] substep-queue=sequential (co-batch queueing charged; 3 gate iterations)
[mc] rsu-cap-mode=reject (buffer-full tasks individually failed; enqueued work conserved)
[mc] veh-queue=conserved (helper co-batch pricing + per-task MQD rejection on vehicle queues)
[mc] ABSOLUTE cap override: 6220 tasks/RSU (ratio form would give 438)
[mc] T=23400 maxN=175 RSU_MAX_CONCURRENT=6220 K_MAX=5
[fleet] uk2030: ev_share=0.2229 tier_hist=[78, 48, 49]
{
  "trace": "trace_ev_fullrsu.npz",
  "actor": "mappo_modelc_17dim__envs128__lr3e-3__seed100_actor_params.npz",
  "model": "C",
  "T": 23400,
  "maxN": 175,
  "rsu_max_concurrent": 6220,
  "fleet": "uk2030",
  "fleet_seed": 100,
  "obs_variant": "onehot17",
  "lambda_arrival": 1.5,
  "rsu_service_mult": 1.0,
  "rsu_lb": "dla",
  "rsu_backhaul_ms": 0.0,
  "k8s_scale": "off",
  "k8s_params": {},
  "k8s_mean_mult": 1.0,
  "k8s_scale_events": 0,
  "k8s_first_scaleup_s": -1.0,
  "rsu_cap_mode": "reject",
  "substep_queue": "sequential",
  "v2i_gate_rejected": 234925.0,
  "v2i_cap_rejected": 0.0,
  "veh_queue_mode": "conserved",
  "local_mqd_rejected": 211.0,
  "v2v_mqd_rejected": 1199.0,
  "v2i_unavailable": 66.0,
  "v2v_unavailable": 2.0,
  "work_ms": {
    "v2i_offered": 12384404.0,
    "v2i_admitted": 10538906.0,
    "v2i_rejected_or_unavailable": 1845498.0,
    "veh_offered": 51744652.0,
    "veh_admitted": 51721652.0,
    "veh_rejected": 23000.0
  },
  "enter_reset": false,
  "reset_soc_on_enter": false,
  "engine_version": "v2_post_nrsus_fix",
  "fleet_ev_share": 0.22285714745521545,
  "fleet_tier_hist": [
    78,
    48,
    49
  ],
  "completion": 0.8546133589475541,
  "n_offered": 2840089.0,
  "n_admitted": 2603686.0,
  "completion_admitted": 0.9322084153004625,
  "avg_latency_admitted_ms": 61.723940598059826,
  "avg_latency_met_ms": 50.056373286178435,
  "t1_completion": 0.6843372560891896,
  "t2_completion": 0.9884040055264819,
  "t3_completion": 0.8424015855379549,
  "total_energy_j": 1368821.375,
  "avg_energy_j_per_task": 0.4819642535850109,
  "avg_latency_ms_per_task": 140.67298876901393,
  "p_local": 0.5215773167671858,
  "p_v2i": 0.27086123005300183,
  "p_v2v": 0.2075614531798123,
  "t1_share": 0.2000423226173546,
  "t2_share": 0.30020960610741426,
  "t3_share": 0.4997480712752312,
  "total_tasks": 2840089.0,
  "wall_s": 521.8,
  "v2i_path_metrics": {
    "schema_version": "e2_native_v2i_path_v1",
    "v2i_attempts": 769270,
    "v2i_admitted_tasks": 534279,
    "ingress_count_per_rsu": [
      200194,
      42168,
      139365,
      51807,
      45162,
      66641,
      58211,
      59849,
      21110,
      57421,
      5962,
      21380
    ],
    "selected_target_count_per_rsu": [
      400132,
      227427,
      98676,
      33571,
      9464,
      0,
      0,
      0,
      0,
      0,
      0,
      0
    ],
    "actual_execution_count_per_rsu": [
      232565,
      167019,
      91802,
      33430,
      9463,
      0,
      0,
      0,
      0,
      0,
      0,
      0
    ],
    "forwarded_admitted_task_count": 445816,
    "forwarded_share_of_admitted_v2i": 0.834425459357377,
    "total_forwarding_latency_ms": 0.0,
    "mean_forwarding_latency_ms_per_admitted_v2i": 0.0,
    "mean_forwarding_latency_ms_per_forwarded_v2i": 0.0,
    "ingress_to_execution_pair_matrix": [
      [
        59815,
        42939,
        23873,
        8784,
        2466,
        0,
        0,
        0,
        0,
        0,
        0,
        0
      ],
      [
        13087,
        9246,
        4976,
        1785,
        506,
        0,
        0,
        0,
        0,
        0,
        0,
        0
      ],
      [
        42099,
        30168,
        16558,
        5986,
        1713,
        0,
        0,
        0,
        0,
        0,
        0,
        0
      ],
      [
        15555,
        11235,
        6282,
        2272,
        667,
        0,
        0,
        0,
        0,
        0,
        0,
        0
      ],
      [
        13741,
        9799,
        5432,
        1977,
        572,
        0,
        0,
        0,
        0,
        0,
        0,
        0
      ],
      [
        20647,
        14826,
        7937,
        2897,
        759,
        0,
        0,
        0,
        0,
        0,
        0,
        0
      ],
      [
        17632,
        12685,
        6926,
        2511,
        723,
        0,
        0,
        0,
        0,
        0,
        0,
        0
      ],
      [
        17877,
        13103,
        7242,
        2622,
        742,
        0,
        0,
        0,
        0,
        0,
        0,
        0
      ],
      [
        6431,
        4623,
        2527,
        937,
        259,
        0,
        0,
        0,
        0,
        0,
        0,
        0
      ],
      [
        17260,
        12363,
        6768,
        2462,
        711,
        0,
        0,
        0,
        0,
        0,
        0,
        0
      ],
      [
        1924,
        1372,
        710,
        238,
        68,
        0,
        0,
        0,
        0,
        0,
        0,
        0
      ],
      [
        6497,
        4660,
        2571,
        959,
        277,
        0,
        0,
        0,
        0,
        0,
        0,
        0
      ]
    ],
    "execution_share_per_rsu": [
      0.435287555752706,
      0.3126063348924438,
      0.17182408442031225,
      0.06257030502789741,
      0.017711719906640538,
      0.0,
      0.0,
      0.0,
      0.0,
      0.0,
      0.0,
      0.0
    ],
    "maximum_execution_share": 0.435287555752706,
    "imbalance_diagnostic": {
      "name": "execution_share_range",
      "definition": "max(per-RSU execution share) - min(per-RSU execution share)",
      "value": 0.435287555752706
    }
  },
  "extension_schema": "joint_seed_cyclic_v2_records",
  "substep_queue_iterations": 3,
  "k_max": 5,
  "n_rsus": 12,
  "max_vehicle_queue_depth": 10,
  "evaluator_seed": 200,
  "round_robin_pointer_final": null
}
[per-step] wrote /Users/akashx/Downloads/diss_mat/traffictwin-traces-raw-2026-09-16/ev/ev/block_00_dla/attempt_001/per_step.npz (T=23400, N=175, R=12; join vehicles on the trace npz pos_x/pos_y/mask for positions)
[per-task] wrote /Users/akashx/Downloads/diss_mat/traffictwin-traces-raw-2026-09-16/ev/ev/block_00_dla/attempt_001/per_task.npz ([T,KMAX,N] = [23400,5,175]; filter on task_active)
