[mc] enter-reset=off (mask-only reset — no enter channel in trace) reset_soc_on_enter=False
[mc] substep-queue=sequential (co-batch queueing charged; 3 gate iterations)
[mc] rsu-cap-mode=reject (buffer-full tasks individually failed; enqueued work conserved)
[mc] veh-queue=conserved (helper co-batch pricing + per-task MQD rejection on vehicle queues)
[mc] ABSOLUTE cap override: 6220 tasks/RSU (ratio form would give 408)
[mc] T=25200 maxN=163 RSU_MAX_CONCURRENT=6220 K_MAX=5
[fleet] uk2030: ev_share=0.2331 tier_hist=[66, 62, 35]
{
  "trace": "trace_wd_pm_fullrsu.npz",
  "actor": "mappo_modelc_17dim__envs128__lr3e-3__seed100_actor_params.npz",
  "model": "C",
  "T": 25200,
  "maxN": 163,
  "rsu_max_concurrent": 6220,
  "fleet": "uk2030",
  "fleet_seed": 104,
  "obs_variant": "onehot17",
  "lambda_arrival": 1.5,
  "rsu_service_mult": 1.0,
  "rsu_lb": "dla",
  "rsu_backhaul_ms": 0.0,
  "k8s_scale": "off",
  "k8s_params": {},
  "k8s_mean_mult": 1.0,
  "k8s_scale_events": 0,
  "k8s_first_scaleup_s": -1.0,
  "rsu_cap_mode": "reject",
  "substep_queue": "sequential",
  "v2i_gate_rejected": 323736.0,
  "v2i_cap_rejected": 0.0,
  "veh_queue_mode": "conserved",
  "local_mqd_rejected": 303.0,
  "v2v_mqd_rejected": 1855.0,
  "v2i_unavailable": 110.0,
  "v2v_unavailable": 1.0,
  "work_ms": {
    "v2i_offered": 15762625.0,
    "v2i_admitted": 13218211.0,
    "v2i_rejected_or_unavailable": 2544414.0,
    "veh_offered": 77188200.0,
    "veh_admitted": 77152608.0,
    "veh_rejected": 35592.0
  },
  "enter_reset": false,
  "reset_soc_on_enter": false,
  "engine_version": "v2_post_nrsus_fix",
  "fleet_ev_share": 0.23312883079051971,
  "fleet_tier_hist": [
    66,
    62,
    35
  ],
  "completion": 0.853632990176709,
  "n_offered": 3920173.0,
  "n_admitted": 3594168.0,
  "completion_admitted": 0.9310608185260122,
  "avg_latency_admitted_ms": 62.97857640488703,
  "avg_latency_met_ms": 51.67760233493476,
  "t1_completion": 0.6887584822708592,
  "t2_completion": 0.9893884937931737,
  "t3_completion": 0.8381143293040962,
  "total_energy_j": 1736626.5,
  "avg_energy_j_per_task": 0.4429974136345513,
  "avg_latency_ms_per_task": 141.67626173640807,
  "p_local": 0.5577182435571083,
  "p_v2i": 0.24946552103695424,
  "p_v2v": 0.19281623540593745,
  "t1_share": 0.20017611467657168,
  "t2_share": 0.30022399521653764,
  "t3_share": 0.4995998901068907,
  "total_tasks": 3920173.0,
  "wall_s": 573.8,
  "v2i_path_metrics": {
    "schema_version": "e2_native_v2i_path_v1",
    "v2i_attempts": 977948,
    "v2i_admitted_tasks": 654102,
    "ingress_count_per_rsu": [
      277339,
      53836,
      191556,
      69856,
      76576,
      85886,
      112396,
      24852,
      11946,
      73705
    ],
    "selected_target_count_per_rsu": [
      507746,
      289763,
      125105,
      43059,
      12275,
      0,
      0,
      0,
      0,
      0
    ],
    "actual_execution_count_per_rsu": [
      277215,
      205460,
      116247,
      42907,
      12273,
      0,
      0,
      0,
      0,
      0
    ],
    "forwarded_admitted_task_count": 537889,
    "forwarded_share_of_admitted_v2i": 0.8223319910350374,
    "total_forwarding_latency_ms": 0.0,
    "mean_forwarding_latency_ms_per_admitted_v2i": 0.0,
    "mean_forwarding_latency_ms_per_forwarded_v2i": 0.0,
    "ingress_to_execution_pair_matrix": [
      [
        78193,
        58100,
        32864,
        12249,
        3495,
        0,
        0,
        0,
        0,
        0
      ],
      [
        15404,
        11318,
        6346,
        2346,
        690,
        0,
        0,
        0,
        0,
        0
      ],
      [
        54320,
        40235,
        22715,
        8337,
        2296,
        0,
        0,
        0,
        0,
        0
      ],
      [
        20006,
        14743,
        8367,
        3065,
        917,
        0,
        0,
        0,
        0,
        0
      ],
      [
        21624,
        16150,
        9202,
        3366,
        922,
        0,
        0,
        0,
        0,
        0
      ],
      [
        24309,
        18013,
        10265,
        3671,
        1037,
        0,
        0,
        0,
        0,
        0
      ],
      [
        31789,
        23541,
        13307,
        4992,
        1483,
        0,
        0,
        0,
        0,
        0
      ],
      [
        6994,
        5242,
        3031,
        1156,
        366,
        0,
        0,
        0,
        0,
        0
      ],
      [
        3480,
        2519,
        1433,
        517,
        128,
        0,
        0,
        0,
        0,
        0
      ],
      [
        21096,
        15599,
        8717,
        3208,
        939,
        0,
        0,
        0,
        0,
        0
      ]
    ],
    "execution_share_per_rsu": [
      0.42381004797416916,
      0.3141100317687455,
      0.17771998862562718,
      0.06559680294510642,
      0.01876312868635167,
      0.0,
      0.0,
      0.0,
      0.0,
      0.0
    ],
    "maximum_execution_share": 0.42381004797416916,
    "imbalance_diagnostic": {
      "name": "execution_share_range",
      "definition": "max(per-RSU execution share) - min(per-RSU execution share)",
      "value": 0.42381004797416916
    }
  },
  "extension_schema": "joint_seed_cyclic_v2_records",
  "substep_queue_iterations": 3,
  "k_max": 5,
  "n_rsus": 10,
  "max_vehicle_queue_depth": 10,
  "evaluator_seed": 204,
  "round_robin_pointer_final": null
}
[per-step] wrote /Users/akashx/Downloads/diss_mat/traffictwin-traces-raw-2026-09-16/wd_pm/wd_pm/block_04_dla/attempt_001/per_step.npz (T=25200, N=163, R=10; join vehicles on the trace npz pos_x/pos_y/mask for positions)
[per-task] wrote /Users/akashx/Downloads/diss_mat/traffictwin-traces-raw-2026-09-16/wd_pm/wd_pm/block_04_dla/attempt_001/per_task.npz ([T,KMAX,N] = [25200,5,163]; filter on task_active)
