[mc] enter-reset=ON reset_soc_on_enter=False
[mc] substep-queue=sequential (co-batch queueing charged; 3 gate iterations)
[mc] rsu-cap-mode=reject (buffer-full tasks individually failed; enqueued work conserved)
[mc] veh-queue=conserved (helper co-batch pricing + per-task MQD rejection on vehicle queues)
[mc] ABSOLUTE cap override: 6220 tasks/RSU (ratio form would give 348)
[mc] T=150 maxN=139 RSU_MAX_CONCURRENT=6220 K_MAX=5
[fleet] uk2030: ev_share=0.2302 tier_hist=[49, 41, 49]
{
  "trace": "trace_we_wdrsu.npz",
  "actor": "mappo_modelc_17dim__envs128__lr3e-3__seed100_actor_params.npz",
  "model": "C",
  "T": 150,
  "maxN": 139,
  "rsu_max_concurrent": 6220,
  "fleet": "uk2030",
  "fleet_seed": 1,
  "obs_variant": "onehot17",
  "lambda_arrival": 1.5,
  "rsu_service_mult": 1.0,
  "rsu_lb": "per_task_dla",
  "rsu_backhaul_ms": 0.0,
  "k8s_scale": "off",
  "k8s_params": {},
  "k8s_mean_mult": 1.0,
  "k8s_scale_events": 0,
  "k8s_first_scaleup_s": -1.0,
  "rsu_cap_mode": "reject",
  "substep_queue": "sequential",
  "v2i_gate_rejected": 0.0,
  "v2i_cap_rejected": 0.0,
  "veh_queue_mode": "conserved",
  "local_mqd_rejected": 2.0,
  "v2v_mqd_rejected": 1.0,
  "v2i_unavailable": 0.0,
  "v2v_unavailable": 0.0,
  "work_ms": {
    "v2i_offered": 39843.0,
    "v2i_admitted": 39843.0,
    "v2i_rejected_or_unavailable": 0.0,
    "veh_offered": 358248.84375,
    "veh_admitted": 358173.8125,
    "veh_rejected": 75.03125
  },
  "enter_reset": true,
  "reset_soc_on_enter": false,
  "engine_version": "v3_enter_reset",
  "fleet_ev_share": 0.23021583259105682,
  "fleet_tier_hist": [
    49,
    41,
    49
  ],
  "completion": 0.9529033687943262,
  "n_offered": 18048.0,
  "n_admitted": 18045.0,
  "completion_admitted": 0.9530617899695206,
  "avg_latency_admitted_ms": 46.013681075090055,
  "avg_latency_met_ms": 36.787849604605185,
  "t1_completion": 0.8597544338335608,
  "t2_completion": 0.9910799013095464,
  "t3_completion": 0.9682905420232609,
  "total_energy_j": 10034.7939453125,
  "avg_energy_j_per_task": 0.5560058701968362,
  "avg_latency_ms_per_task": 46.393887134308514,
  "p_local": 0.6559729609929078,
  "p_v2i": 0.14162234042553193,
  "p_v2v": 0.2024046985815603,
  "t1_share": 0.20306959219858156,
  "t2_share": 0.2919437056737589,
  "t3_share": 0.5049867021276596,
  "total_tasks": 18048.0,
  "wall_s": 6.5,
  "v2i_path_metrics": {
    "schema_version": "e2_native_v2i_path_v1",
    "v2i_attempts": 2556,
    "v2i_admitted_tasks": 2556,
    "ingress_count_per_rsu": [
      826,
      257,
      140,
      124,
      151,
      104,
      616,
      49,
      289
    ],
    "selected_target_count_per_rsu": [
      283,
      279,
      295,
      296,
      271,
      293,
      283,
      285,
      271
    ],
    "actual_execution_count_per_rsu": [
      283,
      279,
      295,
      296,
      271,
      293,
      283,
      285,
      271
    ],
    "forwarded_admitted_task_count": 2309,
    "forwarded_share_of_admitted_v2i": 0.9033646322378717,
    "total_forwarding_latency_ms": 0.0,
    "mean_forwarding_latency_ms_per_admitted_v2i": 0.0,
    "mean_forwarding_latency_ms_per_forwarded_v2i": 0.0,
    "ingress_to_execution_pair_matrix": [
      [
        92,
        75,
        80,
        78,
        81,
        105,
        105,
        111,
        99
      ],
      [
        19,
        23,
        34,
        31,
        28,
        25,
        35,
        36,
        26
      ],
      [
        17,
        14,
        15,
        22,
        15,
        18,
        9,
        15,
        15
      ],
      [
        31,
        9,
        10,
        9,
        10,
        11,
        16,
        13,
        15
      ],
      [
        19,
        25,
        20,
        17,
        13,
        16,
        16,
        15,
        10
      ],
      [
        16,
        9,
        16,
        13,
        7,
        9,
        9,
        11,
        14
      ],
      [
        56,
        81,
        82,
        88,
        69,
        67,
        56,
        54,
        63
      ],
      [
        2,
        2,
        4,
        5,
        11,
        8,
        8,
        5,
        4
      ],
      [
        31,
        41,
        34,
        33,
        37,
        34,
        29,
        25,
        25
      ]
    ],
    "execution_share_per_rsu": [
      0.11071987480438185,
      0.10915492957746478,
      0.11541471048513302,
      0.11580594679186229,
      0.10602503912363068,
      0.1146322378716745,
      0.11071987480438185,
      0.11150234741784038,
      0.10602503912363068
    ],
    "maximum_execution_share": 0.11580594679186229,
    "imbalance_diagnostic": {
      "name": "execution_share_range",
      "definition": "max(per-RSU execution share) - min(per-RSU execution share)",
      "value": 0.009780907668231614
    }
  },
  "extension_schema": "joint_seed_cyclic_v2_records",
  "substep_queue_iterations": 3,
  "k_max": 5,
  "n_rsus": 9,
  "max_vehicle_queue_depth": 10,
  "evaluator_seed": 0,
  "round_robin_pointer_final": null
}
[per-step] wrote /Users/akashx/Downloads/diss_mat/traffictwin-traces-raw-2026-09-16/we/qualification/06_per_task_dla_prefix/attempt_001/per_step.npz (T=150, N=139, R=9; join vehicles on the trace npz pos_x/pos_y/mask for positions)
[per-task] wrote /Users/akashx/Downloads/diss_mat/traffictwin-traces-raw-2026-09-16/we/qualification/06_per_task_dla_prefix/attempt_001/per_task.npz ([T,KMAX,N] = [150,5,139]; filter on task_active)
