[mc] enter-reset=ON reset_soc_on_enter=False
[mc] substep-queue=sequential (co-batch queueing charged; 3 gate iterations)
[mc] rsu-cap-mode=reject (buffer-full tasks individually failed; enqueued work conserved)
[mc] veh-queue=conserved (helper co-batch pricing + per-task MQD rejection on vehicle queues)
[mc] ABSOLUTE cap override: 6220 tasks/RSU (ratio form would give 538)
[mc] T=10800 maxN=215 RSU_MAX_CONCURRENT=6220 K_MAX=5
[fleet] uk2030: ev_share=0.2279 tier_hist=[87, 86, 42]
{
  "trace": "trace_wd_am_wdrsu.npz",
  "actor": "mappo_modelc_17dim__envs128__lr3e-3__seed100_actor_params.npz",
  "model": "C",
  "T": 10800,
  "maxN": 215,
  "rsu_max_concurrent": 6220,
  "fleet": "uk2030",
  "fleet_seed": 105,
  "obs_variant": "onehot17",
  "lambda_arrival": 1.5,
  "rsu_service_mult": 0.5,
  "rsu_lb": "ingress_dla",
  "rsu_backhaul_ms": 0.0,
  "k8s_scale": "off",
  "k8s_params": {},
  "k8s_mean_mult": 1.0,
  "k8s_scale_events": 0,
  "k8s_first_scaleup_s": -1.0,
  "rsu_cap_mode": "reject",
  "substep_queue": "sequential",
  "v2i_gate_rejected": 111528.0,
  "v2i_cap_rejected": 0.0,
  "veh_queue_mode": "conserved",
  "local_mqd_rejected": 297.0,
  "v2v_mqd_rejected": 1998.0,
  "v2i_unavailable": 51.0,
  "v2v_unavailable": 0.0,
  "work_ms": {
    "v2i_offered": 12065475.0,
    "v2i_admitted": 10255314.0,
    "v2i_rejected_or_unavailable": 1810161.0,
    "veh_offered": 35616824.0,
    "veh_admitted": 35578332.0,
    "veh_rejected": 38492.0
  },
  "enter_reset": true,
  "reset_soc_on_enter": false,
  "engine_version": "v3_enter_reset",
  "fleet_ev_share": 0.2279069721698761,
  "fleet_tier_hist": [
    87,
    86,
    42
  ],
  "completion": 0.8651280916956148,
  "n_offered": 1745078.0,
  "n_admitted": 1631204.0,
  "completion_admitted": 0.9255224974926496,
  "avg_latency_admitted_ms": 65.18577443409899,
  "avg_latency_met_ms": 52.91007845184127,
  "t1_completion": 0.6956544159144233,
  "t2_completion": 0.9845094631536978,
  "t3_completion": 0.8612041476451561,
  "total_energy_j": 810590.125,
  "avg_energy_j_per_task": 0.4645007988181617,
  "avg_latency_ms_per_task": 130.23446287214668,
  "p_local": 0.564297985534171,
  "p_v2i": 0.21449585634567625,
  "p_v2v": 0.2212061581201528,
  "t1_share": 0.20002945427081195,
  "t2_share": 0.3003825616963826,
  "t3_share": 0.4995879840328054,
  "total_tasks": 1745078.0,
  "wall_s": 193.6,
  "v2i_path_metrics": {
    "schema_version": "e2_native_v2i_path_v1",
    "v2i_attempts": 374312,
    "v2i_admitted_tasks": 262733,
    "ingress_count_per_rsu": [
      104253,
      42196,
      49385,
      36168,
      21918,
      15458,
      58577,
      8786,
      37571
    ],
    "selected_target_count_per_rsu": [
      104253,
      42196,
      49385,
      36168,
      21918,
      15458,
      58577,
      8786,
      37571
    ],
    "actual_execution_count_per_rsu": [
      58576,
      31587,
      35849,
      27866,
      18695,
      13545,
      40296,
      7945,
      28374
    ],
    "forwarded_admitted_task_count": 0,
    "forwarded_share_of_admitted_v2i": 0.0,
    "total_forwarding_latency_ms": 0.0,
    "mean_forwarding_latency_ms_per_admitted_v2i": 0.0,
    "mean_forwarding_latency_ms_per_forwarded_v2i": 0.0,
    "ingress_to_execution_pair_matrix": [
      [
        58576,
        0,
        0,
        0,
        0,
        0,
        0,
        0,
        0
      ],
      [
        0,
        31587,
        0,
        0,
        0,
        0,
        0,
        0,
        0
      ],
      [
        0,
        0,
        35849,
        0,
        0,
        0,
        0,
        0,
        0
      ],
      [
        0,
        0,
        0,
        27866,
        0,
        0,
        0,
        0,
        0
      ],
      [
        0,
        0,
        0,
        0,
        18695,
        0,
        0,
        0,
        0
      ],
      [
        0,
        0,
        0,
        0,
        0,
        13545,
        0,
        0,
        0
      ],
      [
        0,
        0,
        0,
        0,
        0,
        0,
        40296,
        0,
        0
      ],
      [
        0,
        0,
        0,
        0,
        0,
        0,
        0,
        7945,
        0
      ],
      [
        0,
        0,
        0,
        0,
        0,
        0,
        0,
        0,
        28374
      ]
    ],
    "execution_share_per_rsu": [
      0.22294877308902955,
      0.12022471482455573,
      0.13644650652944243,
      0.10606204778234939,
      0.07115588829724473,
      0.051554239475056426,
      0.15337243513376697,
      0.030239825221803122,
      0.10799556964675165
    ],
    "maximum_execution_share": 0.22294877308902955,
    "imbalance_diagnostic": {
      "name": "execution_share_range",
      "definition": "max(per-RSU execution share) - min(per-RSU execution share)",
      "value": 0.19270894786722642
    }
  },
  "extension_schema": "joint_seed_cyclic_v2_records",
  "substep_queue_iterations": 3,
  "k_max": 5,
  "n_rsus": 9,
  "max_vehicle_queue_depth": 10,
  "evaluator_seed": 205,
  "round_robin_pointer_final": null
}
[per-step] wrote /Users/akashx/Downloads/diss_mat/traffictwin-followups-raw-2026-09-15/08_half_speed/block_05_ingress_dla/attempt_001/per_step.npz (T=10800, N=215, R=9; join vehicles on the trace npz pos_x/pos_y/mask for positions)
[per-task] wrote /Users/akashx/Downloads/diss_mat/traffictwin-followups-raw-2026-09-15/08_half_speed/block_05_ingress_dla/attempt_001/per_task.npz ([T,KMAX,N] = [10800,5,215]; filter on task_active)
