[mc] enter-reset=off (mask-only reset — no enter channel in trace) reset_soc_on_enter=False
[mc] substep-queue=sequential (co-batch queueing charged; 3 gate iterations)
[mc] rsu-cap-mode=reject (buffer-full tasks individually failed; enqueued work conserved)
[mc] veh-queue=conserved (helper co-batch pricing + per-task MQD rejection on vehicle queues)
[mc] ABSOLUTE cap override: 6220 tasks/RSU (ratio form would give 438)
[mc] T=23400 maxN=175 RSU_MAX_CONCURRENT=6220 K_MAX=5
[fleet] uk2030: ev_share=0.2571 tier_hist=[62, 72, 41]
{
  "trace": "trace_ev_fullrsu.npz",
  "actor": "mappo_modelc_17dim__envs128__lr3e-3__seed100_actor_params.npz",
  "model": "C",
  "T": 23400,
  "maxN": 175,
  "rsu_max_concurrent": 6220,
  "fleet": "uk2030",
  "fleet_seed": 105,
  "obs_variant": "onehot17",
  "lambda_arrival": 1.5,
  "rsu_service_mult": 1.0,
  "rsu_lb": "per_task_dla",
  "rsu_backhaul_ms": 0.0,
  "k8s_scale": "off",
  "k8s_params": {},
  "k8s_mean_mult": 1.0,
  "k8s_scale_events": 0,
  "k8s_first_scaleup_s": -1.0,
  "rsu_cap_mode": "reject",
  "substep_queue": "sequential",
  "v2i_gate_rejected": 0.0,
  "v2i_cap_rejected": 0.0,
  "veh_queue_mode": "conserved",
  "local_mqd_rejected": 295.0,
  "v2v_mqd_rejected": 1864.0,
  "v2i_unavailable": 38.0,
  "v2v_unavailable": 3.0,
  "work_ms": {
    "v2i_offered": 8995680.0,
    "v2i_admitted": 8995051.0,
    "v2i_rejected_or_unavailable": 629.0,
    "veh_offered": 56060892.0,
    "veh_admitted": 56025684.0,
    "veh_rejected": 35208.0
  },
  "enter_reset": false,
  "reset_soc_on_enter": false,
  "engine_version": "v2_post_nrsus_fix",
  "fleet_ev_share": 0.2571428418159485,
  "fleet_tier_hist": [
    62,
    72,
    41
  ],
  "completion": 0.949801288770174,
  "n_offered": 2839296.0,
  "n_admitted": 2837096.0,
  "completion_admitted": 0.9505378034440851,
  "avg_latency_admitted_ms": 48.44841344811737,
  "avg_latency_met_ms": 39.53825895970991,
  "t1_completion": 0.8606071065668031,
  "t2_completion": 0.9909881571379946,
  "t3_completion": 0.9607612727330368,
  "total_energy_j": 1364686.625,
  "avg_energy_j_per_task": 0.48064260471609865,
  "avg_latency_ms_per_task": 50.16905599134434,
  "p_local": 0.6062464075601839,
  "p_v2i": 0.19692909791723018,
  "p_v2v": 0.19682449452258588,
  "t1_share": 0.1999935899603282,
  "t2_share": 0.30007086263637184,
  "t3_share": 0.4999355474033,
  "total_tasks": 2839296.0,
  "wall_s": 535.4,
  "v2i_path_metrics": {
    "schema_version": "e2_native_v2i_path_v1",
    "v2i_attempts": 559140,
    "v2i_admitted_tasks": 559102,
    "ingress_count_per_rsu": [
      139481,
      31273,
      101302,
      37924,
      34534,
      50945,
      44468,
      41819,
      16154,
      40284,
      4623,
      16333
    ],
    "selected_target_count_per_rsu": [
      47466,
      47575,
      47518,
      47167,
      47166,
      47311,
      46582,
      46797,
      46102,
      45725,
      45281,
      44450
    ],
    "actual_execution_count_per_rsu": [
      47463,
      47567,
      47516,
      47161,
      47164,
      47308,
      46578,
      46794,
      46101,
      45722,
      45280,
      44448
    ],
    "forwarded_admitted_task_count": 512565,
    "forwarded_share_of_admitted_v2i": 0.9167647406018937,
    "total_forwarding_latency_ms": 0.0,
    "mean_forwarding_latency_ms_per_admitted_v2i": 0.0,
    "mean_forwarding_latency_ms_per_forwarded_v2i": 0.0,
    "ingress_to_execution_pair_matrix": [
      [
        11234,
        11811,
        11890,
        11861,
        11896,
        11916,
        11774,
        11810,
        11461,
        11481,
        11199,
        11110
      ],
      [
        2809,
        2631,
        2602,
        2586,
        2577,
        2611,
        2562,
        2642,
        2490,
        2662,
        2559,
        2542
      ],
      [
        8641,
        8438,
        8758,
        8489,
        8508,
        8692,
        8492,
        8463,
        8385,
        8279,
        8107,
        8050
      ],
      [
        3134,
        3106,
        3186,
        3325,
        3290,
        3203,
        3206,
        3119,
        3140,
        3132,
        3093,
        2990
      ],
      [
        3005,
        3048,
        2986,
        2827,
        2837,
        2889,
        2841,
        2892,
        2872,
        2801,
        2792,
        2744
      ],
      [
        4557,
        4446,
        4250,
        4246,
        4211,
        4284,
        4146,
        4123,
        4260,
        4140,
        4166,
        4116
      ],
      [
        4024,
        3893,
        3728,
        3671,
        3667,
        3682,
        3605,
        3733,
        3691,
        3675,
        3642,
        3457
      ],
      [
        3412,
        3656,
        3560,
        3638,
        3627,
        3601,
        3479,
        3543,
        3393,
        3277,
        3425,
        3208
      ],
      [
        1469,
        1321,
        1318,
        1346,
        1339,
        1322,
        1310,
        1401,
        1386,
        1349,
        1307,
        1286
      ],
      [
        3345,
        3385,
        3417,
        3482,
        3456,
        3416,
        3371,
        3350,
        3311,
        3240,
        3281,
        3230
      ],
      [
        418,
        379,
        390,
        378,
        376,
        401,
        406,
        384,
        383,
        377,
        355,
        376
      ],
      [
        1415,
        1453,
        1431,
        1312,
        1380,
        1291,
        1386,
        1334,
        1329,
        1309,
        1354,
        1339
      ]
    ],
    "execution_share_per_rsu": [
      0.08489148670546698,
      0.08507749927562412,
      0.0849862815729509,
      0.08435133481904912,
      0.0843567005662652,
      0.08461425643263662,
      0.0833085912767259,
      0.08369492507628304,
      0.08245543746937052,
      0.08177756473774016,
      0.0809870113145723,
      0.07949891075331514
    ],
    "maximum_execution_share": 0.08507749927562412,
    "imbalance_diagnostic": {
      "name": "execution_share_range",
      "definition": "max(per-RSU execution share) - min(per-RSU execution share)",
      "value": 0.005578588522308983
    }
  },
  "extension_schema": "joint_seed_cyclic_v2_records",
  "substep_queue_iterations": 3,
  "k_max": 5,
  "n_rsus": 12,
  "max_vehicle_queue_depth": 10,
  "evaluator_seed": 205,
  "round_robin_pointer_final": null
}
[per-step] wrote /Users/akashx/Downloads/diss_mat/traffictwin-traces-raw-2026-09-16/ev/ev/block_05_per_task_dla/attempt_001/per_step.npz (T=23400, N=175, R=12; join vehicles on the trace npz pos_x/pos_y/mask for positions)
[per-task] wrote /Users/akashx/Downloads/diss_mat/traffictwin-traces-raw-2026-09-16/ev/ev/block_05_per_task_dla/attempt_001/per_task.npz ([T,KMAX,N] = [23400,5,175]; filter on task_active)
