[mc] enter-reset=ON reset_soc_on_enter=False
[mc] substep-queue=sequential (co-batch queueing charged; 3 gate iterations)
[mc] rsu-cap-mode=reject (buffer-full tasks individually failed; enqueued work conserved)
[mc] veh-queue=conserved (helper co-batch pricing + per-task MQD rejection on vehicle queues)
[mc] ABSOLUTE cap override: 6220 tasks/RSU (ratio form would give 348)
[mc] T=32400 maxN=139 RSU_MAX_CONCURRENT=6220 K_MAX=5
[fleet] uk2030: ev_share=0.2518 tier_hist=[53, 45, 41]
{
  "trace": "trace_we_wdrsu.npz",
  "actor": "mappo_modelc_17dim__envs128__lr3e-3__seed100_actor_params.npz",
  "model": "C",
  "T": 32400,
  "maxN": 139,
  "rsu_max_concurrent": 6220,
  "fleet": "uk2030",
  "fleet_seed": 102,
  "obs_variant": "onehot17",
  "lambda_arrival": 1.5,
  "rsu_service_mult": 1.0,
  "rsu_lb": "causal_round_robin",
  "rsu_backhaul_ms": 0.0,
  "k8s_scale": "off",
  "k8s_params": {},
  "k8s_mean_mult": 1.0,
  "k8s_scale_events": 0,
  "k8s_first_scaleup_s": -1.0,
  "rsu_cap_mode": "reject",
  "substep_queue": "sequential",
  "v2i_gate_rejected": 4020.0,
  "v2i_cap_rejected": 0.0,
  "veh_queue_mode": "conserved",
  "local_mqd_rejected": 455.0,
  "v2v_mqd_rejected": 2544.0,
  "v2i_unavailable": 86.0,
  "v2v_unavailable": 9.0,
  "work_ms": {
    "v2i_offered": 13887223.0,
    "v2i_admitted": 13854121.0,
    "v2i_rejected_or_unavailable": 33102.0,
    "veh_offered": 81431608.0,
    "veh_admitted": 81384864.0,
    "veh_rejected": 46744.0
  },
  "enter_reset": true,
  "reset_soc_on_enter": false,
  "engine_version": "v3_enter_reset",
  "fleet_ev_share": 0.2517985701560974,
  "fleet_tier_hist": [
    53,
    45,
    41
  ],
  "completion": 0.9368680364906262,
  "n_offered": 4150655.0,
  "n_admitted": 4143541.0,
  "completion_admitted": 0.9384765349250798,
  "avg_latency_admitted_ms": 52.128136779628825,
  "avg_latency_met_ms": 41.15340573612823,
  "t1_completion": 0.8081236063972829,
  "t2_completion": 0.9889053605074866,
  "t3_completion": 0.9572498375599872,
  "total_energy_j": 2100267.0,
  "avg_energy_j_per_task": 0.5060085697317652,
  "avg_latency_ms_per_task": 54.62874461982506,
  "p_local": 0.5666370729439089,
  "p_v2i": 0.20774937931483103,
  "p_v2v": 0.2256135477412601,
  "t1_share": 0.20032452709271187,
  "t2_share": 0.2998478553384948,
  "t3_share": 0.49982761756879335,
  "total_tasks": 4150655.0,
  "wall_s": 534.1,
  "v2i_path_metrics": {
    "schema_version": "e2_native_v2i_path_v1",
    "v2i_attempts": 862296,
    "v2i_admitted_tasks": 858190,
    "ingress_count_per_rsu": [
      248976,
      111846,
      92205,
      88382,
      46808,
      34168,
      147699,
      17589,
      74623
    ],
    "selected_target_count_per_rsu": [
      95812,
      95815,
      95809,
      95811,
      95812,
      95807,
      95810,
      95812,
      95808
    ],
    "actual_execution_count_per_rsu": [
      95342,
      95347,
      95331,
      95365,
      95389,
      95325,
      95335,
      95412,
      95344
    ],
    "forwarded_admitted_task_count": 762956,
    "forwarded_share_of_admitted_v2i": 0.889029235950081,
    "total_forwarding_latency_ms": 0.0,
    "mean_forwarding_latency_ms_per_admitted_v2i": 0.0,
    "mean_forwarding_latency_ms_per_forwarded_v2i": 0.0,
    "ingress_to_execution_pair_matrix": [
      [
        27445,
        27571,
        27621,
        27785,
        27450,
        27414,
        27562,
        27180,
        27710
      ],
      [
        12577,
        12297,
        12431,
        12158,
        12529,
        12517,
        12164,
        12330,
        12328
      ],
      [
        10277,
        10134,
        10168,
        10192,
        10169,
        10190,
        10257,
        10152,
        10258
      ],
      [
        9771,
        9578,
        9719,
        9831,
        9718,
        9689,
        9909,
        9886,
        9853
      ],
      [
        5153,
        5203,
        5213,
        5178,
        5172,
        5140,
        5230,
        5193,
        5130
      ],
      [
        3866,
        3823,
        3653,
        3808,
        3788,
        3805,
        3864,
        3694,
        3706
      ],
      [
        16189,
        16419,
        16271,
        16261,
        16315,
        16482,
        16242,
        16593,
        16195
      ],
      [
        1953,
        2006,
        1944,
        1936,
        1916,
        1916,
        1919,
        2012,
        1902
      ],
      [
        8111,
        8316,
        8311,
        8216,
        8332,
        8172,
        8188,
        8372,
        8262
      ]
    ],
    "execution_share_per_rsu": [
      0.1110966103077407,
      0.1111024365233806,
      0.11108379263333294,
      0.11112341089968422,
      0.11115137673475571,
      0.11107680117456507,
      0.11108845360584486,
      0.11117817732669921,
      0.11109894079399667
    ],
    "maximum_execution_share": 0.11117817732669921,
    "imbalance_diagnostic": {
      "name": "execution_share_range",
      "definition": "max(per-RSU execution share) - min(per-RSU execution share)",
      "value": 0.00010137615213413886
    }
  },
  "extension_schema": "joint_seed_cyclic_v2_records",
  "substep_queue_iterations": 3,
  "k_max": 5,
  "n_rsus": 9,
  "max_vehicle_queue_depth": 10,
  "evaluator_seed": 202,
  "round_robin_pointer_final": 1
}
[per-step] wrote /Users/akashx/Downloads/diss_mat/traffictwin-traces-raw-2026-09-16/we/we/block_02_causal_round_robin/attempt_001/per_step.npz (T=32400, N=139, R=9; join vehicles on the trace npz pos_x/pos_y/mask for positions)
[per-task] wrote /Users/akashx/Downloads/diss_mat/traffictwin-traces-raw-2026-09-16/we/we/block_02_causal_round_robin/attempt_001/per_task.npz ([T,KMAX,N] = [32400,5,139]; filter on task_active)
