[mc] enter-reset=ON reset_soc_on_enter=False
[mc] substep-queue=sequential (co-batch queueing charged; 3 gate iterations)
[mc] rsu-cap-mode=reject (buffer-full tasks individually failed; enqueued work conserved)
[mc] veh-queue=conserved (helper co-batch pricing + per-task MQD rejection on vehicle queues)
[mc] ABSOLUTE cap override: 6220 tasks/RSU (ratio form would give 538)
[mc] T=10800 maxN=215 RSU_MAX_CONCURRENT=6220 K_MAX=5
[fleet] uk2030: ev_share=0.2093 tier_hist=[87, 79, 49]
{
  "trace": "trace_wd_am_wdrsu.npz",
  "actor": "mappo_modelc_17dim__envs128__lr3e-3__seed100_actor_params.npz",
  "model": "C",
  "T": 10800,
  "maxN": 215,
  "rsu_max_concurrent": 6220,
  "fleet": "uk2030",
  "fleet_seed": 104,
  "obs_variant": "onehot17",
  "lambda_arrival": 1.5,
  "rsu_service_mult": 0.5,
  "rsu_lb": "dla",
  "rsu_backhaul_ms": 0.0,
  "k8s_scale": "off",
  "k8s_params": {},
  "k8s_mean_mult": 1.0,
  "k8s_scale_events": 0,
  "k8s_first_scaleup_s": -1.0,
  "rsu_cap_mode": "reject",
  "substep_queue": "sequential",
  "v2i_gate_rejected": 173036.0,
  "v2i_cap_rejected": 0.0,
  "veh_queue_mode": "conserved",
  "local_mqd_rejected": 226.0,
  "v2v_mqd_rejected": 1723.0,
  "v2i_unavailable": 44.0,
  "v2v_unavailable": 2.0,
  "work_ms": {
    "v2i_offered": 12275010.0,
    "v2i_admitted": 9233296.0,
    "v2i_rejected_or_unavailable": 3041714.0,
    "veh_offered": 35223340.0,
    "veh_admitted": 35190980.0,
    "veh_rejected": 32360.0
  },
  "enter_reset": true,
  "reset_soc_on_enter": false,
  "engine_version": "v3_enter_reset",
  "fleet_ev_share": 0.20930232107639313,
  "fleet_tier_hist": [
    87,
    79,
    49
  ],
  "completion": 0.83356543564495,
  "n_offered": 1743484.0,
  "n_admitted": 1568453.0,
  "completion_admitted": 0.9265868980453988,
  "avg_latency_admitted_ms": 68.76895896784922,
  "avg_latency_met_ms": 55.63149999862383,
  "t1_completion": 0.6730337916516093,
  "t2_completion": 0.9691437790555419,
  "t3_completion": 0.8164101128622594,
  "total_energy_j": 823984.875,
  "avg_energy_j_per_task": 0.47260822296046306,
  "avg_latency_ms_per_task": 177.4491076488227,
  "p_local": 0.5649997361604695,
  "p_v2i": 0.21882735947103615,
  "p_v2v": 0.21617290436849435,
  "t1_share": 0.19998233422274023,
  "t2_share": 0.30005207962906455,
  "t3_share": 0.4999655861481952,
  "total_tasks": 1743484.0,
  "wall_s": 192.1,
  "v2i_path_metrics": {
    "schema_version": "e2_native_v2i_path_v1",
    "v2i_attempts": 381522,
    "v2i_admitted_tasks": 208442,
    "ingress_count_per_rsu": [
      107098,
      45433,
      48760,
      36649,
      20961,
      15241,
      60731,
      9228,
      37421
    ],
    "selected_target_count_per_rsu": [
      198460,
      112577,
      48805,
      16887,
      4793,
      0,
      0,
      0,
      0
    ],
    "actual_execution_count_per_rsu": [
      85148,
      64032,
      38465,
      16028,
      4769,
      0,
      0,
      0,
      0
    ],
    "forwarded_admitted_task_count": 170177,
    "forwarded_share_of_admitted_v2i": 0.8164237533702421,
    "total_forwarding_latency_ms": 0.0,
    "mean_forwarding_latency_ms_per_admitted_v2i": 0.0,
    "mean_forwarding_latency_ms_per_forwarded_v2i": 0.0,
    "ingress_to_execution_pair_matrix": [
      [
        23930,
        18013,
        10742,
        4529,
        1360,
        0,
        0,
        0,
        0
      ],
      [
        9922,
        7597,
        4590,
        1959,
        596,
        0,
        0,
        0,
        0
      ],
      [
        10969,
        8208,
        4972,
        2107,
        629,
        0,
        0,
        0,
        0
      ],
      [
        8310,
        6234,
        3697,
        1529,
        446,
        0,
        0,
        0,
        0
      ],
      [
        4773,
        3528,
        2105,
        813,
        237,
        0,
        0,
        0,
        0
      ],
      [
        3409,
        2571,
        1534,
        645,
        183,
        0,
        0,
        0,
        0
      ],
      [
        13528,
        10171,
        6110,
        2523,
        736,
        0,
        0,
        0,
        0
      ],
      [
        2089,
        1577,
        932,
        376,
        115,
        0,
        0,
        0,
        0
      ],
      [
        8218,
        6133,
        3783,
        1547,
        467,
        0,
        0,
        0,
        0
      ]
    ],
    "execution_share_per_rsu": [
      0.40849732779382275,
      0.30719336793928287,
      0.18453574615480564,
      0.07689429193732548,
      0.022879266174763244,
      0.0,
      0.0,
      0.0,
      0.0
    ],
    "maximum_execution_share": 0.40849732779382275,
    "imbalance_diagnostic": {
      "name": "execution_share_range",
      "definition": "max(per-RSU execution share) - min(per-RSU execution share)",
      "value": 0.40849732779382275
    }
  },
  "extension_schema": "joint_seed_cyclic_v2_records",
  "substep_queue_iterations": 3,
  "k_max": 5,
  "n_rsus": 9,
  "max_vehicle_queue_depth": 10,
  "evaluator_seed": 204,
  "round_robin_pointer_final": null
}
[per-step] wrote /Users/akashx/Downloads/diss_mat/traffictwin-followups-raw-2026-09-15/08_half_speed/block_04_dla/attempt_001/per_step.npz (T=10800, N=215, R=9; join vehicles on the trace npz pos_x/pos_y/mask for positions)
[per-task] wrote /Users/akashx/Downloads/diss_mat/traffictwin-followups-raw-2026-09-15/08_half_speed/block_04_dla/attempt_001/per_task.npz ([T,KMAX,N] = [10800,5,215]; filter on task_active)
