[mc] enter-reset=ON reset_soc_on_enter=False
[mc] substep-queue=sequential (co-batch queueing charged; 3 gate iterations)
[mc] rsu-cap-mode=reject (buffer-full tasks individually failed; enqueued work conserved)
[mc] veh-queue=conserved (helper co-batch pricing + per-task MQD rejection on vehicle queues)
[mc] ABSOLUTE cap override: 6220 tasks/RSU (ratio form would give 538)
[mc] T=10800 maxN=215 RSU_MAX_CONCURRENT=6220 K_MAX=5
[fleet] uk2030: ev_share=0.2186 tier_hist=[86, 81, 48]
{
  "trace": "trace_wd_am_wdrsu.npz",
  "actor": "mappo_modelc_17dim_ukfleet2030__envs128__lr3e-3__seed100_actor_params.npz",
  "model": "C",
  "T": 10800,
  "maxN": 215,
  "rsu_max_concurrent": 6220,
  "fleet": "uk2030",
  "fleet_seed": 106,
  "obs_variant": "onehot17",
  "lambda_arrival": 1.5,
  "rsu_service_mult": 1.0,
  "rsu_lb": "causal_round_robin",
  "rsu_backhaul_ms": 0.0,
  "k8s_scale": "off",
  "k8s_params": {},
  "k8s_mean_mult": 1.0,
  "k8s_scale_events": 0,
  "k8s_first_scaleup_s": -1.0,
  "rsu_cap_mode": "reject",
  "substep_queue": "sequential",
  "v2i_gate_rejected": 5867.0,
  "v2i_cap_rejected": 0.0,
  "veh_queue_mode": "conserved",
  "local_mqd_rejected": 195.0,
  "v2v_mqd_rejected": 928.0,
  "v2i_unavailable": 75.0,
  "v2v_unavailable": 0.0,
  "work_ms": {
    "v2i_offered": 6135223.0,
    "v2i_admitted": 6088696.5,
    "v2i_rejected_or_unavailable": 46526.5,
    "veh_offered": 35349624.0,
    "veh_admitted": 35326252.0,
    "veh_rejected": 23372.0
  },
  "enter_reset": true,
  "reset_soc_on_enter": false,
  "engine_version": "v3_enter_reset",
  "fleet_ev_share": 0.2186046540737152,
  "fleet_tier_hist": [
    86,
    81,
    48
  ],
  "completion": 0.9267290245365494,
  "n_offered": 1742095.0,
  "n_admitted": 1735030.0,
  "completion_admitted": 0.9305026426056033,
  "avg_latency_admitted_ms": 55.23496423692962,
  "avg_latency_met_ms": 43.98854346681532,
  "t1_completion": 0.7831656806431436,
  "t2_completion": 0.9902524517315354,
  "t3_completion": 0.946090373010418,
  "total_energy_j": 777480.0,
  "avg_energy_j_per_task": 0.4462902424953863,
  "avg_latency_ms_per_task": 59.92745516174491,
  "p_local": 0.5878043390285834,
  "p_v2i": 0.21908736320349922,
  "p_v2v": 0.19310829776791735,
  "t1_share": 0.20006830855952173,
  "t2_share": 0.29968514920254063,
  "t3_share": 0.5002465422379376,
  "total_tasks": 1742095.0,
  "wall_s": 156.5,
  "v2i_path_metrics": {
    "schema_version": "e2_native_v2i_path_v1",
    "v2i_attempts": 381671,
    "v2i_admitted_tasks": 375729,
    "ingress_count_per_rsu": [
      98256,
      46226,
      49447,
      40035,
      25527,
      18303,
      59402,
      9964,
      34511
    ],
    "selected_target_count_per_rsu": [
      42407,
      42406,
      42409,
      42406,
      42411,
      42407,
      42410,
      42407,
      42408
    ],
    "actual_execution_count_per_rsu": [
      41782,
      41769,
      41739,
      41767,
      41706,
      41778,
      41765,
      41728,
      41695
    ],
    "forwarded_admitted_task_count": 334166,
    "forwarded_share_of_admitted_v2i": 0.889380377878737,
    "total_forwarding_latency_ms": 0.0,
    "mean_forwarding_latency_ms_per_admitted_v2i": 0.0,
    "mean_forwarding_latency_ms_per_forwarded_v2i": 0.0,
    "ingress_to_execution_pair_matrix": [
      [
        10736,
        10669,
        10683,
        10878,
        10660,
        10719,
        10636,
        10794,
        10878
      ],
      [
        5084,
        5105,
        5025,
        5062,
        5019,
        4916,
        5164,
        5130,
        5019
      ],
      [
        5456,
        5377,
        5413,
        5404,
        5530,
        5414,
        5436,
        5391,
        5286
      ],
      [
        4390,
        4386,
        4417,
        4283,
        4392,
        4425,
        4407,
        4375,
        4360
      ],
      [
        2806,
        2823,
        2821,
        2814,
        2740,
        2857,
        2821,
        2719,
        2770
      ],
      [
        1996,
        2044,
        1982,
        1982,
        1973,
        1996,
        1987,
        2014,
        2039
      ],
      [
        6441,
        6529,
        6467,
        6487,
        6513,
        6600,
        6479,
        6489,
        6512
      ],
      [
        1044,
        1122,
        1097,
        1101,
        1076,
        1092,
        1123,
        1069,
        1089
      ],
      [
        3829,
        3714,
        3834,
        3756,
        3803,
        3759,
        3712,
        3747,
        3742
      ]
    ],
    "execution_share_per_rsu": [
      0.11120248902799625,
      0.11116788962257372,
      0.11108804484082943,
      0.1111625666371241,
      0.11100021558091071,
      0.111191843057097,
      0.11115724365167448,
      0.11105876842085652,
      0.11097093916093781
    ],
    "maximum_execution_share": 0.11120248902799625,
    "imbalance_diagnostic": {
      "name": "execution_share_range",
      "definition": "max(per-RSU execution share) - min(per-RSU execution share)",
      "value": 0.0002315498670584365
    }
  },
  "extension_schema": "joint_seed_cyclic_v2_records",
  "substep_queue_iterations": 3,
  "k_max": 5,
  "n_rsus": 9,
  "max_vehicle_queue_depth": 10,
  "evaluator_seed": 206,
  "round_robin_pointer_final": 5
}
[per-step] wrote /Users/akashx/Downloads/diss_mat/traffictwin-followups-raw-2026-09-15/09_second_actor/block_06_causal_round_robin/attempt_001/per_step.npz (T=10800, N=215, R=9; join vehicles on the trace npz pos_x/pos_y/mask for positions)
[per-task] wrote /Users/akashx/Downloads/diss_mat/traffictwin-followups-raw-2026-09-15/09_second_actor/block_06_causal_round_robin/attempt_001/per_task.npz ([T,KMAX,N] = [10800,5,215]; filter on task_active)
