[mc] enter-reset=off (mask-only reset — no enter channel in trace) reset_soc_on_enter=False
[mc] substep-queue=sequential (co-batch queueing charged; 3 gate iterations)
[mc] rsu-cap-mode=reject (buffer-full tasks individually failed; enqueued work conserved)
[mc] veh-queue=conserved (helper co-batch pricing + per-task MQD rejection on vehicle queues)
[mc] ABSOLUTE cap override: 6220 tasks/RSU (ratio form would give 438)
[mc] T=23400 maxN=175 RSU_MAX_CONCURRENT=6220 K_MAX=5
[fleet] uk2030: ev_share=0.2571 tier_hist=[70, 60, 45]
{
  "trace": "trace_ev_fullrsu.npz",
  "actor": "mappo_modelc_17dim__envs128__lr3e-3__seed100_actor_params.npz",
  "model": "C",
  "T": 23400,
  "maxN": 175,
  "rsu_max_concurrent": 6220,
  "fleet": "uk2030",
  "fleet_seed": 104,
  "obs_variant": "onehot17",
  "lambda_arrival": 1.5,
  "rsu_service_mult": 1.0,
  "rsu_lb": "dla_p2c",
  "rsu_backhaul_ms": 0.0,
  "k8s_scale": "off",
  "k8s_params": {},
  "k8s_mean_mult": 1.0,
  "k8s_scale_events": 0,
  "k8s_first_scaleup_s": -1.0,
  "rsu_cap_mode": "reject",
  "substep_queue": "sequential",
  "v2i_gate_rejected": 5095.0,
  "v2i_cap_rejected": 0.0,
  "veh_queue_mode": "conserved",
  "local_mqd_rejected": 286.0,
  "v2v_mqd_rejected": 1736.0,
  "v2i_unavailable": 89.0,
  "v2v_unavailable": 4.0,
  "work_ms": {
    "v2i_offered": 13187114.0,
    "v2i_admitted": 13147017.0,
    "v2i_rejected_or_unavailable": 40097.0,
    "veh_offered": 52605768.0,
    "veh_admitted": 52573944.0,
    "veh_rejected": 31824.0
  },
  "enter_reset": false,
  "reset_soc_on_enter": false,
  "engine_version": "v2_post_nrsus_fix",
  "fleet_ev_share": 0.2571428418159485,
  "fleet_tier_hist": [
    70,
    60,
    45
  ],
  "completion": 0.9354116294041451,
  "n_offered": 2836362.0,
  "n_admitted": 2829152.0,
  "completion_admitted": 0.9377954949044802,
  "avg_latency_admitted_ms": 53.012413613690605,
  "avg_latency_met_ms": 42.091535923496686,
  "t1_completion": 0.7999876859206094,
  "t2_completion": 0.989071610299575,
  "t3_completion": 0.9575329962701096,
  "total_energy_j": 1242212.75,
  "avg_energy_j_per_task": 0.43795987606659514,
  "avg_latency_ms_per_task": 56.34054327339035,
  "p_local": 0.5133635974533575,
  "p_v2i": 0.2884205189605558,
  "p_v2v": 0.1982158835860867,
  "t1_share": 0.20041694254823608,
  "t2_share": 0.299739948567919,
  "t3_share": 0.49984310888384487,
  "total_tasks": 2836362.0,
  "wall_s": 549.2,
  "v2i_path_metrics": {
    "schema_version": "e2_native_v2i_path_v1",
    "v2i_attempts": 818065,
    "v2i_admitted_tasks": 812881,
    "ingress_count_per_rsu": [
      216376,
      43354,
      153219,
      56144,
      47050,
      67065,
      59739,
      63576,
      20961,
      62365,
      5953,
      22263
    ],
    "selected_target_count_per_rsu": [
      68277,
      67738,
      68383,
      68236,
      68054,
      68323,
      68360,
      68139,
      67909,
      68176,
      68326,
      68144
    ],
    "actual_execution_count_per_rsu": [
      67829,
      67317,
      67932,
      67793,
      67600,
      67916,
      67907,
      67737,
      67454,
      67793,
      67897,
      67706
    ],
    "forwarded_admitted_task_count": 745176,
    "forwarded_share_of_admitted_v2i": 0.9167098259154784,
    "total_forwarding_latency_ms": 0.0,
    "mean_forwarding_latency_ms_per_admitted_v2i": 0.0,
    "mean_forwarding_latency_ms_per_forwarded_v2i": 0.0,
    "ingress_to_execution_pair_matrix": [
      [
        17959,
        17697,
        18001,
        17927,
        17931,
        17907,
        17992,
        17822,
        17817,
        17832,
        18090,
        17958
      ],
      [
        3532,
        3609,
        3606,
        3554,
        3584,
        3581,
        3698,
        3685,
        3528,
        3483,
        3600,
        3614
      ],
      [
        12733,
        12599,
        12628,
        12767,
        12690,
        12742,
        12718,
        12625,
        12749,
        12720,
        12450,
        12834
      ],
      [
        4614,
        4573,
        4801,
        4684,
        4552,
        4598,
        4731,
        4714,
        4541,
        4735,
        4667,
        4589
      ],
      [
        3976,
        3827,
        3847,
        3930,
        3911,
        3867,
        3856,
        3910,
        3887,
        3945,
        3901,
        3900
      ],
      [
        5602,
        5414,
        5664,
        5587,
        5587,
        5658,
        5451,
        5544,
        5550,
        5516,
        5535,
        5540
      ],
      [
        5000,
        4992,
        4830,
        4930,
        4899,
        5020,
        4842,
        4987,
        4956,
        4987,
        5017,
        4913
      ],
      [
        5212,
        5224,
        5219,
        5280,
        5212,
        5375,
        5398,
        5195,
        5328,
        5294,
        5366,
        5097
      ],
      [
        1726,
        1726,
        1683,
        1730,
        1759,
        1759,
        1757,
        1741,
        1691,
        1685,
        1772,
        1805
      ],
      [
        5141,
        5234,
        5340,
        5098,
        5102,
        5130,
        5087,
        5172,
        5084,
        5229,
        5201,
        5161
      ],
      [
        492,
        526,
        487,
        462,
        494,
        496,
        514,
        487,
        484,
        500,
        489,
        485
      ],
      [
        1842,
        1896,
        1826,
        1844,
        1879,
        1783,
        1863,
        1855,
        1839,
        1867,
        1809,
        1810
      ]
    ],
    "execution_share_per_rsu": [
      0.08344271793780393,
      0.0828128594468317,
      0.08356942775141749,
      0.08339843101265745,
      0.08316100388617768,
      0.08354974467357461,
      0.08353867294228799,
      0.08332954024020736,
      0.08298139580086138,
      0.08339843101265745,
      0.08352637101863618,
      0.08329140427688678
    ],
    "maximum_execution_share": 0.08356942775141749,
    "imbalance_diagnostic": {
      "name": "execution_share_range",
      "definition": "max(per-RSU execution share) - min(per-RSU execution share)",
      "value": 0.0007565683045857863
    }
  },
  "extension_schema": "joint_seed_cyclic_v2_records",
  "substep_queue_iterations": 3,
  "k_max": 5,
  "n_rsus": 12,
  "max_vehicle_queue_depth": 10,
  "evaluator_seed": 204,
  "round_robin_pointer_final": null
}
[per-step] wrote /Users/akashx/Downloads/diss_mat/traffictwin-traces-raw-2026-09-16/ev/ev/block_04_dla_p2c/attempt_001/per_step.npz (T=23400, N=175, R=12; join vehicles on the trace npz pos_x/pos_y/mask for positions)
[per-task] wrote /Users/akashx/Downloads/diss_mat/traffictwin-traces-raw-2026-09-16/ev/ev/block_04_dla_p2c/attempt_001/per_task.npz ([T,KMAX,N] = [23400,5,175]; filter on task_active)
