[mc] enter-reset=off (mask-only reset — no enter channel in trace) reset_soc_on_enter=False
[mc] substep-queue=sequential (co-batch queueing charged; 3 gate iterations)
[mc] rsu-cap-mode=reject (buffer-full tasks individually failed; enqueued work conserved)
[mc] veh-queue=conserved (helper co-batch pricing + per-task MQD rejection on vehicle queues)
[mc] ABSOLUTE cap override: 6220 tasks/RSU (ratio form would give 408)
[mc] T=25200 maxN=163 RSU_MAX_CONCURRENT=6220 K_MAX=5
[fleet] uk2030: ev_share=0.2331 tier_hist=[92, 42, 29]
{
  "trace": "trace_wd_pm_fullrsu.npz",
  "actor": "mappo_modelc_17dim__envs128__lr3e-3__seed100_actor_params.npz",
  "model": "C",
  "T": 25200,
  "maxN": 163,
  "rsu_max_concurrent": 6220,
  "fleet": "uk2030",
  "fleet_seed": 100,
  "obs_variant": "onehot17",
  "lambda_arrival": 1.5,
  "rsu_service_mult": 1.0,
  "rsu_lb": "ingress_dla",
  "rsu_backhaul_ms": 0.0,
  "k8s_scale": "off",
  "k8s_params": {},
  "k8s_mean_mult": 1.0,
  "k8s_scale_events": 0,
  "k8s_first_scaleup_s": -1.0,
  "rsu_cap_mode": "reject",
  "substep_queue": "sequential",
  "v2i_gate_rejected": 357223.0,
  "v2i_cap_rejected": 0.0,
  "veh_queue_mode": "conserved",
  "local_mqd_rejected": 560.0,
  "v2v_mqd_rejected": 3984.0,
  "v2i_unavailable": 203.0,
  "v2v_unavailable": 8.0,
  "work_ms": {
    "v2i_offered": 23732052.0,
    "v2i_admitted": 20916050.0,
    "v2i_rejected_or_unavailable": 2816002.0,
    "veh_offered": 70733216.0,
    "veh_admitted": 70659424.0,
    "veh_rejected": 73792.0
  },
  "enter_reset": false,
  "reset_soc_on_enter": false,
  "engine_version": "v2_post_nrsus_fix",
  "fleet_ev_share": 0.23312883079051971,
  "fleet_tier_hist": [
    92,
    42,
    29
  ],
  "completion": 0.8314746950041374,
  "n_offered": 3917922.0,
  "n_admitted": 3555944.0,
  "completion_admitted": 0.9161148207058379,
  "avg_latency_admitted_ms": 68.67066972933208,
  "avg_latency_met_ms": 54.28151862706065,
  "t1_completion": 0.6216574777335269,
  "t2_completion": 0.9845014773878761,
  "t3_completion": 0.8237021327408429,
  "total_energy_j": 1539956.0,
  "avg_energy_j_per_task": 0.3930542772418644,
  "avg_latency_ms_per_task": 156.57472302919763,
  "p_local": 0.4208748923536507,
  "p_v2i": 0.37636609406721216,
  "p_v2v": 0.20275901357913712,
  "t1_share": 0.2000841262281383,
  "t2_share": 0.29974307809088596,
  "t3_share": 0.5001727956809758,
  "total_tasks": 3917922.0,
  "wall_s": 487.8,
  "v2i_path_metrics": {
    "schema_version": "e2_native_v2i_path_v1",
    "v2i_attempts": 1474573,
    "v2i_admitted_tasks": 1117147,
    "ingress_count_per_rsu": [
      406901,
      83564,
      285976,
      110753,
      121776,
      123882,
      172001,
      36626,
      17521,
      115573
    ],
    "selected_target_count_per_rsu": [
      406901,
      83564,
      285976,
      110753,
      121776,
      123882,
      172001,
      36626,
      17521,
      115573
    ],
    "actual_execution_count_per_rsu": [
      241415,
      76861,
      194692,
      97789,
      105373,
      107868,
      138471,
      35674,
      17285,
      101719
    ],
    "forwarded_admitted_task_count": 0,
    "forwarded_share_of_admitted_v2i": 0.0,
    "total_forwarding_latency_ms": 0.0,
    "mean_forwarding_latency_ms_per_admitted_v2i": 0.0,
    "mean_forwarding_latency_ms_per_forwarded_v2i": 0.0,
    "ingress_to_execution_pair_matrix": [
      [
        241415,
        0,
        0,
        0,
        0,
        0,
        0,
        0,
        0,
        0
      ],
      [
        0,
        76861,
        0,
        0,
        0,
        0,
        0,
        0,
        0,
        0
      ],
      [
        0,
        0,
        194692,
        0,
        0,
        0,
        0,
        0,
        0,
        0
      ],
      [
        0,
        0,
        0,
        97789,
        0,
        0,
        0,
        0,
        0,
        0
      ],
      [
        0,
        0,
        0,
        0,
        105373,
        0,
        0,
        0,
        0,
        0
      ],
      [
        0,
        0,
        0,
        0,
        0,
        107868,
        0,
        0,
        0,
        0
      ],
      [
        0,
        0,
        0,
        0,
        0,
        0,
        138471,
        0,
        0,
        0
      ],
      [
        0,
        0,
        0,
        0,
        0,
        0,
        0,
        35674,
        0,
        0
      ],
      [
        0,
        0,
        0,
        0,
        0,
        0,
        0,
        0,
        17285,
        0
      ],
      [
        0,
        0,
        0,
        0,
        0,
        0,
        0,
        0,
        0,
        101719
      ]
    ],
    "execution_share_per_rsu": [
      0.2160995822394009,
      0.06880115150468112,
      0.17427608005034254,
      0.08753458586918283,
      0.09432330749668576,
      0.09655667517345524,
      0.12395056335468832,
      0.03193312965974934,
      0.01547244901521465,
      0.0910524756365993
    ],
    "maximum_execution_share": 0.2160995822394009,
    "imbalance_diagnostic": {
      "name": "execution_share_range",
      "definition": "max(per-RSU execution share) - min(per-RSU execution share)",
      "value": 0.20062713322418624
    }
  },
  "extension_schema": "joint_seed_cyclic_v2_records",
  "substep_queue_iterations": 3,
  "k_max": 5,
  "n_rsus": 10,
  "max_vehicle_queue_depth": 10,
  "evaluator_seed": 200,
  "round_robin_pointer_final": null
}
[per-step] wrote /Users/akashx/Downloads/diss_mat/traffictwin-traces-raw-2026-09-16/wd_pm/wd_pm/block_00_ingress_dla/attempt_001/per_step.npz (T=25200, N=163, R=10; join vehicles on the trace npz pos_x/pos_y/mask for positions)
[per-task] wrote /Users/akashx/Downloads/diss_mat/traffictwin-traces-raw-2026-09-16/wd_pm/wd_pm/block_00_ingress_dla/attempt_001/per_task.npz ([T,KMAX,N] = [25200,5,163]; filter on task_active)
