[mc] enter-reset=ON reset_soc_on_enter=False
[mc] substep-queue=sequential (co-batch queueing charged; 3 gate iterations)
[mc] rsu-cap-mode=reject (buffer-full tasks individually failed; enqueued work conserved)
[mc] veh-queue=conserved (helper co-batch pricing + per-task MQD rejection on vehicle queues)
[mc] ABSOLUTE cap override: 6220 tasks/RSU (ratio form would give 348)
[mc] T=32400 maxN=139 RSU_MAX_CONCURRENT=6220 K_MAX=5
[fleet] uk2030: ev_share=0.1583 tier_hist=[61, 49, 29]
{
  "trace": "trace_we_wdrsu.npz",
  "actor": "mappo_modelc_17dim__envs128__lr3e-3__seed100_actor_params.npz",
  "model": "C",
  "T": 32400,
  "maxN": 139,
  "rsu_max_concurrent": 6220,
  "fleet": "uk2030",
  "fleet_seed": 100,
  "obs_variant": "onehot17",
  "lambda_arrival": 1.5,
  "rsu_service_mult": 1.0,
  "rsu_lb": "dla_p2c",
  "rsu_backhaul_ms": 0.0,
  "k8s_scale": "off",
  "k8s_params": {},
  "k8s_mean_mult": 1.0,
  "k8s_scale_events": 0,
  "k8s_first_scaleup_s": -1.0,
  "rsu_cap_mode": "reject",
  "substep_queue": "sequential",
  "v2i_gate_rejected": 26835.0,
  "v2i_cap_rejected": 0.0,
  "veh_queue_mode": "conserved",
  "local_mqd_rejected": 328.0,
  "v2v_mqd_rejected": 1967.0,
  "v2i_unavailable": 191.0,
  "v2v_unavailable": 9.0,
  "work_ms": {
    "v2i_offered": 19979814.0,
    "v2i_admitted": 19764376.0,
    "v2i_rejected_or_unavailable": 215438.0,
    "veh_offered": 79843448.0,
    "veh_admitted": 79799536.0,
    "veh_rejected": 43912.0
  },
  "enter_reset": true,
  "reset_soc_on_enter": false,
  "engine_version": "v3_enter_reset",
  "fleet_ev_share": 0.158273383975029,
  "fleet_tier_hist": [
    61,
    49,
    29
  ],
  "completion": 0.9193924135114164,
  "n_offered": 4147426.0,
  "n_admitted": 4118096.0,
  "completion_admitted": 0.9259405317408822,
  "avg_latency_admitted_ms": 57.4677112918203,
  "avg_latency_met_ms": 45.21003946382902,
  "t1_completion": 0.7492412938621337,
  "t2_completion": 0.9885636695242763,
  "t3_completion": 0.9459624117382038,
  "total_energy_j": 1699180.375,
  "avg_energy_j_per_task": 0.40969516394023664,
  "avg_latency_ms_per_task": 64.83914408599455,
  "p_local": 0.5086757424966715,
  "p_v2i": 0.29932131399089457,
  "p_v2v": 0.19200294351243397,
  "t1_share": 0.20005227338595072,
  "t2_share": 0.3000969758110211,
  "t3_share": 0.4998507508030282,
  "total_tasks": 4147426.0,
  "wall_s": 567.1,
  "v2i_path_metrics": {
    "schema_version": "e2_native_v2i_path_v1",
    "v2i_attempts": 1241413,
    "v2i_admitted_tasks": 1214387,
    "ingress_count_per_rsu": [
      361453,
      162792,
      141415,
      114424,
      65544,
      49447,
      213370,
      26613,
      106355
    ],
    "selected_target_count_per_rsu": [
      138183,
      137926,
      137808,
      138593,
      137974,
      137144,
      138118,
      137305,
      138362
    ],
    "actual_execution_count_per_rsu": [
      135080,
      134799,
      134859,
      135719,
      134849,
      134304,
      135198,
      134215,
      135364
    ],
    "forwarded_admitted_task_count": 1079883,
    "forwarded_share_of_admitted_v2i": 0.8892412385837464,
    "total_forwarding_latency_ms": 0.0,
    "mean_forwarding_latency_ms_per_admitted_v2i": 0.0,
    "mean_forwarding_latency_ms_per_forwarded_v2i": 0.0,
    "ingress_to_execution_pair_matrix": [
      [
        39135,
        39181,
        39064,
        39557,
        39322,
        39151,
        39561,
        39166,
        39412
      ],
      [
        17885,
        17444,
        17433,
        17715,
        17738,
        17698,
        17948,
        17775,
        17627
      ],
      [
        15375,
        15258,
        15338,
        15374,
        15491,
        15362,
        15168,
        15192,
        15575
      ],
      [
        12450,
        12520,
        12452,
        12449,
        12443,
        12236,
        12567,
        12313,
        12630
      ],
      [
        7280,
        7095,
        7163,
        7296,
        7088,
        7004,
        7091,
        7057,
        7099
      ],
      [
        5457,
        5362,
        5414,
        5456,
        5362,
        5360,
        5212,
        5375,
        5379
      ],
      [
        23136,
        23236,
        23309,
        23319,
        23077,
        23148,
        23201,
        23049,
        23216
      ],
      [
        2896,
        2949,
        2946,
        2830,
        2769,
        2936,
        2940,
        2913,
        2850
      ],
      [
        11466,
        11754,
        11740,
        11723,
        11559,
        11409,
        11510,
        11375,
        11576
      ]
    ],
    "execution_share_per_rsu": [
      0.11123307479411423,
      0.1110016823302621,
      0.11105108997378925,
      0.11175926619767833,
      0.11104285536653472,
      0.11059406927116315,
      0.11133024315971762,
      0.11052078126659788,
      0.11146693764014272
    ],
    "maximum_execution_share": 0.11175926619767833,
    "imbalance_diagnostic": {
      "name": "execution_share_range",
      "definition": "max(per-RSU execution share) - min(per-RSU execution share)",
      "value": 0.0012384849310804469
    }
  },
  "extension_schema": "joint_seed_cyclic_v2_records",
  "substep_queue_iterations": 3,
  "k_max": 5,
  "n_rsus": 9,
  "max_vehicle_queue_depth": 10,
  "evaluator_seed": 200,
  "round_robin_pointer_final": null
}
[per-step] wrote /Users/akashx/Downloads/diss_mat/traffictwin-traces-raw-2026-09-16/we/we/block_00_dla_p2c/attempt_001/per_step.npz (T=32400, N=139, R=9; join vehicles on the trace npz pos_x/pos_y/mask for positions)
[per-task] wrote /Users/akashx/Downloads/diss_mat/traffictwin-traces-raw-2026-09-16/we/we/block_00_dla_p2c/attempt_001/per_task.npz ([T,KMAX,N] = [32400,5,139]; filter on task_active)
