[mc] enter-reset=off (mask-only reset — no enter channel in trace) reset_soc_on_enter=False
[mc] substep-queue=sequential (co-batch queueing charged; 3 gate iterations)
[mc] rsu-cap-mode=reject (buffer-full tasks individually failed; enqueued work conserved)
[mc] veh-queue=conserved (helper co-batch pricing + per-task MQD rejection on vehicle queues)
[mc] ABSOLUTE cap override: 6220 tasks/RSU (ratio form would give 408)
[mc] T=25200 maxN=163 RSU_MAX_CONCURRENT=6220 K_MAX=5
[fleet] uk2030: ev_share=0.2331 tier_hist=[92, 42, 29]
{
  "trace": "trace_wd_pm_fullrsu.npz",
  "actor": "mappo_modelc_17dim__envs128__lr3e-3__seed100_actor_params.npz",
  "model": "C",
  "T": 25200,
  "maxN": 163,
  "rsu_max_concurrent": 6220,
  "fleet": "uk2030",
  "fleet_seed": 100,
  "obs_variant": "onehot17",
  "lambda_arrival": 1.5,
  "rsu_service_mult": 1.0,
  "rsu_lb": "per_task_dla",
  "rsu_backhaul_ms": 0.0,
  "k8s_scale": "off",
  "k8s_params": {},
  "k8s_mean_mult": 1.0,
  "k8s_scale_events": 0,
  "k8s_first_scaleup_s": -1.0,
  "rsu_cap_mode": "reject",
  "substep_queue": "sequential",
  "v2i_gate_rejected": 45372.0,
  "v2i_cap_rejected": 0.0,
  "veh_queue_mode": "conserved",
  "local_mqd_rejected": 560.0,
  "v2v_mqd_rejected": 3984.0,
  "v2i_unavailable": 203.0,
  "v2v_unavailable": 8.0,
  "work_ms": {
    "v2i_offered": 23732052.0,
    "v2i_admitted": 23373036.0,
    "v2i_rejected_or_unavailable": 359016.0,
    "veh_offered": 70733216.0,
    "veh_admitted": 70659424.0,
    "veh_rejected": 73792.0
  },
  "enter_reset": false,
  "reset_soc_on_enter": false,
  "engine_version": "v2_post_nrsus_fix",
  "fleet_ev_share": 0.23312883079051971,
  "fleet_tier_hist": [
    92,
    42,
    29
  ],
  "completion": 0.9014942104513566,
  "n_offered": 3917922.0,
  "n_admitted": 3867795.0,
  "completion_admitted": 0.9131776632422349,
  "avg_latency_admitted_ms": 62.3551496395233,
  "avg_latency_met_ms": 47.92988869711754,
  "t1_completion": 0.6850879050508092,
  "t2_completion": 0.9850600747634902,
  "t3_completion": 0.9379839541792923,
  "total_energy_j": 1540608.5,
  "avg_energy_j_per_task": 0.39322081960794525,
  "avg_latency_ms_per_task": 75.84427050870333,
  "p_local": 0.4208748923536507,
  "p_v2i": 0.37636609406721216,
  "p_v2v": 0.20275901357913712,
  "t1_share": 0.2000841262281383,
  "t2_share": 0.29974307809088596,
  "t3_share": 0.5001727956809758,
  "total_tasks": 3917922.0,
  "wall_s": 502.9,
  "v2i_path_metrics": {
    "schema_version": "e2_native_v2i_path_v1",
    "v2i_attempts": 1474573,
    "v2i_admitted_tasks": 1428998,
    "ingress_count_per_rsu": [
      406901,
      83564,
      285976,
      110753,
      121776,
      123882,
      172001,
      36626,
      17521,
      115573
    ],
    "selected_target_count_per_rsu": [
      147563,
      146986,
      147597,
      147575,
      147591,
      147518,
      147204,
      147213,
      147938,
      147388
    ],
    "actual_execution_count_per_rsu": [
      143072,
      142585,
      143010,
      142923,
      142877,
      142986,
      142815,
      142599,
      143234,
      142897
    ],
    "forwarded_admitted_task_count": 1284876,
    "forwarded_share_of_admitted_v2i": 0.8991447153879851,
    "total_forwarding_latency_ms": 0.0,
    "mean_forwarding_latency_ms_per_admitted_v2i": 0.0,
    "mean_forwarding_latency_ms_per_forwarded_v2i": 0.0,
    "ingress_to_execution_pair_matrix": [
      [
        39939,
        39436,
        39680,
        39268,
        39461,
        39180,
        39558,
        39197,
        39250,
        39295
      ],
      [
        8119,
        8130,
        8123,
        8304,
        8143,
        8017,
        7903,
        8141,
        8138,
        7916
      ],
      [
        27699,
        27496,
        27749,
        27716,
        27589,
        27633,
        27729,
        27774,
        27641,
        27649
      ],
      [
        10662,
        10605,
        10718,
        10759,
        10610,
        10802,
        10681,
        10802,
        10795,
        10901
      ],
      [
        11713,
        11905,
        11975,
        11937,
        11846,
        11656,
        11856,
        11767,
        11803,
        11566
      ],
      [
        12138,
        11915,
        11958,
        11932,
        12255,
        12182,
        12014,
        11905,
        12034,
        12040
      ],
      [
        16484,
        16621,
        16444,
        16688,
        16691,
        16988,
        16755,
        16638,
        16700,
        16854
      ],
      [
        3524,
        3622,
        3527,
        3538,
        3437,
        3641,
        3510,
        3604,
        3658,
        3505
      ],
      [
        1648,
        1623,
        1796,
        1710,
        1769,
        1668,
        1684,
        1671,
        1727,
        1740
      ],
      [
        11146,
        11232,
        11040,
        11071,
        11076,
        11219,
        11125,
        11100,
        11488,
        11431
      ]
    ],
    "execution_share_per_rsu": [
      0.10012050401750038,
      0.09977970577985414,
      0.1000771169728719,
      0.10001623515218355,
      0.0999840447642334,
      0.10006032198785443,
      0.09994065771960492,
      0.09978950285444767,
      0.10023387016636832,
      0.0999980405850813
    ],
    "maximum_execution_share": 0.10023387016636832,
    "imbalance_diagnostic": {
      "name": "execution_share_range",
      "definition": "max(per-RSU execution share) - min(per-RSU execution share)",
      "value": 0.00045416438651418867
    }
  },
  "extension_schema": "joint_seed_cyclic_v2_records",
  "substep_queue_iterations": 3,
  "k_max": 5,
  "n_rsus": 10,
  "max_vehicle_queue_depth": 10,
  "evaluator_seed": 200,
  "round_robin_pointer_final": null
}
[per-step] wrote /Users/akashx/Downloads/diss_mat/traffictwin-traces-raw-2026-09-16/wd_pm/wd_pm/block_00_per_task_dla/attempt_001/per_step.npz (T=25200, N=163, R=10; join vehicles on the trace npz pos_x/pos_y/mask for positions)
[per-task] wrote /Users/akashx/Downloads/diss_mat/traffictwin-traces-raw-2026-09-16/wd_pm/wd_pm/block_00_per_task_dla/attempt_001/per_task.npz ([T,KMAX,N] = [25200,5,163]; filter on task_active)
