[mc] enter-reset=ON reset_soc_on_enter=False
[mc] substep-queue=sequential (co-batch queueing charged; 3 gate iterations)
[mc] rsu-cap-mode=reject (buffer-full tasks individually failed; enqueued work conserved)
[mc] veh-queue=conserved (helper co-batch pricing + per-task MQD rejection on vehicle queues)
[mc] ABSOLUTE cap override: 6220 tasks/RSU (ratio form would give 538)
[mc] T=10800 maxN=215 RSU_MAX_CONCURRENT=6220 K_MAX=5
[fleet] uk2030: ev_share=0.2093 tier_hist=[87, 79, 49]
{
  "trace": "trace_wd_am_wdrsu.npz",
  "actor": "mappo_modelc_17dim_ukfleet2030__envs128__lr3e-3__seed100_actor_params.npz",
  "model": "C",
  "T": 10800,
  "maxN": 215,
  "rsu_max_concurrent": 6220,
  "fleet": "uk2030",
  "fleet_seed": 104,
  "obs_variant": "onehot17",
  "lambda_arrival": 1.5,
  "rsu_service_mult": 1.0,
  "rsu_lb": "ingress_dla",
  "rsu_backhaul_ms": 0.0,
  "k8s_scale": "off",
  "k8s_params": {},
  "k8s_mean_mult": 1.0,
  "k8s_scale_events": 0,
  "k8s_first_scaleup_s": -1.0,
  "rsu_cap_mode": "reject",
  "substep_queue": "sequential",
  "v2i_gate_rejected": 48949.0,
  "v2i_cap_rejected": 0.0,
  "veh_queue_mode": "conserved",
  "local_mqd_rejected": 146.0,
  "v2v_mqd_rejected": 1037.0,
  "v2i_unavailable": 50.0,
  "v2v_unavailable": 0.0,
  "work_ms": {
    "v2i_offered": 5734215.5,
    "v2i_admitted": 5350535.0,
    "v2i_rejected_or_unavailable": 383680.5,
    "veh_offered": 35260500.0,
    "veh_admitted": 35234424.0,
    "veh_rejected": 26076.0
  },
  "enter_reset": true,
  "reset_soc_on_enter": false,
  "engine_version": "v3_enter_reset",
  "fleet_ev_share": 0.20930232107639313,
  "fleet_tier_hist": [
    87,
    79,
    49
  ],
  "completion": 0.9056251735031695,
  "n_offered": 1743484.0,
  "n_admitted": 1693302.0,
  "completion_admitted": 0.9324639077967191,
  "avg_latency_admitted_ms": 56.21227164439657,
  "avg_latency_met_ms": 45.54323746962367,
  "t1_completion": 0.7604526968502808,
  "t2_completion": 0.9910042512845608,
  "t3_completion": 0.912453165259808,
  "total_energy_j": 799040.3125,
  "avg_energy_j_per_task": 0.45830091500696307,
  "avg_latency_ms_per_task": 84.24875249787208,
  "p_local": 0.6140744623982783,
  "p_v2i": 0.20446588554870593,
  "p_v2v": 0.18145965205301567,
  "t1_share": 0.19998233422274023,
  "t2_share": 0.30005207962906455,
  "t3_share": 0.4999655861481952,
  "total_tasks": 1743484.0,
  "wall_s": 169.6,
  "v2i_path_metrics": {
    "schema_version": "e2_native_v2i_path_v1",
    "v2i_attempts": 356483,
    "v2i_admitted_tasks": 307484,
    "ingress_count_per_rsu": [
      91011,
      43969,
      47098,
      37173,
      23333,
      16981,
      53389,
      9933,
      33596
    ],
    "selected_target_count_per_rsu": [
      91011,
      43969,
      47098,
      37173,
      23333,
      16981,
      53389,
      9933,
      33596
    ],
    "actual_execution_count_per_rsu": [
      68068,
      39238,
      41450,
      34029,
      22078,
      16536,
      46154,
      9744,
      30187
    ],
    "forwarded_admitted_task_count": 0,
    "forwarded_share_of_admitted_v2i": 0.0,
    "total_forwarding_latency_ms": 0.0,
    "mean_forwarding_latency_ms_per_admitted_v2i": 0.0,
    "mean_forwarding_latency_ms_per_forwarded_v2i": 0.0,
    "ingress_to_execution_pair_matrix": [
      [
        68068,
        0,
        0,
        0,
        0,
        0,
        0,
        0,
        0
      ],
      [
        0,
        39238,
        0,
        0,
        0,
        0,
        0,
        0,
        0
      ],
      [
        0,
        0,
        41450,
        0,
        0,
        0,
        0,
        0,
        0
      ],
      [
        0,
        0,
        0,
        34029,
        0,
        0,
        0,
        0,
        0
      ],
      [
        0,
        0,
        0,
        0,
        22078,
        0,
        0,
        0,
        0
      ],
      [
        0,
        0,
        0,
        0,
        0,
        16536,
        0,
        0,
        0
      ],
      [
        0,
        0,
        0,
        0,
        0,
        0,
        46154,
        0,
        0
      ],
      [
        0,
        0,
        0,
        0,
        0,
        0,
        0,
        9744,
        0
      ],
      [
        0,
        0,
        0,
        0,
        0,
        0,
        0,
        0,
        30187
      ]
    ],
    "execution_share_per_rsu": [
      0.2213708680776886,
      0.12760989189681415,
      0.1348037621469735,
      0.1106691730301414,
      0.07180211002848928,
      0.05377840798220395,
      0.15010211913465416,
      0.031689453760195656,
      0.0981742139428393
    ],
    "maximum_execution_share": 0.2213708680776886,
    "imbalance_diagnostic": {
      "name": "execution_share_range",
      "definition": "max(per-RSU execution share) - min(per-RSU execution share)",
      "value": 0.18968141431749294
    }
  },
  "extension_schema": "joint_seed_cyclic_v2_records",
  "substep_queue_iterations": 3,
  "k_max": 5,
  "n_rsus": 9,
  "max_vehicle_queue_depth": 10,
  "evaluator_seed": 204,
  "round_robin_pointer_final": null
}
[per-step] wrote /Users/akashx/Downloads/diss_mat/traffictwin-followups-raw-2026-09-15/09_second_actor/block_04_ingress_dla/attempt_001/per_step.npz (T=10800, N=215, R=9; join vehicles on the trace npz pos_x/pos_y/mask for positions)
[per-task] wrote /Users/akashx/Downloads/diss_mat/traffictwin-followups-raw-2026-09-15/09_second_actor/block_04_ingress_dla/attempt_001/per_task.npz ([T,KMAX,N] = [10800,5,215]; filter on task_active)
