[mc] enter-reset=ON reset_soc_on_enter=False
[mc] substep-queue=sequential (co-batch queueing charged; 3 gate iterations)
[mc] rsu-cap-mode=reject (buffer-full tasks individually failed; enqueued work conserved)
[mc] veh-queue=conserved (helper co-batch pricing + per-task MQD rejection on vehicle queues)
[mc] ABSOLUTE cap override: 6220 tasks/RSU (ratio form would give 538)
[mc] T=10800 maxN=215 RSU_MAX_CONCURRENT=6220 K_MAX=5
[fleet] uk2030: ev_share=0.2093 tier_hist=[94, 67, 54]
{
  "trace": "trace_wd_am_wdrsu.npz",
  "actor": "mappo_modelc_17dim__envs128__lr3e-3__seed100_actor_params.npz",
  "model": "C",
  "T": 10800,
  "maxN": 215,
  "rsu_max_concurrent": 6220,
  "fleet": "uk2030",
  "fleet_seed": 107,
  "obs_variant": "onehot17",
  "lambda_arrival": 1.5,
  "rsu_service_mult": 0.5,
  "rsu_lb": "causal_round_robin",
  "rsu_backhaul_ms": 0.0,
  "k8s_scale": "off",
  "k8s_params": {},
  "k8s_mean_mult": 1.0,
  "k8s_scale_events": 0,
  "k8s_first_scaleup_s": -1.0,
  "rsu_cap_mode": "reject",
  "substep_queue": "sequential",
  "v2i_gate_rejected": 80414.0,
  "v2i_cap_rejected": 0.0,
  "veh_queue_mode": "conserved",
  "local_mqd_rejected": 226.0,
  "v2v_mqd_rejected": 2078.0,
  "v2i_unavailable": 66.0,
  "v2v_unavailable": 3.0,
  "work_ms": {
    "v2i_offered": 14362993.0,
    "v2i_admitted": 13093690.0,
    "v2i_rejected_or_unavailable": 1269303.0,
    "veh_offered": 34595348.0,
    "veh_admitted": 34558528.0,
    "veh_rejected": 36820.0
  },
  "enter_reset": true,
  "reset_soc_on_enter": false,
  "engine_version": "v3_enter_reset",
  "fleet_ev_share": 0.20930232107639313,
  "fleet_tier_hist": [
    94,
    67,
    54
  ],
  "completion": 0.8757420867956408,
  "n_offered": 1744742.0,
  "n_admitted": 1661955.0,
  "completion_admitted": 0.9193654461161704,
  "avg_latency_admitted_ms": 65.2690548179704,
  "avg_latency_met_ms": 51.57084814626714,
  "t1_completion": 0.6814130661956064,
  "t2_completion": 0.9863034075565829,
  "t3_completion": 0.887108753924658,
  "total_energy_j": 812313.0,
  "avg_energy_j_per_task": 0.46557771865410474,
  "avg_latency_ms_per_task": 111.2928054692327,
  "p_local": 0.5208603908199608,
  "p_v2i": 0.25509674209711236,
  "p_v2v": 0.22404286708292687,
  "t1_share": 0.20019177620530715,
  "t2_share": 0.30053956401576853,
  "t3_share": 0.4992686597789243,
  "total_tasks": 1744742.0,
  "wall_s": 182.1,
  "v2i_path_metrics": {
    "schema_version": "e2_native_v2i_path_v1",
    "v2i_attempts": 445078,
    "v2i_admitted_tasks": 364598,
    "ingress_count_per_rsu": [
      124714,
      53494,
      56605,
      43383,
      24240,
      18403,
      71328,
      9952,
      42959
    ],
    "selected_target_count_per_rsu": [
      49455,
      49453,
      49456,
      49454,
      49454,
      49450,
      49448,
      49449,
      49459
    ],
    "actual_execution_count_per_rsu": [
      40548,
      40506,
      40351,
      40636,
      40511,
      40309,
      40606,
      40430,
      40701
    ],
    "forwarded_admitted_task_count": 324169,
    "forwarded_share_of_admitted_v2i": 0.8891134893773416,
    "total_forwarding_latency_ms": 0.0,
    "mean_forwarding_latency_ms_per_admitted_v2i": 0.0,
    "mean_forwarding_latency_ms_per_forwarded_v2i": 0.0,
    "ingress_to_execution_pair_matrix": [
      [
        11289,
        11307,
        11355,
        11457,
        11511,
        11237,
        11523,
        11263,
        11331
      ],
      [
        5009,
        5064,
        4879,
        4858,
        4869,
        4814,
        4772,
        4845,
        4908
      ],
      [
        5165,
        5125,
        5135,
        5254,
        5134,
        5056,
        5133,
        5100,
        5185
      ],
      [
        3999,
        3935,
        3933,
        3866,
        4036,
        3983,
        3979,
        3986,
        4062
      ],
      [
        2191,
        2171,
        2213,
        2154,
        2184,
        2259,
        2208,
        2180,
        2255
      ],
      [
        1704,
        1667,
        1714,
        1705,
        1689,
        1665,
        1731,
        1706,
        1698
      ],
      [
        6535,
        6610,
        6414,
        6531,
        6439,
        6546,
        6544,
        6548,
        6569
      ],
      [
        912,
        900,
        932,
        919,
        907,
        867,
        927,
        897,
        908
      ],
      [
        3744,
        3727,
        3776,
        3892,
        3742,
        3882,
        3789,
        3905,
        3785
      ]
    ],
    "execution_share_per_rsu": [
      0.11121289749258087,
      0.11109770212672587,
      0.11067257637178482,
      0.11145425921151515,
      0.11111141586075624,
      0.11055738100592982,
      0.111371976807333,
      0.11088925336946445,
      0.11163253775390979
    ],
    "maximum_execution_share": 0.11163253775390979,
    "imbalance_diagnostic": {
      "name": "execution_share_range",
      "definition": "max(per-RSU execution share) - min(per-RSU execution share)",
      "value": 0.0010751567479799634
    }
  },
  "extension_schema": "joint_seed_cyclic_v2_records",
  "substep_queue_iterations": 3,
  "k_max": 5,
  "n_rsus": 9,
  "max_vehicle_queue_depth": 10,
  "evaluator_seed": 207,
  "round_robin_pointer_final": 7
}
[per-step] wrote /Users/akashx/Downloads/diss_mat/traffictwin-followups-raw-2026-09-15/08_half_speed/block_07_causal_round_robin/attempt_001/per_step.npz (T=10800, N=215, R=9; join vehicles on the trace npz pos_x/pos_y/mask for positions)
[per-task] wrote /Users/akashx/Downloads/diss_mat/traffictwin-followups-raw-2026-09-15/08_half_speed/block_07_causal_round_robin/attempt_001/per_task.npz ([T,KMAX,N] = [10800,5,215]; filter on task_active)
