[mc] enter-reset=off (mask-only reset — no enter channel in trace) reset_soc_on_enter=False
[mc] substep-queue=sequential (co-batch queueing charged; 3 gate iterations)
[mc] rsu-cap-mode=reject (buffer-full tasks individually failed; enqueued work conserved)
[mc] veh-queue=conserved (helper co-batch pricing + per-task MQD rejection on vehicle queues)
[mc] ABSOLUTE cap override: 6220 tasks/RSU (ratio form would give 438)
[mc] T=23400 maxN=175 RSU_MAX_CONCURRENT=6220 K_MAX=5
[fleet] uk2030: ev_share=0.2571 tier_hist=[70, 60, 45]
{
  "trace": "trace_ev_fullrsu.npz",
  "actor": "mappo_modelc_17dim__envs128__lr3e-3__seed100_actor_params.npz",
  "model": "C",
  "T": 23400,
  "maxN": 175,
  "rsu_max_concurrent": 6220,
  "fleet": "uk2030",
  "fleet_seed": 104,
  "obs_variant": "onehot17",
  "lambda_arrival": 1.5,
  "rsu_service_mult": 1.0,
  "rsu_lb": "causal_round_robin",
  "rsu_backhaul_ms": 0.0,
  "k8s_scale": "off",
  "k8s_params": {},
  "k8s_mean_mult": 1.0,
  "k8s_scale_events": 0,
  "k8s_first_scaleup_s": -1.0,
  "rsu_cap_mode": "reject",
  "substep_queue": "sequential",
  "v2i_gate_rejected": 3913.0,
  "v2i_cap_rejected": 0.0,
  "veh_queue_mode": "conserved",
  "local_mqd_rejected": 286.0,
  "v2v_mqd_rejected": 1736.0,
  "v2i_unavailable": 89.0,
  "v2v_unavailable": 4.0,
  "work_ms": {
    "v2i_offered": 13187114.0,
    "v2i_admitted": 13154261.0,
    "v2i_rejected_or_unavailable": 32853.0,
    "veh_offered": 52605768.0,
    "veh_admitted": 52573944.0,
    "veh_rejected": 31824.0
  },
  "enter_reset": false,
  "reset_soc_on_enter": false,
  "engine_version": "v2_post_nrsus_fix",
  "fleet_ev_share": 0.2571428418159485,
  "fleet_tier_hist": [
    70,
    60,
    45
  ],
  "completion": 0.9365486492908874,
  "n_offered": 2836362.0,
  "n_admitted": 2830334.0,
  "completion_admitted": 0.9385432955969154,
  "avg_latency_admitted_ms": 52.75093610860061,
  "avg_latency_met_ms": 41.88441837063896,
  "t1_completion": 0.8036238576492423,
  "t2_completion": 0.989071610299575,
  "t3_completion": 0.9583497914985583,
  "total_energy_j": 1242213.125,
  "avg_energy_j_per_task": 0.4379600082782099,
  "avg_latency_ms_per_task": 55.68498238236163,
  "p_local": 0.5133635974533575,
  "p_v2i": 0.2884205189605558,
  "p_v2v": 0.1982158835860867,
  "t1_share": 0.20041694254823608,
  "t2_share": 0.299739948567919,
  "t3_share": 0.49984310888384487,
  "total_tasks": 2836362.0,
  "wall_s": 547.2,
  "v2i_path_metrics": {
    "schema_version": "e2_native_v2i_path_v1",
    "v2i_attempts": 818065,
    "v2i_admitted_tasks": 814063,
    "ingress_count_per_rsu": [
      216376,
      43354,
      153219,
      56144,
      47050,
      67065,
      59739,
      63576,
      20961,
      62365,
      5953,
      22263
    ],
    "selected_target_count_per_rsu": [
      68173,
      68171,
      68169,
      68178,
      68172,
      68173,
      68174,
      68170,
      68173,
      68169,
      68168,
      68175
    ],
    "actual_execution_count_per_rsu": [
      67840,
      67810,
      67837,
      67837,
      67860,
      67843,
      67816,
      67836,
      67849,
      67816,
      67883,
      67836
    ],
    "forwarded_admitted_task_count": 746226,
    "forwarded_share_of_admitted_v2i": 0.9166686116430792,
    "total_forwarding_latency_ms": 0.0,
    "mean_forwarding_latency_ms_per_admitted_v2i": 0.0,
    "mean_forwarding_latency_ms_per_forwarded_v2i": 0.0,
    "ingress_to_execution_pair_matrix": [
      [
        17854,
        18240,
        17835,
        17980,
        18062,
        17924,
        17932,
        17810,
        18034,
        17727,
        17857,
        17956
      ],
      [
        3632,
        3580,
        3622,
        3578,
        3613,
        3535,
        3609,
        3600,
        3656,
        3536,
        3612,
        3607
      ],
      [
        12766,
        12663,
        12673,
        12740,
        12687,
        12825,
        12606,
        12596,
        12631,
        12746,
        12739,
        12779
      ],
      [
        4700,
        4710,
        4661,
        4694,
        4580,
        4715,
        4672,
        4667,
        4590,
        4693,
        4531,
        4660
      ],
      [
        3888,
        3890,
        3956,
        3897,
        3876,
        3930,
        3842,
        3936,
        3863,
        3968,
        3901,
        3884
      ],
      [
        5544,
        5488,
        5548,
        5511,
        5578,
        5598,
        5648,
        5641,
        5539,
        5550,
        5650,
        5459
      ],
      [
        4922,
        4847,
        5055,
        4980,
        5028,
        4862,
        4892,
        4949,
        5075,
        4856,
        5038,
        4967
      ],
      [
        5222,
        5273,
        5289,
        5301,
        5202,
        5201,
        5241,
        5470,
        5195,
        5292,
        5337,
        5261
      ],
      [
        1739,
        1696,
        1756,
        1736,
        1763,
        1730,
        1746,
        1749,
        1695,
        1808,
        1722,
        1727
      ],
      [
        5255,
        5094,
        5129,
        5113,
        5137,
        5121,
        5265,
        5052,
        5179,
        5250,
        5176,
        5296
      ],
      [
        462,
        510,
        493,
        477,
        493,
        517,
        496,
        501,
        501,
        510,
        492,
        477
      ],
      [
        1856,
        1819,
        1820,
        1830,
        1841,
        1885,
        1867,
        1865,
        1891,
        1880,
        1828,
        1763
      ]
    ],
    "execution_share_per_rsu": [
      0.08333507357538668,
      0.08329822139072775,
      0.08333138835692078,
      0.08333138835692078,
      0.08335964169849262,
      0.08333875879385257,
      0.08330559182765954,
      0.08333015995076548,
      0.08334612923078435,
      0.08330559182765954,
      0.08338789504006447,
      0.08333015995076548
    ],
    "maximum_execution_share": 0.08338789504006447,
    "imbalance_diagnostic": {
      "name": "execution_share_range",
      "definition": "max(per-RSU execution share) - min(per-RSU execution share)",
      "value": 8.967364933672173e-05
    }
  },
  "extension_schema": "joint_seed_cyclic_v2_records",
  "substep_queue_iterations": 3,
  "k_max": 5,
  "n_rsus": 12,
  "max_vehicle_queue_depth": 10,
  "evaluator_seed": 204,
  "round_robin_pointer_final": 8
}
[per-step] wrote /Users/akashx/Downloads/diss_mat/traffictwin-traces-raw-2026-09-16/ev/ev/block_04_causal_round_robin/attempt_001/per_step.npz (T=23400, N=175, R=12; join vehicles on the trace npz pos_x/pos_y/mask for positions)
[per-task] wrote /Users/akashx/Downloads/diss_mat/traffictwin-traces-raw-2026-09-16/ev/ev/block_04_causal_round_robin/attempt_001/per_task.npz ([T,KMAX,N] = [23400,5,175]; filter on task_active)
