[mc] enter-reset=off (mask-only reset — no enter channel in trace) reset_soc_on_enter=False
[mc] substep-queue=sequential (co-batch queueing charged; 3 gate iterations)
[mc] rsu-cap-mode=reject (buffer-full tasks individually failed; enqueued work conserved)
[mc] veh-queue=conserved (helper co-batch pricing + per-task MQD rejection on vehicle queues)
[mc] ABSOLUTE cap override: 6220 tasks/RSU (ratio form would give 438)
[mc] T=300 maxN=175 RSU_MAX_CONCURRENT=6220 K_MAX=5
[fleet] uk2030: ev_share=0.1886 tier_hist=[71, 60, 44]
{
  "trace": "trace_ev_fullrsu.npz",
  "actor": "mappo_modelc_17dim__envs128__lr3e-3__seed100_actor_params.npz",
  "model": "C",
  "T": 300,
  "maxN": 175,
  "rsu_max_concurrent": 6220,
  "fleet": "uk2030",
  "fleet_seed": 1,
  "obs_variant": "onehot17",
  "lambda_arrival": 1.5,
  "rsu_service_mult": 1.0,
  "rsu_lb": "dla_p2c",
  "rsu_backhaul_ms": 0.0,
  "k8s_scale": "off",
  "k8s_params": {},
  "k8s_mean_mult": 1.0,
  "k8s_scale_events": 0,
  "k8s_first_scaleup_s": -1.0,
  "rsu_cap_mode": "reject",
  "substep_queue": "sequential",
  "v2i_gate_rejected": 135.0,
  "v2i_cap_rejected": 0.0,
  "veh_queue_mode": "conserved",
  "local_mqd_rejected": 19.0,
  "v2v_mqd_rejected": 97.0,
  "v2i_unavailable": 0.0,
  "v2v_unavailable": 0.0,
  "work_ms": {
    "v2i_offered": 219250.875,
    "v2i_admitted": 218149.15625,
    "v2i_rejected_or_unavailable": 1101.71875,
    "veh_offered": 1138236.25,
    "veh_admitted": 1136105.75,
    "veh_rejected": 2130.5
  },
  "enter_reset": false,
  "reset_soc_on_enter": false,
  "engine_version": "v2_post_nrsus_fix",
  "fleet_ev_share": 0.18857142329216003,
  "fleet_tier_hist": [
    71,
    60,
    44
  ],
  "completion": 0.9271252969734531,
  "n_offered": 58086.0,
  "n_admitted": 57835.0,
  "completion_admitted": 0.9311489582432783,
  "avg_latency_admitted_ms": 54.99486902394744,
  "avg_latency_met_ms": 43.318013852524466,
  "t1_completion": 0.7875439047374283,
  "t2_completion": 0.9880767236910316,
  "t3_completion": 0.9467850750378631,
  "total_energy_j": 26997.595703125,
  "avg_energy_j_per_task": 0.464786621614933,
  "avg_latency_ms_per_task": 61.901805082119616,
  "p_local": 0.5593430430740626,
  "p_v2i": 0.23633922115483938,
  "p_v2v": 0.20431773577109802,
  "t1_share": 0.20096064456151225,
  "t2_share": 0.2988844127672761,
  "t3_share": 0.5001549426712116,
  "total_tasks": 58086.0,
  "wall_s": 9.9,
  "v2i_path_metrics": {
    "schema_version": "e2_native_v2i_path_v1",
    "v2i_attempts": 13728,
    "v2i_admitted_tasks": 13593,
    "ingress_count_per_rsu": [
      4475,
      527,
      2329,
      1234,
      485,
      637,
      759,
      1291,
      293,
      1323,
      109,
      266
    ],
    "selected_target_count_per_rsu": [
      1164,
      1178,
      1143,
      1166,
      1118,
      1134,
      1119,
      1158,
      1120,
      1157,
      1134,
      1137
    ],
    "actual_execution_count_per_rsu": [
      1150,
      1172,
      1134,
      1152,
      1110,
      1119,
      1105,
      1143,
      1107,
      1146,
      1124,
      1131
    ],
    "forwarded_admitted_task_count": 12382,
    "forwarded_share_of_admitted_v2i": 0.9109100272198926,
    "total_forwarding_latency_ms": 0.0,
    "mean_forwarding_latency_ms_per_admitted_v2i": 0.0,
    "mean_forwarding_latency_ms_per_forwarded_v2i": 0.0,
    "ingress_to_execution_pair_matrix": [
      [
        388,
        354,
        364,
        390,
        360,
        359,
        359,
        362,
        367,
        366,
        361,
        389
      ],
      [
        47,
        60,
        45,
        53,
        32,
        37,
        38,
        48,
        30,
        47,
        39,
        45
      ],
      [
        201,
        209,
        194,
        188,
        192,
        185,
        185,
        193,
        177,
        198,
        192,
        192
      ],
      [
        99,
        105,
        94,
        114,
        100,
        104,
        113,
        107,
        106,
        90,
        95,
        95
      ],
      [
        34,
        42,
        40,
        48,
        38,
        43,
        41,
        35,
        41,
        36,
        48,
        37
      ],
      [
        49,
        65,
        48,
        58,
        47,
        52,
        41,
        63,
        62,
        50,
        49,
        46
      ],
      [
        71,
        65,
        63,
        66,
        72,
        50,
        70,
        58,
        46,
        72,
        59,
        58
      ],
      [
        110,
        106,
        107,
        86,
        99,
        109,
        104,
        117,
        118,
        112,
        115,
        100
      ],
      [
        23,
        22,
        28,
        21,
        34,
        30,
        22,
        18,
        27,
        26,
        22,
        19
      ],
      [
        100,
        116,
        120,
        93,
        104,
        120,
        101,
        114,
        105,
        116,
        112,
        112
      ],
      [
        10,
        10,
        5,
        8,
        11,
        13,
        11,
        7,
        6,
        4,
        10,
        13
      ],
      [
        18,
        18,
        26,
        27,
        21,
        17,
        20,
        21,
        22,
        29,
        22,
        25
      ]
    ],
    "execution_share_per_rsu": [
      0.08460236886632826,
      0.08622084896637976,
      0.08342529242992718,
      0.08474950342087839,
      0.08165967777532554,
      0.08232178327080114,
      0.0812918413889502,
      0.08408739792540278,
      0.08143897594350033,
      0.08430809975722799,
      0.08268961965717649,
      0.08320459059810197
    ],
    "maximum_execution_share": 0.08622084896637976,
    "imbalance_diagnostic": {
      "name": "execution_share_range",
      "definition": "max(per-RSU execution share) - min(per-RSU execution share)",
      "value": 0.004929007577429562
    }
  },
  "extension_schema": "joint_seed_cyclic_v2_records",
  "substep_queue_iterations": 3,
  "k_max": 5,
  "n_rsus": 12,
  "max_vehicle_queue_depth": 10,
  "evaluator_seed": 0,
  "round_robin_pointer_final": null
}
[per-step] wrote /Users/akashx/Downloads/diss_mat/traffictwin-traces-raw-2026-09-16/ev/qualification/05_dla_p2c/attempt_001/per_step.npz (T=300, N=175, R=12; join vehicles on the trace npz pos_x/pos_y/mask for positions)
[per-task] wrote /Users/akashx/Downloads/diss_mat/traffictwin-traces-raw-2026-09-16/ev/qualification/05_dla_p2c/attempt_001/per_task.npz ([T,KMAX,N] = [300,5,175]; filter on task_active)
