[mc] enter-reset=ON reset_soc_on_enter=False
[mc] substep-queue=sequential (co-batch queueing charged; 3 gate iterations)
[mc] rsu-cap-mode=reject (buffer-full tasks individually failed; enqueued work conserved)
[mc] veh-queue=conserved (helper co-batch pricing + per-task MQD rejection on vehicle queues)
[mc] ABSOLUTE cap override: 6220 tasks/RSU (ratio form would give 538)
[mc] T=10800 maxN=215 RSU_MAX_CONCURRENT=6220 K_MAX=5
[fleet] uk2030: ev_share=0.2233 tier_hist=[82, 74, 59]
{
  "trace": "trace_wd_am_wdrsu.npz",
  "actor": "mappo_modelc_17dim_ukfleet2030__envs128__lr3e-3__seed100_actor_params.npz",
  "model": "C",
  "T": 10800,
  "maxN": 215,
  "rsu_max_concurrent": 6220,
  "fleet": "uk2030",
  "fleet_seed": 103,
  "obs_variant": "onehot17",
  "lambda_arrival": 1.5,
  "rsu_service_mult": 1.0,
  "rsu_lb": "per_task_dla",
  "rsu_backhaul_ms": 0.0,
  "k8s_scale": "off",
  "k8s_params": {},
  "k8s_mean_mult": 1.0,
  "k8s_scale_events": 0,
  "k8s_first_scaleup_s": -1.0,
  "rsu_cap_mode": "reject",
  "substep_queue": "sequential",
  "v2i_gate_rejected": 592.0,
  "v2i_cap_rejected": 0.0,
  "veh_queue_mode": "conserved",
  "local_mqd_rejected": 116.0,
  "v2v_mqd_rejected": 526.0,
  "v2i_unavailable": 79.0,
  "v2v_unavailable": 0.0,
  "work_ms": {
    "v2i_offered": 6042618.0,
    "v2i_admitted": 6036587.0,
    "v2i_rejected_or_unavailable": 6031.0,
    "veh_offered": 34472580.0,
    "veh_admitted": 34459356.0,
    "veh_rejected": 13224.0
  },
  "enter_reset": true,
  "reset_soc_on_enter": false,
  "engine_version": "v3_enter_reset",
  "fleet_ev_share": 0.22325581312179565,
  "fleet_tier_hist": [
    82,
    74,
    59
  ],
  "completion": 0.9363076021641679,
  "n_offered": 1744227.0,
  "n_admitted": 1742914.0,
  "completion_admitted": 0.9370129564625679,
  "avg_latency_admitted_ms": 52.48113905792253,
  "avg_latency_met_ms": 41.831870398797896,
  "t1_completion": 0.8073507058482103,
  "t2_completion": 0.9904490110906083,
  "t3_completion": 0.9552561017531798,
  "total_energy_j": 824761.0,
  "avg_energy_j_per_task": 0.4728518707714076,
  "avg_latency_ms_per_task": 53.71268303953556,
  "p_local": 0.5986869828296432,
  "p_v2i": 0.21518357415634548,
  "p_v2v": 0.18612944301401135,
  "t1_share": 0.1995273550977023,
  "t2_share": 0.3001363927974971,
  "t3_share": 0.5003362521048006,
  "total_tasks": 1744227.0,
  "wall_s": 175.8,
  "v2i_path_metrics": {
    "schema_version": "e2_native_v2i_path_v1",
    "v2i_attempts": 375329,
    "v2i_admitted_tasks": 374658,
    "ingress_count_per_rsu": [
      94605,
      44677,
      51461,
      37813,
      25454,
      18672,
      56123,
      10259,
      36265
    ],
    "selected_target_count_per_rsu": [
      41885,
      41674,
      41378,
      41890,
      41418,
      41660,
      41625,
      41903,
      41896
    ],
    "actual_execution_count_per_rsu": [
      41817,
      41627,
      41315,
      41816,
      41332,
      41607,
      41524,
      41802,
      41818
    ],
    "forwarded_admitted_task_count": 332726,
    "forwarded_share_of_admitted_v2i": 0.8880792616199307,
    "total_forwarding_latency_ms": 0.0,
    "mean_forwarding_latency_ms_per_admitted_v2i": 0.0,
    "mean_forwarding_latency_ms_per_forwarded_v2i": 0.0,
    "ingress_to_execution_pair_matrix": [
      [
        10554,
        10372,
        10373,
        10624,
        10452,
        10348,
        10495,
        10588,
        10565
      ],
      [
        4895,
        4883,
        4862,
        4956,
        4995,
        5010,
        5022,
        5000,
        4990
      ],
      [
        5966,
        6035,
        5735,
        5596,
        5532,
        5698,
        5667,
        5582,
        5554
      ],
      [
        4069,
        4200,
        4191,
        4323,
        4144,
        4157,
        4193,
        4301,
        4203
      ],
      [
        2983,
        2882,
        2890,
        2778,
        2788,
        2756,
        2734,
        2835,
        2762
      ],
      [
        2036,
        2050,
        2019,
        2205,
        2013,
        2141,
        2083,
        2071,
        2033
      ],
      [
        6144,
        6001,
        6233,
        6198,
        6247,
        6342,
        6207,
        6299,
        6386
      ],
      [
        1148,
        1172,
        1145,
        1150,
        1114,
        1102,
        1096,
        1142,
        1166
      ],
      [
        4022,
        4032,
        3867,
        3986,
        4047,
        4053,
        4027,
        3984,
        4159
      ]
    ],
    "execution_share_per_rsu": [
      0.11161379177810163,
      0.11110666260963332,
      0.11027390313299062,
      0.11161112267721496,
      0.1103192778480641,
      0.11105328059189981,
      0.11083174521830576,
      0.1115737552648015,
      0.1116164608789883
    ],
    "maximum_execution_share": 0.1116164608789883,
    "imbalance_diagnostic": {
      "name": "execution_share_range",
      "definition": "max(per-RSU execution share) - min(per-RSU execution share)",
      "value": 0.0013425577459976745
    }
  },
  "extension_schema": "joint_seed_cyclic_v2_records",
  "substep_queue_iterations": 3,
  "k_max": 5,
  "n_rsus": 9,
  "max_vehicle_queue_depth": 10,
  "evaluator_seed": 203,
  "round_robin_pointer_final": null
}
[per-step] wrote /Users/akashx/Downloads/diss_mat/traffictwin-followups-raw-2026-09-15/09_second_actor/block_03_per_task_dla/attempt_001/per_step.npz (T=10800, N=215, R=9; join vehicles on the trace npz pos_x/pos_y/mask for positions)
[per-task] wrote /Users/akashx/Downloads/diss_mat/traffictwin-followups-raw-2026-09-15/09_second_actor/block_03_per_task_dla/attempt_001/per_task.npz ([T,KMAX,N] = [10800,5,215]; filter on task_active)
